cd ./test/short; go test -count=1 -run='' -v; cd ../../;
=== RUN   TestAccDevResource
2026-03-20T14:45:46.388-0500 [TRACE] sdk.helper_resource: Validating TestCase: test_name=TestAccDevResource
2026-03-20T14:45:46.388-0500 [TRACE] sdk.helper_resource: Validating TestStep: test_name=TestAccDevResource test_step_number=1
2026-03-20T14:45:46.388-0500 [TRACE] sdk.helper_resource: Validating TestStep: test_name=TestAccDevResource test_step_number=2
2026-03-20T14:45:46.388-0500 [DEBUG] sdk.helper_resource: Starting TestCase: test_name=TestAccDevResource
2026-03-20T14:45:46.388-0500 [TRACE] sdk.helper_resource: Adding potential Terraform CLI source of local filesystem PATH lookup: test_name=TestAccDevResource
2026-03-20T14:45:46.388-0500 [TRACE] sdk.helper_resource: Adding potential Terraform CLI source of checkpoint.hashicorp.com latest version for installation in: /tmp/nix-shell.rhM2cr/plugintest-terraform2561444555: test_name=TestAccDevResource
2026-03-20T14:45:46.388-0500 [DEBUG] sdk.helper_resource: Found Terraform CLI: test_terraform_path=/Users/mtrachier/bin/terraform test_name=TestAccDevResource
2026-03-20T14:45:46.520-0500 [TRACE] sdk.helper_resource: Symlinking source directories to work directory: test_name=TestAccDevResource test_working_directory=/Users/mtrachier/go/src/github.com/rancher/terraform-provider-rancher2/test/short/data/U5Noiq-VXrAXi/data/work4288255213
2026-03-20T14:45:46.549-0500 [TRACE] sdk.helper_resource: Setting Terraform configuration: test_terraform_configuration=<nil> test_name=TestAccDevResource test_terraform_path=/Users/mtrachier/bin/terraform test_working_directory=/Users/mtrachier/go/src/github.com/rancher/terraform-provider-rancher2/test/short/data/U5Noiq-VXrAXi/data
2026-03-20T14:45:46.549-0500 [TRACE] sdk.helper_resource: Clearing Terraform plan: test_name=TestAccDevResource test_terraform_path=/Users/mtrachier/bin/terraform test_working_directory=/Users/mtrachier/go/src/github.com/rancher/terraform-provider-rancher2/test/short/data/U5Noiq-VXrAXi/data
2026-03-20T14:45:46.549-0500 [TRACE] sdk.helper_resource: No Terraform plan to clear: test_name=TestAccDevResource test_terraform_path=/Users/mtrachier/bin/terraform test_working_directory=/Users/mtrachier/go/src/github.com/rancher/terraform-provider-rancher2/test/short/data/U5Noiq-VXrAXi/data
2026-03-20T14:45:46.549-0500 [TRACE] sdk.helper_resource: Creating tfprotov6 provider instance: test_name=TestAccDevResource test_terraform_path=/Users/mtrachier/bin/terraform test_working_directory=/Users/mtrachier/go/src/github.com/rancher/terraform-provider-rancher2/test/short/data/U5Noiq-VXrAXi/data tf_provider_addr=registry.terraform.io/hashicorp/rancher2
2026-03-20T14:45:46.549-0500 [TRACE] sdk.helper_resource: Created tfprotov6 provider instance: tf_provider_addr=registry.terraform.io/hashicorp/rancher2 test_working_directory=/Users/mtrachier/go/src/github.com/rancher/terraform-provider-rancher2/test/short/data/U5Noiq-VXrAXi/data test_name=TestAccDevResource test_terraform_path=/Users/mtrachier/bin/terraform
2026-03-20T14:45:46.549-0500 [TRACE] sdk.helper_resource: Starting tfprotov6 provider instance server: test_name=TestAccDevResource test_terraform_path=/Users/mtrachier/bin/terraform test_working_directory=/Users/mtrachier/go/src/github.com/rancher/terraform-provider-rancher2/test/short/data/U5Noiq-VXrAXi/data tf_provider_addr=registry.terraform.io/hashicorp/rancher2
2026-03-20T14:45:46.550-0500 [TRACE] sdk.helper_resource: Started tfprotov6 provider instance server: test_working_directory=/Users/mtrachier/go/src/github.com/rancher/terraform-provider-rancher2/test/short/data/U5Noiq-VXrAXi/data test_name=TestAccDevResource test_terraform_path=/Users/mtrachier/bin/terraform tf_provider_addr=registry.terraform.io/hashicorp/rancher2
2026-03-20T14:45:46.550-0500 [TRACE] sdk.helper_resource: Setting Terraform CLI reattach configuration: tf_reattach_config="map[registry.terraform.io/-/rancher2:{grpc 6 60731 true {unix /tmp/nix-shell.rhM2cr/plugin1623601151}} registry.terraform.io/hashicorp/rancher2:{grpc 6 60731 true {unix /tmp/nix-shell.rhM2cr/plugin1623601151}}]" test_name=TestAccDevResource test_terraform_path=/Users/mtrachier/bin/terraform test_working_directory=/Users/mtrachier/go/src/github.com/rancher/terraform-provider-rancher2/test/short/data/U5Noiq-VXrAXi/data
2026-03-20T14:45:46.550-0500 [TRACE] sdk.helper_resource: Calling wrapped Terraform CLI command: test_terraform_path=/Users/mtrachier/bin/terraform test_working_directory=/Users/mtrachier/go/src/github.com/rancher/terraform-provider-rancher2/test/short/data/U5Noiq-VXrAXi/data test_name=TestAccDevResource
2026-03-20T14:45:46.550-0500 [TRACE] sdk.helper_resource: Calling Terraform CLI init command: test_name=TestAccDevResource test_terraform_path=/Users/mtrachier/bin/terraform test_working_directory=/Users/mtrachier/go/src/github.com/rancher/terraform-provider-rancher2/test/short/data/U5Noiq-VXrAXi/data
2026-03-20T14:45:46.585-0500 [TRACE] sdk.helper_resource: Called Terraform CLI init command: test_name=TestAccDevResource test_terraform_path=/Users/mtrachier/bin/terraform test_working_directory=/Users/mtrachier/go/src/github.com/rancher/terraform-provider-rancher2/test/short/data/U5Noiq-VXrAXi/data
2026-03-20T14:45:46.585-0500 [TRACE] sdk.helper_resource: Called wrapped Terraform CLI command: test_name=TestAccDevResource test_terraform_path=/Users/mtrachier/bin/terraform test_working_directory=/Users/mtrachier/go/src/github.com/rancher/terraform-provider-rancher2/test/short/data/U5Noiq-VXrAXi/data
2026-03-20T14:45:46.585-0500 [TRACE] sdk.helper_resource: Stopping providers: test_terraform_path=/Users/mtrachier/bin/terraform test_working_directory=/Users/mtrachier/go/src/github.com/rancher/terraform-provider-rancher2/test/short/data/U5Noiq-VXrAXi/data test_name=TestAccDevResource
2026-03-20T14:45:46.585-0500 [TRACE] sdk.helper_resource: Waiting for providers to stop: test_name=TestAccDevResource test_terraform_path=/Users/mtrachier/bin/terraform test_working_directory=/Users/mtrachier/go/src/github.com/rancher/terraform-provider-rancher2/test/short/data/U5Noiq-VXrAXi/data
2026-03-20T14:45:46.585-0500 [TRACE] sdk.helper_resource: Providers have successfully stopped: test_name=TestAccDevResource test_terraform_path=/Users/mtrachier/bin/terraform test_working_directory=/Users/mtrachier/go/src/github.com/rancher/terraform-provider-rancher2/test/short/data/U5Noiq-VXrAXi/data
2026-03-20T14:45:46.585-0500 [DEBUG] sdk.helper_resource: Starting TestStep: test_name=TestAccDevResource test_terraform_path=/Users/mtrachier/bin/terraform test_working_directory=/Users/mtrachier/go/src/github.com/rancher/terraform-provider-rancher2/test/short/data/U5Noiq-VXrAXi/data test_step_number=1
2026-03-20T14:45:46.585-0500 [TRACE] sdk.helper_resource: TestStep is Config mode: test_working_directory=/Users/mtrachier/go/src/github.com/rancher/terraform-provider-rancher2/test/short/data/U5Noiq-VXrAXi/data test_step_number=1 test_name=TestAccDevResource test_terraform_path=/Users/mtrachier/bin/terraform
2026-03-20T14:45:46.586-0500 [TRACE] sdk.helper_resource: Setting Terraform configuration: test_step_number=1 test_terraform_configuration="{../../examples/resources/rancher2_dev/resource.tf }" test_name=TestAccDevResource test_terraform_path=/Users/mtrachier/bin/terraform test_working_directory=/Users/mtrachier/go/src/github.com/rancher/terraform-provider-rancher2/test/short/data/U5Noiq-VXrAXi/data
2026-03-20T14:45:46.586-0500 [TRACE] sdk.helper_resource: Clearing Terraform plan: test_name=TestAccDevResource test_terraform_path=/Users/mtrachier/bin/terraform test_working_directory=/Users/mtrachier/go/src/github.com/rancher/terraform-provider-rancher2/test/short/data/U5Noiq-VXrAXi/data test_step_number=1
2026-03-20T14:45:46.586-0500 [TRACE] sdk.helper_resource: No Terraform plan to clear: test_step_number=1 test_name=TestAccDevResource test_terraform_path=/Users/mtrachier/bin/terraform test_working_directory=/Users/mtrachier/go/src/github.com/rancher/terraform-provider-rancher2/test/short/data/U5Noiq-VXrAXi/data
2026-03-20T14:45:46.586-0500 [DEBUG] sdk.helper_resource: Running Terraform CLI plan and apply: test_terraform_path=/Users/mtrachier/bin/terraform test_working_directory=/Users/mtrachier/go/src/github.com/rancher/terraform-provider-rancher2/test/short/data/U5Noiq-VXrAXi/data test_step_number=1 test_name=TestAccDevResource
2026-03-20T14:45:46.586-0500 [TRACE] sdk.helper_resource: Creating tfprotov6 provider instance: test_step_number=1 test_name=TestAccDevResource test_terraform_path=/Users/mtrachier/bin/terraform tf_provider_addr=registry.terraform.io/hashicorp/rancher2 test_working_directory=/Users/mtrachier/go/src/github.com/rancher/terraform-provider-rancher2/test/short/data/U5Noiq-VXrAXi/data
2026-03-20T14:45:46.586-0500 [TRACE] sdk.helper_resource: Created tfprotov6 provider instance: test_step_number=1 tf_provider_addr=registry.terraform.io/hashicorp/rancher2 test_name=TestAccDevResource test_terraform_path=/Users/mtrachier/bin/terraform test_working_directory=/Users/mtrachier/go/src/github.com/rancher/terraform-provider-rancher2/test/short/data/U5Noiq-VXrAXi/data
2026-03-20T14:45:46.586-0500 [TRACE] sdk.helper_resource: Starting tfprotov6 provider instance server: test_step_number=1 tf_provider_addr=registry.terraform.io/hashicorp/rancher2 test_name=TestAccDevResource test_terraform_path=/Users/mtrachier/bin/terraform test_working_directory=/Users/mtrachier/go/src/github.com/rancher/terraform-provider-rancher2/test/short/data/U5Noiq-VXrAXi/data
2026-03-20T14:45:46.586-0500 [TRACE] sdk.helper_resource: Started tfprotov6 provider instance server: test_working_directory=/Users/mtrachier/go/src/github.com/rancher/terraform-provider-rancher2/test/short/data/U5Noiq-VXrAXi/data test_step_number=1 test_name=TestAccDevResource tf_provider_addr=registry.terraform.io/hashicorp/rancher2 test_terraform_path=/Users/mtrachier/bin/terraform
2026-03-20T14:45:46.586-0500 [TRACE] sdk.helper_resource: Setting Terraform CLI reattach configuration: test_name=TestAccDevResource test_terraform_path=/Users/mtrachier/bin/terraform test_working_directory=/Users/mtrachier/go/src/github.com/rancher/terraform-provider-rancher2/test/short/data/U5Noiq-VXrAXi/data test_step_number=1 tf_reattach_config="map[registry.terraform.io/-/rancher2:{grpc 6 60731 true {unix /tmp/nix-shell.rhM2cr/plugin86329523}} registry.terraform.io/hashicorp/rancher2:{grpc 6 60731 true {unix /tmp/nix-shell.rhM2cr/plugin86329523}}]"
2026-03-20T14:45:46.586-0500 [TRACE] sdk.helper_resource: Calling wrapped Terraform CLI command: test_step_number=1 test_name=TestAccDevResource test_terraform_path=/Users/mtrachier/bin/terraform test_working_directory=/Users/mtrachier/go/src/github.com/rancher/terraform-provider-rancher2/test/short/data/U5Noiq-VXrAXi/data
2026-03-20T14:45:46.586-0500 [TRACE] sdk.helper_resource: Calling Terraform CLI plan command: test_working_directory=/Users/mtrachier/go/src/github.com/rancher/terraform-provider-rancher2/test/short/data/U5Noiq-VXrAXi/data test_step_number=1 test_name=TestAccDevResource test_terraform_path=/Users/mtrachier/bin/terraform
2026-03-20T14:45:46.634-0500 [TRACE] sdk.proto: Received request: tf_req_id=671f2593-b97a-d069-8c6c-9186f85faffa tf_provider_addr=registry.terraform.io/hashicorp/rancher2 tf_proto_version=6.11 tf_rpc=GetProviderSchema
2026-03-20T14:45:46.634-0500 [TRACE] sdk.proto: Sending request downstream: tf_provider_addr=registry.terraform.io/hashicorp/rancher2 tf_proto_version=6.11 tf_rpc=GetProviderSchema tf_req_id=671f2593-b97a-d069-8c6c-9186f85faffa
2026-03-20T14:45:46.634-0500 [TRACE] sdk.framework: Checking ProviderSchema lock: tf_req_id=671f2593-b97a-d069-8c6c-9186f85faffa tf_provider_addr=registry.terraform.io/hashicorp/rancher2 tf_rpc=GetProviderSchema
2026-03-20T14:45:46.634-0500 [TRACE] sdk.framework: Calling provider defined Provider Schema: tf_req_id=671f2593-b97a-d069-8c6c-9186f85faffa tf_provider_addr=registry.terraform.io/hashicorp/rancher2 tf_rpc=GetProviderSchema
2026-03-20T14:45:46.634-0500 [TRACE] sdk.framework: Called provider defined Provider Schema: tf_req_id=671f2593-b97a-d069-8c6c-9186f85faffa tf_provider_addr=registry.terraform.io/hashicorp/rancher2 tf_rpc=GetProviderSchema
2026-03-20T14:45:46.634-0500 [TRACE] sdk.framework: Checking ResourceTypes lock: tf_req_id=671f2593-b97a-d069-8c6c-9186f85faffa tf_provider_addr=registry.terraform.io/hashicorp/rancher2 tf_rpc=GetProviderSchema
2026-03-20T14:45:46.634-0500 [TRACE] sdk.framework: Checking ProviderTypeName lock: tf_req_id=671f2593-b97a-d069-8c6c-9186f85faffa tf_provider_addr=registry.terraform.io/hashicorp/rancher2 tf_rpc=GetProviderSchema
2026-03-20T14:45:46.634-0500 [TRACE] sdk.framework: Calling provider defined Provider Metadata: tf_provider_addr=registry.terraform.io/hashicorp/rancher2 tf_rpc=GetProviderSchema tf_req_id=671f2593-b97a-d069-8c6c-9186f85faffa
2026-03-20T14:45:46.634-0500 [TRACE] sdk.framework: Called provider defined Provider Metadata: tf_provider_addr=registry.terraform.io/hashicorp/rancher2 tf_rpc=GetProviderSchema tf_req_id=671f2593-b97a-d069-8c6c-9186f85faffa
2026-03-20T14:45:46.634-0500 [TRACE] sdk.framework: Calling provider defined Provider Resources: tf_req_id=671f2593-b97a-d069-8c6c-9186f85faffa tf_provider_addr=registry.terraform.io/hashicorp/rancher2 tf_rpc=GetProviderSchema
2026-03-20T14:45:46.634-0500 [TRACE] sdk.framework: Called provider defined Provider Resources: tf_req_id=671f2593-b97a-d069-8c6c-9186f85faffa tf_provider_addr=registry.terraform.io/hashicorp/rancher2 tf_rpc=GetProviderSchema
2026-03-20T14:45:46.634-0500 [TRACE] sdk.framework: Found resource type: tf_resource_type=rancher2_dev tf_req_id=671f2593-b97a-d069-8c6c-9186f85faffa tf_provider_addr=registry.terraform.io/hashicorp/rancher2 tf_rpc=GetProviderSchema
2026-03-20T14:45:46.634-0500 [TRACE] sdk.framework: Found resource type: tf_req_id=671f2593-b97a-d069-8c6c-9186f85faffa tf_provider_addr=registry.terraform.io/hashicorp/rancher2 tf_rpc=GetProviderSchema tf_resource_type=rancher2_login
2026-03-20T14:45:46.634-0500 [TRACE] sdk.framework: Calling provider defined Resource Schema method: tf_req_id=671f2593-b97a-d069-8c6c-9186f85faffa tf_provider_addr=registry.terraform.io/hashicorp/rancher2 tf_rpc=GetProviderSchema tf_resource_type=rancher2_dev
2026-03-20T14:45:46.634-0500 [TRACE] sdk.framework: Called provider defined Resource Schema method: tf_req_id=671f2593-b97a-d069-8c6c-9186f85faffa tf_provider_addr=registry.terraform.io/hashicorp/rancher2 tf_rpc=GetProviderSchema tf_resource_type=rancher2_dev
2026-03-20T14:45:46.635-0500 [TRACE] sdk.framework: Calling provider defined Resource Schema method: tf_resource_type=rancher2_login tf_req_id=671f2593-b97a-d069-8c6c-9186f85faffa tf_provider_addr=registry.terraform.io/hashicorp/rancher2 tf_rpc=GetProviderSchema
2026-03-20T14:45:46.635-0500 [TRACE] sdk.framework: Called provider defined Resource Schema method: tf_provider_addr=registry.terraform.io/hashicorp/rancher2 tf_rpc=GetProviderSchema tf_resource_type=rancher2_login tf_req_id=671f2593-b97a-d069-8c6c-9186f85faffa
2026-03-20T14:45:46.635-0500 [TRACE] sdk.framework: Checking DataSourceTypes lock: tf_provider_addr=registry.terraform.io/hashicorp/rancher2 tf_rpc=GetProviderSchema tf_req_id=671f2593-b97a-d069-8c6c-9186f85faffa
2026-03-20T14:45:46.635-0500 [TRACE] sdk.framework: Checking ProviderTypeName lock: tf_req_id=671f2593-b97a-d069-8c6c-9186f85faffa tf_provider_addr=registry.terraform.io/hashicorp/rancher2 tf_rpc=GetProviderSchema
2026-03-20T14:45:46.635-0500 [TRACE] sdk.framework: Calling provider defined Provider DataSources: tf_req_id=671f2593-b97a-d069-8c6c-9186f85faffa tf_provider_addr=registry.terraform.io/hashicorp/rancher2 tf_rpc=GetProviderSchema
2026-03-20T14:45:46.635-0500 [TRACE] sdk.framework: Called provider defined Provider DataSources: tf_provider_addr=registry.terraform.io/hashicorp/rancher2 tf_rpc=GetProviderSchema tf_req_id=671f2593-b97a-d069-8c6c-9186f85faffa
2026-03-20T14:45:46.635-0500 [TRACE] sdk.framework: Checking FunctionTypes lock: tf_provider_addr=registry.terraform.io/hashicorp/rancher2 tf_rpc=GetProviderSchema tf_req_id=671f2593-b97a-d069-8c6c-9186f85faffa
2026-03-20T14:45:46.635-0500 [TRACE] sdk.framework: Checking EphemeralResourceFuncs lock: tf_rpc=GetProviderSchema tf_req_id=671f2593-b97a-d069-8c6c-9186f85faffa tf_provider_addr=registry.terraform.io/hashicorp/rancher2
2026-03-20T14:45:46.635-0500 [TRACE] sdk.framework: Checking ProviderTypeName lock: tf_req_id=671f2593-b97a-d069-8c6c-9186f85faffa tf_provider_addr=registry.terraform.io/hashicorp/rancher2 tf_rpc=GetProviderSchema
2026-03-20T14:45:46.635-0500 [TRACE] sdk.framework: Checking ActionFuncs lock: tf_req_id=671f2593-b97a-d069-8c6c-9186f85faffa tf_provider_addr=registry.terraform.io/hashicorp/rancher2 tf_rpc=GetProviderSchema
2026-03-20T14:45:46.635-0500 [TRACE] sdk.framework: Checking ProviderTypeName lock: tf_rpc=GetProviderSchema tf_req_id=671f2593-b97a-d069-8c6c-9186f85faffa tf_provider_addr=registry.terraform.io/hashicorp/rancher2
2026-03-20T14:45:46.635-0500 [TRACE] sdk.framework: Checking StateStoreFuncs lock: tf_provider_addr=registry.terraform.io/hashicorp/rancher2 tf_rpc=GetProviderSchema tf_req_id=671f2593-b97a-d069-8c6c-9186f85faffa
2026-03-20T14:45:46.635-0500 [TRACE] sdk.framework: Checking ProviderTypeName lock: tf_rpc=GetProviderSchema tf_req_id=671f2593-b97a-d069-8c6c-9186f85faffa tf_provider_addr=registry.terraform.io/hashicorp/rancher2
2026-03-20T14:45:46.635-0500 [TRACE] sdk.proto: Received downstream response: diagnostic_error_count=0 diagnostic_warning_count=0 tf_req_duration_ms=0 tf_req_id=671f2593-b97a-d069-8c6c-9186f85faffa tf_provider_addr=registry.terraform.io/hashicorp/rancher2 tf_proto_version=6.11 tf_rpc=GetProviderSchema
2026-03-20T14:45:46.635-0500 [TRACE] sdk.proto: Announced server capabilities: tf_server_capability_move_resource_state=true tf_server_capability_plan_destroy=true tf_rpc=GetProviderSchema tf_req_id=671f2593-b97a-d069-8c6c-9186f85faffa tf_provider_addr=registry.terraform.io/hashicorp/rancher2 tf_proto_version=6.11 tf_server_capability_get_provider_schema_optional=true
2026-03-20T14:45:46.635-0500 [TRACE] sdk.proto: Served request: tf_provider_addr=registry.terraform.io/hashicorp/rancher2 tf_proto_version=6.11 tf_rpc=GetProviderSchema tf_req_id=671f2593-b97a-d069-8c6c-9186f85faffa
2026-03-20T14:45:46.642-0500 [TRACE] sdk.proto: Received request: tf_req_id=735152e5-5445-e899-cc5a-614997d9e116 tf_provider_addr=registry.terraform.io/hashicorp/rancher2 tf_proto_version=6.11 tf_rpc=GetProviderSchema
2026-03-20T14:45:46.642-0500 [TRACE] sdk.proto: Sending request downstream: tf_req_id=735152e5-5445-e899-cc5a-614997d9e116 tf_provider_addr=registry.terraform.io/hashicorp/rancher2 tf_proto_version=6.11 tf_rpc=GetProviderSchema
2026-03-20T14:45:46.642-0500 [TRACE] sdk.framework: Checking ProviderSchema lock: tf_provider_addr=registry.terraform.io/hashicorp/rancher2 tf_rpc=GetProviderSchema tf_req_id=735152e5-5445-e899-cc5a-614997d9e116
2026-03-20T14:45:46.642-0500 [TRACE] sdk.framework: Checking ResourceTypes lock: tf_req_id=735152e5-5445-e899-cc5a-614997d9e116 tf_provider_addr=registry.terraform.io/hashicorp/rancher2 tf_rpc=GetProviderSchema
2026-03-20T14:45:46.642-0500 [TRACE] sdk.framework: Calling provider defined Resource Schema method: tf_req_id=735152e5-5445-e899-cc5a-614997d9e116 tf_provider_addr=registry.terraform.io/hashicorp/rancher2 tf_rpc=GetProviderSchema tf_resource_type=rancher2_dev
2026-03-20T14:45:46.642-0500 [TRACE] sdk.framework: Called provider defined Resource Schema method: tf_req_id=735152e5-5445-e899-cc5a-614997d9e116 tf_provider_addr=registry.terraform.io/hashicorp/rancher2 tf_rpc=GetProviderSchema tf_resource_type=rancher2_dev
2026-03-20T14:45:46.642-0500 [TRACE] sdk.framework: Calling provider defined Resource Schema method: tf_rpc=GetProviderSchema tf_req_id=735152e5-5445-e899-cc5a-614997d9e116 tf_resource_type=rancher2_login tf_provider_addr=registry.terraform.io/hashicorp/rancher2
2026-03-20T14:45:46.642-0500 [TRACE] sdk.framework: Called provider defined Resource Schema method: tf_req_id=735152e5-5445-e899-cc5a-614997d9e116 tf_provider_addr=registry.terraform.io/hashicorp/rancher2 tf_rpc=GetProviderSchema tf_resource_type=rancher2_login
2026-03-20T14:45:46.642-0500 [TRACE] sdk.framework: Checking DataSourceTypes lock: tf_provider_addr=registry.terraform.io/hashicorp/rancher2 tf_rpc=GetProviderSchema tf_req_id=735152e5-5445-e899-cc5a-614997d9e116
2026-03-20T14:45:46.642-0500 [TRACE] sdk.framework: Checking FunctionTypes lock: tf_req_id=735152e5-5445-e899-cc5a-614997d9e116 tf_provider_addr=registry.terraform.io/hashicorp/rancher2 tf_rpc=GetProviderSchema
2026-03-20T14:45:46.642-0500 [TRACE] sdk.framework: Checking EphemeralResourceFuncs lock: tf_req_id=735152e5-5445-e899-cc5a-614997d9e116 tf_provider_addr=registry.terraform.io/hashicorp/rancher2 tf_rpc=GetProviderSchema
2026-03-20T14:45:46.642-0500 [TRACE] sdk.framework: Checking ActionFuncs lock: tf_req_id=735152e5-5445-e899-cc5a-614997d9e116 tf_provider_addr=registry.terraform.io/hashicorp/rancher2 tf_rpc=GetProviderSchema
2026-03-20T14:45:46.642-0500 [TRACE] sdk.framework: Checking StateStoreFuncs lock: tf_req_id=735152e5-5445-e899-cc5a-614997d9e116 tf_provider_addr=registry.terraform.io/hashicorp/rancher2 tf_rpc=GetProviderSchema
2026-03-20T14:45:46.642-0500 [TRACE] sdk.proto: Received downstream response: tf_req_duration_ms=0 diagnostic_error_count=0 tf_req_id=735152e5-5445-e899-cc5a-614997d9e116 tf_provider_addr=registry.terraform.io/hashicorp/rancher2 tf_proto_version=6.11 tf_rpc=GetProviderSchema diagnostic_warning_count=0
2026-03-20T14:45:46.642-0500 [TRACE] sdk.proto: Announced server capabilities: tf_provider_addr=registry.terraform.io/hashicorp/rancher2 tf_server_capability_plan_destroy=true tf_server_capability_get_provider_schema_optional=true tf_server_capability_move_resource_state=true tf_proto_version=6.11 tf_rpc=GetProviderSchema tf_req_id=735152e5-5445-e899-cc5a-614997d9e116
2026-03-20T14:45:46.642-0500 [TRACE] sdk.proto: Served request: tf_req_id=735152e5-5445-e899-cc5a-614997d9e116 tf_provider_addr=registry.terraform.io/hashicorp/rancher2 tf_proto_version=6.11 tf_rpc=GetProviderSchema
2026-03-20T14:45:46.643-0500 [TRACE] sdk.proto: Received request: tf_resource_type=rancher2_dev tf_req_id=dcc8bade-b837-9dd8-d030-74ad7b350ddb tf_provider_addr=registry.terraform.io/hashicorp/rancher2 tf_proto_version=6.11 tf_rpc=ValidateResourceConfig
2026-03-20T14:45:46.643-0500 [TRACE] sdk.proto: No announced client capabilities: tf_rpc=ValidateResourceConfig tf_resource_type=rancher2_dev tf_req_id=dcc8bade-b837-9dd8-d030-74ad7b350ddb tf_provider_addr=registry.terraform.io/hashicorp/rancher2 tf_proto_version=6.11
2026-03-20T14:45:46.643-0500 [TRACE] sdk.proto: Skipping protocol data file writing because no data directory is set. Use the TF_LOG_SDK_PROTO_DATA_DIR environment variable to enable this functionality.: tf_provider_addr=registry.terraform.io/hashicorp/rancher2 tf_proto_version=6.11 tf_rpc=ValidateResourceConfig tf_resource_type=rancher2_dev tf_req_id=dcc8bade-b837-9dd8-d030-74ad7b350ddb
2026-03-20T14:45:46.643-0500 [TRACE] sdk.proto: Sending request downstream: tf_resource_type=rancher2_dev tf_req_id=dcc8bade-b837-9dd8-d030-74ad7b350ddb tf_provider_addr=registry.terraform.io/hashicorp/rancher2 tf_proto_version=6.11 tf_rpc=ValidateResourceConfig
2026-03-20T14:45:46.643-0500 [TRACE] sdk.framework: Checking ResourceTypes lock: tf_rpc=ValidateResourceConfig tf_resource_type=rancher2_dev tf_req_id=dcc8bade-b837-9dd8-d030-74ad7b350ddb tf_provider_addr=registry.terraform.io/hashicorp/rancher2
2026-03-20T14:45:46.643-0500 [TRACE] sdk.framework: Checking ResourceTypes lock: tf_provider_addr=registry.terraform.io/hashicorp/rancher2 tf_rpc=ValidateResourceConfig tf_resource_type=rancher2_dev tf_req_id=dcc8bade-b837-9dd8-d030-74ad7b350ddb
2026-03-20T14:45:46.643-0500 [TRACE] sdk.framework: Calling provider defined Resource Schema method: tf_req_id=dcc8bade-b837-9dd8-d030-74ad7b350ddb tf_provider_addr=registry.terraform.io/hashicorp/rancher2 tf_rpc=ValidateResourceConfig tf_resource_type=rancher2_dev
2026-03-20T14:45:46.643-0500 [TRACE] sdk.framework: Called provider defined Resource Schema method: tf_rpc=ValidateResourceConfig tf_resource_type=rancher2_dev tf_req_id=dcc8bade-b837-9dd8-d030-74ad7b350ddb tf_provider_addr=registry.terraform.io/hashicorp/rancher2
2026-03-20T14:45:46.643-0500 [TRACE] sdk.proto: Received request: tf_req_id=29d9fd2a-a859-9f4a-9bd7-c8f77b34fa7a tf_provider_addr=registry.terraform.io/hashicorp/rancher2 tf_proto_version=6.11 tf_rpc=ValidateResourceConfig tf_resource_type=rancher2_dev
2026-03-20T14:45:46.643-0500 [TRACE] sdk.proto: No announced client capabilities: tf_provider_addr=registry.terraform.io/hashicorp/rancher2 tf_proto_version=6.11 tf_rpc=ValidateResourceConfig tf_resource_type=rancher2_dev tf_req_id=29d9fd2a-a859-9f4a-9bd7-c8f77b34fa7a
2026-03-20T14:45:46.643-0500 [TRACE] sdk.proto: Sending request downstream: tf_req_id=29d9fd2a-a859-9f4a-9bd7-c8f77b34fa7a tf_provider_addr=registry.terraform.io/hashicorp/rancher2 tf_proto_version=6.11 tf_rpc=ValidateResourceConfig tf_resource_type=rancher2_dev
2026-03-20T14:45:46.643-0500 [TRACE] sdk.framework: Checking ResourceTypes lock: tf_resource_type=rancher2_dev tf_req_id=29d9fd2a-a859-9f4a-9bd7-c8f77b34fa7a tf_provider_addr=registry.terraform.io/hashicorp/rancher2 tf_rpc=ValidateResourceConfig
2026-03-20T14:45:46.643-0500 [TRACE] sdk.framework: Resource implements ResourceWithConfigure: tf_req_id=dcc8bade-b837-9dd8-d030-74ad7b350ddb tf_provider_addr=registry.terraform.io/hashicorp/rancher2 tf_rpc=ValidateResourceConfig tf_resource_type=rancher2_dev
2026-03-20T14:45:46.643-0500 [TRACE] sdk.framework: Calling provider defined Resource Configure: tf_req_id=dcc8bade-b837-9dd8-d030-74ad7b350ddb tf_provider_addr=registry.terraform.io/hashicorp/rancher2 tf_rpc=ValidateResourceConfig tf_resource_type=rancher2_dev
2026-03-20T14:45:46.643-0500 [DEBUG] rancher2: Rancher2_Dev_Resource Configure request: resource.ConfigureRequest{ProviderData:interface {}(nil)}: tf_rpc=ValidateResourceConfig tf_resource_type=rancher2_dev tf_req_id=dcc8bade-b837-9dd8-d030-74ad7b350ddb tf_provider_addr=registry.terraform.io/hashicorp/rancher2
2026-03-20T14:45:46.643-0500 [DEBUG] rancher2: Rancher2_Dev_Resource Configure object: &rancher2_dev.RancherDevResource{client:client.Client(nil)}: tf_req_id=dcc8bade-b837-9dd8-d030-74ad7b350ddb tf_provider_addr=registry.terraform.io/hashicorp/rancher2 tf_rpc=ValidateResourceConfig tf_resource_type=rancher2_dev
2026-03-20T14:45:46.643-0500 [TRACE] sdk.framework: Called provider defined Resource Configure: tf_rpc=ValidateResourceConfig tf_resource_type=rancher2_dev tf_req_id=dcc8bade-b837-9dd8-d030-74ad7b350ddb tf_provider_addr=registry.terraform.io/hashicorp/rancher2
2026-03-20T14:45:46.643-0500 [TRACE] sdk.framework: Type implements TypeWithValidate: tf_provider_addr=registry.terraform.io/hashicorp/rancher2 tf_attribute_path=int64_attribute tf_rpc=ValidateResourceConfig tf_resource_type=rancher2_dev tf_req_id=dcc8bade-b837-9dd8-d030-74ad7b350ddb
2026-03-20T14:45:46.643-0500 [TRACE] sdk.framework: Calling provider defined Type Validate: tf_provider_addr=registry.terraform.io/hashicorp/rancher2 tf_attribute_path=int64_attribute tf_rpc=ValidateResourceConfig tf_resource_type=rancher2_dev tf_req_id=dcc8bade-b837-9dd8-d030-74ad7b350ddb
2026-03-20T14:45:46.643-0500 [TRACE] sdk.framework: Called provider defined Type Validate: tf_provider_addr=registry.terraform.io/hashicorp/rancher2 tf_attribute_path=int64_attribute tf_rpc=ValidateResourceConfig tf_resource_type=rancher2_dev tf_req_id=dcc8bade-b837-9dd8-d030-74ad7b350ddb
2026-03-20T14:45:46.643-0500 [TRACE] sdk.framework: Type implements TypeWithValidate: tf_attribute_path=map_attribute tf_rpc=ValidateResourceConfig tf_resource_type=rancher2_dev tf_req_id=dcc8bade-b837-9dd8-d030-74ad7b350ddb tf_provider_addr=registry.terraform.io/hashicorp/rancher2
2026-03-20T14:45:46.643-0500 [TRACE] sdk.framework: Calling provider defined Type Validate: tf_resource_type=rancher2_dev tf_req_id=dcc8bade-b837-9dd8-d030-74ad7b350ddb tf_provider_addr=registry.terraform.io/hashicorp/rancher2 tf_attribute_path=map_attribute tf_rpc=ValidateResourceConfig
2026-03-20T14:45:46.643-0500 [TRACE] sdk.framework: Called provider defined Type Validate: tf_attribute_path=map_attribute tf_rpc=ValidateResourceConfig tf_resource_type=rancher2_dev tf_req_id=dcc8bade-b837-9dd8-d030-74ad7b350ddb tf_provider_addr=registry.terraform.io/hashicorp/rancher2
2026-03-20T14:45:46.643-0500 [TRACE] sdk.framework: Type implements TypeWithValidate: tf_attribute_path=nested_object_list tf_rpc=ValidateResourceConfig tf_resource_type=rancher2_dev tf_req_id=dcc8bade-b837-9dd8-d030-74ad7b350ddb tf_provider_addr=registry.terraform.io/hashicorp/rancher2
2026-03-20T14:45:46.643-0500 [TRACE] sdk.framework: Calling provider defined Type Validate: tf_attribute_path=nested_object_list tf_rpc=ValidateResourceConfig tf_resource_type=rancher2_dev tf_req_id=dcc8bade-b837-9dd8-d030-74ad7b350ddb tf_provider_addr=registry.terraform.io/hashicorp/rancher2
2026-03-20T14:45:46.643-0500 [TRACE] sdk.framework: Called provider defined Type Validate: tf_resource_type=rancher2_dev tf_req_id=dcc8bade-b837-9dd8-d030-74ad7b350ddb tf_provider_addr=registry.terraform.io/hashicorp/rancher2 tf_attribute_path=nested_object_list tf_rpc=ValidateResourceConfig
2026-03-20T14:45:46.643-0500 [TRACE] sdk.framework: Type implements TypeWithValidate: tf_rpc=ValidateResourceConfig tf_resource_type=rancher2_dev tf_req_id=dcc8bade-b837-9dd8-d030-74ad7b350ddb tf_provider_addr=registry.terraform.io/hashicorp/rancher2 tf_attribute_path=list_attribute
2026-03-20T14:45:46.643-0500 [TRACE] sdk.framework: Calling provider defined Type Validate: tf_provider_addr=registry.terraform.io/hashicorp/rancher2 tf_attribute_path=list_attribute tf_rpc=ValidateResourceConfig tf_resource_type=rancher2_dev tf_req_id=dcc8bade-b837-9dd8-d030-74ad7b350ddb
2026-03-20T14:45:46.643-0500 [TRACE] sdk.framework: Called provider defined Type Validate: tf_resource_type=rancher2_dev tf_req_id=dcc8bade-b837-9dd8-d030-74ad7b350ddb tf_provider_addr=registry.terraform.io/hashicorp/rancher2 tf_attribute_path=list_attribute tf_rpc=ValidateResourceConfig
2026-03-20T14:45:46.643-0500 [TRACE] sdk.framework: Type implements TypeWithValidate: tf_rpc=ValidateResourceConfig tf_resource_type=rancher2_dev tf_req_id=dcc8bade-b837-9dd8-d030-74ad7b350ddb tf_provider_addr=registry.terraform.io/hashicorp/rancher2 tf_attribute_path=set_attribute
2026-03-20T14:45:46.643-0500 [TRACE] sdk.framework: Calling provider defined Type Validate: tf_attribute_path=set_attribute tf_rpc=ValidateResourceConfig tf_resource_type=rancher2_dev tf_req_id=dcc8bade-b837-9dd8-d030-74ad7b350ddb tf_provider_addr=registry.terraform.io/hashicorp/rancher2
2026-03-20T14:45:46.643-0500 [TRACE] sdk.framework: Called provider defined Type Validate: tf_rpc=ValidateResourceConfig tf_resource_type=rancher2_dev tf_req_id=dcc8bade-b837-9dd8-d030-74ad7b350ddb tf_provider_addr=registry.terraform.io/hashicorp/rancher2 tf_attribute_path=set_attribute
2026-03-20T14:45:46.643-0500 [TRACE] sdk.framework: Type implements TypeWithValidate: tf_req_id=dcc8bade-b837-9dd8-d030-74ad7b350ddb tf_provider_addr=registry.terraform.io/hashicorp/rancher2 tf_attribute_path=nested_object_map tf_rpc=ValidateResourceConfig tf_resource_type=rancher2_dev
2026-03-20T14:45:46.643-0500 [TRACE] sdk.framework: Calling provider defined Type Validate: tf_rpc=ValidateResourceConfig tf_resource_type=rancher2_dev tf_req_id=dcc8bade-b837-9dd8-d030-74ad7b350ddb tf_provider_addr=registry.terraform.io/hashicorp/rancher2 tf_attribute_path=nested_object_map
2026-03-20T14:45:46.643-0500 [TRACE] sdk.framework: Called provider defined Type Validate: tf_provider_addr=registry.terraform.io/hashicorp/rancher2 tf_attribute_path=nested_object_map tf_rpc=ValidateResourceConfig tf_resource_type=rancher2_dev tf_req_id=dcc8bade-b837-9dd8-d030-74ad7b350ddb
2026-03-20T14:45:46.643-0500 [TRACE] sdk.framework: Calling provider defined validator.String: tf_attribute_path=id tf_rpc=ValidateResourceConfig tf_resource_type=rancher2_dev tf_req_id=dcc8bade-b837-9dd8-d030-74ad7b350ddb tf_provider_addr=registry.terraform.io/hashicorp/rancher2 description="string length must be at least 1"
2026-03-20T14:45:46.643-0500 [TRACE] sdk.framework: Called provider defined validator.String: tf_rpc=ValidateResourceConfig tf_resource_type=rancher2_dev tf_req_id=dcc8bade-b837-9dd8-d030-74ad7b350ddb description="string length must be at least 1" tf_provider_addr=registry.terraform.io/hashicorp/rancher2 tf_attribute_path=id
2026-03-20T14:45:46.643-0500 [TRACE] sdk.framework: Type implements TypeWithValidate: tf_rpc=ValidateResourceConfig tf_attribute_path=float64_attribute tf_resource_type=rancher2_dev tf_req_id=dcc8bade-b837-9dd8-d030-74ad7b350ddb tf_provider_addr=registry.terraform.io/hashicorp/rancher2
2026-03-20T14:45:46.643-0500 [TRACE] sdk.framework: Calling provider defined Type Validate: tf_attribute_path=float64_attribute tf_resource_type=rancher2_dev tf_req_id=dcc8bade-b837-9dd8-d030-74ad7b350ddb tf_provider_addr=registry.terraform.io/hashicorp/rancher2 tf_rpc=ValidateResourceConfig
2026-03-20T14:45:46.643-0500 [TRACE] sdk.framework: Called provider defined Type Validate: tf_req_id=dcc8bade-b837-9dd8-d030-74ad7b350ddb tf_provider_addr=registry.terraform.io/hashicorp/rancher2 tf_rpc=ValidateResourceConfig tf_attribute_path=float64_attribute tf_resource_type=rancher2_dev
2026-03-20T14:45:46.643-0500 [TRACE] sdk.framework: Resource implements ResourceWithConfigure: tf_resource_type=rancher2_dev tf_req_id=29d9fd2a-a859-9f4a-9bd7-c8f77b34fa7a tf_provider_addr=registry.terraform.io/hashicorp/rancher2 tf_rpc=ValidateResourceConfig
2026-03-20T14:45:46.643-0500 [TRACE] sdk.framework: Calling provider defined Resource Configure: tf_provider_addr=registry.terraform.io/hashicorp/rancher2 tf_rpc=ValidateResourceConfig tf_resource_type=rancher2_dev tf_req_id=29d9fd2a-a859-9f4a-9bd7-c8f77b34fa7a
2026-03-20T14:45:46.643-0500 [TRACE] sdk.framework: Calling provider defined validator.String: tf_rpc=ValidateResourceConfig tf_resource_type=rancher2_dev tf_req_id=dcc8bade-b837-9dd8-d030-74ad7b350ddb tf_provider_addr=registry.terraform.io/hashicorp/rancher2 tf_attribute_path=string_attribute description="must start with 'dev-'"
2026-03-20T14:45:46.643-0500 [DEBUG] rancher2: Rancher2_Dev_Resource Configure request: resource.ConfigureRequest{ProviderData:interface {}(nil)}: tf_provider_addr=registry.terraform.io/hashicorp/rancher2 tf_rpc=ValidateResourceConfig tf_resource_type=rancher2_dev tf_req_id=29d9fd2a-a859-9f4a-9bd7-c8f77b34fa7a
2026-03-20T14:45:46.643-0500 [DEBUG] rancher2: Rancher2_Dev_Resource Configure object: &rancher2_dev.RancherDevResource{client:client.Client(nil)}: tf_req_id=29d9fd2a-a859-9f4a-9bd7-c8f77b34fa7a tf_provider_addr=registry.terraform.io/hashicorp/rancher2 tf_rpc=ValidateResourceConfig tf_resource_type=rancher2_dev
2026-03-20T14:45:46.643-0500 [TRACE] sdk.framework: Called provider defined Resource Configure: tf_rpc=ValidateResourceConfig tf_resource_type=rancher2_dev tf_req_id=29d9fd2a-a859-9f4a-9bd7-c8f77b34fa7a tf_provider_addr=registry.terraform.io/hashicorp/rancher2
2026-03-20T14:45:46.643-0500 [TRACE] sdk.framework: Called provider defined validator.String: description="must start with 'dev-'" tf_attribute_path=string_attribute tf_rpc=ValidateResourceConfig tf_resource_type=rancher2_dev tf_req_id=dcc8bade-b837-9dd8-d030-74ad7b350ddb tf_provider_addr=registry.terraform.io/hashicorp/rancher2
2026-03-20T14:45:46.643-0500 [TRACE] sdk.proto: Received downstream response: tf_req_duration_ms=0 diagnostic_error_count=0 tf_proto_version=6.11 tf_rpc=ValidateResourceConfig tf_resource_type=rancher2_dev tf_req_id=dcc8bade-b837-9dd8-d030-74ad7b350ddb tf_provider_addr=registry.terraform.io/hashicorp/rancher2 diagnostic_warning_count=0
2026-03-20T14:45:46.643-0500 [TRACE] sdk.proto: Served request: tf_req_id=dcc8bade-b837-9dd8-d030-74ad7b350ddb tf_provider_addr=registry.terraform.io/hashicorp/rancher2 tf_proto_version=6.11 tf_rpc=ValidateResourceConfig tf_resource_type=rancher2_dev
2026-03-20T14:45:46.643-0500 [TRACE] sdk.framework: Type implements TypeWithValidate: tf_req_id=29d9fd2a-a859-9f4a-9bd7-c8f77b34fa7a tf_provider_addr=registry.terraform.io/hashicorp/rancher2 tf_rpc=ValidateResourceConfig tf_attribute_path=nested_object_list tf_resource_type=rancher2_dev
2026-03-20T14:45:46.643-0500 [TRACE] sdk.framework: Calling provider defined Type Validate: tf_req_id=29d9fd2a-a859-9f4a-9bd7-c8f77b34fa7a tf_provider_addr=registry.terraform.io/hashicorp/rancher2 tf_rpc=ValidateResourceConfig tf_attribute_path=nested_object_list tf_resource_type=rancher2_dev
2026-03-20T14:45:46.643-0500 [TRACE] sdk.framework: Called provider defined Type Validate: tf_provider_addr=registry.terraform.io/hashicorp/rancher2 tf_rpc=ValidateResourceConfig tf_attribute_path=nested_object_list tf_resource_type=rancher2_dev tf_req_id=29d9fd2a-a859-9f4a-9bd7-c8f77b34fa7a
2026-03-20T14:45:46.643-0500 [TRACE] sdk.framework: Type implements TypeWithValidate: tf_provider_addr=registry.terraform.io/hashicorp/rancher2 tf_rpc=ValidateResourceConfig tf_resource_type=rancher2_dev tf_attribute_path=float64_attribute tf_req_id=29d9fd2a-a859-9f4a-9bd7-c8f77b34fa7a
2026-03-20T14:45:46.643-0500 [TRACE] sdk.framework: Calling provider defined Type Validate: tf_resource_type=rancher2_dev tf_attribute_path=float64_attribute tf_req_id=29d9fd2a-a859-9f4a-9bd7-c8f77b34fa7a tf_provider_addr=registry.terraform.io/hashicorp/rancher2 tf_rpc=ValidateResourceConfig
2026-03-20T14:45:46.643-0500 [TRACE] sdk.framework: Called provider defined Type Validate: tf_req_id=29d9fd2a-a859-9f4a-9bd7-c8f77b34fa7a tf_provider_addr=registry.terraform.io/hashicorp/rancher2 tf_rpc=ValidateResourceConfig tf_resource_type=rancher2_dev tf_attribute_path=float64_attribute
2026-03-20T14:45:46.643-0500 [TRACE] sdk.framework: Calling provider defined validator.String: tf_rpc=ValidateResourceConfig tf_attribute_path=string_attribute description="must start with 'dev-'" tf_resource_type=rancher2_dev tf_req_id=29d9fd2a-a859-9f4a-9bd7-c8f77b34fa7a tf_provider_addr=registry.terraform.io/hashicorp/rancher2
2026-03-20T14:45:46.643-0500 [TRACE] sdk.framework: Called provider defined validator.String: tf_resource_type=rancher2_dev tf_req_id=29d9fd2a-a859-9f4a-9bd7-c8f77b34fa7a tf_provider_addr=registry.terraform.io/hashicorp/rancher2 tf_rpc=ValidateResourceConfig tf_attribute_path=string_attribute description="must start with 'dev-'"
2026-03-20T14:45:46.643-0500 [TRACE] sdk.framework: Type implements TypeWithValidate: tf_rpc=ValidateResourceConfig tf_attribute_path=int64_attribute tf_resource_type=rancher2_dev tf_req_id=29d9fd2a-a859-9f4a-9bd7-c8f77b34fa7a tf_provider_addr=registry.terraform.io/hashicorp/rancher2
2026-03-20T14:45:46.643-0500 [TRACE] sdk.framework: Calling provider defined Type Validate: tf_provider_addr=registry.terraform.io/hashicorp/rancher2 tf_rpc=ValidateResourceConfig tf_attribute_path=int64_attribute tf_resource_type=rancher2_dev tf_req_id=29d9fd2a-a859-9f4a-9bd7-c8f77b34fa7a
2026-03-20T14:45:46.643-0500 [TRACE] sdk.framework: Called provider defined Type Validate: tf_provider_addr=registry.terraform.io/hashicorp/rancher2 tf_rpc=ValidateResourceConfig tf_attribute_path=int64_attribute tf_resource_type=rancher2_dev tf_req_id=29d9fd2a-a859-9f4a-9bd7-c8f77b34fa7a
2026-03-20T14:45:46.643-0500 [TRACE] sdk.framework: Type implements TypeWithValidate: tf_req_id=29d9fd2a-a859-9f4a-9bd7-c8f77b34fa7a tf_provider_addr=registry.terraform.io/hashicorp/rancher2 tf_rpc=ValidateResourceConfig tf_resource_type=rancher2_dev tf_attribute_path=map_attribute
2026-03-20T14:45:46.643-0500 [TRACE] sdk.framework: Calling provider defined Type Validate: tf_rpc=ValidateResourceConfig tf_resource_type=rancher2_dev tf_attribute_path=map_attribute tf_req_id=29d9fd2a-a859-9f4a-9bd7-c8f77b34fa7a tf_provider_addr=registry.terraform.io/hashicorp/rancher2
2026-03-20T14:45:46.643-0500 [TRACE] sdk.framework: Called provider defined Type Validate: tf_resource_type=rancher2_dev tf_attribute_path=map_attribute tf_req_id=29d9fd2a-a859-9f4a-9bd7-c8f77b34fa7a tf_provider_addr=registry.terraform.io/hashicorp/rancher2 tf_rpc=ValidateResourceConfig
2026-03-20T14:45:46.643-0500 [TRACE] sdk.framework: Type implements TypeWithValidate: tf_rpc=ValidateResourceConfig tf_attribute_path=set_attribute tf_resource_type=rancher2_dev tf_req_id=29d9fd2a-a859-9f4a-9bd7-c8f77b34fa7a tf_provider_addr=registry.terraform.io/hashicorp/rancher2
2026-03-20T14:45:46.643-0500 [TRACE] sdk.framework: Calling provider defined Type Validate: tf_attribute_path=set_attribute tf_resource_type=rancher2_dev tf_req_id=29d9fd2a-a859-9f4a-9bd7-c8f77b34fa7a tf_provider_addr=registry.terraform.io/hashicorp/rancher2 tf_rpc=ValidateResourceConfig
2026-03-20T14:45:46.643-0500 [TRACE] sdk.framework: Called provider defined Type Validate: tf_req_id=29d9fd2a-a859-9f4a-9bd7-c8f77b34fa7a tf_provider_addr=registry.terraform.io/hashicorp/rancher2 tf_rpc=ValidateResourceConfig tf_attribute_path=set_attribute tf_resource_type=rancher2_dev
2026-03-20T14:45:46.644-0500 [TRACE] sdk.framework: Type implements TypeWithValidate: tf_resource_type=rancher2_dev tf_req_id=29d9fd2a-a859-9f4a-9bd7-c8f77b34fa7a tf_provider_addr=registry.terraform.io/hashicorp/rancher2 tf_rpc=ValidateResourceConfig tf_attribute_path=nested_object_map
2026-03-20T14:45:46.644-0500 [TRACE] sdk.framework: Calling provider defined Type Validate: tf_rpc=ValidateResourceConfig tf_attribute_path=nested_object_map tf_resource_type=rancher2_dev tf_req_id=29d9fd2a-a859-9f4a-9bd7-c8f77b34fa7a tf_provider_addr=registry.terraform.io/hashicorp/rancher2
2026-03-20T14:45:46.644-0500 [TRACE] sdk.framework: Called provider defined Type Validate: tf_resource_type=rancher2_dev tf_req_id=29d9fd2a-a859-9f4a-9bd7-c8f77b34fa7a tf_provider_addr=registry.terraform.io/hashicorp/rancher2 tf_rpc=ValidateResourceConfig tf_attribute_path=nested_object_map
2026-03-20T14:45:46.644-0500 [TRACE] sdk.framework: Calling provider defined validator.String: tf_resource_type=rancher2_dev description="string length must be at least 1" tf_req_id=29d9fd2a-a859-9f4a-9bd7-c8f77b34fa7a tf_provider_addr=registry.terraform.io/hashicorp/rancher2 tf_attribute_path=id tf_rpc=ValidateResourceConfig
2026-03-20T14:45:46.644-0500 [TRACE] sdk.framework: Called provider defined validator.String: tf_provider_addr=registry.terraform.io/hashicorp/rancher2 description="string length must be at least 1" tf_attribute_path=id tf_rpc=ValidateResourceConfig tf_resource_type=rancher2_dev tf_req_id=29d9fd2a-a859-9f4a-9bd7-c8f77b34fa7a
2026-03-20T14:45:46.644-0500 [TRACE] sdk.framework: Type implements TypeWithValidate: tf_provider_addr=registry.terraform.io/hashicorp/rancher2 tf_rpc=ValidateResourceConfig tf_attribute_path=list_attribute tf_resource_type=rancher2_dev tf_req_id=29d9fd2a-a859-9f4a-9bd7-c8f77b34fa7a
2026-03-20T14:45:46.644-0500 [TRACE] sdk.framework: Calling provider defined Type Validate: tf_resource_type=rancher2_dev tf_req_id=29d9fd2a-a859-9f4a-9bd7-c8f77b34fa7a tf_provider_addr=registry.terraform.io/hashicorp/rancher2 tf_rpc=ValidateResourceConfig tf_attribute_path=list_attribute
2026-03-20T14:45:46.644-0500 [TRACE] sdk.framework: Called provider defined Type Validate: tf_resource_type=rancher2_dev tf_req_id=29d9fd2a-a859-9f4a-9bd7-c8f77b34fa7a tf_provider_addr=registry.terraform.io/hashicorp/rancher2 tf_rpc=ValidateResourceConfig tf_attribute_path=list_attribute
2026-03-20T14:45:46.644-0500 [TRACE] sdk.proto: Received downstream response: tf_provider_addr=registry.terraform.io/hashicorp/rancher2 tf_proto_version=6.11 tf_rpc=ValidateResourceConfig tf_resource_type=rancher2_dev tf_req_duration_ms=1 diagnostic_error_count=0 diagnostic_warning_count=0 tf_req_id=29d9fd2a-a859-9f4a-9bd7-c8f77b34fa7a
2026-03-20T14:45:46.644-0500 [TRACE] sdk.proto: Served request: tf_resource_type=rancher2_dev tf_req_id=29d9fd2a-a859-9f4a-9bd7-c8f77b34fa7a tf_provider_addr=registry.terraform.io/hashicorp/rancher2 tf_proto_version=6.11 tf_rpc=ValidateResourceConfig
2026-03-20T14:45:46.646-0500 [TRACE] sdk.proto: Received request: tf_req_id=389e78fd-f02e-313b-b15e-2484ce115190 tf_provider_addr=registry.terraform.io/hashicorp/rancher2 tf_proto_version=6.11 tf_rpc=GetProviderSchema
2026-03-20T14:45:46.646-0500 [TRACE] sdk.proto: Sending request downstream: tf_rpc=GetProviderSchema tf_req_id=389e78fd-f02e-313b-b15e-2484ce115190 tf_provider_addr=registry.terraform.io/hashicorp/rancher2 tf_proto_version=6.11
2026-03-20T14:45:46.646-0500 [TRACE] sdk.framework: Checking ProviderSchema lock: tf_provider_addr=registry.terraform.io/hashicorp/rancher2 tf_rpc=GetProviderSchema tf_req_id=389e78fd-f02e-313b-b15e-2484ce115190
2026-03-20T14:45:46.646-0500 [TRACE] sdk.framework: Checking ResourceTypes lock: tf_req_id=389e78fd-f02e-313b-b15e-2484ce115190 tf_provider_addr=registry.terraform.io/hashicorp/rancher2 tf_rpc=GetProviderSchema
2026-03-20T14:45:46.646-0500 [TRACE] sdk.framework: Calling provider defined Resource Schema method: tf_req_id=389e78fd-f02e-313b-b15e-2484ce115190 tf_provider_addr=registry.terraform.io/hashicorp/rancher2 tf_rpc=GetProviderSchema tf_resource_type=rancher2_dev
2026-03-20T14:45:46.646-0500 [TRACE] sdk.framework: Called provider defined Resource Schema method: tf_provider_addr=registry.terraform.io/hashicorp/rancher2 tf_rpc=GetProviderSchema tf_resource_type=rancher2_dev tf_req_id=389e78fd-f02e-313b-b15e-2484ce115190
2026-03-20T14:45:46.646-0500 [TRACE] sdk.framework: Calling provider defined Resource Schema method: tf_req_id=389e78fd-f02e-313b-b15e-2484ce115190 tf_provider_addr=registry.terraform.io/hashicorp/rancher2 tf_rpc=GetProviderSchema tf_resource_type=rancher2_login
2026-03-20T14:45:46.646-0500 [TRACE] sdk.framework: Called provider defined Resource Schema method: tf_rpc=GetProviderSchema tf_resource_type=rancher2_login tf_req_id=389e78fd-f02e-313b-b15e-2484ce115190 tf_provider_addr=registry.terraform.io/hashicorp/rancher2
2026-03-20T14:45:46.646-0500 [TRACE] sdk.framework: Checking DataSourceTypes lock: tf_req_id=389e78fd-f02e-313b-b15e-2484ce115190 tf_provider_addr=registry.terraform.io/hashicorp/rancher2 tf_rpc=GetProviderSchema
2026-03-20T14:45:46.646-0500 [TRACE] sdk.framework: Checking FunctionTypes lock: tf_req_id=389e78fd-f02e-313b-b15e-2484ce115190 tf_provider_addr=registry.terraform.io/hashicorp/rancher2 tf_rpc=GetProviderSchema
2026-03-20T14:45:46.646-0500 [TRACE] sdk.framework: Checking EphemeralResourceFuncs lock: tf_req_id=389e78fd-f02e-313b-b15e-2484ce115190 tf_provider_addr=registry.terraform.io/hashicorp/rancher2 tf_rpc=GetProviderSchema
2026-03-20T14:45:46.646-0500 [TRACE] sdk.framework: Checking ActionFuncs lock: tf_rpc=GetProviderSchema tf_req_id=389e78fd-f02e-313b-b15e-2484ce115190 tf_provider_addr=registry.terraform.io/hashicorp/rancher2
2026-03-20T14:45:46.646-0500 [TRACE] sdk.framework: Checking StateStoreFuncs lock: tf_req_id=389e78fd-f02e-313b-b15e-2484ce115190 tf_provider_addr=registry.terraform.io/hashicorp/rancher2 tf_rpc=GetProviderSchema
2026-03-20T14:45:46.646-0500 [TRACE] sdk.proto: Received downstream response: tf_req_id=389e78fd-f02e-313b-b15e-2484ce115190 tf_provider_addr=registry.terraform.io/hashicorp/rancher2 tf_proto_version=6.11 tf_rpc=GetProviderSchema diagnostic_error_count=0 diagnostic_warning_count=0 tf_req_duration_ms=0
2026-03-20T14:45:46.646-0500 [TRACE] sdk.proto: Announced server capabilities: tf_server_capability_get_provider_schema_optional=true tf_server_capability_move_resource_state=true tf_req_id=389e78fd-f02e-313b-b15e-2484ce115190 tf_provider_addr=registry.terraform.io/hashicorp/rancher2 tf_proto_version=6.11 tf_rpc=GetProviderSchema tf_server_capability_plan_destroy=true
2026-03-20T14:45:46.646-0500 [TRACE] sdk.proto: Served request: tf_req_id=389e78fd-f02e-313b-b15e-2484ce115190 tf_provider_addr=registry.terraform.io/hashicorp/rancher2 tf_proto_version=6.11 tf_rpc=GetProviderSchema
2026-03-20T14:45:46.646-0500 [TRACE] sdk.proto: Received request: tf_req_id=fdfa6dc4-7a04-a795-6ada-ffe27bf393b3 tf_provider_addr=registry.terraform.io/hashicorp/rancher2 tf_proto_version=6.11 tf_rpc=ValidateProviderConfig
2026-03-20T14:45:46.646-0500 [TRACE] sdk.proto: Sending request downstream: tf_provider_addr=registry.terraform.io/hashicorp/rancher2 tf_proto_version=6.11 tf_rpc=ValidateProviderConfig tf_req_id=fdfa6dc4-7a04-a795-6ada-ffe27bf393b3
2026-03-20T14:45:46.646-0500 [TRACE] sdk.framework: Checking ProviderSchema lock: tf_req_id=fdfa6dc4-7a04-a795-6ada-ffe27bf393b3 tf_provider_addr=registry.terraform.io/hashicorp/rancher2 tf_rpc=ValidateProviderConfig
2026-03-20T14:45:46.646-0500 [TRACE] sdk.framework: Type implements TypeWithValidate: tf_req_id=fdfa6dc4-7a04-a795-6ada-ffe27bf393b3 tf_provider_addr=registry.terraform.io/hashicorp/rancher2 tf_rpc=ValidateProviderConfig tf_attribute_path=timeout
2026-03-20T14:45:46.646-0500 [TRACE] sdk.framework: Calling provider defined Type Validate: tf_attribute_path=timeout tf_req_id=fdfa6dc4-7a04-a795-6ada-ffe27bf393b3 tf_provider_addr=registry.terraform.io/hashicorp/rancher2 tf_rpc=ValidateProviderConfig
2026-03-20T14:45:46.646-0500 [TRACE] sdk.framework: Called provider defined Type Validate: tf_rpc=ValidateProviderConfig tf_attribute_path=timeout tf_req_id=fdfa6dc4-7a04-a795-6ada-ffe27bf393b3 tf_provider_addr=registry.terraform.io/hashicorp/rancher2
2026-03-20T14:45:46.646-0500 [TRACE] sdk.framework: Type implements TypeWithValidate: tf_req_id=fdfa6dc4-7a04-a795-6ada-ffe27bf393b3 tf_provider_addr=registry.terraform.io/hashicorp/rancher2 tf_rpc=ValidateProviderConfig tf_attribute_path=max_redirects
2026-03-20T14:45:46.646-0500 [TRACE] sdk.framework: Calling provider defined Type Validate: tf_provider_addr=registry.terraform.io/hashicorp/rancher2 tf_rpc=ValidateProviderConfig tf_attribute_path=max_redirects tf_req_id=fdfa6dc4-7a04-a795-6ada-ffe27bf393b3
2026-03-20T14:45:46.646-0500 [TRACE] sdk.framework: Called provider defined Type Validate: tf_req_id=fdfa6dc4-7a04-a795-6ada-ffe27bf393b3 tf_provider_addr=registry.terraform.io/hashicorp/rancher2 tf_rpc=ValidateProviderConfig tf_attribute_path=max_redirects
2026-03-20T14:45:46.646-0500 [TRACE] sdk.framework: Calling provider defined validator.String: tf_rpc=ValidateProviderConfig tf_attribute_path=api_url description="must be a valid URL starting with http:// or https://" tf_req_id=fdfa6dc4-7a04-a795-6ada-ffe27bf393b3 tf_provider_addr=registry.terraform.io/hashicorp/rancher2
2026-03-20T14:45:46.646-0500 [TRACE] sdk.framework: Called provider defined validator.String: tf_rpc=ValidateProviderConfig tf_attribute_path=api_url description="must be a valid URL starting with http:// or https://" tf_req_id=fdfa6dc4-7a04-a795-6ada-ffe27bf393b3 tf_provider_addr=registry.terraform.io/hashicorp/rancher2
2026-03-20T14:45:46.646-0500 [TRACE] sdk.framework: Calling provider defined validator.String: tf_req_id=fdfa6dc4-7a04-a795-6ada-ffe27bf393b3 tf_provider_addr=registry.terraform.io/hashicorp/rancher2 tf_rpc=ValidateProviderConfig tf_attribute_path=api_url description="must be a valid domain"
2026-03-20T14:45:46.646-0500 [TRACE] sdk.framework: Called provider defined validator.String: tf_provider_addr=registry.terraform.io/hashicorp/rancher2 tf_rpc=ValidateProviderConfig tf_attribute_path=api_url description="must be a valid domain" tf_req_id=fdfa6dc4-7a04-a795-6ada-ffe27bf393b3
2026-03-20T14:45:46.646-0500 [TRACE] sdk.framework: Calling provider defined validator.String: tf_rpc=ValidateProviderConfig tf_attribute_path=ca_cert tf_req_id=fdfa6dc4-7a04-a795-6ada-ffe27bf393b3 tf_provider_addr=registry.terraform.io/hashicorp/rancher2 description="must be a valid PEM-encoded certificate"
2026-03-20T14:45:46.646-0500 [TRACE] sdk.framework: Called provider defined validator.String: tf_rpc=ValidateProviderConfig tf_attribute_path=ca_cert description="must be a valid PEM-encoded certificate" tf_req_id=fdfa6dc4-7a04-a795-6ada-ffe27bf393b3 tf_provider_addr=registry.terraform.io/hashicorp/rancher2
2026-03-20T14:45:46.646-0500 [TRACE] sdk.proto: Received downstream response: diagnostic_warning_count=0 tf_req_duration_ms=0 tf_req_id=fdfa6dc4-7a04-a795-6ada-ffe27bf393b3 tf_provider_addr=registry.terraform.io/hashicorp/rancher2 tf_proto_version=6.11 tf_rpc=ValidateProviderConfig diagnostic_error_count=0
2026-03-20T14:45:46.646-0500 [TRACE] sdk.proto: Served request: tf_provider_addr=registry.terraform.io/hashicorp/rancher2 tf_proto_version=6.11 tf_rpc=ValidateProviderConfig tf_req_id=fdfa6dc4-7a04-a795-6ada-ffe27bf393b3
2026-03-20T14:45:46.647-0500 [TRACE] sdk.proto: Received request: tf_rpc=ConfigureProvider tf_req_id=d89aa07b-52d2-d3af-9e75-028626c28bd8 tf_provider_addr=registry.terraform.io/hashicorp/rancher2 tf_proto_version=6.11
2026-03-20T14:45:46.647-0500 [TRACE] sdk.proto: No announced client capabilities: tf_proto_version=6.11 tf_rpc=ConfigureProvider tf_req_id=d89aa07b-52d2-d3af-9e75-028626c28bd8 tf_provider_addr=registry.terraform.io/hashicorp/rancher2
2026-03-20T14:45:46.647-0500 [TRACE] sdk.proto: Sending request downstream: tf_req_id=d89aa07b-52d2-d3af-9e75-028626c28bd8 tf_provider_addr=registry.terraform.io/hashicorp/rancher2 tf_proto_version=6.11 tf_rpc=ConfigureProvider
2026-03-20T14:45:46.647-0500 [TRACE] sdk.framework: Checking ProviderSchema lock: tf_provider_addr=registry.terraform.io/hashicorp/rancher2 tf_rpc=ConfigureProvider tf_req_id=d89aa07b-52d2-d3af-9e75-028626c28bd8
2026-03-20T14:45:46.647-0500 [TRACE] sdk.framework: Calling provider defined Provider Configure: tf_provider_addr=registry.terraform.io/hashicorp/rancher2 tf_rpc=ConfigureProvider tf_req_id=d89aa07b-52d2-d3af-9e75-028626c28bd8
2026-03-20T14:45:46.647-0500 [DEBUG] rancher2: Provider Config: {
  "api_url": null,
  "ca_cert": null,
  "ignore_system_ca": null,
  "insecure": null,
  "max_redirects": null,
  "timeout": null,
  "token": null
}: tf_req_id=d89aa07b-52d2-d3af-9e75-028626c28bd8 tf_provider_addr=registry.terraform.io/hashicorp/rancher2 tf_rpc=ConfigureProvider
2026-03-20T14:45:46.647-0500 [DEBUG] rancher2: Rancher API URL: https://127.0.0.1.nip.io: tf_req_id=d89aa07b-52d2-d3af-9e75-028626c28bd8 tf_provider_addr=registry.terraform.io/hashicorp/rancher2 tf_rpc=ConfigureProvider
2026-03-20T14:45:46.647-0500 [DEBUG] rancher2: Provider Configure Client: {
  "TokenStore": {}
}: tf_provider_addr=registry.terraform.io/hashicorp/rancher2 tf_rpc=ConfigureProvider tf_req_id=d89aa07b-52d2-d3af-9e75-028626c28bd8
2026-03-20T14:45:46.647-0500 [DEBUG] rancher2: Provider Configure Response: {
  "ActionData": null,
  "DataSourceData": {
    "TokenStore": {}
  },
  "Deferred": null,
  "Diagnostics": [],
  "EphemeralResourceData": null,
  "ListResourceData": null,
  "ResourceData": {
    "TokenStore": {}
  },
  "StateStoreData": null
}: tf_rpc=ConfigureProvider tf_req_id=d89aa07b-52d2-d3af-9e75-028626c28bd8 tf_provider_addr=registry.terraform.io/hashicorp/rancher2
2026-03-20T14:45:46.647-0500 [TRACE] sdk.framework: Called provider defined Provider Configure: tf_req_id=d89aa07b-52d2-d3af-9e75-028626c28bd8 tf_provider_addr=registry.terraform.io/hashicorp/rancher2 tf_rpc=ConfigureProvider
2026-03-20T14:45:46.647-0500 [TRACE] sdk.proto: Received downstream response: tf_proto_version=6.11 tf_rpc=ConfigureProvider tf_req_id=d89aa07b-52d2-d3af-9e75-028626c28bd8 tf_provider_addr=registry.terraform.io/hashicorp/rancher2 diagnostic_error_count=0 diagnostic_warning_count=0 tf_req_duration_ms=0
2026-03-20T14:45:46.647-0500 [TRACE] sdk.proto: Served request: tf_provider_addr=registry.terraform.io/hashicorp/rancher2 tf_proto_version=6.11 tf_rpc=ConfigureProvider tf_req_id=d89aa07b-52d2-d3af-9e75-028626c28bd8
2026-03-20T14:45:46.648-0500 [TRACE] sdk.proto: Received request: tf_provider_addr=registry.terraform.io/hashicorp/rancher2 tf_proto_version=6.11 tf_resource_type=rancher2_dev tf_rpc=ValidateResourceConfig tf_req_id=746a4291-5d6e-ccc8-8249-c084c8c5117b
2026-03-20T14:45:46.648-0500 [TRACE] sdk.proto: No announced client capabilities: tf_req_id=746a4291-5d6e-ccc8-8249-c084c8c5117b tf_provider_addr=registry.terraform.io/hashicorp/rancher2 tf_proto_version=6.11 tf_resource_type=rancher2_dev tf_rpc=ValidateResourceConfig
2026-03-20T14:45:46.648-0500 [TRACE] sdk.proto: Sending request downstream: tf_req_id=746a4291-5d6e-ccc8-8249-c084c8c5117b tf_provider_addr=registry.terraform.io/hashicorp/rancher2 tf_proto_version=6.11 tf_resource_type=rancher2_dev tf_rpc=ValidateResourceConfig
2026-03-20T14:45:46.648-0500 [TRACE] sdk.framework: Checking ResourceTypes lock: tf_rpc=ValidateResourceConfig tf_resource_type=rancher2_dev tf_req_id=746a4291-5d6e-ccc8-8249-c084c8c5117b tf_provider_addr=registry.terraform.io/hashicorp/rancher2
2026-03-20T14:45:46.648-0500 [TRACE] sdk.framework: Resource implements ResourceWithConfigure: tf_req_id=746a4291-5d6e-ccc8-8249-c084c8c5117b tf_provider_addr=registry.terraform.io/hashicorp/rancher2 tf_rpc=ValidateResourceConfig tf_resource_type=rancher2_dev
2026-03-20T14:45:46.648-0500 [TRACE] sdk.framework: Calling provider defined Resource Configure: tf_rpc=ValidateResourceConfig tf_resource_type=rancher2_dev tf_req_id=746a4291-5d6e-ccc8-8249-c084c8c5117b tf_provider_addr=registry.terraform.io/hashicorp/rancher2
2026-03-20T14:45:46.648-0500 [DEBUG] rancher2: Rancher2_Dev_Resource Configure request: resource.ConfigureRequest{ProviderData:(*client.HttpClient)(0x1f9c5c3b2a50)}: tf_req_id=746a4291-5d6e-ccc8-8249-c084c8c5117b tf_resource_type=rancher2_dev tf_provider_addr=registry.terraform.io/hashicorp/rancher2 tf_rpc=ValidateResourceConfig
2026-03-20T14:45:46.648-0500 [DEBUG] rancher2: Rancher2_Dev_Resource Configure object: &rancher2_dev.RancherDevResource{client:client.Client(nil)}: tf_rpc=ValidateResourceConfig tf_req_id=746a4291-5d6e-ccc8-8249-c084c8c5117b tf_resource_type=rancher2_dev tf_provider_addr=registry.terraform.io/hashicorp/rancher2
2026-03-20T14:45:46.648-0500 [DEBUG] rancher2: Rancher2_Dev_Resource Configure object after config: &rancher2_dev.RancherDevResource{client:(*client.HttpClient)(0x1f9c5c3b2a50)}: tf_resource_type=rancher2_dev tf_provider_addr=registry.terraform.io/hashicorp/rancher2 tf_rpc=ValidateResourceConfig tf_req_id=746a4291-5d6e-ccc8-8249-c084c8c5117b
2026-03-20T14:45:46.648-0500 [DEBUG] rancher2: Rancher2_Dev_Resource Configure response: &resource.ConfigureResponse{Diagnostics:diag.Diagnostics(nil)}: tf_req_id=746a4291-5d6e-ccc8-8249-c084c8c5117b tf_resource_type=rancher2_dev tf_provider_addr=registry.terraform.io/hashicorp/rancher2 tf_rpc=ValidateResourceConfig
2026-03-20T14:45:46.648-0500 [TRACE] sdk.framework: Called provider defined Resource Configure: tf_rpc=ValidateResourceConfig tf_resource_type=rancher2_dev tf_req_id=746a4291-5d6e-ccc8-8249-c084c8c5117b tf_provider_addr=registry.terraform.io/hashicorp/rancher2
2026-03-20T14:45:46.648-0500 [TRACE] sdk.framework: Type implements TypeWithValidate: tf_req_id=746a4291-5d6e-ccc8-8249-c084c8c5117b tf_provider_addr=registry.terraform.io/hashicorp/rancher2 tf_attribute_path=list_attribute tf_rpc=ValidateResourceConfig tf_resource_type=rancher2_dev
2026-03-20T14:45:46.648-0500 [TRACE] sdk.framework: Calling provider defined Type Validate: tf_resource_type=rancher2_dev tf_req_id=746a4291-5d6e-ccc8-8249-c084c8c5117b tf_provider_addr=registry.terraform.io/hashicorp/rancher2 tf_attribute_path=list_attribute tf_rpc=ValidateResourceConfig
2026-03-20T14:45:46.648-0500 [TRACE] sdk.framework: Called provider defined Type Validate: tf_req_id=746a4291-5d6e-ccc8-8249-c084c8c5117b tf_provider_addr=registry.terraform.io/hashicorp/rancher2 tf_attribute_path=list_attribute tf_rpc=ValidateResourceConfig tf_resource_type=rancher2_dev
2026-03-20T14:45:46.648-0500 [TRACE] sdk.framework: Type implements TypeWithValidate: tf_rpc=ValidateResourceConfig tf_resource_type=rancher2_dev tf_attribute_path=int64_attribute tf_req_id=746a4291-5d6e-ccc8-8249-c084c8c5117b tf_provider_addr=registry.terraform.io/hashicorp/rancher2
2026-03-20T14:45:46.648-0500 [TRACE] sdk.framework: Calling provider defined Type Validate: tf_req_id=746a4291-5d6e-ccc8-8249-c084c8c5117b tf_provider_addr=registry.terraform.io/hashicorp/rancher2 tf_rpc=ValidateResourceConfig tf_resource_type=rancher2_dev tf_attribute_path=int64_attribute
2026-03-20T14:45:46.648-0500 [TRACE] sdk.framework: Called provider defined Type Validate: tf_req_id=746a4291-5d6e-ccc8-8249-c084c8c5117b tf_provider_addr=registry.terraform.io/hashicorp/rancher2 tf_rpc=ValidateResourceConfig tf_resource_type=rancher2_dev tf_attribute_path=int64_attribute
2026-03-20T14:45:46.648-0500 [TRACE] sdk.framework: Type implements TypeWithValidate: tf_resource_type=rancher2_dev tf_req_id=746a4291-5d6e-ccc8-8249-c084c8c5117b tf_provider_addr=registry.terraform.io/hashicorp/rancher2 tf_rpc=ValidateResourceConfig tf_attribute_path=map_attribute
2026-03-20T14:45:46.648-0500 [TRACE] sdk.framework: Calling provider defined Type Validate: tf_rpc=ValidateResourceConfig tf_attribute_path=map_attribute tf_resource_type=rancher2_dev tf_req_id=746a4291-5d6e-ccc8-8249-c084c8c5117b tf_provider_addr=registry.terraform.io/hashicorp/rancher2
2026-03-20T14:45:46.648-0500 [TRACE] sdk.framework: Called provider defined Type Validate: tf_rpc=ValidateResourceConfig tf_attribute_path=map_attribute tf_resource_type=rancher2_dev tf_req_id=746a4291-5d6e-ccc8-8249-c084c8c5117b tf_provider_addr=registry.terraform.io/hashicorp/rancher2
2026-03-20T14:45:46.649-0500 [TRACE] sdk.framework: Type implements TypeWithValidate: tf_req_id=746a4291-5d6e-ccc8-8249-c084c8c5117b tf_provider_addr=registry.terraform.io/hashicorp/rancher2 tf_rpc=ValidateResourceConfig tf_resource_type=rancher2_dev tf_attribute_path=set_attribute
2026-03-20T14:45:46.649-0500 [TRACE] sdk.framework: Calling provider defined Type Validate: tf_resource_type=rancher2_dev tf_attribute_path=set_attribute tf_req_id=746a4291-5d6e-ccc8-8249-c084c8c5117b tf_provider_addr=registry.terraform.io/hashicorp/rancher2 tf_rpc=ValidateResourceConfig
2026-03-20T14:45:46.649-0500 [TRACE] sdk.framework: Called provider defined Type Validate: tf_req_id=746a4291-5d6e-ccc8-8249-c084c8c5117b tf_provider_addr=registry.terraform.io/hashicorp/rancher2 tf_rpc=ValidateResourceConfig tf_resource_type=rancher2_dev tf_attribute_path=set_attribute
2026-03-20T14:45:46.648-0500 [TRACE] sdk.proto: Received request: tf_proto_version=6.11 tf_rpc=ValidateResourceConfig tf_resource_type=rancher2_dev tf_req_id=fb81e0fb-a788-8bb6-a8f1-c1c8c54a86ec tf_provider_addr=registry.terraform.io/hashicorp/rancher2
2026-03-20T14:45:46.649-0500 [TRACE] sdk.proto: No announced client capabilities: tf_provider_addr=registry.terraform.io/hashicorp/rancher2 tf_proto_version=6.11 tf_rpc=ValidateResourceConfig tf_resource_type=rancher2_dev tf_req_id=fb81e0fb-a788-8bb6-a8f1-c1c8c54a86ec
2026-03-20T14:45:46.649-0500 [TRACE] sdk.framework: Type implements TypeWithValidate: tf_resource_type=rancher2_dev tf_req_id=746a4291-5d6e-ccc8-8249-c084c8c5117b tf_provider_addr=registry.terraform.io/hashicorp/rancher2 tf_attribute_path=nested_object_map tf_rpc=ValidateResourceConfig
2026-03-20T14:45:46.649-0500 [TRACE] sdk.framework: Calling provider defined Type Validate: tf_req_id=746a4291-5d6e-ccc8-8249-c084c8c5117b tf_provider_addr=registry.terraform.io/hashicorp/rancher2 tf_attribute_path=nested_object_map tf_rpc=ValidateResourceConfig tf_resource_type=rancher2_dev
2026-03-20T14:45:46.649-0500 [TRACE] sdk.framework: Called provider defined Type Validate: tf_resource_type=rancher2_dev tf_req_id=746a4291-5d6e-ccc8-8249-c084c8c5117b tf_provider_addr=registry.terraform.io/hashicorp/rancher2 tf_attribute_path=nested_object_map tf_rpc=ValidateResourceConfig
2026-03-20T14:45:46.649-0500 [TRACE] sdk.framework: Type implements TypeWithValidate: tf_attribute_path=nested_object_list tf_req_id=746a4291-5d6e-ccc8-8249-c084c8c5117b tf_provider_addr=registry.terraform.io/hashicorp/rancher2 tf_rpc=ValidateResourceConfig tf_resource_type=rancher2_dev
2026-03-20T14:45:46.649-0500 [TRACE] sdk.framework: Calling provider defined Type Validate: tf_rpc=ValidateResourceConfig tf_resource_type=rancher2_dev tf_attribute_path=nested_object_list tf_req_id=746a4291-5d6e-ccc8-8249-c084c8c5117b tf_provider_addr=registry.terraform.io/hashicorp/rancher2
2026-03-20T14:45:46.649-0500 [TRACE] sdk.framework: Called provider defined Type Validate: tf_provider_addr=registry.terraform.io/hashicorp/rancher2 tf_rpc=ValidateResourceConfig tf_resource_type=rancher2_dev tf_attribute_path=nested_object_list tf_req_id=746a4291-5d6e-ccc8-8249-c084c8c5117b
2026-03-20T14:45:46.649-0500 [TRACE] sdk.proto: Sending request downstream: tf_req_id=fb81e0fb-a788-8bb6-a8f1-c1c8c54a86ec tf_provider_addr=registry.terraform.io/hashicorp/rancher2 tf_proto_version=6.11 tf_rpc=ValidateResourceConfig tf_resource_type=rancher2_dev
2026-03-20T14:45:46.649-0500 [TRACE] sdk.framework: Checking ResourceTypes lock: tf_rpc=ValidateResourceConfig tf_resource_type=rancher2_dev tf_req_id=fb81e0fb-a788-8bb6-a8f1-c1c8c54a86ec tf_provider_addr=registry.terraform.io/hashicorp/rancher2
2026-03-20T14:45:46.649-0500 [TRACE] sdk.framework: Calling provider defined validator.String: tf_resource_type=rancher2_dev tf_attribute_path=id description="string length must be at least 1" tf_req_id=746a4291-5d6e-ccc8-8249-c084c8c5117b tf_provider_addr=registry.terraform.io/hashicorp/rancher2 tf_rpc=ValidateResourceConfig
2026-03-20T14:45:46.649-0500 [TRACE] sdk.framework: Called provider defined validator.String: tf_req_id=746a4291-5d6e-ccc8-8249-c084c8c5117b tf_provider_addr=registry.terraform.io/hashicorp/rancher2 tf_rpc=ValidateResourceConfig tf_resource_type=rancher2_dev tf_attribute_path=id description="string length must be at least 1"
2026-03-20T14:45:46.649-0500 [TRACE] sdk.framework: Type implements TypeWithValidate: tf_provider_addr=registry.terraform.io/hashicorp/rancher2 tf_rpc=ValidateResourceConfig tf_resource_type=rancher2_dev tf_attribute_path=float64_attribute tf_req_id=746a4291-5d6e-ccc8-8249-c084c8c5117b
2026-03-20T14:45:46.649-0500 [TRACE] sdk.framework: Calling provider defined Type Validate: tf_rpc=ValidateResourceConfig tf_resource_type=rancher2_dev tf_attribute_path=float64_attribute tf_req_id=746a4291-5d6e-ccc8-8249-c084c8c5117b tf_provider_addr=registry.terraform.io/hashicorp/rancher2
2026-03-20T14:45:46.649-0500 [TRACE] sdk.framework: Called provider defined Type Validate: tf_req_id=746a4291-5d6e-ccc8-8249-c084c8c5117b tf_provider_addr=registry.terraform.io/hashicorp/rancher2 tf_rpc=ValidateResourceConfig tf_resource_type=rancher2_dev tf_attribute_path=float64_attribute
2026-03-20T14:45:46.649-0500 [TRACE] sdk.framework: Calling provider defined validator.String: tf_req_id=746a4291-5d6e-ccc8-8249-c084c8c5117b tf_provider_addr=registry.terraform.io/hashicorp/rancher2 tf_rpc=ValidateResourceConfig tf_resource_type=rancher2_dev tf_attribute_path=string_attribute description="must start with 'dev-'"
2026-03-20T14:45:46.649-0500 [TRACE] sdk.framework: Called provider defined validator.String: tf_attribute_path=string_attribute tf_req_id=746a4291-5d6e-ccc8-8249-c084c8c5117b tf_provider_addr=registry.terraform.io/hashicorp/rancher2 tf_rpc=ValidateResourceConfig description="must start with 'dev-'" tf_resource_type=rancher2_dev
2026-03-20T14:45:46.649-0500 [TRACE] sdk.proto: Received downstream response: tf_req_duration_ms=0 diagnostic_error_count=0 tf_proto_version=6.11 tf_resource_type=rancher2_dev tf_rpc=ValidateResourceConfig tf_req_id=746a4291-5d6e-ccc8-8249-c084c8c5117b tf_provider_addr=registry.terraform.io/hashicorp/rancher2 diagnostic_warning_count=0
2026-03-20T14:45:46.649-0500 [TRACE] sdk.proto: Served request: tf_resource_type=rancher2_dev tf_rpc=ValidateResourceConfig tf_req_id=746a4291-5d6e-ccc8-8249-c084c8c5117b tf_provider_addr=registry.terraform.io/hashicorp/rancher2 tf_proto_version=6.11
2026-03-20T14:45:46.649-0500 [TRACE] sdk.framework: Resource implements ResourceWithConfigure: tf_resource_type=rancher2_dev tf_req_id=fb81e0fb-a788-8bb6-a8f1-c1c8c54a86ec tf_provider_addr=registry.terraform.io/hashicorp/rancher2 tf_rpc=ValidateResourceConfig
2026-03-20T14:45:46.649-0500 [TRACE] sdk.framework: Calling provider defined Resource Configure: tf_rpc=ValidateResourceConfig tf_resource_type=rancher2_dev tf_req_id=fb81e0fb-a788-8bb6-a8f1-c1c8c54a86ec tf_provider_addr=registry.terraform.io/hashicorp/rancher2
2026-03-20T14:45:46.649-0500 [DEBUG] rancher2: Rancher2_Dev_Resource Configure request: resource.ConfigureRequest{ProviderData:(*client.HttpClient)(0x1f9c5c3b2a50)}: tf_req_id=fb81e0fb-a788-8bb6-a8f1-c1c8c54a86ec tf_provider_addr=registry.terraform.io/hashicorp/rancher2 tf_rpc=ValidateResourceConfig tf_resource_type=rancher2_dev
2026-03-20T14:45:46.649-0500 [DEBUG] rancher2: Rancher2_Dev_Resource Configure object: &rancher2_dev.RancherDevResource{client:client.Client(nil)}: tf_req_id=fb81e0fb-a788-8bb6-a8f1-c1c8c54a86ec tf_provider_addr=registry.terraform.io/hashicorp/rancher2 tf_rpc=ValidateResourceConfig tf_resource_type=rancher2_dev
2026-03-20T14:45:46.649-0500 [DEBUG] rancher2: Rancher2_Dev_Resource Configure object after config: &rancher2_dev.RancherDevResource{client:(*client.HttpClient)(0x1f9c5c3b2a50)}: tf_rpc=ValidateResourceConfig tf_resource_type=rancher2_dev tf_req_id=fb81e0fb-a788-8bb6-a8f1-c1c8c54a86ec tf_provider_addr=registry.terraform.io/hashicorp/rancher2
2026-03-20T14:45:46.649-0500 [DEBUG] rancher2: Rancher2_Dev_Resource Configure response: &resource.ConfigureResponse{Diagnostics:diag.Diagnostics(nil)}: tf_req_id=fb81e0fb-a788-8bb6-a8f1-c1c8c54a86ec tf_provider_addr=registry.terraform.io/hashicorp/rancher2 tf_rpc=ValidateResourceConfig tf_resource_type=rancher2_dev
2026-03-20T14:45:46.649-0500 [TRACE] sdk.framework: Called provider defined Resource Configure: tf_req_id=fb81e0fb-a788-8bb6-a8f1-c1c8c54a86ec tf_provider_addr=registry.terraform.io/hashicorp/rancher2 tf_rpc=ValidateResourceConfig tf_resource_type=rancher2_dev
2026-03-20T14:45:46.649-0500 [TRACE] sdk.framework: Calling provider defined validator.String: tf_attribute_path=string_attribute tf_req_id=fb81e0fb-a788-8bb6-a8f1-c1c8c54a86ec tf_provider_addr=registry.terraform.io/hashicorp/rancher2 tf_rpc=ValidateResourceConfig description="must start with 'dev-'" tf_resource_type=rancher2_dev
2026-03-20T14:45:46.649-0500 [TRACE] sdk.framework: Called provider defined validator.String: tf_attribute_path=string_attribute tf_req_id=fb81e0fb-a788-8bb6-a8f1-c1c8c54a86ec tf_provider_addr=registry.terraform.io/hashicorp/rancher2 description="must start with 'dev-'" tf_rpc=ValidateResourceConfig tf_resource_type=rancher2_dev
2026-03-20T14:45:46.649-0500 [TRACE] sdk.framework: Type implements TypeWithValidate: tf_req_id=fb81e0fb-a788-8bb6-a8f1-c1c8c54a86ec tf_attribute_path=list_attribute tf_provider_addr=registry.terraform.io/hashicorp/rancher2 tf_rpc=ValidateResourceConfig tf_resource_type=rancher2_dev
2026-03-20T14:45:46.649-0500 [TRACE] sdk.framework: Calling provider defined Type Validate: tf_provider_addr=registry.terraform.io/hashicorp/rancher2 tf_rpc=ValidateResourceConfig tf_resource_type=rancher2_dev tf_req_id=fb81e0fb-a788-8bb6-a8f1-c1c8c54a86ec tf_attribute_path=list_attribute
2026-03-20T14:45:46.649-0500 [TRACE] sdk.framework: Called provider defined Type Validate: tf_provider_addr=registry.terraform.io/hashicorp/rancher2 tf_rpc=ValidateResourceConfig tf_resource_type=rancher2_dev tf_req_id=fb81e0fb-a788-8bb6-a8f1-c1c8c54a86ec tf_attribute_path=list_attribute
2026-03-20T14:45:46.649-0500 [TRACE] sdk.framework: Type implements TypeWithValidate: tf_req_id=fb81e0fb-a788-8bb6-a8f1-c1c8c54a86ec tf_provider_addr=registry.terraform.io/hashicorp/rancher2 tf_rpc=ValidateResourceConfig tf_resource_type=rancher2_dev tf_attribute_path=map_attribute
2026-03-20T14:45:46.649-0500 [TRACE] sdk.framework: Calling provider defined Type Validate: tf_req_id=fb81e0fb-a788-8bb6-a8f1-c1c8c54a86ec tf_provider_addr=registry.terraform.io/hashicorp/rancher2 tf_rpc=ValidateResourceConfig tf_resource_type=rancher2_dev tf_attribute_path=map_attribute
2026-03-20T14:45:46.649-0500 [TRACE] sdk.framework: Called provider defined Type Validate: tf_rpc=ValidateResourceConfig tf_resource_type=rancher2_dev tf_attribute_path=map_attribute tf_req_id=fb81e0fb-a788-8bb6-a8f1-c1c8c54a86ec tf_provider_addr=registry.terraform.io/hashicorp/rancher2
2026-03-20T14:45:46.649-0500 [TRACE] sdk.framework: Type implements TypeWithValidate: tf_provider_addr=registry.terraform.io/hashicorp/rancher2 tf_rpc=ValidateResourceConfig tf_resource_type=rancher2_dev tf_attribute_path=set_attribute tf_req_id=fb81e0fb-a788-8bb6-a8f1-c1c8c54a86ec
2026-03-20T14:45:46.649-0500 [TRACE] sdk.framework: Calling provider defined Type Validate: tf_provider_addr=registry.terraform.io/hashicorp/rancher2 tf_rpc=ValidateResourceConfig tf_resource_type=rancher2_dev tf_attribute_path=set_attribute tf_req_id=fb81e0fb-a788-8bb6-a8f1-c1c8c54a86ec
2026-03-20T14:45:46.649-0500 [TRACE] sdk.framework: Called provider defined Type Validate: tf_provider_addr=registry.terraform.io/hashicorp/rancher2 tf_rpc=ValidateResourceConfig tf_resource_type=rancher2_dev tf_attribute_path=set_attribute tf_req_id=fb81e0fb-a788-8bb6-a8f1-c1c8c54a86ec
2026-03-20T14:45:46.649-0500 [TRACE] sdk.framework: Type implements TypeWithValidate: tf_resource_type=rancher2_dev tf_attribute_path=nested_object_list tf_req_id=fb81e0fb-a788-8bb6-a8f1-c1c8c54a86ec tf_provider_addr=registry.terraform.io/hashicorp/rancher2 tf_rpc=ValidateResourceConfig
2026-03-20T14:45:46.649-0500 [TRACE] sdk.framework: Calling provider defined Type Validate: tf_attribute_path=nested_object_list tf_req_id=fb81e0fb-a788-8bb6-a8f1-c1c8c54a86ec tf_provider_addr=registry.terraform.io/hashicorp/rancher2 tf_rpc=ValidateResourceConfig tf_resource_type=rancher2_dev
2026-03-20T14:45:46.649-0500 [TRACE] sdk.framework: Called provider defined Type Validate: tf_req_id=fb81e0fb-a788-8bb6-a8f1-c1c8c54a86ec tf_provider_addr=registry.terraform.io/hashicorp/rancher2 tf_rpc=ValidateResourceConfig tf_resource_type=rancher2_dev tf_attribute_path=nested_object_list
2026-03-20T14:45:46.649-0500 [TRACE] sdk.framework: Type implements TypeWithValidate: tf_attribute_path=nested_object_map tf_resource_type=rancher2_dev tf_req_id=fb81e0fb-a788-8bb6-a8f1-c1c8c54a86ec tf_provider_addr=registry.terraform.io/hashicorp/rancher2 tf_rpc=ValidateResourceConfig
2026-03-20T14:45:46.649-0500 [TRACE] sdk.framework: Calling provider defined Type Validate: tf_rpc=ValidateResourceConfig tf_attribute_path=nested_object_map tf_resource_type=rancher2_dev tf_req_id=fb81e0fb-a788-8bb6-a8f1-c1c8c54a86ec tf_provider_addr=registry.terraform.io/hashicorp/rancher2
2026-03-20T14:45:46.649-0500 [TRACE] sdk.framework: Called provider defined Type Validate: tf_resource_type=rancher2_dev tf_req_id=fb81e0fb-a788-8bb6-a8f1-c1c8c54a86ec tf_provider_addr=registry.terraform.io/hashicorp/rancher2 tf_rpc=ValidateResourceConfig tf_attribute_path=nested_object_map
2026-03-20T14:45:46.649-0500 [TRACE] sdk.framework: Calling provider defined validator.String: tf_req_id=fb81e0fb-a788-8bb6-a8f1-c1c8c54a86ec tf_provider_addr=registry.terraform.io/hashicorp/rancher2 tf_rpc=ValidateResourceConfig tf_resource_type=rancher2_dev tf_attribute_path=id description="string length must be at least 1"
2026-03-20T14:45:46.649-0500 [TRACE] sdk.framework: Called provider defined validator.String: tf_attribute_path=id description="string length must be at least 1" tf_req_id=fb81e0fb-a788-8bb6-a8f1-c1c8c54a86ec tf_provider_addr=registry.terraform.io/hashicorp/rancher2 tf_rpc=ValidateResourceConfig tf_resource_type=rancher2_dev
2026-03-20T14:45:46.649-0500 [TRACE] sdk.framework: Type implements TypeWithValidate: tf_provider_addr=registry.terraform.io/hashicorp/rancher2 tf_rpc=ValidateResourceConfig tf_resource_type=rancher2_dev tf_attribute_path=float64_attribute tf_req_id=fb81e0fb-a788-8bb6-a8f1-c1c8c54a86ec
2026-03-20T14:45:46.649-0500 [TRACE] sdk.framework: Calling provider defined Type Validate: tf_rpc=ValidateResourceConfig tf_resource_type=rancher2_dev tf_attribute_path=float64_attribute tf_req_id=fb81e0fb-a788-8bb6-a8f1-c1c8c54a86ec tf_provider_addr=registry.terraform.io/hashicorp/rancher2
2026-03-20T14:45:46.649-0500 [TRACE] sdk.framework: Called provider defined Type Validate: tf_provider_addr=registry.terraform.io/hashicorp/rancher2 tf_rpc=ValidateResourceConfig tf_resource_type=rancher2_dev tf_attribute_path=float64_attribute tf_req_id=fb81e0fb-a788-8bb6-a8f1-c1c8c54a86ec
2026-03-20T14:45:46.649-0500 [TRACE] sdk.framework: Type implements TypeWithValidate: tf_attribute_path=int64_attribute tf_provider_addr=registry.terraform.io/hashicorp/rancher2 tf_rpc=ValidateResourceConfig tf_resource_type=rancher2_dev tf_req_id=fb81e0fb-a788-8bb6-a8f1-c1c8c54a86ec
2026-03-20T14:45:46.649-0500 [TRACE] sdk.framework: Calling provider defined Type Validate: tf_resource_type=rancher2_dev tf_req_id=fb81e0fb-a788-8bb6-a8f1-c1c8c54a86ec tf_attribute_path=int64_attribute tf_provider_addr=registry.terraform.io/hashicorp/rancher2 tf_rpc=ValidateResourceConfig
2026-03-20T14:45:46.649-0500 [TRACE] sdk.framework: Called provider defined Type Validate: tf_rpc=ValidateResourceConfig tf_resource_type=rancher2_dev tf_req_id=fb81e0fb-a788-8bb6-a8f1-c1c8c54a86ec tf_attribute_path=int64_attribute tf_provider_addr=registry.terraform.io/hashicorp/rancher2
2026-03-20T14:45:46.649-0500 [TRACE] sdk.proto: Received downstream response: diagnostic_error_count=0 tf_req_id=fb81e0fb-a788-8bb6-a8f1-c1c8c54a86ec tf_provider_addr=registry.terraform.io/hashicorp/rancher2 tf_proto_version=6.11 tf_rpc=ValidateResourceConfig tf_resource_type=rancher2_dev diagnostic_warning_count=0 tf_req_duration_ms=0
2026-03-20T14:45:46.649-0500 [TRACE] sdk.proto: Served request: tf_resource_type=rancher2_dev tf_req_id=fb81e0fb-a788-8bb6-a8f1-c1c8c54a86ec tf_provider_addr=registry.terraform.io/hashicorp/rancher2 tf_proto_version=6.11 tf_rpc=ValidateResourceConfig
2026-03-20T14:45:46.649-0500 [TRACE] sdk.proto: Received request: tf_provider_addr=registry.terraform.io/hashicorp/rancher2 tf_proto_version=6.11 tf_rpc=PlanResourceChange tf_resource_type=rancher2_dev tf_req_id=e9d79c6b-a6be-81ea-75a6-64881980813b
2026-03-20T14:45:46.649-0500 [TRACE] sdk.proto: No announced client capabilities: tf_req_id=e9d79c6b-a6be-81ea-75a6-64881980813b tf_provider_addr=registry.terraform.io/hashicorp/rancher2 tf_proto_version=6.11 tf_rpc=PlanResourceChange tf_resource_type=rancher2_dev
2026-03-20T14:45:46.649-0500 [TRACE] sdk.proto: Sending request downstream: tf_rpc=PlanResourceChange tf_resource_type=rancher2_dev tf_req_id=e9d79c6b-a6be-81ea-75a6-64881980813b tf_provider_addr=registry.terraform.io/hashicorp/rancher2 tf_proto_version=6.11
2026-03-20T14:45:46.649-0500 [TRACE] sdk.framework: Checking ResourceTypes lock: tf_req_id=e9d79c6b-a6be-81ea-75a6-64881980813b tf_provider_addr=registry.terraform.io/hashicorp/rancher2 tf_rpc=PlanResourceChange tf_resource_type=rancher2_dev
2026-03-20T14:45:46.649-0500 [TRACE] sdk.framework: Checking ResourceTypes lock: tf_req_id=e9d79c6b-a6be-81ea-75a6-64881980813b tf_provider_addr=registry.terraform.io/hashicorp/rancher2 tf_rpc=PlanResourceChange tf_resource_type=rancher2_dev
2026-03-20T14:45:46.649-0500 [TRACE] sdk.framework: Checking ResourceBehaviors lock: tf_rpc=PlanResourceChange tf_resource_type=rancher2_dev tf_req_id=e9d79c6b-a6be-81ea-75a6-64881980813b tf_provider_addr=registry.terraform.io/hashicorp/rancher2
2026-03-20T14:45:46.649-0500 [TRACE] sdk.framework: Checking ProviderTypeName lock: tf_provider_addr=registry.terraform.io/hashicorp/rancher2 tf_rpc=PlanResourceChange tf_resource_type=rancher2_dev tf_req_id=e9d79c6b-a6be-81ea-75a6-64881980813b
2026-03-20T14:45:46.649-0500 [TRACE] sdk.framework: Checking ResourceTypes lock: tf_req_id=e9d79c6b-a6be-81ea-75a6-64881980813b tf_provider_addr=registry.terraform.io/hashicorp/rancher2 tf_rpc=PlanResourceChange tf_resource_type=rancher2_dev
2026-03-20T14:45:46.649-0500 [TRACE] sdk.framework: Found resource type: tf_rpc=PlanResourceChange tf_resource_type=rancher2_dev tf_req_id=e9d79c6b-a6be-81ea-75a6-64881980813b tf_provider_addr=registry.terraform.io/hashicorp/rancher2
2026-03-20T14:45:46.649-0500 [TRACE] sdk.framework: Found resource type: tf_req_id=e9d79c6b-a6be-81ea-75a6-64881980813b tf_provider_addr=registry.terraform.io/hashicorp/rancher2 tf_rpc=PlanResourceChange tf_resource_type=rancher2_login
2026-03-20T14:45:46.649-0500 [TRACE] sdk.framework: Resource implements ResourceWithConfigure: tf_req_id=e9d79c6b-a6be-81ea-75a6-64881980813b tf_provider_addr=registry.terraform.io/hashicorp/rancher2 tf_rpc=PlanResourceChange tf_resource_type=rancher2_dev
2026-03-20T14:45:46.649-0500 [TRACE] sdk.framework: Calling provider defined Resource Configure: tf_req_id=e9d79c6b-a6be-81ea-75a6-64881980813b tf_provider_addr=registry.terraform.io/hashicorp/rancher2 tf_rpc=PlanResourceChange tf_resource_type=rancher2_dev
2026-03-20T14:45:46.649-0500 [DEBUG] rancher2: Rancher2_Dev_Resource Configure request: resource.ConfigureRequest{ProviderData:(*client.HttpClient)(0x1f9c5c3b2a50)}: tf_resource_type=rancher2_dev tf_req_id=e9d79c6b-a6be-81ea-75a6-64881980813b tf_provider_addr=registry.terraform.io/hashicorp/rancher2 tf_rpc=PlanResourceChange
2026-03-20T14:45:46.649-0500 [DEBUG] rancher2: Rancher2_Dev_Resource Configure object: &rancher2_dev.RancherDevResource{client:client.Client(nil)}: tf_req_id=e9d79c6b-a6be-81ea-75a6-64881980813b tf_provider_addr=registry.terraform.io/hashicorp/rancher2 tf_rpc=PlanResourceChange tf_resource_type=rancher2_dev
2026-03-20T14:45:46.649-0500 [DEBUG] rancher2: Rancher2_Dev_Resource Configure object after config: &rancher2_dev.RancherDevResource{client:(*client.HttpClient)(0x1f9c5c3b2a50)}: tf_req_id=e9d79c6b-a6be-81ea-75a6-64881980813b tf_provider_addr=registry.terraform.io/hashicorp/rancher2 tf_rpc=PlanResourceChange tf_resource_type=rancher2_dev
2026-03-20T14:45:46.649-0500 [DEBUG] rancher2: Rancher2_Dev_Resource Configure response: &resource.ConfigureResponse{Diagnostics:diag.Diagnostics(nil)}: tf_provider_addr=registry.terraform.io/hashicorp/rancher2 tf_rpc=PlanResourceChange tf_resource_type=rancher2_dev tf_req_id=e9d79c6b-a6be-81ea-75a6-64881980813b
2026-03-20T14:45:46.649-0500 [TRACE] sdk.framework: Called provider defined Resource Configure: tf_req_id=e9d79c6b-a6be-81ea-75a6-64881980813b tf_provider_addr=registry.terraform.io/hashicorp/rancher2 tf_rpc=PlanResourceChange tf_resource_type=rancher2_dev
2026-03-20T14:45:46.649-0500 [TRACE] sdk.framework: Type implements TypeWithValidate: tf_req_id=e9d79c6b-a6be-81ea-75a6-64881980813b tf_provider_addr=registry.terraform.io/hashicorp/rancher2 tf_rpc=PlanResourceChange tf_resource_type=rancher2_dev
2026-03-20T14:45:46.649-0500 [TRACE] sdk.framework: Calling provider defined Type Validate: tf_req_id=e9d79c6b-a6be-81ea-75a6-64881980813b tf_provider_addr=registry.terraform.io/hashicorp/rancher2 tf_rpc=PlanResourceChange tf_resource_type=rancher2_dev
2026-03-20T14:45:46.649-0500 [TRACE] sdk.framework: Called provider defined Type Validate: tf_resource_type=rancher2_dev tf_req_id=e9d79c6b-a6be-81ea-75a6-64881980813b tf_provider_addr=registry.terraform.io/hashicorp/rancher2 tf_rpc=PlanResourceChange
2026-03-20T14:45:46.649-0500 [TRACE] sdk.framework: Type implements TypeWithValidate: tf_rpc=PlanResourceChange tf_resource_type=rancher2_dev tf_req_id=e9d79c6b-a6be-81ea-75a6-64881980813b tf_provider_addr=registry.terraform.io/hashicorp/rancher2
2026-03-20T14:45:46.649-0500 [TRACE] sdk.framework: Calling provider defined Type Validate: tf_req_id=e9d79c6b-a6be-81ea-75a6-64881980813b tf_provider_addr=registry.terraform.io/hashicorp/rancher2 tf_rpc=PlanResourceChange tf_resource_type=rancher2_dev
2026-03-20T14:45:46.649-0500 [TRACE] sdk.framework: Called provider defined Type Validate: tf_rpc=PlanResourceChange tf_resource_type=rancher2_dev tf_req_id=e9d79c6b-a6be-81ea-75a6-64881980813b tf_provider_addr=registry.terraform.io/hashicorp/rancher2
2026-03-20T14:45:46.649-0500 [TRACE] sdk.framework: Type implements TypeWithValidate: tf_rpc=PlanResourceChange tf_resource_type=rancher2_dev tf_req_id=e9d79c6b-a6be-81ea-75a6-64881980813b tf_provider_addr=registry.terraform.io/hashicorp/rancher2
2026-03-20T14:45:46.649-0500 [TRACE] sdk.framework: Calling provider defined Type Validate: tf_rpc=PlanResourceChange tf_resource_type=rancher2_dev tf_req_id=e9d79c6b-a6be-81ea-75a6-64881980813b tf_provider_addr=registry.terraform.io/hashicorp/rancher2
2026-03-20T14:45:46.649-0500 [TRACE] sdk.framework: Called provider defined Type Validate: tf_provider_addr=registry.terraform.io/hashicorp/rancher2 tf_rpc=PlanResourceChange tf_resource_type=rancher2_dev tf_req_id=e9d79c6b-a6be-81ea-75a6-64881980813b
2026-03-20T14:45:46.649-0500 [TRACE] sdk.framework: Type implements TypeWithValidate: tf_req_id=e9d79c6b-a6be-81ea-75a6-64881980813b tf_provider_addr=registry.terraform.io/hashicorp/rancher2 tf_rpc=PlanResourceChange tf_resource_type=rancher2_dev
2026-03-20T14:45:46.649-0500 [TRACE] sdk.framework: Calling provider defined Type Validate: tf_req_id=e9d79c6b-a6be-81ea-75a6-64881980813b tf_provider_addr=registry.terraform.io/hashicorp/rancher2 tf_rpc=PlanResourceChange tf_resource_type=rancher2_dev
2026-03-20T14:45:46.649-0500 [TRACE] sdk.framework: Called provider defined Type Validate: tf_resource_type=rancher2_dev tf_req_id=e9d79c6b-a6be-81ea-75a6-64881980813b tf_provider_addr=registry.terraform.io/hashicorp/rancher2 tf_rpc=PlanResourceChange
2026-03-20T14:45:46.649-0500 [TRACE] sdk.framework: Type implements TypeWithValidate: tf_req_id=e9d79c6b-a6be-81ea-75a6-64881980813b tf_provider_addr=registry.terraform.io/hashicorp/rancher2 tf_rpc=PlanResourceChange tf_resource_type=rancher2_dev
2026-03-20T14:45:46.649-0500 [TRACE] sdk.framework: Calling provider defined Type Validate: tf_rpc=PlanResourceChange tf_resource_type=rancher2_dev tf_req_id=e9d79c6b-a6be-81ea-75a6-64881980813b tf_provider_addr=registry.terraform.io/hashicorp/rancher2
2026-03-20T14:45:46.649-0500 [TRACE] sdk.framework: Called provider defined Type Validate: tf_req_id=e9d79c6b-a6be-81ea-75a6-64881980813b tf_provider_addr=registry.terraform.io/hashicorp/rancher2 tf_rpc=PlanResourceChange tf_resource_type=rancher2_dev
2026-03-20T14:45:46.649-0500 [TRACE] sdk.framework: Type implements TypeWithValidate: tf_rpc=PlanResourceChange tf_resource_type=rancher2_dev tf_req_id=e9d79c6b-a6be-81ea-75a6-64881980813b tf_provider_addr=registry.terraform.io/hashicorp/rancher2
2026-03-20T14:45:46.649-0500 [TRACE] sdk.framework: Calling provider defined Type Validate: tf_req_id=e9d79c6b-a6be-81ea-75a6-64881980813b tf_provider_addr=registry.terraform.io/hashicorp/rancher2 tf_rpc=PlanResourceChange tf_resource_type=rancher2_dev
2026-03-20T14:45:46.649-0500 [TRACE] sdk.framework: Called provider defined Type Validate: tf_resource_type=rancher2_dev tf_req_id=e9d79c6b-a6be-81ea-75a6-64881980813b tf_provider_addr=registry.terraform.io/hashicorp/rancher2 tf_rpc=PlanResourceChange
2026-03-20T14:45:46.649-0500 [TRACE] sdk.framework: Type implements TypeWithValidate: tf_provider_addr=registry.terraform.io/hashicorp/rancher2 tf_rpc=PlanResourceChange tf_resource_type=rancher2_dev tf_req_id=e9d79c6b-a6be-81ea-75a6-64881980813b
2026-03-20T14:45:46.649-0500 [TRACE] sdk.framework: Calling provider defined Type Validate: tf_rpc=PlanResourceChange tf_resource_type=rancher2_dev tf_req_id=e9d79c6b-a6be-81ea-75a6-64881980813b tf_provider_addr=registry.terraform.io/hashicorp/rancher2
2026-03-20T14:45:46.649-0500 [TRACE] sdk.framework: Called provider defined Type Validate: tf_req_id=e9d79c6b-a6be-81ea-75a6-64881980813b tf_provider_addr=registry.terraform.io/hashicorp/rancher2 tf_rpc=PlanResourceChange tf_resource_type=rancher2_dev
2026-03-20T14:45:46.649-0500 [TRACE] sdk.framework: setting attribute bool_attribute to default value: true: tf_req_id=e9d79c6b-a6be-81ea-75a6-64881980813b tf_provider_addr=registry.terraform.io/hashicorp/rancher2 tf_rpc=PlanResourceChange tf_resource_type=rancher2_dev
2026-03-20T14:45:46.649-0500 [DEBUG] sdk.framework: Marking Computed attributes with null configuration values as unknown (known after apply) in the plan to prevent potential Terraform errors: tf_provider_addr=registry.terraform.io/hashicorp/rancher2 tf_rpc=PlanResourceChange tf_resource_type=rancher2_dev tf_req_id=e9d79c6b-a6be-81ea-75a6-64881980813b
2026-03-20T14:45:46.649-0500 [DEBUG] sdk.framework: marking computed attribute that is null in the config as unknown: tf_provider_addr=registry.terraform.io/hashicorp/rancher2 tf_rpc=PlanResourceChange tf_resource_type=rancher2_dev tf_attribute_path="AttributeName(\"float32_attribute\")" tf_req_id=e9d79c6b-a6be-81ea-75a6-64881980813b
2026-03-20T14:45:46.649-0500 [DEBUG] sdk.framework: marking computed attribute that is null in the config as unknown: tf_rpc=PlanResourceChange tf_resource_type=rancher2_dev tf_attribute_path="AttributeName(\"float64_attribute\")" tf_req_id=e9d79c6b-a6be-81ea-75a6-64881980813b tf_provider_addr=registry.terraform.io/hashicorp/rancher2
2026-03-20T14:45:46.649-0500 [DEBUG] sdk.framework: marking computed attribute that is null in the config as unknown: tf_provider_addr=registry.terraform.io/hashicorp/rancher2 tf_rpc=PlanResourceChange tf_resource_type=rancher2_dev tf_attribute_path="AttributeName(\"int32_attribute\")" tf_req_id=e9d79c6b-a6be-81ea-75a6-64881980813b
2026-03-20T14:45:46.649-0500 [DEBUG] sdk.framework: marking computed attribute that is null in the config as unknown: tf_provider_addr=registry.terraform.io/hashicorp/rancher2 tf_rpc=PlanResourceChange tf_resource_type=rancher2_dev tf_attribute_path="AttributeName(\"int64_attribute\")" tf_req_id=e9d79c6b-a6be-81ea-75a6-64881980813b
2026-03-20T14:45:46.649-0500 [DEBUG] sdk.framework: marking computed attribute that is null in the config as unknown: tf_rpc=PlanResourceChange tf_resource_type=rancher2_dev tf_attribute_path="AttributeName(\"nested_object_map\")" tf_req_id=e9d79c6b-a6be-81ea-75a6-64881980813b tf_provider_addr=registry.terraform.io/hashicorp/rancher2
2026-03-20T14:45:46.649-0500 [TRACE] sdk.framework: Attribute/block not null in configuration, not marking unknown: tf_provider_addr=registry.terraform.io/hashicorp/rancher2 tf_rpc=PlanResourceChange tf_resource_type=rancher2_dev tf_attribute_path="AttributeName(\"id\")" tf_req_id=e9d79c6b-a6be-81ea-75a6-64881980813b
2026-03-20T14:45:46.650-0500 [DEBUG] sdk.framework: marking computed attribute that is null in the config as unknown: tf_rpc=PlanResourceChange tf_resource_type=rancher2_dev tf_attribute_path="AttributeName(\"list_attribute\")" tf_req_id=e9d79c6b-a6be-81ea-75a6-64881980813b tf_provider_addr=registry.terraform.io/hashicorp/rancher2
2026-03-20T14:45:46.650-0500 [DEBUG] sdk.framework: marking computed attribute that is null in the config as unknown: tf_rpc=PlanResourceChange tf_resource_type=rancher2_dev tf_attribute_path="AttributeName(\"nested_object\")" tf_req_id=e9d79c6b-a6be-81ea-75a6-64881980813b tf_provider_addr=registry.terraform.io/hashicorp/rancher2
2026-03-20T14:45:46.650-0500 [TRACE] sdk.framework: Attribute/block not null in configuration, not marking unknown: tf_rpc=PlanResourceChange tf_resource_type=rancher2_dev tf_attribute_path="AttributeName(\"string_attribute\")" tf_req_id=e9d79c6b-a6be-81ea-75a6-64881980813b tf_provider_addr=registry.terraform.io/hashicorp/rancher2
2026-03-20T14:45:46.650-0500 [TRACE] sdk.framework: Attribute/block not null in configuration, not marking unknown: tf_provider_addr=registry.terraform.io/hashicorp/rancher2 tf_rpc=PlanResourceChange tf_resource_type=rancher2_dev tf_attribute_path="AttributeName(\"number_attribute\")" tf_req_id=e9d79c6b-a6be-81ea-75a6-64881980813b
2026-03-20T14:45:46.650-0500 [DEBUG] sdk.framework: marking computed attribute that is null in the config as unknown: tf_rpc=PlanResourceChange tf_resource_type=rancher2_dev tf_attribute_path="AttributeName(\"map_attribute\")" tf_req_id=e9d79c6b-a6be-81ea-75a6-64881980813b tf_provider_addr=registry.terraform.io/hashicorp/rancher2
2026-03-20T14:45:46.650-0500 [DEBUG] sdk.framework: marking computed attribute that is null in the config as unknown: tf_resource_type=rancher2_dev tf_attribute_path="AttributeName(\"nested_object_list\")" tf_req_id=e9d79c6b-a6be-81ea-75a6-64881980813b tf_provider_addr=registry.terraform.io/hashicorp/rancher2 tf_rpc=PlanResourceChange
2026-03-20T14:45:46.650-0500 [DEBUG] sdk.framework: marking computed attribute that is null in the config as unknown: tf_req_id=e9d79c6b-a6be-81ea-75a6-64881980813b tf_provider_addr=registry.terraform.io/hashicorp/rancher2 tf_rpc=PlanResourceChange tf_resource_type=rancher2_dev tf_attribute_path="AttributeName(\"set_attribute\")"
2026-03-20T14:45:46.650-0500 [TRACE] sdk.framework: At least one Computed null Config value was changed to unknown: tf_req_id=e9d79c6b-a6be-81ea-75a6-64881980813b tf_provider_addr=registry.terraform.io/hashicorp/rancher2 tf_rpc=PlanResourceChange tf_resource_type=rancher2_dev
2026-03-20T14:45:46.650-0500 [TRACE] sdk.framework: Calling provider defined planmodifier.String: tf_attribute_path=id description="Once set, the value of this attribute in state will not change." tf_req_id=e9d79c6b-a6be-81ea-75a6-64881980813b tf_provider_addr=registry.terraform.io/hashicorp/rancher2 tf_rpc=PlanResourceChange tf_resource_type=rancher2_dev
2026-03-20T14:45:46.650-0500 [TRACE] sdk.framework: Called provider defined planmodifier.String: tf_attribute_path=id tf_req_id=e9d79c6b-a6be-81ea-75a6-64881980813b tf_provider_addr=registry.terraform.io/hashicorp/rancher2 description="Once set, the value of this attribute in state will not change." tf_rpc=PlanResourceChange tf_resource_type=rancher2_dev
2026-03-20T14:45:46.650-0500 [TRACE] sdk.framework: Type implements TypeWithValidate: tf_rpc=PlanResourceChange tf_resource_type=rancher2_dev tf_req_id=e9d79c6b-a6be-81ea-75a6-64881980813b tf_provider_addr=registry.terraform.io/hashicorp/rancher2
2026-03-20T14:45:46.650-0500 [TRACE] sdk.framework: Calling provider defined Type Validate: tf_req_id=e9d79c6b-a6be-81ea-75a6-64881980813b tf_provider_addr=registry.terraform.io/hashicorp/rancher2 tf_rpc=PlanResourceChange tf_resource_type=rancher2_dev
2026-03-20T14:45:46.650-0500 [TRACE] sdk.framework: Called provider defined Type Validate: tf_rpc=PlanResourceChange tf_resource_type=rancher2_dev tf_req_id=e9d79c6b-a6be-81ea-75a6-64881980813b tf_provider_addr=registry.terraform.io/hashicorp/rancher2
2026-03-20T14:45:46.650-0500 [TRACE] sdk.framework: Type implements TypeWithValidate: tf_resource_type=rancher2_dev tf_req_id=e9d79c6b-a6be-81ea-75a6-64881980813b tf_provider_addr=registry.terraform.io/hashicorp/rancher2 tf_rpc=PlanResourceChange
2026-03-20T14:45:46.650-0500 [TRACE] sdk.framework: Calling provider defined Type Validate: tf_resource_type=rancher2_dev tf_req_id=e9d79c6b-a6be-81ea-75a6-64881980813b tf_provider_addr=registry.terraform.io/hashicorp/rancher2 tf_rpc=PlanResourceChange
2026-03-20T14:45:46.650-0500 [TRACE] sdk.framework: Called provider defined Type Validate: tf_req_id=e9d79c6b-a6be-81ea-75a6-64881980813b tf_provider_addr=registry.terraform.io/hashicorp/rancher2 tf_rpc=PlanResourceChange tf_resource_type=rancher2_dev
2026-03-20T14:45:46.650-0500 [TRACE] sdk.framework: Type implements TypeWithValidate: tf_rpc=PlanResourceChange tf_attribute_path=float64_attribute tf_resource_type=rancher2_dev tf_req_id=e9d79c6b-a6be-81ea-75a6-64881980813b tf_provider_addr=registry.terraform.io/hashicorp/rancher2
2026-03-20T14:45:46.650-0500 [TRACE] sdk.framework: Calling provider defined Type Validate: tf_resource_type=rancher2_dev tf_req_id=e9d79c6b-a6be-81ea-75a6-64881980813b tf_provider_addr=registry.terraform.io/hashicorp/rancher2 tf_rpc=PlanResourceChange tf_attribute_path=float64_attribute
2026-03-20T14:45:46.650-0500 [TRACE] sdk.framework: Called provider defined Type Validate: tf_rpc=PlanResourceChange tf_attribute_path=float64_attribute tf_resource_type=rancher2_dev tf_req_id=e9d79c6b-a6be-81ea-75a6-64881980813b tf_provider_addr=registry.terraform.io/hashicorp/rancher2
2026-03-20T14:45:46.650-0500 [TRACE] sdk.framework: Type implements TypeWithValidate: tf_req_id=e9d79c6b-a6be-81ea-75a6-64881980813b tf_provider_addr=registry.terraform.io/hashicorp/rancher2 tf_rpc=PlanResourceChange tf_resource_type=rancher2_dev
2026-03-20T14:45:46.650-0500 [TRACE] sdk.framework: Calling provider defined Type Validate: tf_req_id=e9d79c6b-a6be-81ea-75a6-64881980813b tf_provider_addr=registry.terraform.io/hashicorp/rancher2 tf_rpc=PlanResourceChange tf_resource_type=rancher2_dev
2026-03-20T14:45:46.650-0500 [TRACE] sdk.framework: Called provider defined Type Validate: tf_rpc=PlanResourceChange tf_resource_type=rancher2_dev tf_req_id=e9d79c6b-a6be-81ea-75a6-64881980813b tf_provider_addr=registry.terraform.io/hashicorp/rancher2
2026-03-20T14:45:46.650-0500 [TRACE] sdk.framework: Type implements TypeWithValidate: tf_req_id=e9d79c6b-a6be-81ea-75a6-64881980813b tf_provider_addr=registry.terraform.io/hashicorp/rancher2 tf_rpc=PlanResourceChange tf_resource_type=rancher2_dev
2026-03-20T14:45:46.650-0500 [TRACE] sdk.framework: Calling provider defined Type Validate: tf_req_id=e9d79c6b-a6be-81ea-75a6-64881980813b tf_provider_addr=registry.terraform.io/hashicorp/rancher2 tf_rpc=PlanResourceChange tf_resource_type=rancher2_dev
2026-03-20T14:45:46.650-0500 [TRACE] sdk.framework: Called provider defined Type Validate: tf_resource_type=rancher2_dev tf_req_id=e9d79c6b-a6be-81ea-75a6-64881980813b tf_provider_addr=registry.terraform.io/hashicorp/rancher2 tf_rpc=PlanResourceChange
2026-03-20T14:45:46.650-0500 [TRACE] sdk.framework: Type implements TypeWithValidate: tf_rpc=PlanResourceChange tf_resource_type=rancher2_dev tf_req_id=e9d79c6b-a6be-81ea-75a6-64881980813b tf_attribute_path=int64_attribute tf_provider_addr=registry.terraform.io/hashicorp/rancher2
2026-03-20T14:45:46.650-0500 [TRACE] sdk.framework: Calling provider defined Type Validate: tf_req_id=e9d79c6b-a6be-81ea-75a6-64881980813b tf_attribute_path=int64_attribute tf_provider_addr=registry.terraform.io/hashicorp/rancher2 tf_rpc=PlanResourceChange tf_resource_type=rancher2_dev
2026-03-20T14:45:46.650-0500 [TRACE] sdk.framework: Called provider defined Type Validate: tf_attribute_path=int64_attribute tf_provider_addr=registry.terraform.io/hashicorp/rancher2 tf_rpc=PlanResourceChange tf_resource_type=rancher2_dev tf_req_id=e9d79c6b-a6be-81ea-75a6-64881980813b
2026-03-20T14:45:46.650-0500 [TRACE] sdk.framework: Type implements TypeWithValidate: tf_resource_type=rancher2_dev tf_req_id=e9d79c6b-a6be-81ea-75a6-64881980813b tf_provider_addr=registry.terraform.io/hashicorp/rancher2 tf_rpc=PlanResourceChange
2026-03-20T14:45:46.650-0500 [TRACE] sdk.framework: Calling provider defined Type Validate: tf_provider_addr=registry.terraform.io/hashicorp/rancher2 tf_rpc=PlanResourceChange tf_resource_type=rancher2_dev tf_req_id=e9d79c6b-a6be-81ea-75a6-64881980813b
2026-03-20T14:45:46.650-0500 [TRACE] sdk.framework: Called provider defined Type Validate: tf_req_id=e9d79c6b-a6be-81ea-75a6-64881980813b tf_provider_addr=registry.terraform.io/hashicorp/rancher2 tf_rpc=PlanResourceChange tf_resource_type=rancher2_dev
2026-03-20T14:45:46.650-0500 [TRACE] sdk.framework: Type implements TypeWithValidate: tf_rpc=PlanResourceChange tf_resource_type=rancher2_dev tf_req_id=e9d79c6b-a6be-81ea-75a6-64881980813b tf_provider_addr=registry.terraform.io/hashicorp/rancher2
2026-03-20T14:45:46.650-0500 [TRACE] sdk.framework: Calling provider defined Type Validate: tf_rpc=PlanResourceChange tf_resource_type=rancher2_dev tf_req_id=e9d79c6b-a6be-81ea-75a6-64881980813b tf_provider_addr=registry.terraform.io/hashicorp/rancher2
2026-03-20T14:45:46.650-0500 [TRACE] sdk.framework: Called provider defined Type Validate: tf_rpc=PlanResourceChange tf_resource_type=rancher2_dev tf_req_id=e9d79c6b-a6be-81ea-75a6-64881980813b tf_provider_addr=registry.terraform.io/hashicorp/rancher2
2026-03-20T14:45:46.650-0500 [TRACE] sdk.framework: Type implements TypeWithValidate: tf_provider_addr=registry.terraform.io/hashicorp/rancher2 tf_rpc=PlanResourceChange tf_resource_type=rancher2_dev tf_attribute_path=map_attribute tf_req_id=e9d79c6b-a6be-81ea-75a6-64881980813b
2026-03-20T14:45:46.650-0500 [TRACE] sdk.framework: Calling provider defined Type Validate: tf_req_id=e9d79c6b-a6be-81ea-75a6-64881980813b tf_provider_addr=registry.terraform.io/hashicorp/rancher2 tf_rpc=PlanResourceChange tf_resource_type=rancher2_dev tf_attribute_path=map_attribute
2026-03-20T14:45:46.650-0500 [TRACE] sdk.framework: Called provider defined Type Validate: tf_provider_addr=registry.terraform.io/hashicorp/rancher2 tf_rpc=PlanResourceChange tf_resource_type=rancher2_dev tf_attribute_path=map_attribute tf_req_id=e9d79c6b-a6be-81ea-75a6-64881980813b
2026-03-20T14:45:46.650-0500 [TRACE] sdk.proto: Received request: tf_rpc=PlanResourceChange tf_resource_type=rancher2_dev tf_provider_addr=registry.terraform.io/hashicorp/rancher2 tf_req_id=1601f4b7-5c93-846f-2c16-e3b53258881e tf_proto_version=6.11
2026-03-20T14:45:46.650-0500 [TRACE] sdk.proto: No announced client capabilities: tf_provider_addr=registry.terraform.io/hashicorp/rancher2 tf_req_id=1601f4b7-5c93-846f-2c16-e3b53258881e tf_proto_version=6.11 tf_rpc=PlanResourceChange tf_resource_type=rancher2_dev
2026-03-20T14:45:46.650-0500 [TRACE] sdk.proto: Sending request downstream: tf_proto_version=6.11 tf_rpc=PlanResourceChange tf_resource_type=rancher2_dev tf_provider_addr=registry.terraform.io/hashicorp/rancher2 tf_req_id=1601f4b7-5c93-846f-2c16-e3b53258881e
2026-03-20T14:45:46.650-0500 [TRACE] sdk.framework: Checking ResourceTypes lock: tf_rpc=PlanResourceChange tf_resource_type=rancher2_dev tf_req_id=1601f4b7-5c93-846f-2c16-e3b53258881e tf_provider_addr=registry.terraform.io/hashicorp/rancher2
2026-03-20T14:45:46.650-0500 [TRACE] sdk.framework: Checking ResourceBehaviors lock: tf_rpc=PlanResourceChange tf_resource_type=rancher2_dev tf_req_id=1601f4b7-5c93-846f-2c16-e3b53258881e tf_provider_addr=registry.terraform.io/hashicorp/rancher2
2026-03-20T14:45:46.650-0500 [TRACE] sdk.framework: Type implements TypeWithValidate: tf_req_id=e9d79c6b-a6be-81ea-75a6-64881980813b tf_provider_addr=registry.terraform.io/hashicorp/rancher2 tf_rpc=PlanResourceChange tf_resource_type=rancher2_dev
2026-03-20T14:45:46.650-0500 [TRACE] sdk.framework: Calling provider defined Type Validate: tf_provider_addr=registry.terraform.io/hashicorp/rancher2 tf_rpc=PlanResourceChange tf_resource_type=rancher2_dev tf_req_id=e9d79c6b-a6be-81ea-75a6-64881980813b
2026-03-20T14:45:46.650-0500 [TRACE] sdk.framework: Called provider defined Type Validate: tf_req_id=e9d79c6b-a6be-81ea-75a6-64881980813b tf_provider_addr=registry.terraform.io/hashicorp/rancher2 tf_rpc=PlanResourceChange tf_resource_type=rancher2_dev
2026-03-20T14:45:46.650-0500 [TRACE] sdk.framework: Type implements TypeWithValidate: tf_req_id=e9d79c6b-a6be-81ea-75a6-64881980813b tf_provider_addr=registry.terraform.io/hashicorp/rancher2 tf_rpc=PlanResourceChange tf_resource_type=rancher2_dev
2026-03-20T14:45:46.650-0500 [TRACE] sdk.framework: Calling provider defined Type Validate: tf_req_id=e9d79c6b-a6be-81ea-75a6-64881980813b tf_provider_addr=registry.terraform.io/hashicorp/rancher2 tf_rpc=PlanResourceChange tf_resource_type=rancher2_dev
2026-03-20T14:45:46.650-0500 [TRACE] sdk.framework: Called provider defined Type Validate: tf_rpc=PlanResourceChange tf_resource_type=rancher2_dev tf_req_id=e9d79c6b-a6be-81ea-75a6-64881980813b tf_provider_addr=registry.terraform.io/hashicorp/rancher2
2026-03-20T14:45:46.650-0500 [TRACE] sdk.framework: Type implements TypeWithValidate: tf_resource_type=rancher2_dev tf_attribute_path=list_attribute tf_req_id=e9d79c6b-a6be-81ea-75a6-64881980813b tf_provider_addr=registry.terraform.io/hashicorp/rancher2 tf_rpc=PlanResourceChange
2026-03-20T14:45:46.650-0500 [TRACE] sdk.framework: Calling provider defined Type Validate: tf_attribute_path=list_attribute tf_req_id=e9d79c6b-a6be-81ea-75a6-64881980813b tf_provider_addr=registry.terraform.io/hashicorp/rancher2 tf_rpc=PlanResourceChange tf_resource_type=rancher2_dev
2026-03-20T14:45:46.650-0500 [TRACE] sdk.framework: Called provider defined Type Validate: tf_attribute_path=list_attribute tf_req_id=e9d79c6b-a6be-81ea-75a6-64881980813b tf_provider_addr=registry.terraform.io/hashicorp/rancher2 tf_rpc=PlanResourceChange tf_resource_type=rancher2_dev
2026-03-20T14:45:46.650-0500 [TRACE] sdk.framework: Type implements TypeWithValidate: tf_rpc=PlanResourceChange tf_resource_type=rancher2_dev tf_req_id=e9d79c6b-a6be-81ea-75a6-64881980813b tf_provider_addr=registry.terraform.io/hashicorp/rancher2
2026-03-20T14:45:46.650-0500 [TRACE] sdk.framework: Calling provider defined Type Validate: tf_rpc=PlanResourceChange tf_resource_type=rancher2_dev tf_req_id=e9d79c6b-a6be-81ea-75a6-64881980813b tf_provider_addr=registry.terraform.io/hashicorp/rancher2
2026-03-20T14:45:46.650-0500 [TRACE] sdk.framework: Called provider defined Type Validate: tf_rpc=PlanResourceChange tf_resource_type=rancher2_dev tf_req_id=e9d79c6b-a6be-81ea-75a6-64881980813b tf_provider_addr=registry.terraform.io/hashicorp/rancher2
2026-03-20T14:45:46.650-0500 [TRACE] sdk.framework: Type implements TypeWithValidate: tf_req_id=e9d79c6b-a6be-81ea-75a6-64881980813b tf_provider_addr=registry.terraform.io/hashicorp/rancher2 tf_rpc=PlanResourceChange tf_resource_type=rancher2_dev
2026-03-20T14:45:46.650-0500 [TRACE] sdk.framework: Calling provider defined Type Validate: tf_provider_addr=registry.terraform.io/hashicorp/rancher2 tf_rpc=PlanResourceChange tf_resource_type=rancher2_dev tf_req_id=e9d79c6b-a6be-81ea-75a6-64881980813b
2026-03-20T14:45:46.650-0500 [TRACE] sdk.framework: Called provider defined Type Validate: tf_req_id=e9d79c6b-a6be-81ea-75a6-64881980813b tf_provider_addr=registry.terraform.io/hashicorp/rancher2 tf_rpc=PlanResourceChange tf_resource_type=rancher2_dev
2026-03-20T14:45:46.651-0500 [TRACE] sdk.framework: Type implements TypeWithValidate: tf_attribute_path=set_attribute tf_resource_type=rancher2_dev tf_req_id=e9d79c6b-a6be-81ea-75a6-64881980813b tf_provider_addr=registry.terraform.io/hashicorp/rancher2 tf_rpc=PlanResourceChange
2026-03-20T14:45:46.651-0500 [TRACE] sdk.framework: Calling provider defined Type Validate: tf_attribute_path=set_attribute tf_resource_type=rancher2_dev tf_req_id=e9d79c6b-a6be-81ea-75a6-64881980813b tf_provider_addr=registry.terraform.io/hashicorp/rancher2 tf_rpc=PlanResourceChange
2026-03-20T14:45:46.651-0500 [TRACE] sdk.framework: Called provider defined Type Validate: tf_req_id=e9d79c6b-a6be-81ea-75a6-64881980813b tf_provider_addr=registry.terraform.io/hashicorp/rancher2 tf_rpc=PlanResourceChange tf_attribute_path=set_attribute tf_resource_type=rancher2_dev
2026-03-20T14:45:46.651-0500 [TRACE] sdk.framework: Type implements TypeWithValidate: tf_rpc=PlanResourceChange tf_resource_type=rancher2_dev tf_req_id=e9d79c6b-a6be-81ea-75a6-64881980813b tf_provider_addr=registry.terraform.io/hashicorp/rancher2
2026-03-20T14:45:46.651-0500 [TRACE] sdk.framework: Calling provider defined Type Validate: tf_rpc=PlanResourceChange tf_resource_type=rancher2_dev tf_req_id=e9d79c6b-a6be-81ea-75a6-64881980813b tf_provider_addr=registry.terraform.io/hashicorp/rancher2
2026-03-20T14:45:46.651-0500 [TRACE] sdk.framework: Called provider defined Type Validate: tf_req_id=e9d79c6b-a6be-81ea-75a6-64881980813b tf_provider_addr=registry.terraform.io/hashicorp/rancher2 tf_rpc=PlanResourceChange tf_resource_type=rancher2_dev
2026-03-20T14:45:46.651-0500 [TRACE] sdk.framework: Type implements TypeWithValidate: tf_req_id=e9d79c6b-a6be-81ea-75a6-64881980813b tf_provider_addr=registry.terraform.io/hashicorp/rancher2 tf_rpc=PlanResourceChange tf_resource_type=rancher2_dev
2026-03-20T14:45:46.651-0500 [TRACE] sdk.framework: Calling provider defined Type Validate: tf_req_id=e9d79c6b-a6be-81ea-75a6-64881980813b tf_provider_addr=registry.terraform.io/hashicorp/rancher2 tf_rpc=PlanResourceChange tf_resource_type=rancher2_dev
2026-03-20T14:45:46.651-0500 [TRACE] sdk.framework: Called provider defined Type Validate: tf_req_id=e9d79c6b-a6be-81ea-75a6-64881980813b tf_provider_addr=registry.terraform.io/hashicorp/rancher2 tf_rpc=PlanResourceChange tf_resource_type=rancher2_dev
2026-03-20T14:45:46.651-0500 [TRACE] sdk.framework: Type implements TypeWithValidate: tf_provider_addr=registry.terraform.io/hashicorp/rancher2 tf_rpc=PlanResourceChange tf_attribute_path=nested_object_list tf_resource_type=rancher2_dev tf_req_id=e9d79c6b-a6be-81ea-75a6-64881980813b
2026-03-20T14:45:46.651-0500 [TRACE] sdk.framework: Calling provider defined Type Validate: tf_attribute_path=nested_object_list tf_resource_type=rancher2_dev tf_req_id=e9d79c6b-a6be-81ea-75a6-64881980813b tf_provider_addr=registry.terraform.io/hashicorp/rancher2 tf_rpc=PlanResourceChange
2026-03-20T14:45:46.651-0500 [TRACE] sdk.framework: Called provider defined Type Validate: tf_attribute_path=nested_object_list tf_resource_type=rancher2_dev tf_req_id=e9d79c6b-a6be-81ea-75a6-64881980813b tf_provider_addr=registry.terraform.io/hashicorp/rancher2 tf_rpc=PlanResourceChange
2026-03-20T14:45:46.651-0500 [TRACE] sdk.framework: Type implements TypeWithValidate: tf_req_id=e9d79c6b-a6be-81ea-75a6-64881980813b tf_provider_addr=registry.terraform.io/hashicorp/rancher2 tf_rpc=PlanResourceChange tf_resource_type=rancher2_dev
2026-03-20T14:45:46.651-0500 [TRACE] sdk.framework: Calling provider defined Type Validate: tf_resource_type=rancher2_dev tf_req_id=e9d79c6b-a6be-81ea-75a6-64881980813b tf_provider_addr=registry.terraform.io/hashicorp/rancher2 tf_rpc=PlanResourceChange
2026-03-20T14:45:46.651-0500 [TRACE] sdk.framework: Called provider defined Type Validate: tf_req_id=e9d79c6b-a6be-81ea-75a6-64881980813b tf_provider_addr=registry.terraform.io/hashicorp/rancher2 tf_rpc=PlanResourceChange tf_resource_type=rancher2_dev
2026-03-20T14:45:46.651-0500 [TRACE] sdk.framework: Type implements TypeWithValidate: tf_provider_addr=registry.terraform.io/hashicorp/rancher2 tf_rpc=PlanResourceChange tf_resource_type=rancher2_dev tf_req_id=e9d79c6b-a6be-81ea-75a6-64881980813b
2026-03-20T14:45:46.651-0500 [TRACE] sdk.framework: Calling provider defined Type Validate: tf_req_id=e9d79c6b-a6be-81ea-75a6-64881980813b tf_provider_addr=registry.terraform.io/hashicorp/rancher2 tf_rpc=PlanResourceChange tf_resource_type=rancher2_dev
2026-03-20T14:45:46.651-0500 [TRACE] sdk.framework: Called provider defined Type Validate: tf_req_id=e9d79c6b-a6be-81ea-75a6-64881980813b tf_provider_addr=registry.terraform.io/hashicorp/rancher2 tf_rpc=PlanResourceChange tf_resource_type=rancher2_dev
2026-03-20T14:45:46.651-0500 [TRACE] sdk.framework: Type implements TypeWithValidate: tf_attribute_path=nested_object_map tf_req_id=e9d79c6b-a6be-81ea-75a6-64881980813b tf_provider_addr=registry.terraform.io/hashicorp/rancher2 tf_rpc=PlanResourceChange tf_resource_type=rancher2_dev
2026-03-20T14:45:46.651-0500 [TRACE] sdk.framework: Calling provider defined Type Validate: tf_req_id=e9d79c6b-a6be-81ea-75a6-64881980813b tf_provider_addr=registry.terraform.io/hashicorp/rancher2 tf_rpc=PlanResourceChange tf_resource_type=rancher2_dev tf_attribute_path=nested_object_map
2026-03-20T14:45:46.651-0500 [TRACE] sdk.framework: Called provider defined Type Validate: tf_req_id=e9d79c6b-a6be-81ea-75a6-64881980813b tf_provider_addr=registry.terraform.io/hashicorp/rancher2 tf_rpc=PlanResourceChange tf_resource_type=rancher2_dev tf_attribute_path=nested_object_map
2026-03-20T14:45:46.651-0500 [TRACE] sdk.proto: Received downstream response: tf_resource_type=rancher2_dev tf_req_id=e9d79c6b-a6be-81ea-75a6-64881980813b tf_provider_addr=registry.terraform.io/hashicorp/rancher2 tf_proto_version=6.11 diagnostic_error_count=0 diagnostic_warning_count=0 tf_req_duration_ms=1 tf_rpc=PlanResourceChange
2026-03-20T14:45:46.651-0500 [TRACE] sdk.proto: Served request: tf_req_id=e9d79c6b-a6be-81ea-75a6-64881980813b tf_provider_addr=registry.terraform.io/hashicorp/rancher2 tf_proto_version=6.11 tf_rpc=PlanResourceChange tf_resource_type=rancher2_dev
2026-03-20T14:45:46.651-0500 [TRACE] sdk.framework: Resource implements ResourceWithConfigure: tf_req_id=1601f4b7-5c93-846f-2c16-e3b53258881e tf_provider_addr=registry.terraform.io/hashicorp/rancher2 tf_rpc=PlanResourceChange tf_resource_type=rancher2_dev
2026-03-20T14:45:46.651-0500 [TRACE] sdk.framework: Calling provider defined Resource Configure: tf_rpc=PlanResourceChange tf_resource_type=rancher2_dev tf_req_id=1601f4b7-5c93-846f-2c16-e3b53258881e tf_provider_addr=registry.terraform.io/hashicorp/rancher2
2026-03-20T14:45:46.651-0500 [DEBUG] rancher2: Rancher2_Dev_Resource Configure request: resource.ConfigureRequest{ProviderData:(*client.HttpClient)(0x1f9c5c3b2a50)}: tf_rpc=PlanResourceChange tf_resource_type=rancher2_dev tf_req_id=1601f4b7-5c93-846f-2c16-e3b53258881e tf_provider_addr=registry.terraform.io/hashicorp/rancher2
2026-03-20T14:45:46.651-0500 [DEBUG] rancher2: Rancher2_Dev_Resource Configure object: &rancher2_dev.RancherDevResource{client:client.Client(nil)}: tf_resource_type=rancher2_dev tf_req_id=1601f4b7-5c93-846f-2c16-e3b53258881e tf_provider_addr=registry.terraform.io/hashicorp/rancher2 tf_rpc=PlanResourceChange
2026-03-20T14:45:46.651-0500 [DEBUG] rancher2: Rancher2_Dev_Resource Configure object after config: &rancher2_dev.RancherDevResource{client:(*client.HttpClient)(0x1f9c5c3b2a50)}: tf_req_id=1601f4b7-5c93-846f-2c16-e3b53258881e tf_provider_addr=registry.terraform.io/hashicorp/rancher2 tf_rpc=PlanResourceChange tf_resource_type=rancher2_dev
2026-03-20T14:45:46.651-0500 [DEBUG] rancher2: Rancher2_Dev_Resource Configure response: &resource.ConfigureResponse{Diagnostics:diag.Diagnostics(nil)}: tf_req_id=1601f4b7-5c93-846f-2c16-e3b53258881e tf_provider_addr=registry.terraform.io/hashicorp/rancher2 tf_rpc=PlanResourceChange tf_resource_type=rancher2_dev
2026-03-20T14:45:46.651-0500 [TRACE] sdk.framework: Called provider defined Resource Configure: tf_req_id=1601f4b7-5c93-846f-2c16-e3b53258881e tf_provider_addr=registry.terraform.io/hashicorp/rancher2 tf_rpc=PlanResourceChange tf_resource_type=rancher2_dev
2026-03-20T14:45:46.651-0500 [TRACE] sdk.framework: attribute is a non-schema attribute, not setting default: tf_req_id=1601f4b7-5c93-846f-2c16-e3b53258881e tf_provider_addr=registry.terraform.io/hashicorp/rancher2 tf_rpc=PlanResourceChange tf_resource_type=rancher2_dev
2026-03-20T14:45:46.651-0500 [TRACE] sdk.framework: Type implements TypeWithValidate: tf_resource_type=rancher2_dev tf_req_id=1601f4b7-5c93-846f-2c16-e3b53258881e tf_provider_addr=registry.terraform.io/hashicorp/rancher2 tf_rpc=PlanResourceChange
2026-03-20T14:45:46.651-0500 [TRACE] sdk.framework: Calling provider defined Type Validate: tf_req_id=1601f4b7-5c93-846f-2c16-e3b53258881e tf_provider_addr=registry.terraform.io/hashicorp/rancher2 tf_rpc=PlanResourceChange tf_resource_type=rancher2_dev
2026-03-20T14:45:46.651-0500 [TRACE] sdk.framework: Called provider defined Type Validate: tf_rpc=PlanResourceChange tf_resource_type=rancher2_dev tf_req_id=1601f4b7-5c93-846f-2c16-e3b53258881e tf_provider_addr=registry.terraform.io/hashicorp/rancher2
2026-03-20T14:45:46.651-0500 [TRACE] sdk.framework: attribute is a non-schema attribute, not setting default: tf_req_id=1601f4b7-5c93-846f-2c16-e3b53258881e tf_provider_addr=registry.terraform.io/hashicorp/rancher2 tf_rpc=PlanResourceChange tf_resource_type=rancher2_dev
2026-03-20T14:45:46.651-0500 [TRACE] sdk.framework: attribute is a non-schema attribute, not setting default: tf_req_id=1601f4b7-5c93-846f-2c16-e3b53258881e tf_provider_addr=registry.terraform.io/hashicorp/rancher2 tf_rpc=PlanResourceChange tf_resource_type=rancher2_dev
2026-03-20T14:45:46.651-0500 [TRACE] sdk.framework: attribute is a non-schema attribute, not setting default: tf_provider_addr=registry.terraform.io/hashicorp/rancher2 tf_rpc=PlanResourceChange tf_resource_type=rancher2_dev tf_req_id=1601f4b7-5c93-846f-2c16-e3b53258881e
2026-03-20T14:45:46.651-0500 [TRACE] sdk.framework: attribute is a non-schema attribute, not setting default: tf_resource_type=rancher2_dev tf_req_id=1601f4b7-5c93-846f-2c16-e3b53258881e tf_provider_addr=registry.terraform.io/hashicorp/rancher2 tf_rpc=PlanResourceChange
2026-03-20T14:45:46.651-0500 [TRACE] sdk.framework: Type implements TypeWithValidate: tf_resource_type=rancher2_dev tf_req_id=1601f4b7-5c93-846f-2c16-e3b53258881e tf_provider_addr=registry.terraform.io/hashicorp/rancher2 tf_rpc=PlanResourceChange
2026-03-20T14:45:46.651-0500 [TRACE] sdk.framework: Calling provider defined Type Validate: tf_req_id=1601f4b7-5c93-846f-2c16-e3b53258881e tf_provider_addr=registry.terraform.io/hashicorp/rancher2 tf_rpc=PlanResourceChange tf_resource_type=rancher2_dev
2026-03-20T14:45:46.651-0500 [TRACE] sdk.framework: Called provider defined Type Validate: tf_resource_type=rancher2_dev tf_req_id=1601f4b7-5c93-846f-2c16-e3b53258881e tf_provider_addr=registry.terraform.io/hashicorp/rancher2 tf_rpc=PlanResourceChange
2026-03-20T14:45:46.651-0500 [TRACE] sdk.framework: attribute is a non-schema attribute, not setting default: tf_req_id=1601f4b7-5c93-846f-2c16-e3b53258881e tf_provider_addr=registry.terraform.io/hashicorp/rancher2 tf_rpc=PlanResourceChange tf_resource_type=rancher2_dev
2026-03-20T14:45:46.651-0500 [TRACE] sdk.framework: attribute is a non-schema attribute, not setting default: tf_provider_addr=registry.terraform.io/hashicorp/rancher2 tf_rpc=PlanResourceChange tf_resource_type=rancher2_dev tf_req_id=1601f4b7-5c93-846f-2c16-e3b53258881e
2026-03-20T14:45:46.651-0500 [TRACE] sdk.framework: attribute is a non-schema attribute, not setting default: tf_rpc=PlanResourceChange tf_resource_type=rancher2_dev tf_req_id=1601f4b7-5c93-846f-2c16-e3b53258881e tf_provider_addr=registry.terraform.io/hashicorp/rancher2
2026-03-20T14:45:46.651-0500 [TRACE] sdk.framework: attribute is a non-schema attribute, not setting default: tf_req_id=1601f4b7-5c93-846f-2c16-e3b53258881e tf_provider_addr=registry.terraform.io/hashicorp/rancher2 tf_rpc=PlanResourceChange tf_resource_type=rancher2_dev
2026-03-20T14:45:46.651-0500 [TRACE] sdk.framework: Type implements TypeWithValidate: tf_req_id=1601f4b7-5c93-846f-2c16-e3b53258881e tf_provider_addr=registry.terraform.io/hashicorp/rancher2 tf_rpc=PlanResourceChange tf_resource_type=rancher2_dev
2026-03-20T14:45:46.651-0500 [TRACE] sdk.framework: Calling provider defined Type Validate: tf_req_id=1601f4b7-5c93-846f-2c16-e3b53258881e tf_provider_addr=registry.terraform.io/hashicorp/rancher2 tf_rpc=PlanResourceChange tf_resource_type=rancher2_dev
2026-03-20T14:45:46.651-0500 [TRACE] sdk.framework: Called provider defined Type Validate: tf_req_id=1601f4b7-5c93-846f-2c16-e3b53258881e tf_provider_addr=registry.terraform.io/hashicorp/rancher2 tf_rpc=PlanResourceChange tf_resource_type=rancher2_dev
2026-03-20T14:45:46.651-0500 [TRACE] sdk.framework: attribute is a non-schema attribute, not setting default: tf_req_id=1601f4b7-5c93-846f-2c16-e3b53258881e tf_provider_addr=registry.terraform.io/hashicorp/rancher2 tf_rpc=PlanResourceChange tf_resource_type=rancher2_dev
2026-03-20T14:45:46.651-0500 [TRACE] sdk.framework: Type implements TypeWithValidate: tf_rpc=PlanResourceChange tf_resource_type=rancher2_dev tf_req_id=1601f4b7-5c93-846f-2c16-e3b53258881e tf_provider_addr=registry.terraform.io/hashicorp/rancher2
2026-03-20T14:45:46.651-0500 [TRACE] sdk.framework: Calling provider defined Type Validate: tf_provider_addr=registry.terraform.io/hashicorp/rancher2 tf_rpc=PlanResourceChange tf_resource_type=rancher2_dev tf_req_id=1601f4b7-5c93-846f-2c16-e3b53258881e
2026-03-20T14:45:46.651-0500 [TRACE] sdk.framework: Called provider defined Type Validate: tf_req_id=1601f4b7-5c93-846f-2c16-e3b53258881e tf_provider_addr=registry.terraform.io/hashicorp/rancher2 tf_rpc=PlanResourceChange tf_resource_type=rancher2_dev
2026-03-20T14:45:46.651-0500 [TRACE] sdk.framework: Type implements TypeWithValidate: tf_req_id=1601f4b7-5c93-846f-2c16-e3b53258881e tf_provider_addr=registry.terraform.io/hashicorp/rancher2 tf_rpc=PlanResourceChange tf_resource_type=rancher2_dev
2026-03-20T14:45:46.651-0500 [TRACE] sdk.framework: Calling provider defined Type Validate: tf_req_id=1601f4b7-5c93-846f-2c16-e3b53258881e tf_provider_addr=registry.terraform.io/hashicorp/rancher2 tf_rpc=PlanResourceChange tf_resource_type=rancher2_dev
2026-03-20T14:45:46.651-0500 [TRACE] sdk.framework: Called provider defined Type Validate: tf_req_id=1601f4b7-5c93-846f-2c16-e3b53258881e tf_provider_addr=registry.terraform.io/hashicorp/rancher2 tf_rpc=PlanResourceChange tf_resource_type=rancher2_dev
2026-03-20T14:45:46.651-0500 [TRACE] sdk.framework: Type implements TypeWithValidate: tf_provider_addr=registry.terraform.io/hashicorp/rancher2 tf_rpc=PlanResourceChange tf_resource_type=rancher2_dev tf_req_id=1601f4b7-5c93-846f-2c16-e3b53258881e
2026-03-20T14:45:46.651-0500 [TRACE] sdk.framework: Calling provider defined Type Validate: tf_req_id=1601f4b7-5c93-846f-2c16-e3b53258881e tf_provider_addr=registry.terraform.io/hashicorp/rancher2 tf_rpc=PlanResourceChange tf_resource_type=rancher2_dev
2026-03-20T14:45:46.651-0500 [TRACE] sdk.framework: Called provider defined Type Validate: tf_req_id=1601f4b7-5c93-846f-2c16-e3b53258881e tf_provider_addr=registry.terraform.io/hashicorp/rancher2 tf_rpc=PlanResourceChange tf_resource_type=rancher2_dev
2026-03-20T14:45:46.651-0500 [TRACE] sdk.framework: attribute is a non-schema attribute, not setting default: tf_resource_type=rancher2_dev tf_req_id=1601f4b7-5c93-846f-2c16-e3b53258881e tf_provider_addr=registry.terraform.io/hashicorp/rancher2 tf_rpc=PlanResourceChange
2026-03-20T14:45:46.651-0500 [TRACE] sdk.framework: attribute is a non-schema attribute, not setting default: tf_provider_addr=registry.terraform.io/hashicorp/rancher2 tf_rpc=PlanResourceChange tf_resource_type=rancher2_dev tf_req_id=1601f4b7-5c93-846f-2c16-e3b53258881e
2026-03-20T14:45:46.651-0500 [TRACE] sdk.framework: Type implements TypeWithValidate: tf_req_id=1601f4b7-5c93-846f-2c16-e3b53258881e tf_provider_addr=registry.terraform.io/hashicorp/rancher2 tf_rpc=PlanResourceChange tf_resource_type=rancher2_dev
2026-03-20T14:45:46.651-0500 [TRACE] sdk.framework: Calling provider defined Type Validate: tf_rpc=PlanResourceChange tf_resource_type=rancher2_dev tf_req_id=1601f4b7-5c93-846f-2c16-e3b53258881e tf_provider_addr=registry.terraform.io/hashicorp/rancher2
2026-03-20T14:45:46.651-0500 [TRACE] sdk.framework: Called provider defined Type Validate: tf_rpc=PlanResourceChange tf_resource_type=rancher2_dev tf_req_id=1601f4b7-5c93-846f-2c16-e3b53258881e tf_provider_addr=registry.terraform.io/hashicorp/rancher2
2026-03-20T14:45:46.651-0500 [TRACE] sdk.framework: attribute is a non-schema attribute, not nullifying: tf_req_id=1601f4b7-5c93-846f-2c16-e3b53258881e tf_provider_addr=registry.terraform.io/hashicorp/rancher2 tf_rpc=PlanResourceChange tf_resource_type=rancher2_dev tf_attribute_path="AttributeName(\"list_attribute\").ElementKeyInt(0)"
2026-03-20T14:45:46.651-0500 [TRACE] sdk.framework: attribute is a non-schema attribute, not nullifying: tf_req_id=1601f4b7-5c93-846f-2c16-e3b53258881e tf_provider_addr=registry.terraform.io/hashicorp/rancher2 tf_rpc=PlanResourceChange tf_resource_type=rancher2_dev tf_attribute_path="AttributeName(\"list_attribute\").ElementKeyInt(1)"
2026-03-20T14:45:46.651-0500 [TRACE] sdk.framework: attribute is a non-schema attribute, not nullifying: tf_resource_type=rancher2_dev tf_attribute_path="AttributeName(\"list_attribute\").ElementKeyInt(2)" tf_req_id=1601f4b7-5c93-846f-2c16-e3b53258881e tf_provider_addr=registry.terraform.io/hashicorp/rancher2 tf_rpc=PlanResourceChange
2026-03-20T14:45:46.651-0500 [TRACE] sdk.framework: attribute is a non-schema attribute, not nullifying: tf_rpc=PlanResourceChange tf_resource_type=rancher2_dev tf_attribute_path="AttributeName(\"list_attribute\").ElementKeyInt(3)" tf_req_id=1601f4b7-5c93-846f-2c16-e3b53258881e tf_provider_addr=registry.terraform.io/hashicorp/rancher2
2026-03-20T14:45:46.651-0500 [TRACE] sdk.framework: attribute is a non-schema attribute, not nullifying: tf_attribute_path="AttributeName(\"set_attribute\").ElementKeyValue(tftypes.String<\"a\">)" tf_req_id=1601f4b7-5c93-846f-2c16-e3b53258881e tf_provider_addr=registry.terraform.io/hashicorp/rancher2 tf_rpc=PlanResourceChange tf_resource_type=rancher2_dev
2026-03-20T14:45:46.651-0500 [TRACE] sdk.framework: attribute is a non-schema attribute, not nullifying: tf_provider_addr=registry.terraform.io/hashicorp/rancher2 tf_rpc=PlanResourceChange tf_resource_type=rancher2_dev tf_attribute_path="AttributeName(\"set_attribute\").ElementKeyValue(tftypes.String<\"is\">)" tf_req_id=1601f4b7-5c93-846f-2c16-e3b53258881e
2026-03-20T14:45:46.651-0500 [TRACE] sdk.framework: attribute is a non-schema attribute, not nullifying: tf_resource_type=rancher2_dev tf_attribute_path="AttributeName(\"set_attribute\").ElementKeyValue(tftypes.String<\"set\">)" tf_req_id=1601f4b7-5c93-846f-2c16-e3b53258881e tf_provider_addr=registry.terraform.io/hashicorp/rancher2 tf_rpc=PlanResourceChange
2026-03-20T14:45:46.651-0500 [TRACE] sdk.framework: attribute is a non-schema attribute, not nullifying: tf_resource_type=rancher2_dev tf_attribute_path="AttributeName(\"set_attribute\").ElementKeyValue(tftypes.String<\"this\">)" tf_req_id=1601f4b7-5c93-846f-2c16-e3b53258881e tf_provider_addr=registry.terraform.io/hashicorp/rancher2 tf_rpc=PlanResourceChange
2026-03-20T14:45:46.651-0500 [TRACE] sdk.framework: attribute is a non-schema attribute, not nullifying: tf_attribute_path="AttributeName(\"nested_object_list\").ElementKeyInt(0)" tf_req_id=1601f4b7-5c93-846f-2c16-e3b53258881e tf_provider_addr=registry.terraform.io/hashicorp/rancher2 tf_rpc=PlanResourceChange tf_resource_type=rancher2_dev
2026-03-20T14:45:46.651-0500 [TRACE] sdk.framework: attribute is a non-schema attribute, not nullifying: tf_req_id=1601f4b7-5c93-846f-2c16-e3b53258881e tf_provider_addr=registry.terraform.io/hashicorp/rancher2 tf_rpc=PlanResourceChange tf_resource_type=rancher2_dev tf_attribute_path="AttributeName(\"map_attribute\").ElementKeyString(\"a\")"
2026-03-20T14:45:46.651-0500 [TRACE] sdk.framework: attribute is a non-schema attribute, not nullifying: tf_req_id=1601f4b7-5c93-846f-2c16-e3b53258881e tf_provider_addr=registry.terraform.io/hashicorp/rancher2 tf_rpc=PlanResourceChange tf_resource_type=rancher2_dev tf_attribute_path="AttributeName(\"map_attribute\").ElementKeyString(\"this\")"
2026-03-20T14:45:46.651-0500 [TRACE] sdk.framework: attribute is a non-schema attribute, not nullifying: tf_attribute_path="AttributeName(\"nested_object_map\").ElementKeyString(\"first\")" tf_req_id=1601f4b7-5c93-846f-2c16-e3b53258881e tf_provider_addr=registry.terraform.io/hashicorp/rancher2 tf_rpc=PlanResourceChange tf_resource_type=rancher2_dev
2026-03-20T14:45:46.652-0500 [DEBUG] sdk.framework: Marking Computed attributes with null configuration values as unknown (known after apply) in the plan to prevent potential Terraform errors: tf_resource_type=rancher2_dev tf_req_id=1601f4b7-5c93-846f-2c16-e3b53258881e tf_provider_addr=registry.terraform.io/hashicorp/rancher2 tf_rpc=PlanResourceChange
2026-03-20T14:45:46.652-0500 [TRACE] sdk.framework: Attribute/block not null in configuration, not marking unknown: tf_req_id=1601f4b7-5c93-846f-2c16-e3b53258881e tf_provider_addr=registry.terraform.io/hashicorp/rancher2 tf_rpc=PlanResourceChange tf_resource_type=rancher2_dev tf_attribute_path="AttributeName(\"nested_object_map\").ElementKeyString(\"first\").AttributeName(\"nested_nested_object\").AttributeName(\"bool_attribute\")"
2026-03-20T14:45:46.652-0500 [TRACE] sdk.framework: Attribute/block not null in configuration, not marking unknown: tf_req_id=1601f4b7-5c93-846f-2c16-e3b53258881e tf_provider_addr=registry.terraform.io/hashicorp/rancher2 tf_rpc=PlanResourceChange tf_resource_type=rancher2_dev tf_attribute_path="AttributeName(\"nested_object_map\").ElementKeyString(\"first\").AttributeName(\"nested_nested_object\").AttributeName(\"string_attribute\")"
2026-03-20T14:45:46.652-0500 [TRACE] sdk.framework: Attribute/block not null in configuration, not marking unknown: tf_req_id=1601f4b7-5c93-846f-2c16-e3b53258881e tf_provider_addr=registry.terraform.io/hashicorp/rancher2 tf_rpc=PlanResourceChange tf_resource_type=rancher2_dev tf_attribute_path="AttributeName(\"nested_object_map\").ElementKeyString(\"first\").AttributeName(\"nested_nested_object\")"
2026-03-20T14:45:46.652-0500 [TRACE] sdk.framework: Attribute/block not null in configuration, not marking unknown: tf_attribute_path="AttributeName(\"nested_object_map\").ElementKeyString(\"first\").AttributeName(\"string_attribute\")" tf_req_id=1601f4b7-5c93-846f-2c16-e3b53258881e tf_provider_addr=registry.terraform.io/hashicorp/rancher2 tf_rpc=PlanResourceChange tf_resource_type=rancher2_dev
2026-03-20T14:45:46.652-0500 [TRACE] sdk.framework: attribute is a non-schema attribute, not marking unknown: tf_rpc=PlanResourceChange tf_resource_type=rancher2_dev tf_attribute_path="AttributeName(\"nested_object_map\").ElementKeyString(\"first\")" tf_req_id=1601f4b7-5c93-846f-2c16-e3b53258881e tf_provider_addr=registry.terraform.io/hashicorp/rancher2
2026-03-20T14:45:46.652-0500 [TRACE] sdk.framework: Attribute/block not null in configuration, not marking unknown: tf_provider_addr=registry.terraform.io/hashicorp/rancher2 tf_rpc=PlanResourceChange tf_resource_type=rancher2_dev tf_attribute_path="AttributeName(\"nested_object_map\")" tf_req_id=1601f4b7-5c93-846f-2c16-e3b53258881e
2026-03-20T14:45:46.652-0500 [TRACE] sdk.framework: Attribute/block not null in configuration, not marking unknown: tf_rpc=PlanResourceChange tf_resource_type=rancher2_dev tf_attribute_path="AttributeName(\"bool_attribute\")" tf_req_id=1601f4b7-5c93-846f-2c16-e3b53258881e tf_provider_addr=registry.terraform.io/hashicorp/rancher2
2026-03-20T14:45:46.652-0500 [TRACE] sdk.framework: Attribute/block not null in configuration, not marking unknown: tf_rpc=PlanResourceChange tf_resource_type=rancher2_dev tf_attribute_path="AttributeName(\"id\")" tf_req_id=1601f4b7-5c93-846f-2c16-e3b53258881e tf_provider_addr=registry.terraform.io/hashicorp/rancher2
2026-03-20T14:45:46.652-0500 [TRACE] sdk.framework: Attribute/block not null in configuration, not marking unknown: tf_resource_type=rancher2_dev tf_attribute_path="AttributeName(\"float32_attribute\")" tf_req_id=1601f4b7-5c93-846f-2c16-e3b53258881e tf_provider_addr=registry.terraform.io/hashicorp/rancher2 tf_rpc=PlanResourceChange
2026-03-20T14:45:46.652-0500 [TRACE] sdk.framework: attribute is a non-schema attribute, not marking unknown: tf_rpc=PlanResourceChange tf_resource_type=rancher2_dev tf_attribute_path="AttributeName(\"map_attribute\").ElementKeyString(\"a\")" tf_req_id=1601f4b7-5c93-846f-2c16-e3b53258881e tf_provider_addr=registry.terraform.io/hashicorp/rancher2
2026-03-20T14:45:46.652-0500 [TRACE] sdk.framework: attribute is a non-schema attribute, not marking unknown: tf_provider_addr=registry.terraform.io/hashicorp/rancher2 tf_rpc=PlanResourceChange tf_resource_type=rancher2_dev tf_attribute_path="AttributeName(\"map_attribute\").ElementKeyString(\"this\")" tf_req_id=1601f4b7-5c93-846f-2c16-e3b53258881e
2026-03-20T14:45:46.652-0500 [TRACE] sdk.framework: Attribute/block not null in configuration, not marking unknown: tf_resource_type=rancher2_dev tf_attribute_path="AttributeName(\"map_attribute\")" tf_req_id=1601f4b7-5c93-846f-2c16-e3b53258881e tf_provider_addr=registry.terraform.io/hashicorp/rancher2 tf_rpc=PlanResourceChange
2026-03-20T14:45:46.652-0500 [TRACE] sdk.framework: Attribute/block not null in configuration, not marking unknown: tf_rpc=PlanResourceChange tf_resource_type=rancher2_dev tf_attribute_path="AttributeName(\"nested_object\").AttributeName(\"nested_nested_object\").AttributeName(\"string_attribute\")" tf_req_id=1601f4b7-5c93-846f-2c16-e3b53258881e tf_provider_addr=registry.terraform.io/hashicorp/rancher2
2026-03-20T14:45:46.652-0500 [TRACE] sdk.framework: Attribute/block not null in configuration, not marking unknown: tf_provider_addr=registry.terraform.io/hashicorp/rancher2 tf_rpc=PlanResourceChange tf_resource_type=rancher2_dev tf_attribute_path="AttributeName(\"nested_object\").AttributeName(\"nested_nested_object\").AttributeName(\"bool_attribute\")" tf_req_id=1601f4b7-5c93-846f-2c16-e3b53258881e
2026-03-20T14:45:46.652-0500 [TRACE] sdk.framework: Attribute/block not null in configuration, not marking unknown: tf_provider_addr=registry.terraform.io/hashicorp/rancher2 tf_rpc=PlanResourceChange tf_resource_type=rancher2_dev tf_attribute_path="AttributeName(\"nested_object\").AttributeName(\"nested_nested_object\")" tf_req_id=1601f4b7-5c93-846f-2c16-e3b53258881e
2026-03-20T14:45:46.652-0500 [TRACE] sdk.framework: Attribute/block not null in configuration, not marking unknown: tf_provider_addr=registry.terraform.io/hashicorp/rancher2 tf_rpc=PlanResourceChange tf_resource_type=rancher2_dev tf_attribute_path="AttributeName(\"nested_object\").AttributeName(\"string_attribute\")" tf_req_id=1601f4b7-5c93-846f-2c16-e3b53258881e
2026-03-20T14:45:46.652-0500 [TRACE] sdk.framework: Attribute/block not null in configuration, not marking unknown: tf_provider_addr=registry.terraform.io/hashicorp/rancher2 tf_rpc=PlanResourceChange tf_resource_type=rancher2_dev tf_attribute_path="AttributeName(\"nested_object\")" tf_req_id=1601f4b7-5c93-846f-2c16-e3b53258881e
2026-03-20T14:45:46.652-0500 [TRACE] sdk.framework: Attribute/block not null in configuration, not marking unknown: tf_resource_type=rancher2_dev tf_attribute_path="AttributeName(\"int64_attribute\")" tf_req_id=1601f4b7-5c93-846f-2c16-e3b53258881e tf_provider_addr=registry.terraform.io/hashicorp/rancher2 tf_rpc=PlanResourceChange
2026-03-20T14:45:46.652-0500 [TRACE] sdk.framework: Attribute/block not null in configuration, not marking unknown: tf_req_id=1601f4b7-5c93-846f-2c16-e3b53258881e tf_provider_addr=registry.terraform.io/hashicorp/rancher2 tf_rpc=PlanResourceChange tf_resource_type=rancher2_dev tf_attribute_path="AttributeName(\"float64_attribute\")"
2026-03-20T14:45:46.652-0500 [TRACE] sdk.framework: attribute is a non-schema attribute, not marking unknown: tf_provider_addr=registry.terraform.io/hashicorp/rancher2 tf_rpc=PlanResourceChange tf_resource_type=rancher2_dev tf_attribute_path="AttributeName(\"list_attribute\").ElementKeyInt(0)" tf_req_id=1601f4b7-5c93-846f-2c16-e3b53258881e
2026-03-20T14:45:46.652-0500 [TRACE] sdk.framework: attribute is a non-schema attribute, not marking unknown: tf_rpc=PlanResourceChange tf_resource_type=rancher2_dev tf_attribute_path="AttributeName(\"list_attribute\").ElementKeyInt(1)" tf_req_id=1601f4b7-5c93-846f-2c16-e3b53258881e tf_provider_addr=registry.terraform.io/hashicorp/rancher2
2026-03-20T14:45:46.652-0500 [TRACE] sdk.framework: attribute is a non-schema attribute, not marking unknown: tf_attribute_path="AttributeName(\"list_attribute\").ElementKeyInt(2)" tf_req_id=1601f4b7-5c93-846f-2c16-e3b53258881e tf_provider_addr=registry.terraform.io/hashicorp/rancher2 tf_rpc=PlanResourceChange tf_resource_type=rancher2_dev
2026-03-20T14:45:46.652-0500 [TRACE] sdk.framework: attribute is a non-schema attribute, not marking unknown: tf_rpc=PlanResourceChange tf_resource_type=rancher2_dev tf_attribute_path="AttributeName(\"list_attribute\").ElementKeyInt(3)" tf_req_id=1601f4b7-5c93-846f-2c16-e3b53258881e tf_provider_addr=registry.terraform.io/hashicorp/rancher2
2026-03-20T14:45:46.652-0500 [TRACE] sdk.framework: Attribute/block not null in configuration, not marking unknown: tf_provider_addr=registry.terraform.io/hashicorp/rancher2 tf_rpc=PlanResourceChange tf_resource_type=rancher2_dev tf_attribute_path="AttributeName(\"list_attribute\")" tf_req_id=1601f4b7-5c93-846f-2c16-e3b53258881e
2026-03-20T14:45:46.652-0500 [TRACE] sdk.framework: attribute is a non-schema attribute, not marking unknown: tf_attribute_path="AttributeName(\"set_attribute\").ElementKeyValue(tftypes.String<\"a\">)" tf_req_id=1601f4b7-5c93-846f-2c16-e3b53258881e tf_provider_addr=registry.terraform.io/hashicorp/rancher2 tf_rpc=PlanResourceChange tf_resource_type=rancher2_dev
2026-03-20T14:45:46.652-0500 [TRACE] sdk.framework: attribute is a non-schema attribute, not marking unknown: tf_req_id=1601f4b7-5c93-846f-2c16-e3b53258881e tf_provider_addr=registry.terraform.io/hashicorp/rancher2 tf_rpc=PlanResourceChange tf_resource_type=rancher2_dev tf_attribute_path="AttributeName(\"set_attribute\").ElementKeyValue(tftypes.String<\"is\">)"
2026-03-20T14:45:46.652-0500 [TRACE] sdk.framework: attribute is a non-schema attribute, not marking unknown: tf_resource_type=rancher2_dev tf_attribute_path="AttributeName(\"set_attribute\").ElementKeyValue(tftypes.String<\"set\">)" tf_req_id=1601f4b7-5c93-846f-2c16-e3b53258881e tf_provider_addr=registry.terraform.io/hashicorp/rancher2 tf_rpc=PlanResourceChange
2026-03-20T14:45:46.652-0500 [TRACE] sdk.framework: attribute is a non-schema attribute, not marking unknown: tf_req_id=1601f4b7-5c93-846f-2c16-e3b53258881e tf_provider_addr=registry.terraform.io/hashicorp/rancher2 tf_rpc=PlanResourceChange tf_resource_type=rancher2_dev tf_attribute_path="AttributeName(\"set_attribute\").ElementKeyValue(tftypes.String<\"this\">)"
2026-03-20T14:45:46.652-0500 [TRACE] sdk.framework: Attribute/block not null in configuration, not marking unknown: tf_provider_addr=registry.terraform.io/hashicorp/rancher2 tf_rpc=PlanResourceChange tf_resource_type=rancher2_dev tf_attribute_path="AttributeName(\"set_attribute\")" tf_req_id=1601f4b7-5c93-846f-2c16-e3b53258881e
2026-03-20T14:45:46.652-0500 [TRACE] sdk.framework: Attribute/block not null in configuration, not marking unknown: tf_provider_addr=registry.terraform.io/hashicorp/rancher2 tf_rpc=PlanResourceChange tf_resource_type=rancher2_dev tf_attribute_path="AttributeName(\"nested_object_list\").ElementKeyInt(0).AttributeName(\"string_attribute\")" tf_req_id=1601f4b7-5c93-846f-2c16-e3b53258881e
2026-03-20T14:45:46.652-0500 [TRACE] sdk.framework: Attribute/block not null in configuration, not marking unknown: tf_attribute_path="AttributeName(\"nested_object_list\").ElementKeyInt(0).AttributeName(\"nested_nested_object\").AttributeName(\"string_attribute\")" tf_req_id=1601f4b7-5c93-846f-2c16-e3b53258881e tf_provider_addr=registry.terraform.io/hashicorp/rancher2 tf_rpc=PlanResourceChange tf_resource_type=rancher2_dev
2026-03-20T14:45:46.652-0500 [TRACE] sdk.framework: Attribute/block not null in configuration, not marking unknown: tf_provider_addr=registry.terraform.io/hashicorp/rancher2 tf_rpc=PlanResourceChange tf_resource_type=rancher2_dev tf_attribute_path="AttributeName(\"nested_object_list\").ElementKeyInt(0).AttributeName(\"nested_nested_object\").AttributeName(\"bool_attribute\")" tf_req_id=1601f4b7-5c93-846f-2c16-e3b53258881e
2026-03-20T14:45:46.652-0500 [TRACE] sdk.framework: Attribute/block not null in configuration, not marking unknown: tf_rpc=PlanResourceChange tf_resource_type=rancher2_dev tf_attribute_path="AttributeName(\"nested_object_list\").ElementKeyInt(0).AttributeName(\"nested_nested_object\")" tf_req_id=1601f4b7-5c93-846f-2c16-e3b53258881e tf_provider_addr=registry.terraform.io/hashicorp/rancher2
2026-03-20T14:45:46.652-0500 [TRACE] sdk.framework: attribute is a non-schema attribute, not marking unknown: tf_attribute_path="AttributeName(\"nested_object_list\").ElementKeyInt(0)" tf_req_id=1601f4b7-5c93-846f-2c16-e3b53258881e tf_provider_addr=registry.terraform.io/hashicorp/rancher2 tf_rpc=PlanResourceChange tf_resource_type=rancher2_dev
2026-03-20T14:45:46.652-0500 [TRACE] sdk.framework: Attribute/block not null in configuration, not marking unknown: tf_req_id=1601f4b7-5c93-846f-2c16-e3b53258881e tf_provider_addr=registry.terraform.io/hashicorp/rancher2 tf_rpc=PlanResourceChange tf_resource_type=rancher2_dev tf_attribute_path="AttributeName(\"nested_object_list\")"
2026-03-20T14:45:46.652-0500 [TRACE] sdk.framework: Attribute/block not null in configuration, not marking unknown: tf_attribute_path="AttributeName(\"number_attribute\")" tf_req_id=1601f4b7-5c93-846f-2c16-e3b53258881e tf_provider_addr=registry.terraform.io/hashicorp/rancher2 tf_rpc=PlanResourceChange tf_resource_type=rancher2_dev
2026-03-20T14:45:46.652-0500 [DEBUG] sdk.framework: marking computed attribute that is null in the config as unknown: tf_provider_addr=registry.terraform.io/hashicorp/rancher2 tf_rpc=PlanResourceChange tf_resource_type=rancher2_dev tf_attribute_path="AttributeName(\"int32_attribute\")" tf_req_id=1601f4b7-5c93-846f-2c16-e3b53258881e
2026-03-20T14:45:46.652-0500 [TRACE] sdk.framework: Attribute/block not null in configuration, not marking unknown: tf_attribute_path="AttributeName(\"string_attribute\")" tf_req_id=1601f4b7-5c93-846f-2c16-e3b53258881e tf_provider_addr=registry.terraform.io/hashicorp/rancher2 tf_rpc=PlanResourceChange tf_resource_type=rancher2_dev
2026-03-20T14:45:46.652-0500 [TRACE] sdk.framework: At least one Computed null Config value was changed to unknown: tf_provider_addr=registry.terraform.io/hashicorp/rancher2 tf_rpc=PlanResourceChange tf_resource_type=rancher2_dev tf_req_id=1601f4b7-5c93-846f-2c16-e3b53258881e
2026-03-20T14:45:46.652-0500 [TRACE] sdk.framework: Type implements TypeWithValidate: tf_provider_addr=registry.terraform.io/hashicorp/rancher2 tf_rpc=PlanResourceChange tf_resource_type=rancher2_dev tf_req_id=1601f4b7-5c93-846f-2c16-e3b53258881e
2026-03-20T14:45:46.652-0500 [TRACE] sdk.framework: Calling provider defined Type Validate: tf_resource_type=rancher2_dev tf_req_id=1601f4b7-5c93-846f-2c16-e3b53258881e tf_provider_addr=registry.terraform.io/hashicorp/rancher2 tf_rpc=PlanResourceChange
2026-03-20T14:45:46.652-0500 [TRACE] sdk.framework: Called provider defined Type Validate: tf_provider_addr=registry.terraform.io/hashicorp/rancher2 tf_rpc=PlanResourceChange tf_resource_type=rancher2_dev tf_req_id=1601f4b7-5c93-846f-2c16-e3b53258881e
2026-03-20T14:45:46.652-0500 [TRACE] sdk.framework: Type implements TypeWithValidate: tf_req_id=1601f4b7-5c93-846f-2c16-e3b53258881e tf_provider_addr=registry.terraform.io/hashicorp/rancher2 tf_rpc=PlanResourceChange tf_resource_type=rancher2_dev
2026-03-20T14:45:46.652-0500 [TRACE] sdk.framework: Calling provider defined Type Validate: tf_req_id=1601f4b7-5c93-846f-2c16-e3b53258881e tf_provider_addr=registry.terraform.io/hashicorp/rancher2 tf_rpc=PlanResourceChange tf_resource_type=rancher2_dev
2026-03-20T14:45:46.652-0500 [TRACE] sdk.framework: Called provider defined Type Validate: tf_provider_addr=registry.terraform.io/hashicorp/rancher2 tf_rpc=PlanResourceChange tf_resource_type=rancher2_dev tf_req_id=1601f4b7-5c93-846f-2c16-e3b53258881e
2026-03-20T14:45:46.652-0500 [TRACE] sdk.framework: Type implements TypeWithValidate: tf_attribute_path=nested_object_list tf_req_id=1601f4b7-5c93-846f-2c16-e3b53258881e tf_provider_addr=registry.terraform.io/hashicorp/rancher2 tf_rpc=PlanResourceChange tf_resource_type=rancher2_dev
2026-03-20T14:45:46.652-0500 [TRACE] sdk.framework: Calling provider defined Type Validate: tf_rpc=PlanResourceChange tf_resource_type=rancher2_dev tf_attribute_path=nested_object_list tf_req_id=1601f4b7-5c93-846f-2c16-e3b53258881e tf_provider_addr=registry.terraform.io/hashicorp/rancher2
2026-03-20T14:45:46.652-0500 [TRACE] sdk.framework: Called provider defined Type Validate: tf_resource_type=rancher2_dev tf_attribute_path=nested_object_list tf_req_id=1601f4b7-5c93-846f-2c16-e3b53258881e tf_provider_addr=registry.terraform.io/hashicorp/rancher2 tf_rpc=PlanResourceChange
2026-03-20T14:45:46.652-0500 [TRACE] sdk.framework: Type implements TypeWithValidate: tf_req_id=1601f4b7-5c93-846f-2c16-e3b53258881e tf_provider_addr=registry.terraform.io/hashicorp/rancher2 tf_rpc=PlanResourceChange tf_resource_type=rancher2_dev
2026-03-20T14:45:46.652-0500 [TRACE] sdk.framework: Calling provider defined Type Validate: tf_req_id=1601f4b7-5c93-846f-2c16-e3b53258881e tf_provider_addr=registry.terraform.io/hashicorp/rancher2 tf_rpc=PlanResourceChange tf_resource_type=rancher2_dev
2026-03-20T14:45:46.652-0500 [TRACE] sdk.framework: Called provider defined Type Validate: tf_req_id=1601f4b7-5c93-846f-2c16-e3b53258881e tf_provider_addr=registry.terraform.io/hashicorp/rancher2 tf_rpc=PlanResourceChange tf_resource_type=rancher2_dev
2026-03-20T14:45:46.652-0500 [TRACE] sdk.framework: Type implements TypeWithValidate: tf_req_id=1601f4b7-5c93-846f-2c16-e3b53258881e tf_provider_addr=registry.terraform.io/hashicorp/rancher2 tf_rpc=PlanResourceChange tf_resource_type=rancher2_dev
2026-03-20T14:45:46.652-0500 [TRACE] sdk.framework: Calling provider defined Type Validate: tf_provider_addr=registry.terraform.io/hashicorp/rancher2 tf_rpc=PlanResourceChange tf_resource_type=rancher2_dev tf_req_id=1601f4b7-5c93-846f-2c16-e3b53258881e
2026-03-20T14:45:46.652-0500 [TRACE] sdk.framework: Called provider defined Type Validate: tf_resource_type=rancher2_dev tf_req_id=1601f4b7-5c93-846f-2c16-e3b53258881e tf_provider_addr=registry.terraform.io/hashicorp/rancher2 tf_rpc=PlanResourceChange
2026-03-20T14:45:46.652-0500 [TRACE] sdk.framework: Type implements TypeWithValidate: tf_resource_type=rancher2_dev tf_req_id=1601f4b7-5c93-846f-2c16-e3b53258881e tf_provider_addr=registry.terraform.io/hashicorp/rancher2 tf_rpc=PlanResourceChange tf_attribute_path=nested_object_map
2026-03-20T14:45:46.652-0500 [TRACE] sdk.framework: Calling provider defined Type Validate: tf_req_id=1601f4b7-5c93-846f-2c16-e3b53258881e tf_provider_addr=registry.terraform.io/hashicorp/rancher2 tf_rpc=PlanResourceChange tf_attribute_path=nested_object_map tf_resource_type=rancher2_dev
2026-03-20T14:45:46.652-0500 [TRACE] sdk.framework: Called provider defined Type Validate: tf_resource_type=rancher2_dev tf_req_id=1601f4b7-5c93-846f-2c16-e3b53258881e tf_provider_addr=registry.terraform.io/hashicorp/rancher2 tf_rpc=PlanResourceChange tf_attribute_path=nested_object_map
2026-03-20T14:45:46.652-0500 [TRACE] sdk.framework: Calling provider defined planmodifier.String: tf_resource_type=rancher2_dev tf_attribute_path=id tf_req_id=1601f4b7-5c93-846f-2c16-e3b53258881e tf_provider_addr=registry.terraform.io/hashicorp/rancher2 tf_rpc=PlanResourceChange description="Once set, the value of this attribute in state will not change."
2026-03-20T14:45:46.652-0500 [TRACE] sdk.framework: Called provider defined planmodifier.String: tf_resource_type=rancher2_dev tf_attribute_path=id tf_req_id=1601f4b7-5c93-846f-2c16-e3b53258881e description="Once set, the value of this attribute in state will not change." tf_provider_addr=registry.terraform.io/hashicorp/rancher2 tf_rpc=PlanResourceChange
2026-03-20T14:45:46.652-0500 [TRACE] sdk.framework: Type implements TypeWithValidate: tf_resource_type=rancher2_dev tf_req_id=1601f4b7-5c93-846f-2c16-e3b53258881e tf_provider_addr=registry.terraform.io/hashicorp/rancher2 tf_rpc=PlanResourceChange
2026-03-20T14:45:46.652-0500 [TRACE] sdk.framework: Calling provider defined Type Validate: tf_rpc=PlanResourceChange tf_resource_type=rancher2_dev tf_req_id=1601f4b7-5c93-846f-2c16-e3b53258881e tf_provider_addr=registry.terraform.io/hashicorp/rancher2
2026-03-20T14:45:46.652-0500 [TRACE] sdk.framework: Called provider defined Type Validate: tf_req_id=1601f4b7-5c93-846f-2c16-e3b53258881e tf_provider_addr=registry.terraform.io/hashicorp/rancher2 tf_rpc=PlanResourceChange tf_resource_type=rancher2_dev
2026-03-20T14:45:46.652-0500 [TRACE] sdk.framework: Type implements TypeWithValidate: tf_rpc=PlanResourceChange tf_resource_type=rancher2_dev tf_req_id=1601f4b7-5c93-846f-2c16-e3b53258881e tf_provider_addr=registry.terraform.io/hashicorp/rancher2
2026-03-20T14:45:46.652-0500 [TRACE] sdk.framework: Calling provider defined Type Validate: tf_resource_type=rancher2_dev tf_req_id=1601f4b7-5c93-846f-2c16-e3b53258881e tf_provider_addr=registry.terraform.io/hashicorp/rancher2 tf_rpc=PlanResourceChange
2026-03-20T14:45:46.652-0500 [TRACE] sdk.framework: Called provider defined Type Validate: tf_resource_type=rancher2_dev tf_req_id=1601f4b7-5c93-846f-2c16-e3b53258881e tf_provider_addr=registry.terraform.io/hashicorp/rancher2 tf_rpc=PlanResourceChange
2026-03-20T14:45:46.652-0500 [TRACE] sdk.framework: Type implements TypeWithValidate: tf_resource_type=rancher2_dev tf_attribute_path=float64_attribute tf_req_id=1601f4b7-5c93-846f-2c16-e3b53258881e tf_provider_addr=registry.terraform.io/hashicorp/rancher2 tf_rpc=PlanResourceChange
2026-03-20T14:45:46.652-0500 [TRACE] sdk.framework: Calling provider defined Type Validate: tf_req_id=1601f4b7-5c93-846f-2c16-e3b53258881e tf_provider_addr=registry.terraform.io/hashicorp/rancher2 tf_rpc=PlanResourceChange tf_resource_type=rancher2_dev tf_attribute_path=float64_attribute
2026-03-20T14:45:46.652-0500 [TRACE] sdk.framework: Called provider defined Type Validate: tf_attribute_path=float64_attribute tf_req_id=1601f4b7-5c93-846f-2c16-e3b53258881e tf_provider_addr=registry.terraform.io/hashicorp/rancher2 tf_rpc=PlanResourceChange tf_resource_type=rancher2_dev
2026-03-20T14:45:46.652-0500 [TRACE] sdk.framework: Type implements TypeWithValidate: tf_req_id=1601f4b7-5c93-846f-2c16-e3b53258881e tf_provider_addr=registry.terraform.io/hashicorp/rancher2 tf_rpc=PlanResourceChange tf_resource_type=rancher2_dev
2026-03-20T14:45:46.652-0500 [TRACE] sdk.framework: Calling provider defined Type Validate: tf_provider_addr=registry.terraform.io/hashicorp/rancher2 tf_rpc=PlanResourceChange tf_resource_type=rancher2_dev tf_req_id=1601f4b7-5c93-846f-2c16-e3b53258881e
2026-03-20T14:45:46.652-0500 [TRACE] sdk.framework: Called provider defined Type Validate: tf_req_id=1601f4b7-5c93-846f-2c16-e3b53258881e tf_provider_addr=registry.terraform.io/hashicorp/rancher2 tf_rpc=PlanResourceChange tf_resource_type=rancher2_dev
2026-03-20T14:45:46.652-0500 [TRACE] sdk.framework: Type implements TypeWithValidate: tf_req_id=1601f4b7-5c93-846f-2c16-e3b53258881e tf_provider_addr=registry.terraform.io/hashicorp/rancher2 tf_rpc=PlanResourceChange tf_resource_type=rancher2_dev
2026-03-20T14:45:46.652-0500 [TRACE] sdk.framework: Calling provider defined Type Validate: tf_req_id=1601f4b7-5c93-846f-2c16-e3b53258881e tf_provider_addr=registry.terraform.io/hashicorp/rancher2 tf_rpc=PlanResourceChange tf_resource_type=rancher2_dev
2026-03-20T14:45:46.652-0500 [TRACE] sdk.framework: Called provider defined Type Validate: tf_resource_type=rancher2_dev tf_req_id=1601f4b7-5c93-846f-2c16-e3b53258881e tf_provider_addr=registry.terraform.io/hashicorp/rancher2 tf_rpc=PlanResourceChange
2026-03-20T14:45:46.652-0500 [TRACE] sdk.framework: Type implements TypeWithValidate: tf_resource_type=rancher2_dev tf_req_id=1601f4b7-5c93-846f-2c16-e3b53258881e tf_provider_addr=registry.terraform.io/hashicorp/rancher2 tf_attribute_path=int64_attribute tf_rpc=PlanResourceChange
2026-03-20T14:45:46.652-0500 [TRACE] sdk.framework: Calling provider defined Type Validate: tf_rpc=PlanResourceChange tf_resource_type=rancher2_dev tf_req_id=1601f4b7-5c93-846f-2c16-e3b53258881e tf_provider_addr=registry.terraform.io/hashicorp/rancher2 tf_attribute_path=int64_attribute
2026-03-20T14:45:46.652-0500 [TRACE] sdk.framework: Called provider defined Type Validate: tf_req_id=1601f4b7-5c93-846f-2c16-e3b53258881e tf_provider_addr=registry.terraform.io/hashicorp/rancher2 tf_attribute_path=int64_attribute tf_rpc=PlanResourceChange tf_resource_type=rancher2_dev
2026-03-20T14:45:46.652-0500 [TRACE] sdk.framework: Type implements TypeWithValidate: tf_req_id=1601f4b7-5c93-846f-2c16-e3b53258881e tf_provider_addr=registry.terraform.io/hashicorp/rancher2 tf_rpc=PlanResourceChange tf_resource_type=rancher2_dev
2026-03-20T14:45:46.652-0500 [TRACE] sdk.framework: Calling provider defined Type Validate: tf_req_id=1601f4b7-5c93-846f-2c16-e3b53258881e tf_provider_addr=registry.terraform.io/hashicorp/rancher2 tf_rpc=PlanResourceChange tf_resource_type=rancher2_dev
2026-03-20T14:45:46.652-0500 [TRACE] sdk.framework: Called provider defined Type Validate: tf_req_id=1601f4b7-5c93-846f-2c16-e3b53258881e tf_provider_addr=registry.terraform.io/hashicorp/rancher2 tf_rpc=PlanResourceChange tf_resource_type=rancher2_dev
2026-03-20T14:45:46.652-0500 [TRACE] sdk.framework: Type implements TypeWithValidate: tf_req_id=1601f4b7-5c93-846f-2c16-e3b53258881e tf_provider_addr=registry.terraform.io/hashicorp/rancher2 tf_rpc=PlanResourceChange tf_resource_type=rancher2_dev
2026-03-20T14:45:46.652-0500 [TRACE] sdk.framework: Calling provider defined Type Validate: tf_resource_type=rancher2_dev tf_req_id=1601f4b7-5c93-846f-2c16-e3b53258881e tf_provider_addr=registry.terraform.io/hashicorp/rancher2 tf_rpc=PlanResourceChange
2026-03-20T14:45:46.652-0500 [TRACE] sdk.framework: Called provider defined Type Validate: tf_req_id=1601f4b7-5c93-846f-2c16-e3b53258881e tf_provider_addr=registry.terraform.io/hashicorp/rancher2 tf_rpc=PlanResourceChange tf_resource_type=rancher2_dev
2026-03-20T14:45:46.652-0500 [TRACE] sdk.framework: Type implements TypeWithValidate: tf_resource_type=rancher2_dev tf_attribute_path=map_attribute tf_req_id=1601f4b7-5c93-846f-2c16-e3b53258881e tf_provider_addr=registry.terraform.io/hashicorp/rancher2 tf_rpc=PlanResourceChange
2026-03-20T14:45:46.652-0500 [TRACE] sdk.framework: Calling provider defined Type Validate: tf_attribute_path=map_attribute tf_req_id=1601f4b7-5c93-846f-2c16-e3b53258881e tf_provider_addr=registry.terraform.io/hashicorp/rancher2 tf_rpc=PlanResourceChange tf_resource_type=rancher2_dev
2026-03-20T14:45:46.652-0500 [TRACE] sdk.framework: Called provider defined Type Validate: tf_req_id=1601f4b7-5c93-846f-2c16-e3b53258881e tf_provider_addr=registry.terraform.io/hashicorp/rancher2 tf_rpc=PlanResourceChange tf_resource_type=rancher2_dev tf_attribute_path=map_attribute
2026-03-20T14:45:46.652-0500 [TRACE] sdk.framework: Type implements TypeWithValidate: tf_req_id=1601f4b7-5c93-846f-2c16-e3b53258881e tf_provider_addr=registry.terraform.io/hashicorp/rancher2 tf_rpc=PlanResourceChange tf_resource_type=rancher2_dev
2026-03-20T14:45:46.652-0500 [TRACE] sdk.framework: Calling provider defined Type Validate: tf_rpc=PlanResourceChange tf_resource_type=rancher2_dev tf_req_id=1601f4b7-5c93-846f-2c16-e3b53258881e tf_provider_addr=registry.terraform.io/hashicorp/rancher2
2026-03-20T14:45:46.652-0500 [TRACE] sdk.framework: Called provider defined Type Validate: tf_req_id=1601f4b7-5c93-846f-2c16-e3b53258881e tf_provider_addr=registry.terraform.io/hashicorp/rancher2 tf_rpc=PlanResourceChange tf_resource_type=rancher2_dev
2026-03-20T14:45:46.652-0500 [TRACE] sdk.framework: Type implements TypeWithValidate: tf_provider_addr=registry.terraform.io/hashicorp/rancher2 tf_rpc=PlanResourceChange tf_resource_type=rancher2_dev tf_req_id=1601f4b7-5c93-846f-2c16-e3b53258881e
2026-03-20T14:45:46.652-0500 [TRACE] sdk.framework: Calling provider defined Type Validate: tf_req_id=1601f4b7-5c93-846f-2c16-e3b53258881e tf_provider_addr=registry.terraform.io/hashicorp/rancher2 tf_rpc=PlanResourceChange tf_resource_type=rancher2_dev
2026-03-20T14:45:46.652-0500 [TRACE] sdk.framework: Called provider defined Type Validate: tf_req_id=1601f4b7-5c93-846f-2c16-e3b53258881e tf_provider_addr=registry.terraform.io/hashicorp/rancher2 tf_rpc=PlanResourceChange tf_resource_type=rancher2_dev
2026-03-20T14:45:46.652-0500 [TRACE] sdk.framework: Type implements TypeWithValidate: tf_rpc=PlanResourceChange tf_resource_type=rancher2_dev tf_attribute_path=list_attribute tf_req_id=1601f4b7-5c93-846f-2c16-e3b53258881e tf_provider_addr=registry.terraform.io/hashicorp/rancher2
2026-03-20T14:45:46.652-0500 [TRACE] sdk.framework: Calling provider defined Type Validate: tf_rpc=PlanResourceChange tf_resource_type=rancher2_dev tf_attribute_path=list_attribute tf_req_id=1601f4b7-5c93-846f-2c16-e3b53258881e tf_provider_addr=registry.terraform.io/hashicorp/rancher2
2026-03-20T14:45:46.652-0500 [TRACE] sdk.framework: Called provider defined Type Validate: tf_provider_addr=registry.terraform.io/hashicorp/rancher2 tf_rpc=PlanResourceChange tf_resource_type=rancher2_dev tf_attribute_path=list_attribute tf_req_id=1601f4b7-5c93-846f-2c16-e3b53258881e
2026-03-20T14:45:46.652-0500 [TRACE] sdk.framework: Type implements TypeWithValidate: tf_req_id=1601f4b7-5c93-846f-2c16-e3b53258881e tf_provider_addr=registry.terraform.io/hashicorp/rancher2 tf_rpc=PlanResourceChange tf_resource_type=rancher2_dev
2026-03-20T14:45:46.652-0500 [TRACE] sdk.framework: Calling provider defined Type Validate: tf_req_id=1601f4b7-5c93-846f-2c16-e3b53258881e tf_provider_addr=registry.terraform.io/hashicorp/rancher2 tf_rpc=PlanResourceChange tf_resource_type=rancher2_dev
2026-03-20T14:45:46.652-0500 [TRACE] sdk.framework: Called provider defined Type Validate: tf_req_id=1601f4b7-5c93-846f-2c16-e3b53258881e tf_provider_addr=registry.terraform.io/hashicorp/rancher2 tf_rpc=PlanResourceChange tf_resource_type=rancher2_dev
2026-03-20T14:45:46.652-0500 [TRACE] sdk.framework: Type implements TypeWithValidate: tf_req_id=1601f4b7-5c93-846f-2c16-e3b53258881e tf_provider_addr=registry.terraform.io/hashicorp/rancher2 tf_rpc=PlanResourceChange tf_resource_type=rancher2_dev
2026-03-20T14:45:46.652-0500 [TRACE] sdk.framework: Calling provider defined Type Validate: tf_req_id=1601f4b7-5c93-846f-2c16-e3b53258881e tf_provider_addr=registry.terraform.io/hashicorp/rancher2 tf_rpc=PlanResourceChange tf_resource_type=rancher2_dev
2026-03-20T14:45:46.652-0500 [TRACE] sdk.framework: Called provider defined Type Validate: tf_provider_addr=registry.terraform.io/hashicorp/rancher2 tf_rpc=PlanResourceChange tf_resource_type=rancher2_dev tf_req_id=1601f4b7-5c93-846f-2c16-e3b53258881e
2026-03-20T14:45:46.652-0500 [TRACE] sdk.framework: Type implements TypeWithValidate: tf_resource_type=rancher2_dev tf_req_id=1601f4b7-5c93-846f-2c16-e3b53258881e tf_attribute_path=set_attribute tf_provider_addr=registry.terraform.io/hashicorp/rancher2 tf_rpc=PlanResourceChange
2026-03-20T14:45:46.652-0500 [TRACE] sdk.framework: Calling provider defined Type Validate: tf_rpc=PlanResourceChange tf_resource_type=rancher2_dev tf_req_id=1601f4b7-5c93-846f-2c16-e3b53258881e tf_attribute_path=set_attribute tf_provider_addr=registry.terraform.io/hashicorp/rancher2
2026-03-20T14:45:46.652-0500 [TRACE] sdk.framework: Called provider defined Type Validate: tf_provider_addr=registry.terraform.io/hashicorp/rancher2 tf_rpc=PlanResourceChange tf_resource_type=rancher2_dev tf_req_id=1601f4b7-5c93-846f-2c16-e3b53258881e tf_attribute_path=set_attribute
2026-03-20T14:45:46.653-0500 [TRACE] sdk.proto: Received downstream response: diagnostic_warning_count=0 tf_req_id=1601f4b7-5c93-846f-2c16-e3b53258881e tf_proto_version=6.11 tf_rpc=PlanResourceChange tf_resource_type=rancher2_dev tf_provider_addr=registry.terraform.io/hashicorp/rancher2 tf_req_duration_ms=2 diagnostic_error_count=0
2026-03-20T14:45:46.653-0500 [TRACE] sdk.proto: Served request: tf_provider_addr=registry.terraform.io/hashicorp/rancher2 tf_req_id=1601f4b7-5c93-846f-2c16-e3b53258881e tf_proto_version=6.11 tf_rpc=PlanResourceChange tf_resource_type=rancher2_dev
2026-03-20T14:45:46.660-0500 [TRACE] sdk.helper_resource: Called Terraform CLI plan command: test_terraform_path=/Users/mtrachier/bin/terraform test_working_directory=/Users/mtrachier/go/src/github.com/rancher/terraform-provider-rancher2/test/short/data/U5Noiq-VXrAXi/data test_step_number=1 test_name=TestAccDevResource
2026-03-20T14:45:46.660-0500 [TRACE] sdk.helper_resource: Calling Terraform CLI show command for stdout plan: test_step_number=1 test_name=TestAccDevResource test_terraform_path=/Users/mtrachier/bin/terraform test_working_directory=/Users/mtrachier/go/src/github.com/rancher/terraform-provider-rancher2/test/short/data/U5Noiq-VXrAXi/data
2026-03-20T14:45:46.692-0500 [TRACE] sdk.proto: Received request: tf_req_id=af290709-127f-4d60-d8a4-a278f0cd495b tf_rpc=GetProviderSchema tf_proto_version=6.11 tf_provider_addr=registry.terraform.io/hashicorp/rancher2
2026-03-20T14:45:46.692-0500 [TRACE] sdk.proto: Sending request downstream: tf_proto_version=6.11 tf_provider_addr=registry.terraform.io/hashicorp/rancher2 tf_req_id=af290709-127f-4d60-d8a4-a278f0cd495b tf_rpc=GetProviderSchema
2026-03-20T14:45:46.692-0500 [TRACE] sdk.framework: Checking ProviderSchema lock: tf_req_id=af290709-127f-4d60-d8a4-a278f0cd495b tf_provider_addr=registry.terraform.io/hashicorp/rancher2 tf_rpc=GetProviderSchema
2026-03-20T14:45:46.692-0500 [TRACE] sdk.framework: Checking ResourceTypes lock: tf_provider_addr=registry.terraform.io/hashicorp/rancher2 tf_rpc=GetProviderSchema tf_req_id=af290709-127f-4d60-d8a4-a278f0cd495b
2026-03-20T14:45:46.692-0500 [TRACE] sdk.framework: Calling provider defined Resource Schema method: tf_resource_type=rancher2_dev tf_req_id=af290709-127f-4d60-d8a4-a278f0cd495b tf_provider_addr=registry.terraform.io/hashicorp/rancher2 tf_rpc=GetProviderSchema
2026-03-20T14:45:46.692-0500 [TRACE] sdk.framework: Called provider defined Resource Schema method: tf_req_id=af290709-127f-4d60-d8a4-a278f0cd495b tf_provider_addr=registry.terraform.io/hashicorp/rancher2 tf_rpc=GetProviderSchema tf_resource_type=rancher2_dev
2026-03-20T14:45:46.692-0500 [TRACE] sdk.framework: Calling provider defined Resource Schema method: tf_req_id=af290709-127f-4d60-d8a4-a278f0cd495b tf_provider_addr=registry.terraform.io/hashicorp/rancher2 tf_rpc=GetProviderSchema tf_resource_type=rancher2_login
2026-03-20T14:45:46.692-0500 [TRACE] sdk.framework: Called provider defined Resource Schema method: tf_provider_addr=registry.terraform.io/hashicorp/rancher2 tf_rpc=GetProviderSchema tf_req_id=af290709-127f-4d60-d8a4-a278f0cd495b tf_resource_type=rancher2_login
2026-03-20T14:45:46.692-0500 [TRACE] sdk.framework: Checking DataSourceTypes lock: tf_req_id=af290709-127f-4d60-d8a4-a278f0cd495b tf_provider_addr=registry.terraform.io/hashicorp/rancher2 tf_rpc=GetProviderSchema
2026-03-20T14:45:46.692-0500 [TRACE] sdk.framework: Checking FunctionTypes lock: tf_provider_addr=registry.terraform.io/hashicorp/rancher2 tf_rpc=GetProviderSchema tf_req_id=af290709-127f-4d60-d8a4-a278f0cd495b
2026-03-20T14:45:46.692-0500 [TRACE] sdk.framework: Checking EphemeralResourceFuncs lock: tf_req_id=af290709-127f-4d60-d8a4-a278f0cd495b tf_provider_addr=registry.terraform.io/hashicorp/rancher2 tf_rpc=GetProviderSchema
2026-03-20T14:45:46.692-0500 [TRACE] sdk.framework: Checking ActionFuncs lock: tf_rpc=GetProviderSchema tf_req_id=af290709-127f-4d60-d8a4-a278f0cd495b tf_provider_addr=registry.terraform.io/hashicorp/rancher2
2026-03-20T14:45:46.692-0500 [TRACE] sdk.framework: Checking StateStoreFuncs lock: tf_req_id=af290709-127f-4d60-d8a4-a278f0cd495b tf_provider_addr=registry.terraform.io/hashicorp/rancher2 tf_rpc=GetProviderSchema
2026-03-20T14:45:46.692-0500 [TRACE] sdk.proto: Received downstream response: tf_req_duration_ms=0 diagnostic_error_count=0 tf_rpc=GetProviderSchema tf_proto_version=6.11 tf_provider_addr=registry.terraform.io/hashicorp/rancher2 tf_req_id=af290709-127f-4d60-d8a4-a278f0cd495b diagnostic_warning_count=0
2026-03-20T14:45:46.692-0500 [TRACE] sdk.proto: Announced server capabilities: tf_rpc=GetProviderSchema tf_server_capability_get_provider_schema_optional=true tf_server_capability_move_resource_state=true tf_server_capability_plan_destroy=true tf_proto_version=6.11 tf_provider_addr=registry.terraform.io/hashicorp/rancher2 tf_req_id=af290709-127f-4d60-d8a4-a278f0cd495b
2026-03-20T14:45:46.692-0500 [TRACE] sdk.proto: Served request: tf_provider_addr=registry.terraform.io/hashicorp/rancher2 tf_req_id=af290709-127f-4d60-d8a4-a278f0cd495b tf_rpc=GetProviderSchema tf_proto_version=6.11
2026-03-20T14:45:46.694-0500 [TRACE] sdk.helper_resource: Called Terraform CLI show command for stdout plan: test_step_number=1 test_name=TestAccDevResource test_terraform_path=/Users/mtrachier/bin/terraform test_working_directory=/Users/mtrachier/go/src/github.com/rancher/terraform-provider-rancher2/test/short/data/U5Noiq-VXrAXi/data
2026-03-20T14:45:46.694-0500 [TRACE] sdk.helper_resource: Created plan with changes: test_name=TestAccDevResource test_terraform_path=/Users/mtrachier/bin/terraform test_working_directory=/Users/mtrachier/go/src/github.com/rancher/terraform-provider-rancher2/test/short/data/U5Noiq-VXrAXi/data test_step_number=1
  test_terraform_plan=
  | 
  | Terraform used the selected providers to generate the following execution
  | plan. Resource actions are indicated with the following symbols:
  |   + create
  | 
  | Terraform will perform the following actions:
  | 
  |   # rancher2_dev.full will be created
  |   + resource "rancher2_dev" "full" {
  |       + bool_attribute     = false
  |       + float32_attribute  = 1.3
  |       + float64_attribute  = 1.2
  |       + id                 = "full_test"
  |       + int32_attribute    = (known after apply)
  |       + int64_attribute    = 1
  |       + list_attribute     = [
  |           + "this",
  |           + "is",
  |           + "a",
  |           + "list",
  |         ]
  |       + map_attribute      = {
  |           + "a"    = "map"
  |           + "this" = "is"
  |         }
  |       + nested_object      = {
  |           + nested_nested_object = {
  |               + bool_attribute   = false
  |               + string_attribute = "tst"
  |             }
  |           + string_attribute     = "test"
  |         }
  |       + nested_object_list = [
  |           + {
  |               + nested_nested_object = {
  |                   + bool_attribute   = false
  |                   + string_attribute = "tst"
  |                 }
  |               + string_attribute     = "test"
  |             },
  |         ]
  |       + nested_object_map  = {
  |           + "first" = {
  |               + nested_nested_object = {
  |                   + bool_attribute   = false
  |                   + string_attribute = "tst"
  |                 }
  |               + string_attribute     = "test"
  |             },
  |         }
  |       + number_attribute   = 1.1
  |       + set_attribute      = [
  |           + "a",
  |           + "is",
  |           + "set",
  |           + "this",
  |         ]
  |       + string_attribute   = "dev-test"
  |     }
  | 
  |   # rancher2_dev.required will be created
  |   + resource "rancher2_dev" "required" {
  |       + bool_attribute     = true
  |       + float32_attribute  = (known after apply)
  |       + float64_attribute  = (known after apply)
  |       + id                 = "required_test"
  |       + int32_attribute    = (known after apply)
  |       + int64_attribute    = (known after apply)
  |       + list_attribute     = (known after apply)
  |       + map_attribute      = (known after apply)
  |       + nested_object      = (known after apply)
  |       + nested_object_list = (known after apply)
  |       + nested_object_map  = (known after apply)
  |       + number_attribute   = 1.1
  |       + set_attribute      = (known after apply)
  |       + string_attribute   = "dev-test-required"
  |     }
  | 
  | Plan: 2 to add, 0 to change, 0 to destroy.
  
2026-03-20T14:45:46.694-0500 [TRACE] sdk.helper_resource: Called wrapped Terraform CLI command: test_name=TestAccDevResource test_terraform_path=/Users/mtrachier/bin/terraform test_working_directory=/Users/mtrachier/go/src/github.com/rancher/terraform-provider-rancher2/test/short/data/U5Noiq-VXrAXi/data test_step_number=1
2026-03-20T14:45:46.694-0500 [TRACE] sdk.helper_resource: Stopping providers: test_name=TestAccDevResource test_terraform_path=/Users/mtrachier/bin/terraform test_working_directory=/Users/mtrachier/go/src/github.com/rancher/terraform-provider-rancher2/test/short/data/U5Noiq-VXrAXi/data test_step_number=1
2026-03-20T14:45:46.694-0500 [TRACE] sdk.helper_resource: Waiting for providers to stop: test_terraform_path=/Users/mtrachier/bin/terraform test_working_directory=/Users/mtrachier/go/src/github.com/rancher/terraform-provider-rancher2/test/short/data/U5Noiq-VXrAXi/data test_step_number=1 test_name=TestAccDevResource
2026-03-20T14:45:46.694-0500 [TRACE] sdk.helper_resource: Providers have successfully stopped: test_step_number=1 test_name=TestAccDevResource test_terraform_path=/Users/mtrachier/bin/terraform test_working_directory=/Users/mtrachier/go/src/github.com/rancher/terraform-provider-rancher2/test/short/data/U5Noiq-VXrAXi/data
2026-03-20T14:45:46.695-0500 [TRACE] sdk.helper_resource: Creating tfprotov6 provider instance: test_name=TestAccDevResource test_terraform_path=/Users/mtrachier/bin/terraform test_working_directory=/Users/mtrachier/go/src/github.com/rancher/terraform-provider-rancher2/test/short/data/U5Noiq-VXrAXi/data test_step_number=1 tf_provider_addr=registry.terraform.io/hashicorp/rancher2
2026-03-20T14:45:46.695-0500 [TRACE] sdk.helper_resource: Created tfprotov6 provider instance: test_step_number=1 test_name=TestAccDevResource test_terraform_path=/Users/mtrachier/bin/terraform test_working_directory=/Users/mtrachier/go/src/github.com/rancher/terraform-provider-rancher2/test/short/data/U5Noiq-VXrAXi/data tf_provider_addr=registry.terraform.io/hashicorp/rancher2
2026-03-20T14:45:46.695-0500 [TRACE] sdk.helper_resource: Starting tfprotov6 provider instance server: test_step_number=1 tf_provider_addr=registry.terraform.io/hashicorp/rancher2 test_name=TestAccDevResource test_terraform_path=/Users/mtrachier/bin/terraform test_working_directory=/Users/mtrachier/go/src/github.com/rancher/terraform-provider-rancher2/test/short/data/U5Noiq-VXrAXi/data
2026-03-20T14:45:46.695-0500 [TRACE] sdk.helper_resource: Started tfprotov6 provider instance server: test_terraform_path=/Users/mtrachier/bin/terraform test_working_directory=/Users/mtrachier/go/src/github.com/rancher/terraform-provider-rancher2/test/short/data/U5Noiq-VXrAXi/data test_step_number=1 test_name=TestAccDevResource tf_provider_addr=registry.terraform.io/hashicorp/rancher2
2026-03-20T14:45:46.695-0500 [TRACE] sdk.helper_resource: Setting Terraform CLI reattach configuration: test_step_number=1 test_name=TestAccDevResource test_terraform_path=/Users/mtrachier/bin/terraform test_working_directory=/Users/mtrachier/go/src/github.com/rancher/terraform-provider-rancher2/test/short/data/U5Noiq-VXrAXi/data tf_reattach_config="map[registry.terraform.io/-/rancher2:{grpc 6 60731 true {unix /tmp/nix-shell.rhM2cr/plugin2188730303}} registry.terraform.io/hashicorp/rancher2:{grpc 6 60731 true {unix /tmp/nix-shell.rhM2cr/plugin2188730303}}]"
2026-03-20T14:45:46.695-0500 [TRACE] sdk.helper_resource: Calling wrapped Terraform CLI command: test_name=TestAccDevResource test_terraform_path=/Users/mtrachier/bin/terraform test_working_directory=/Users/mtrachier/go/src/github.com/rancher/terraform-provider-rancher2/test/short/data/U5Noiq-VXrAXi/data test_step_number=1
2026-03-20T14:45:46.695-0500 [TRACE] sdk.helper_resource: Calling Terraform CLI apply command: test_name=TestAccDevResource test_terraform_path=/Users/mtrachier/bin/terraform test_working_directory=/Users/mtrachier/go/src/github.com/rancher/terraform-provider-rancher2/test/short/data/U5Noiq-VXrAXi/data test_step_number=1
2026-03-20T14:45:46.728-0500 [TRACE] sdk.proto: Received request: tf_provider_addr=registry.terraform.io/hashicorp/rancher2 tf_proto_version=6.11 tf_rpc=GetProviderSchema tf_req_id=757e4c7a-a7b6-a137-6214-eee9efcfc821
2026-03-20T14:45:46.728-0500 [TRACE] sdk.proto: Sending request downstream: tf_rpc=GetProviderSchema tf_req_id=757e4c7a-a7b6-a137-6214-eee9efcfc821 tf_provider_addr=registry.terraform.io/hashicorp/rancher2 tf_proto_version=6.11
2026-03-20T14:45:46.728-0500 [TRACE] sdk.framework: Checking ProviderSchema lock: tf_req_id=757e4c7a-a7b6-a137-6214-eee9efcfc821 tf_provider_addr=registry.terraform.io/hashicorp/rancher2 tf_rpc=GetProviderSchema
2026-03-20T14:45:46.728-0500 [TRACE] sdk.framework: Calling provider defined Provider Schema: tf_rpc=GetProviderSchema tf_req_id=757e4c7a-a7b6-a137-6214-eee9efcfc821 tf_provider_addr=registry.terraform.io/hashicorp/rancher2
2026-03-20T14:45:46.728-0500 [TRACE] sdk.framework: Called provider defined Provider Schema: tf_rpc=GetProviderSchema tf_req_id=757e4c7a-a7b6-a137-6214-eee9efcfc821 tf_provider_addr=registry.terraform.io/hashicorp/rancher2
2026-03-20T14:45:46.728-0500 [TRACE] sdk.framework: Checking ResourceTypes lock: tf_req_id=757e4c7a-a7b6-a137-6214-eee9efcfc821 tf_provider_addr=registry.terraform.io/hashicorp/rancher2 tf_rpc=GetProviderSchema
2026-03-20T14:45:46.728-0500 [TRACE] sdk.framework: Checking ProviderTypeName lock: tf_req_id=757e4c7a-a7b6-a137-6214-eee9efcfc821 tf_provider_addr=registry.terraform.io/hashicorp/rancher2 tf_rpc=GetProviderSchema
2026-03-20T14:45:46.728-0500 [TRACE] sdk.framework: Calling provider defined Provider Metadata: tf_provider_addr=registry.terraform.io/hashicorp/rancher2 tf_rpc=GetProviderSchema tf_req_id=757e4c7a-a7b6-a137-6214-eee9efcfc821
2026-03-20T14:45:46.728-0500 [TRACE] sdk.framework: Called provider defined Provider Metadata: tf_rpc=GetProviderSchema tf_req_id=757e4c7a-a7b6-a137-6214-eee9efcfc821 tf_provider_addr=registry.terraform.io/hashicorp/rancher2
2026-03-20T14:45:46.728-0500 [TRACE] sdk.framework: Calling provider defined Provider Resources: tf_provider_addr=registry.terraform.io/hashicorp/rancher2 tf_rpc=GetProviderSchema tf_req_id=757e4c7a-a7b6-a137-6214-eee9efcfc821
2026-03-20T14:45:46.728-0500 [TRACE] sdk.framework: Called provider defined Provider Resources: tf_req_id=757e4c7a-a7b6-a137-6214-eee9efcfc821 tf_provider_addr=registry.terraform.io/hashicorp/rancher2 tf_rpc=GetProviderSchema
2026-03-20T14:45:46.728-0500 [TRACE] sdk.framework: Found resource type: tf_provider_addr=registry.terraform.io/hashicorp/rancher2 tf_resource_type=rancher2_dev tf_rpc=GetProviderSchema tf_req_id=757e4c7a-a7b6-a137-6214-eee9efcfc821
2026-03-20T14:45:46.728-0500 [TRACE] sdk.framework: Found resource type: tf_rpc=GetProviderSchema tf_resource_type=rancher2_login tf_req_id=757e4c7a-a7b6-a137-6214-eee9efcfc821 tf_provider_addr=registry.terraform.io/hashicorp/rancher2
2026-03-20T14:45:46.728-0500 [TRACE] sdk.framework: Calling provider defined Resource Schema method: tf_provider_addr=registry.terraform.io/hashicorp/rancher2 tf_rpc=GetProviderSchema tf_req_id=757e4c7a-a7b6-a137-6214-eee9efcfc821 tf_resource_type=rancher2_dev
2026-03-20T14:45:46.728-0500 [TRACE] sdk.framework: Called provider defined Resource Schema method: tf_req_id=757e4c7a-a7b6-a137-6214-eee9efcfc821 tf_provider_addr=registry.terraform.io/hashicorp/rancher2 tf_rpc=GetProviderSchema tf_resource_type=rancher2_dev
2026-03-20T14:45:46.728-0500 [TRACE] sdk.framework: Calling provider defined Resource Schema method: tf_req_id=757e4c7a-a7b6-a137-6214-eee9efcfc821 tf_provider_addr=registry.terraform.io/hashicorp/rancher2 tf_rpc=GetProviderSchema tf_resource_type=rancher2_login
2026-03-20T14:45:46.728-0500 [TRACE] sdk.framework: Called provider defined Resource Schema method: tf_req_id=757e4c7a-a7b6-a137-6214-eee9efcfc821 tf_provider_addr=registry.terraform.io/hashicorp/rancher2 tf_rpc=GetProviderSchema tf_resource_type=rancher2_login
2026-03-20T14:45:46.728-0500 [TRACE] sdk.framework: Checking DataSourceTypes lock: tf_provider_addr=registry.terraform.io/hashicorp/rancher2 tf_rpc=GetProviderSchema tf_req_id=757e4c7a-a7b6-a137-6214-eee9efcfc821
2026-03-20T14:45:46.728-0500 [TRACE] sdk.framework: Checking ProviderTypeName lock: tf_provider_addr=registry.terraform.io/hashicorp/rancher2 tf_rpc=GetProviderSchema tf_req_id=757e4c7a-a7b6-a137-6214-eee9efcfc821
2026-03-20T14:45:46.728-0500 [TRACE] sdk.framework: Calling provider defined Provider DataSources: tf_rpc=GetProviderSchema tf_req_id=757e4c7a-a7b6-a137-6214-eee9efcfc821 tf_provider_addr=registry.terraform.io/hashicorp/rancher2
2026-03-20T14:45:46.728-0500 [TRACE] sdk.framework: Called provider defined Provider DataSources: tf_provider_addr=registry.terraform.io/hashicorp/rancher2 tf_rpc=GetProviderSchema tf_req_id=757e4c7a-a7b6-a137-6214-eee9efcfc821
2026-03-20T14:45:46.728-0500 [TRACE] sdk.framework: Checking FunctionTypes lock: tf_req_id=757e4c7a-a7b6-a137-6214-eee9efcfc821 tf_provider_addr=registry.terraform.io/hashicorp/rancher2 tf_rpc=GetProviderSchema
2026-03-20T14:45:46.728-0500 [TRACE] sdk.framework: Checking EphemeralResourceFuncs lock: tf_req_id=757e4c7a-a7b6-a137-6214-eee9efcfc821 tf_provider_addr=registry.terraform.io/hashicorp/rancher2 tf_rpc=GetProviderSchema
2026-03-20T14:45:46.728-0500 [TRACE] sdk.framework: Checking ProviderTypeName lock: tf_rpc=GetProviderSchema tf_req_id=757e4c7a-a7b6-a137-6214-eee9efcfc821 tf_provider_addr=registry.terraform.io/hashicorp/rancher2
2026-03-20T14:45:46.728-0500 [TRACE] sdk.framework: Checking ActionFuncs lock: tf_rpc=GetProviderSchema tf_req_id=757e4c7a-a7b6-a137-6214-eee9efcfc821 tf_provider_addr=registry.terraform.io/hashicorp/rancher2
2026-03-20T14:45:46.728-0500 [TRACE] sdk.framework: Checking ProviderTypeName lock: tf_req_id=757e4c7a-a7b6-a137-6214-eee9efcfc821 tf_provider_addr=registry.terraform.io/hashicorp/rancher2 tf_rpc=GetProviderSchema
2026-03-20T14:45:46.728-0500 [TRACE] sdk.framework: Checking StateStoreFuncs lock: tf_req_id=757e4c7a-a7b6-a137-6214-eee9efcfc821 tf_provider_addr=registry.terraform.io/hashicorp/rancher2 tf_rpc=GetProviderSchema
2026-03-20T14:45:46.728-0500 [TRACE] sdk.framework: Checking ProviderTypeName lock: tf_req_id=757e4c7a-a7b6-a137-6214-eee9efcfc821 tf_provider_addr=registry.terraform.io/hashicorp/rancher2 tf_rpc=GetProviderSchema
2026-03-20T14:45:46.728-0500 [TRACE] sdk.proto: Received downstream response: tf_provider_addr=registry.terraform.io/hashicorp/rancher2 tf_proto_version=6.11 tf_rpc=GetProviderSchema tf_req_duration_ms=0 diagnostic_error_count=0 diagnostic_warning_count=0 tf_req_id=757e4c7a-a7b6-a137-6214-eee9efcfc821
2026-03-20T14:45:46.728-0500 [TRACE] sdk.proto: Announced server capabilities: tf_req_id=757e4c7a-a7b6-a137-6214-eee9efcfc821 tf_provider_addr=registry.terraform.io/hashicorp/rancher2 tf_proto_version=6.11 tf_rpc=GetProviderSchema tf_server_capability_plan_destroy=true tf_server_capability_get_provider_schema_optional=true tf_server_capability_move_resource_state=true
2026-03-20T14:45:46.728-0500 [TRACE] sdk.proto: Served request: tf_provider_addr=registry.terraform.io/hashicorp/rancher2 tf_proto_version=6.11 tf_rpc=GetProviderSchema tf_req_id=757e4c7a-a7b6-a137-6214-eee9efcfc821
2026-03-20T14:45:46.730-0500 [TRACE] sdk.proto: Received request: tf_rpc=GetProviderSchema tf_req_id=d2dc81ac-55dd-d228-da3f-973a6f398db8 tf_provider_addr=registry.terraform.io/hashicorp/rancher2 tf_proto_version=6.11
2026-03-20T14:45:46.730-0500 [TRACE] sdk.proto: Sending request downstream: tf_provider_addr=registry.terraform.io/hashicorp/rancher2 tf_proto_version=6.11 tf_rpc=GetProviderSchema tf_req_id=d2dc81ac-55dd-d228-da3f-973a6f398db8
2026-03-20T14:45:46.730-0500 [TRACE] sdk.framework: Checking ProviderSchema lock: tf_req_id=d2dc81ac-55dd-d228-da3f-973a6f398db8 tf_rpc=GetProviderSchema tf_provider_addr=registry.terraform.io/hashicorp/rancher2
2026-03-20T14:45:46.730-0500 [TRACE] sdk.framework: Checking ResourceTypes lock: tf_provider_addr=registry.terraform.io/hashicorp/rancher2 tf_req_id=d2dc81ac-55dd-d228-da3f-973a6f398db8 tf_rpc=GetProviderSchema
2026-03-20T14:45:46.730-0500 [TRACE] sdk.framework: Calling provider defined Resource Schema method: tf_rpc=GetProviderSchema tf_provider_addr=registry.terraform.io/hashicorp/rancher2 tf_req_id=d2dc81ac-55dd-d228-da3f-973a6f398db8 tf_resource_type=rancher2_login
2026-03-20T14:45:46.730-0500 [TRACE] sdk.framework: Called provider defined Resource Schema method: tf_rpc=GetProviderSchema tf_resource_type=rancher2_login tf_provider_addr=registry.terraform.io/hashicorp/rancher2 tf_req_id=d2dc81ac-55dd-d228-da3f-973a6f398db8
2026-03-20T14:45:46.730-0500 [TRACE] sdk.framework: Calling provider defined Resource Schema method: tf_provider_addr=registry.terraform.io/hashicorp/rancher2 tf_req_id=d2dc81ac-55dd-d228-da3f-973a6f398db8 tf_rpc=GetProviderSchema tf_resource_type=rancher2_dev
2026-03-20T14:45:46.730-0500 [TRACE] sdk.framework: Called provider defined Resource Schema method: tf_rpc=GetProviderSchema tf_provider_addr=registry.terraform.io/hashicorp/rancher2 tf_resource_type=rancher2_dev tf_req_id=d2dc81ac-55dd-d228-da3f-973a6f398db8
2026-03-20T14:45:46.730-0500 [TRACE] sdk.framework: Checking DataSourceTypes lock: tf_provider_addr=registry.terraform.io/hashicorp/rancher2 tf_req_id=d2dc81ac-55dd-d228-da3f-973a6f398db8 tf_rpc=GetProviderSchema
2026-03-20T14:45:46.730-0500 [TRACE] sdk.framework: Checking FunctionTypes lock: tf_provider_addr=registry.terraform.io/hashicorp/rancher2 tf_req_id=d2dc81ac-55dd-d228-da3f-973a6f398db8 tf_rpc=GetProviderSchema
2026-03-20T14:45:46.730-0500 [TRACE] sdk.framework: Checking EphemeralResourceFuncs lock: tf_rpc=GetProviderSchema tf_provider_addr=registry.terraform.io/hashicorp/rancher2 tf_req_id=d2dc81ac-55dd-d228-da3f-973a6f398db8
2026-03-20T14:45:46.730-0500 [TRACE] sdk.framework: Checking ActionFuncs lock: tf_req_id=d2dc81ac-55dd-d228-da3f-973a6f398db8 tf_rpc=GetProviderSchema tf_provider_addr=registry.terraform.io/hashicorp/rancher2
2026-03-20T14:45:46.730-0500 [TRACE] sdk.framework: Checking StateStoreFuncs lock: tf_rpc=GetProviderSchema tf_provider_addr=registry.terraform.io/hashicorp/rancher2 tf_req_id=d2dc81ac-55dd-d228-da3f-973a6f398db8
2026-03-20T14:45:46.730-0500 [TRACE] sdk.proto: Received downstream response: tf_req_id=d2dc81ac-55dd-d228-da3f-973a6f398db8 tf_provider_addr=registry.terraform.io/hashicorp/rancher2 diagnostic_error_count=0 diagnostic_warning_count=0 tf_req_duration_ms=0 tf_proto_version=6.11 tf_rpc=GetProviderSchema
2026-03-20T14:45:46.730-0500 [TRACE] sdk.proto: Announced server capabilities: tf_rpc=GetProviderSchema tf_server_capability_get_provider_schema_optional=true tf_server_capability_move_resource_state=true tf_server_capability_plan_destroy=true tf_req_id=d2dc81ac-55dd-d228-da3f-973a6f398db8 tf_provider_addr=registry.terraform.io/hashicorp/rancher2 tf_proto_version=6.11
2026-03-20T14:45:46.730-0500 [TRACE] sdk.proto: Served request: tf_req_id=d2dc81ac-55dd-d228-da3f-973a6f398db8 tf_provider_addr=registry.terraform.io/hashicorp/rancher2 tf_proto_version=6.11 tf_rpc=GetProviderSchema
2026-03-20T14:45:46.730-0500 [TRACE] sdk.proto: Received request: tf_provider_addr=registry.terraform.io/hashicorp/rancher2 tf_proto_version=6.11 tf_rpc=ValidateProviderConfig tf_req_id=86832829-32cf-7669-96e8-b8590c69723a
2026-03-20T14:45:46.730-0500 [TRACE] sdk.proto: Sending request downstream: tf_req_id=86832829-32cf-7669-96e8-b8590c69723a tf_provider_addr=registry.terraform.io/hashicorp/rancher2 tf_proto_version=6.11 tf_rpc=ValidateProviderConfig
2026-03-20T14:45:46.730-0500 [TRACE] sdk.framework: Checking ProviderSchema lock: tf_req_id=86832829-32cf-7669-96e8-b8590c69723a tf_provider_addr=registry.terraform.io/hashicorp/rancher2 tf_rpc=ValidateProviderConfig
2026-03-20T14:45:46.730-0500 [TRACE] sdk.framework: Type implements TypeWithValidate: tf_attribute_path=timeout tf_req_id=86832829-32cf-7669-96e8-b8590c69723a tf_provider_addr=registry.terraform.io/hashicorp/rancher2 tf_rpc=ValidateProviderConfig
2026-03-20T14:45:46.730-0500 [TRACE] sdk.framework: Calling provider defined Type Validate: tf_req_id=86832829-32cf-7669-96e8-b8590c69723a tf_provider_addr=registry.terraform.io/hashicorp/rancher2 tf_rpc=ValidateProviderConfig tf_attribute_path=timeout
2026-03-20T14:45:46.730-0500 [TRACE] sdk.framework: Called provider defined Type Validate: tf_req_id=86832829-32cf-7669-96e8-b8590c69723a tf_provider_addr=registry.terraform.io/hashicorp/rancher2 tf_rpc=ValidateProviderConfig tf_attribute_path=timeout
2026-03-20T14:45:46.730-0500 [TRACE] sdk.framework: Type implements TypeWithValidate: tf_attribute_path=max_redirects tf_req_id=86832829-32cf-7669-96e8-b8590c69723a tf_provider_addr=registry.terraform.io/hashicorp/rancher2 tf_rpc=ValidateProviderConfig
2026-03-20T14:45:46.730-0500 [TRACE] sdk.framework: Calling provider defined Type Validate: tf_req_id=86832829-32cf-7669-96e8-b8590c69723a tf_provider_addr=registry.terraform.io/hashicorp/rancher2 tf_rpc=ValidateProviderConfig tf_attribute_path=max_redirects
2026-03-20T14:45:46.730-0500 [TRACE] sdk.framework: Called provider defined Type Validate: tf_rpc=ValidateProviderConfig tf_attribute_path=max_redirects tf_req_id=86832829-32cf-7669-96e8-b8590c69723a tf_provider_addr=registry.terraform.io/hashicorp/rancher2
2026-03-20T14:45:46.730-0500 [TRACE] sdk.framework: Calling provider defined validator.String: tf_provider_addr=registry.terraform.io/hashicorp/rancher2 tf_rpc=ValidateProviderConfig tf_req_id=86832829-32cf-7669-96e8-b8590c69723a tf_attribute_path=api_url description="must be a valid URL starting with http:// or https://"
2026-03-20T14:45:46.730-0500 [TRACE] sdk.framework: Called provider defined validator.String: tf_req_id=86832829-32cf-7669-96e8-b8590c69723a tf_attribute_path=api_url description="must be a valid URL starting with http:// or https://" tf_provider_addr=registry.terraform.io/hashicorp/rancher2 tf_rpc=ValidateProviderConfig
2026-03-20T14:45:46.730-0500 [TRACE] sdk.framework: Calling provider defined validator.String: description="must be a valid domain" tf_provider_addr=registry.terraform.io/hashicorp/rancher2 tf_rpc=ValidateProviderConfig tf_req_id=86832829-32cf-7669-96e8-b8590c69723a tf_attribute_path=api_url
2026-03-20T14:45:46.730-0500 [TRACE] sdk.framework: Called provider defined validator.String: tf_rpc=ValidateProviderConfig tf_req_id=86832829-32cf-7669-96e8-b8590c69723a tf_attribute_path=api_url description="must be a valid domain" tf_provider_addr=registry.terraform.io/hashicorp/rancher2
2026-03-20T14:45:46.730-0500 [TRACE] sdk.framework: Calling provider defined validator.String: tf_rpc=ValidateProviderConfig tf_attribute_path=ca_cert description="must be a valid PEM-encoded certificate" tf_req_id=86832829-32cf-7669-96e8-b8590c69723a tf_provider_addr=registry.terraform.io/hashicorp/rancher2
2026-03-20T14:45:46.730-0500 [TRACE] sdk.framework: Called provider defined validator.String: tf_rpc=ValidateProviderConfig tf_attribute_path=ca_cert description="must be a valid PEM-encoded certificate" tf_req_id=86832829-32cf-7669-96e8-b8590c69723a tf_provider_addr=registry.terraform.io/hashicorp/rancher2
2026-03-20T14:45:46.730-0500 [TRACE] sdk.proto: Received downstream response: tf_req_id=86832829-32cf-7669-96e8-b8590c69723a tf_provider_addr=registry.terraform.io/hashicorp/rancher2 tf_proto_version=6.11 tf_rpc=ValidateProviderConfig diagnostic_warning_count=0 tf_req_duration_ms=0 diagnostic_error_count=0
2026-03-20T14:45:46.730-0500 [TRACE] sdk.proto: Served request: tf_rpc=ValidateProviderConfig tf_req_id=86832829-32cf-7669-96e8-b8590c69723a tf_provider_addr=registry.terraform.io/hashicorp/rancher2 tf_proto_version=6.11
2026-03-20T14:45:46.730-0500 [TRACE] sdk.proto: Received request: tf_provider_addr=registry.terraform.io/hashicorp/rancher2 tf_proto_version=6.11 tf_req_id=d01613ee-9a58-995b-50d3-591d41cf3c53 tf_rpc=ConfigureProvider
2026-03-20T14:45:46.730-0500 [TRACE] sdk.proto: No announced client capabilities: tf_provider_addr=registry.terraform.io/hashicorp/rancher2 tf_proto_version=6.11 tf_req_id=d01613ee-9a58-995b-50d3-591d41cf3c53 tf_rpc=ConfigureProvider
2026-03-20T14:45:46.730-0500 [TRACE] sdk.proto: Sending request downstream: tf_provider_addr=registry.terraform.io/hashicorp/rancher2 tf_proto_version=6.11 tf_req_id=d01613ee-9a58-995b-50d3-591d41cf3c53 tf_rpc=ConfigureProvider
2026-03-20T14:45:46.730-0500 [TRACE] sdk.framework: Checking ProviderSchema lock: tf_provider_addr=registry.terraform.io/hashicorp/rancher2 tf_rpc=ConfigureProvider tf_req_id=d01613ee-9a58-995b-50d3-591d41cf3c53
2026-03-20T14:45:46.730-0500 [TRACE] sdk.framework: Calling provider defined Provider Configure: tf_req_id=d01613ee-9a58-995b-50d3-591d41cf3c53 tf_provider_addr=registry.terraform.io/hashicorp/rancher2 tf_rpc=ConfigureProvider
2026-03-20T14:45:46.731-0500 [DEBUG] rancher2: Provider Config: {
  "api_url": null,
  "ca_cert": null,
  "ignore_system_ca": null,
  "insecure": null,
  "max_redirects": null,
  "timeout": null,
  "token": null
}: tf_provider_addr=registry.terraform.io/hashicorp/rancher2 tf_req_id=d01613ee-9a58-995b-50d3-591d41cf3c53 tf_rpc=ConfigureProvider
2026-03-20T14:45:46.731-0500 [DEBUG] rancher2: Rancher API URL: https://127.0.0.1.nip.io: tf_provider_addr=registry.terraform.io/hashicorp/rancher2 tf_req_id=d01613ee-9a58-995b-50d3-591d41cf3c53 tf_rpc=ConfigureProvider
2026-03-20T14:45:46.731-0500 [DEBUG] rancher2: Provider Configure Client: {
  "TokenStore": {}
}: tf_provider_addr=registry.terraform.io/hashicorp/rancher2 tf_req_id=d01613ee-9a58-995b-50d3-591d41cf3c53 tf_rpc=ConfigureProvider
2026-03-20T14:45:46.731-0500 [DEBUG] rancher2: Provider Configure Response: {
  "ActionData": null,
  "DataSourceData": {
    "TokenStore": {}
  },
  "Deferred": null,
  "Diagnostics": [],
  "EphemeralResourceData": null,
  "ListResourceData": null,
  "ResourceData": {
    "TokenStore": {}
  },
  "StateStoreData": null
}: tf_rpc=ConfigureProvider tf_provider_addr=registry.terraform.io/hashicorp/rancher2 tf_req_id=d01613ee-9a58-995b-50d3-591d41cf3c53
2026-03-20T14:45:46.731-0500 [TRACE] sdk.framework: Called provider defined Provider Configure: tf_provider_addr=registry.terraform.io/hashicorp/rancher2 tf_rpc=ConfigureProvider tf_req_id=d01613ee-9a58-995b-50d3-591d41cf3c53
2026-03-20T14:45:46.731-0500 [TRACE] sdk.proto: Received downstream response: tf_req_duration_ms=0 diagnostic_error_count=0 tf_provider_addr=registry.terraform.io/hashicorp/rancher2 tf_proto_version=6.11 tf_req_id=d01613ee-9a58-995b-50d3-591d41cf3c53 tf_rpc=ConfigureProvider diagnostic_warning_count=0
2026-03-20T14:45:46.731-0500 [TRACE] sdk.proto: Served request: tf_req_id=d01613ee-9a58-995b-50d3-591d41cf3c53 tf_rpc=ConfigureProvider tf_provider_addr=registry.terraform.io/hashicorp/rancher2 tf_proto_version=6.11
2026-03-20T14:45:46.732-0500 [TRACE] sdk.proto: Received request: tf_rpc=ValidateResourceConfig tf_resource_type=rancher2_dev tf_req_id=2c3fc442-c96c-b482-62c9-f337db735274 tf_provider_addr=registry.terraform.io/hashicorp/rancher2 tf_proto_version=6.11
2026-03-20T14:45:46.732-0500 [TRACE] sdk.proto: No announced client capabilities: tf_provider_addr=registry.terraform.io/hashicorp/rancher2 tf_proto_version=6.11 tf_rpc=ValidateResourceConfig tf_resource_type=rancher2_dev tf_req_id=2c3fc442-c96c-b482-62c9-f337db735274
2026-03-20T14:45:46.732-0500 [TRACE] sdk.proto: Sending request downstream: tf_provider_addr=registry.terraform.io/hashicorp/rancher2 tf_proto_version=6.11 tf_rpc=ValidateResourceConfig tf_resource_type=rancher2_dev tf_req_id=2c3fc442-c96c-b482-62c9-f337db735274
2026-03-20T14:45:46.732-0500 [TRACE] sdk.framework: Checking ResourceTypes lock: tf_rpc=ValidateResourceConfig tf_resource_type=rancher2_dev tf_req_id=2c3fc442-c96c-b482-62c9-f337db735274 tf_provider_addr=registry.terraform.io/hashicorp/rancher2
2026-03-20T14:45:46.732-0500 [TRACE] sdk.framework: Checking ResourceTypes lock: tf_rpc=ValidateResourceConfig tf_resource_type=rancher2_dev tf_req_id=2c3fc442-c96c-b482-62c9-f337db735274 tf_provider_addr=registry.terraform.io/hashicorp/rancher2
2026-03-20T14:45:46.732-0500 [TRACE] sdk.framework: Calling provider defined Resource Schema method: tf_rpc=ValidateResourceConfig tf_resource_type=rancher2_dev tf_req_id=2c3fc442-c96c-b482-62c9-f337db735274 tf_provider_addr=registry.terraform.io/hashicorp/rancher2
2026-03-20T14:45:46.732-0500 [TRACE] sdk.framework: Called provider defined Resource Schema method: tf_rpc=ValidateResourceConfig tf_resource_type=rancher2_dev tf_req_id=2c3fc442-c96c-b482-62c9-f337db735274 tf_provider_addr=registry.terraform.io/hashicorp/rancher2
2026-03-20T14:45:46.732-0500 [TRACE] sdk.framework: Resource implements ResourceWithConfigure: tf_rpc=ValidateResourceConfig tf_resource_type=rancher2_dev tf_req_id=2c3fc442-c96c-b482-62c9-f337db735274 tf_provider_addr=registry.terraform.io/hashicorp/rancher2
2026-03-20T14:45:46.732-0500 [TRACE] sdk.framework: Calling provider defined Resource Configure: tf_resource_type=rancher2_dev tf_req_id=2c3fc442-c96c-b482-62c9-f337db735274 tf_provider_addr=registry.terraform.io/hashicorp/rancher2 tf_rpc=ValidateResourceConfig
2026-03-20T14:45:46.732-0500 [DEBUG] rancher2: Rancher2_Dev_Resource Configure request: resource.ConfigureRequest{ProviderData:(*client.HttpClient)(0x1f9c5c3b2000)}: tf_provider_addr=registry.terraform.io/hashicorp/rancher2 tf_resource_type=rancher2_dev tf_rpc=ValidateResourceConfig tf_req_id=2c3fc442-c96c-b482-62c9-f337db735274
2026-03-20T14:45:46.732-0500 [DEBUG] rancher2: Rancher2_Dev_Resource Configure object: &rancher2_dev.RancherDevResource{client:client.Client(nil)}: tf_rpc=ValidateResourceConfig tf_req_id=2c3fc442-c96c-b482-62c9-f337db735274 tf_provider_addr=registry.terraform.io/hashicorp/rancher2 tf_resource_type=rancher2_dev
2026-03-20T14:45:46.732-0500 [DEBUG] rancher2: Rancher2_Dev_Resource Configure object after config: &rancher2_dev.RancherDevResource{client:(*client.HttpClient)(0x1f9c5c3b2000)}: tf_req_id=2c3fc442-c96c-b482-62c9-f337db735274 tf_provider_addr=registry.terraform.io/hashicorp/rancher2 tf_resource_type=rancher2_dev tf_rpc=ValidateResourceConfig
2026-03-20T14:45:46.732-0500 [DEBUG] rancher2: Rancher2_Dev_Resource Configure response: &resource.ConfigureResponse{Diagnostics:diag.Diagnostics(nil)}: tf_rpc=ValidateResourceConfig tf_req_id=2c3fc442-c96c-b482-62c9-f337db735274 tf_provider_addr=registry.terraform.io/hashicorp/rancher2 tf_resource_type=rancher2_dev
2026-03-20T14:45:46.732-0500 [TRACE] sdk.framework: Called provider defined Resource Configure: tf_resource_type=rancher2_dev tf_req_id=2c3fc442-c96c-b482-62c9-f337db735274 tf_provider_addr=registry.terraform.io/hashicorp/rancher2 tf_rpc=ValidateResourceConfig
2026-03-20T14:45:46.732-0500 [TRACE] sdk.framework: Calling provider defined validator.String: tf_attribute_path=id description="string length must be at least 1" tf_provider_addr=registry.terraform.io/hashicorp/rancher2 tf_rpc=ValidateResourceConfig tf_resource_type=rancher2_dev tf_req_id=2c3fc442-c96c-b482-62c9-f337db735274
2026-03-20T14:45:46.732-0500 [TRACE] sdk.framework: Called provider defined validator.String: tf_resource_type=rancher2_dev tf_req_id=2c3fc442-c96c-b482-62c9-f337db735274 description="string length must be at least 1" tf_attribute_path=id tf_provider_addr=registry.terraform.io/hashicorp/rancher2 tf_rpc=ValidateResourceConfig
2026-03-20T14:45:46.732-0500 [TRACE] sdk.framework: Type implements TypeWithValidate: tf_resource_type=rancher2_dev tf_req_id=2c3fc442-c96c-b482-62c9-f337db735274 tf_provider_addr=registry.terraform.io/hashicorp/rancher2 tf_rpc=ValidateResourceConfig tf_attribute_path=set_attribute
2026-03-20T14:45:46.732-0500 [TRACE] sdk.framework: Calling provider defined Type Validate: tf_provider_addr=registry.terraform.io/hashicorp/rancher2 tf_rpc=ValidateResourceConfig tf_attribute_path=set_attribute tf_resource_type=rancher2_dev tf_req_id=2c3fc442-c96c-b482-62c9-f337db735274
2026-03-20T14:45:46.732-0500 [TRACE] sdk.framework: Called provider defined Type Validate: tf_rpc=ValidateResourceConfig tf_attribute_path=set_attribute tf_resource_type=rancher2_dev tf_req_id=2c3fc442-c96c-b482-62c9-f337db735274 tf_provider_addr=registry.terraform.io/hashicorp/rancher2
2026-03-20T14:45:46.732-0500 [TRACE] sdk.framework: Type implements TypeWithValidate: tf_provider_addr=registry.terraform.io/hashicorp/rancher2 tf_attribute_path=nested_object_map tf_rpc=ValidateResourceConfig tf_resource_type=rancher2_dev tf_req_id=2c3fc442-c96c-b482-62c9-f337db735274
2026-03-20T14:45:46.732-0500 [TRACE] sdk.framework: Calling provider defined Type Validate: tf_rpc=ValidateResourceConfig tf_resource_type=rancher2_dev tf_req_id=2c3fc442-c96c-b482-62c9-f337db735274 tf_provider_addr=registry.terraform.io/hashicorp/rancher2 tf_attribute_path=nested_object_map
2026-03-20T14:45:46.732-0500 [TRACE] sdk.framework: Called provider defined Type Validate: tf_provider_addr=registry.terraform.io/hashicorp/rancher2 tf_attribute_path=nested_object_map tf_rpc=ValidateResourceConfig tf_resource_type=rancher2_dev tf_req_id=2c3fc442-c96c-b482-62c9-f337db735274
2026-03-20T14:45:46.732-0500 [TRACE] sdk.proto: Received request: tf_resource_type=rancher2_dev tf_req_id=30bbe00a-a223-4ca2-109b-33530b2f83c6 tf_provider_addr=registry.terraform.io/hashicorp/rancher2 tf_proto_version=6.11 tf_rpc=ValidateResourceConfig
2026-03-20T14:45:46.732-0500 [TRACE] sdk.proto: No announced client capabilities: tf_req_id=30bbe00a-a223-4ca2-109b-33530b2f83c6 tf_provider_addr=registry.terraform.io/hashicorp/rancher2 tf_proto_version=6.11 tf_rpc=ValidateResourceConfig tf_resource_type=rancher2_dev
2026-03-20T14:45:46.732-0500 [TRACE] sdk.proto: Sending request downstream: tf_rpc=ValidateResourceConfig tf_resource_type=rancher2_dev tf_req_id=30bbe00a-a223-4ca2-109b-33530b2f83c6 tf_provider_addr=registry.terraform.io/hashicorp/rancher2 tf_proto_version=6.11
2026-03-20T14:45:46.732-0500 [TRACE] sdk.framework: Type implements TypeWithValidate: tf_rpc=ValidateResourceConfig tf_resource_type=rancher2_dev tf_req_id=2c3fc442-c96c-b482-62c9-f337db735274 tf_provider_addr=registry.terraform.io/hashicorp/rancher2 tf_attribute_path=float64_attribute
2026-03-20T14:45:46.732-0500 [TRACE] sdk.framework: Calling provider defined Type Validate: tf_rpc=ValidateResourceConfig tf_resource_type=rancher2_dev tf_req_id=2c3fc442-c96c-b482-62c9-f337db735274 tf_provider_addr=registry.terraform.io/hashicorp/rancher2 tf_attribute_path=float64_attribute
2026-03-20T14:45:46.732-0500 [TRACE] sdk.framework: Called provider defined Type Validate: tf_rpc=ValidateResourceConfig tf_resource_type=rancher2_dev tf_req_id=2c3fc442-c96c-b482-62c9-f337db735274 tf_provider_addr=registry.terraform.io/hashicorp/rancher2 tf_attribute_path=float64_attribute
2026-03-20T14:45:46.732-0500 [TRACE] sdk.framework: Checking ResourceTypes lock: tf_rpc=ValidateResourceConfig tf_resource_type=rancher2_dev tf_req_id=30bbe00a-a223-4ca2-109b-33530b2f83c6 tf_provider_addr=registry.terraform.io/hashicorp/rancher2
2026-03-20T14:45:46.732-0500 [TRACE] sdk.framework: Calling provider defined validator.String: tf_provider_addr=registry.terraform.io/hashicorp/rancher2 tf_attribute_path=string_attribute description="must start with 'dev-'" tf_rpc=ValidateResourceConfig tf_resource_type=rancher2_dev tf_req_id=2c3fc442-c96c-b482-62c9-f337db735274
2026-03-20T14:45:46.732-0500 [TRACE] sdk.framework: Called provider defined validator.String: tf_rpc=ValidateResourceConfig tf_resource_type=rancher2_dev tf_req_id=2c3fc442-c96c-b482-62c9-f337db735274 tf_provider_addr=registry.terraform.io/hashicorp/rancher2 tf_attribute_path=string_attribute description="must start with 'dev-'"
2026-03-20T14:45:46.732-0500 [TRACE] sdk.framework: Type implements TypeWithValidate: tf_req_id=2c3fc442-c96c-b482-62c9-f337db735274 tf_provider_addr=registry.terraform.io/hashicorp/rancher2 tf_attribute_path=list_attribute tf_rpc=ValidateResourceConfig tf_resource_type=rancher2_dev
2026-03-20T14:45:46.732-0500 [TRACE] sdk.framework: Calling provider defined Type Validate: tf_attribute_path=list_attribute tf_rpc=ValidateResourceConfig tf_resource_type=rancher2_dev tf_req_id=2c3fc442-c96c-b482-62c9-f337db735274 tf_provider_addr=registry.terraform.io/hashicorp/rancher2
2026-03-20T14:45:46.732-0500 [TRACE] sdk.framework: Called provider defined Type Validate: tf_provider_addr=registry.terraform.io/hashicorp/rancher2 tf_attribute_path=list_attribute tf_rpc=ValidateResourceConfig tf_resource_type=rancher2_dev tf_req_id=2c3fc442-c96c-b482-62c9-f337db735274
2026-03-20T14:45:46.732-0500 [TRACE] sdk.framework: Type implements TypeWithValidate: tf_rpc=ValidateResourceConfig tf_resource_type=rancher2_dev tf_req_id=2c3fc442-c96c-b482-62c9-f337db735274 tf_provider_addr=registry.terraform.io/hashicorp/rancher2 tf_attribute_path=nested_object_list
2026-03-20T14:45:46.732-0500 [TRACE] sdk.framework: Calling provider defined Type Validate: tf_req_id=2c3fc442-c96c-b482-62c9-f337db735274 tf_provider_addr=registry.terraform.io/hashicorp/rancher2 tf_attribute_path=nested_object_list tf_rpc=ValidateResourceConfig tf_resource_type=rancher2_dev
2026-03-20T14:45:46.732-0500 [TRACE] sdk.framework: Called provider defined Type Validate: tf_req_id=2c3fc442-c96c-b482-62c9-f337db735274 tf_provider_addr=registry.terraform.io/hashicorp/rancher2 tf_attribute_path=nested_object_list tf_rpc=ValidateResourceConfig tf_resource_type=rancher2_dev
2026-03-20T14:45:46.732-0500 [TRACE] sdk.framework: Type implements TypeWithValidate: tf_resource_type=rancher2_dev tf_req_id=2c3fc442-c96c-b482-62c9-f337db735274 tf_attribute_path=int64_attribute tf_provider_addr=registry.terraform.io/hashicorp/rancher2 tf_rpc=ValidateResourceConfig
2026-03-20T14:45:46.732-0500 [TRACE] sdk.framework: Calling provider defined Type Validate: tf_attribute_path=int64_attribute tf_provider_addr=registry.terraform.io/hashicorp/rancher2 tf_rpc=ValidateResourceConfig tf_resource_type=rancher2_dev tf_req_id=2c3fc442-c96c-b482-62c9-f337db735274
2026-03-20T14:45:46.732-0500 [TRACE] sdk.framework: Called provider defined Type Validate: tf_req_id=2c3fc442-c96c-b482-62c9-f337db735274 tf_attribute_path=int64_attribute tf_provider_addr=registry.terraform.io/hashicorp/rancher2 tf_rpc=ValidateResourceConfig tf_resource_type=rancher2_dev
2026-03-20T14:45:46.732-0500 [TRACE] sdk.framework: Type implements TypeWithValidate: tf_rpc=ValidateResourceConfig tf_resource_type=rancher2_dev tf_attribute_path=map_attribute tf_req_id=2c3fc442-c96c-b482-62c9-f337db735274 tf_provider_addr=registry.terraform.io/hashicorp/rancher2
2026-03-20T14:45:46.732-0500 [TRACE] sdk.framework: Calling provider defined Type Validate: tf_req_id=2c3fc442-c96c-b482-62c9-f337db735274 tf_provider_addr=registry.terraform.io/hashicorp/rancher2 tf_rpc=ValidateResourceConfig tf_resource_type=rancher2_dev tf_attribute_path=map_attribute
2026-03-20T14:45:46.732-0500 [TRACE] sdk.framework: Called provider defined Type Validate: tf_provider_addr=registry.terraform.io/hashicorp/rancher2 tf_rpc=ValidateResourceConfig tf_resource_type=rancher2_dev tf_attribute_path=map_attribute tf_req_id=2c3fc442-c96c-b482-62c9-f337db735274
2026-03-20T14:45:46.732-0500 [TRACE] sdk.proto: Received downstream response: tf_rpc=ValidateResourceConfig tf_resource_type=rancher2_dev diagnostic_error_count=0 diagnostic_warning_count=0 tf_req_duration_ms=0 tf_req_id=2c3fc442-c96c-b482-62c9-f337db735274 tf_provider_addr=registry.terraform.io/hashicorp/rancher2 tf_proto_version=6.11
2026-03-20T14:45:46.732-0500 [TRACE] sdk.proto: Served request: tf_rpc=ValidateResourceConfig tf_resource_type=rancher2_dev tf_req_id=2c3fc442-c96c-b482-62c9-f337db735274 tf_provider_addr=registry.terraform.io/hashicorp/rancher2 tf_proto_version=6.11
2026-03-20T14:45:46.732-0500 [TRACE] sdk.framework: Resource implements ResourceWithConfigure: tf_provider_addr=registry.terraform.io/hashicorp/rancher2 tf_rpc=ValidateResourceConfig tf_resource_type=rancher2_dev tf_req_id=30bbe00a-a223-4ca2-109b-33530b2f83c6
2026-03-20T14:45:46.732-0500 [TRACE] sdk.framework: Calling provider defined Resource Configure: tf_req_id=30bbe00a-a223-4ca2-109b-33530b2f83c6 tf_provider_addr=registry.terraform.io/hashicorp/rancher2 tf_rpc=ValidateResourceConfig tf_resource_type=rancher2_dev
2026-03-20T14:45:46.732-0500 [DEBUG] rancher2: Rancher2_Dev_Resource Configure request: resource.ConfigureRequest{ProviderData:(*client.HttpClient)(0x1f9c5c3b2000)}: tf_req_id=30bbe00a-a223-4ca2-109b-33530b2f83c6 tf_provider_addr=registry.terraform.io/hashicorp/rancher2 tf_rpc=ValidateResourceConfig tf_resource_type=rancher2_dev
2026-03-20T14:45:46.732-0500 [DEBUG] rancher2: Rancher2_Dev_Resource Configure object: &rancher2_dev.RancherDevResource{client:client.Client(nil)}: tf_req_id=30bbe00a-a223-4ca2-109b-33530b2f83c6 tf_provider_addr=registry.terraform.io/hashicorp/rancher2 tf_rpc=ValidateResourceConfig tf_resource_type=rancher2_dev
2026-03-20T14:45:46.732-0500 [DEBUG] rancher2: Rancher2_Dev_Resource Configure object after config: &rancher2_dev.RancherDevResource{client:(*client.HttpClient)(0x1f9c5c3b2000)}: tf_req_id=30bbe00a-a223-4ca2-109b-33530b2f83c6 tf_provider_addr=registry.terraform.io/hashicorp/rancher2 tf_rpc=ValidateResourceConfig tf_resource_type=rancher2_dev
2026-03-20T14:45:46.732-0500 [DEBUG] rancher2: Rancher2_Dev_Resource Configure response: &resource.ConfigureResponse{Diagnostics:diag.Diagnostics(nil)}: tf_req_id=30bbe00a-a223-4ca2-109b-33530b2f83c6 tf_provider_addr=registry.terraform.io/hashicorp/rancher2 tf_rpc=ValidateResourceConfig tf_resource_type=rancher2_dev
2026-03-20T14:45:46.732-0500 [TRACE] sdk.framework: Called provider defined Resource Configure: tf_req_id=30bbe00a-a223-4ca2-109b-33530b2f83c6 tf_provider_addr=registry.terraform.io/hashicorp/rancher2 tf_rpc=ValidateResourceConfig tf_resource_type=rancher2_dev
2026-03-20T14:45:46.732-0500 [TRACE] sdk.framework: Type implements TypeWithValidate: tf_rpc=ValidateResourceConfig tf_resource_type=rancher2_dev tf_attribute_path=nested_object_map tf_req_id=30bbe00a-a223-4ca2-109b-33530b2f83c6 tf_provider_addr=registry.terraform.io/hashicorp/rancher2
2026-03-20T14:45:46.732-0500 [TRACE] sdk.framework: Calling provider defined Type Validate: tf_req_id=30bbe00a-a223-4ca2-109b-33530b2f83c6 tf_provider_addr=registry.terraform.io/hashicorp/rancher2 tf_rpc=ValidateResourceConfig tf_resource_type=rancher2_dev tf_attribute_path=nested_object_map
2026-03-20T14:45:46.732-0500 [TRACE] sdk.framework: Called provider defined Type Validate: tf_attribute_path=nested_object_map tf_req_id=30bbe00a-a223-4ca2-109b-33530b2f83c6 tf_provider_addr=registry.terraform.io/hashicorp/rancher2 tf_rpc=ValidateResourceConfig tf_resource_type=rancher2_dev
2026-03-20T14:45:46.732-0500 [TRACE] sdk.framework: Type implements TypeWithValidate: tf_resource_type=rancher2_dev tf_attribute_path=list_attribute tf_req_id=30bbe00a-a223-4ca2-109b-33530b2f83c6 tf_provider_addr=registry.terraform.io/hashicorp/rancher2 tf_rpc=ValidateResourceConfig
2026-03-20T14:45:46.732-0500 [TRACE] sdk.framework: Calling provider defined Type Validate: tf_attribute_path=list_attribute tf_req_id=30bbe00a-a223-4ca2-109b-33530b2f83c6 tf_provider_addr=registry.terraform.io/hashicorp/rancher2 tf_rpc=ValidateResourceConfig tf_resource_type=rancher2_dev
2026-03-20T14:45:46.732-0500 [TRACE] sdk.framework: Called provider defined Type Validate: tf_attribute_path=list_attribute tf_req_id=30bbe00a-a223-4ca2-109b-33530b2f83c6 tf_provider_addr=registry.terraform.io/hashicorp/rancher2 tf_rpc=ValidateResourceConfig tf_resource_type=rancher2_dev
2026-03-20T14:45:46.732-0500 [TRACE] sdk.framework: Type implements TypeWithValidate: tf_resource_type=rancher2_dev tf_req_id=30bbe00a-a223-4ca2-109b-33530b2f83c6 tf_attribute_path=nested_object_list tf_provider_addr=registry.terraform.io/hashicorp/rancher2 tf_rpc=ValidateResourceConfig
2026-03-20T14:45:46.732-0500 [TRACE] sdk.framework: Calling provider defined Type Validate: tf_attribute_path=nested_object_list tf_provider_addr=registry.terraform.io/hashicorp/rancher2 tf_rpc=ValidateResourceConfig tf_resource_type=rancher2_dev tf_req_id=30bbe00a-a223-4ca2-109b-33530b2f83c6
2026-03-20T14:45:46.732-0500 [TRACE] sdk.framework: Called provider defined Type Validate: tf_provider_addr=registry.terraform.io/hashicorp/rancher2 tf_rpc=ValidateResourceConfig tf_resource_type=rancher2_dev tf_req_id=30bbe00a-a223-4ca2-109b-33530b2f83c6 tf_attribute_path=nested_object_list
2026-03-20T14:45:46.732-0500 [TRACE] sdk.framework: Type implements TypeWithValidate: tf_rpc=ValidateResourceConfig tf_resource_type=rancher2_dev tf_attribute_path=int64_attribute tf_req_id=30bbe00a-a223-4ca2-109b-33530b2f83c6 tf_provider_addr=registry.terraform.io/hashicorp/rancher2
2026-03-20T14:45:46.732-0500 [TRACE] sdk.framework: Calling provider defined Type Validate: tf_rpc=ValidateResourceConfig tf_resource_type=rancher2_dev tf_attribute_path=int64_attribute tf_req_id=30bbe00a-a223-4ca2-109b-33530b2f83c6 tf_provider_addr=registry.terraform.io/hashicorp/rancher2
2026-03-20T14:45:46.732-0500 [TRACE] sdk.framework: Called provider defined Type Validate: tf_provider_addr=registry.terraform.io/hashicorp/rancher2 tf_rpc=ValidateResourceConfig tf_resource_type=rancher2_dev tf_attribute_path=int64_attribute tf_req_id=30bbe00a-a223-4ca2-109b-33530b2f83c6
2026-03-20T14:45:46.732-0500 [TRACE] sdk.framework: Calling provider defined validator.String: description="string length must be at least 1" tf_rpc=ValidateResourceConfig tf_resource_type=rancher2_dev tf_attribute_path=id tf_req_id=30bbe00a-a223-4ca2-109b-33530b2f83c6 tf_provider_addr=registry.terraform.io/hashicorp/rancher2
2026-03-20T14:45:46.732-0500 [TRACE] sdk.framework: Called provider defined validator.String: tf_attribute_path=id description="string length must be at least 1" tf_req_id=30bbe00a-a223-4ca2-109b-33530b2f83c6 tf_provider_addr=registry.terraform.io/hashicorp/rancher2 tf_rpc=ValidateResourceConfig tf_resource_type=rancher2_dev
2026-03-20T14:45:46.732-0500 [TRACE] sdk.framework: Type implements TypeWithValidate: tf_provider_addr=registry.terraform.io/hashicorp/rancher2 tf_rpc=ValidateResourceConfig tf_resource_type=rancher2_dev tf_attribute_path=float64_attribute tf_req_id=30bbe00a-a223-4ca2-109b-33530b2f83c6
2026-03-20T14:45:46.732-0500 [TRACE] sdk.framework: Calling provider defined Type Validate: tf_req_id=30bbe00a-a223-4ca2-109b-33530b2f83c6 tf_provider_addr=registry.terraform.io/hashicorp/rancher2 tf_rpc=ValidateResourceConfig tf_resource_type=rancher2_dev tf_attribute_path=float64_attribute
2026-03-20T14:45:46.732-0500 [TRACE] sdk.framework: Called provider defined Type Validate: tf_rpc=ValidateResourceConfig tf_resource_type=rancher2_dev tf_attribute_path=float64_attribute tf_req_id=30bbe00a-a223-4ca2-109b-33530b2f83c6 tf_provider_addr=registry.terraform.io/hashicorp/rancher2
2026-03-20T14:45:46.732-0500 [TRACE] sdk.framework: Calling provider defined validator.String: tf_req_id=30bbe00a-a223-4ca2-109b-33530b2f83c6 tf_provider_addr=registry.terraform.io/hashicorp/rancher2 tf_rpc=ValidateResourceConfig tf_resource_type=rancher2_dev description="must start with 'dev-'" tf_attribute_path=string_attribute
2026-03-20T14:45:46.733-0500 [TRACE] sdk.framework: Called provider defined validator.String: tf_rpc=ValidateResourceConfig tf_resource_type=rancher2_dev tf_attribute_path=string_attribute tf_req_id=30bbe00a-a223-4ca2-109b-33530b2f83c6 description="must start with 'dev-'" tf_provider_addr=registry.terraform.io/hashicorp/rancher2
2026-03-20T14:45:46.733-0500 [TRACE] sdk.framework: Type implements TypeWithValidate: tf_attribute_path=set_attribute tf_req_id=30bbe00a-a223-4ca2-109b-33530b2f83c6 tf_provider_addr=registry.terraform.io/hashicorp/rancher2 tf_rpc=ValidateResourceConfig tf_resource_type=rancher2_dev
2026-03-20T14:45:46.733-0500 [TRACE] sdk.framework: Calling provider defined Type Validate: tf_rpc=ValidateResourceConfig tf_resource_type=rancher2_dev tf_attribute_path=set_attribute tf_req_id=30bbe00a-a223-4ca2-109b-33530b2f83c6 tf_provider_addr=registry.terraform.io/hashicorp/rancher2
2026-03-20T14:45:46.733-0500 [TRACE] sdk.framework: Called provider defined Type Validate: tf_resource_type=rancher2_dev tf_attribute_path=set_attribute tf_req_id=30bbe00a-a223-4ca2-109b-33530b2f83c6 tf_provider_addr=registry.terraform.io/hashicorp/rancher2 tf_rpc=ValidateResourceConfig
2026-03-20T14:45:46.733-0500 [TRACE] sdk.framework: Type implements TypeWithValidate: tf_attribute_path=map_attribute tf_req_id=30bbe00a-a223-4ca2-109b-33530b2f83c6 tf_provider_addr=registry.terraform.io/hashicorp/rancher2 tf_rpc=ValidateResourceConfig tf_resource_type=rancher2_dev
2026-03-20T14:45:46.733-0500 [TRACE] sdk.framework: Calling provider defined Type Validate: tf_provider_addr=registry.terraform.io/hashicorp/rancher2 tf_rpc=ValidateResourceConfig tf_resource_type=rancher2_dev tf_attribute_path=map_attribute tf_req_id=30bbe00a-a223-4ca2-109b-33530b2f83c6
2026-03-20T14:45:46.733-0500 [TRACE] sdk.framework: Called provider defined Type Validate: tf_req_id=30bbe00a-a223-4ca2-109b-33530b2f83c6 tf_provider_addr=registry.terraform.io/hashicorp/rancher2 tf_rpc=ValidateResourceConfig tf_resource_type=rancher2_dev tf_attribute_path=map_attribute
2026-03-20T14:45:46.733-0500 [TRACE] sdk.proto: Received downstream response: tf_rpc=ValidateResourceConfig tf_resource_type=rancher2_dev tf_req_duration_ms=0 diagnostic_error_count=0 diagnostic_warning_count=0 tf_req_id=30bbe00a-a223-4ca2-109b-33530b2f83c6 tf_provider_addr=registry.terraform.io/hashicorp/rancher2 tf_proto_version=6.11
2026-03-20T14:45:46.733-0500 [TRACE] sdk.proto: Served request: tf_proto_version=6.11 tf_rpc=ValidateResourceConfig tf_resource_type=rancher2_dev tf_req_id=30bbe00a-a223-4ca2-109b-33530b2f83c6 tf_provider_addr=registry.terraform.io/hashicorp/rancher2
2026-03-20T14:45:46.733-0500 [TRACE] sdk.proto: Received request: tf_resource_type=rancher2_dev tf_req_id=cec5574e-8b47-7ce0-a448-7937cb15fb4a tf_provider_addr=registry.terraform.io/hashicorp/rancher2 tf_proto_version=6.11 tf_rpc=PlanResourceChange
2026-03-20T14:45:46.733-0500 [TRACE] sdk.proto: No announced client capabilities: tf_proto_version=6.11 tf_rpc=PlanResourceChange tf_resource_type=rancher2_dev tf_req_id=cec5574e-8b47-7ce0-a448-7937cb15fb4a tf_provider_addr=registry.terraform.io/hashicorp/rancher2
2026-03-20T14:45:46.733-0500 [TRACE] sdk.proto: Sending request downstream: tf_resource_type=rancher2_dev tf_req_id=cec5574e-8b47-7ce0-a448-7937cb15fb4a tf_provider_addr=registry.terraform.io/hashicorp/rancher2 tf_proto_version=6.11 tf_rpc=PlanResourceChange
2026-03-20T14:45:46.733-0500 [TRACE] sdk.framework: Checking ResourceTypes lock: tf_resource_type=rancher2_dev tf_req_id=cec5574e-8b47-7ce0-a448-7937cb15fb4a tf_provider_addr=registry.terraform.io/hashicorp/rancher2 tf_rpc=PlanResourceChange
2026-03-20T14:45:46.733-0500 [TRACE] sdk.framework: Checking ResourceTypes lock: tf_rpc=PlanResourceChange tf_resource_type=rancher2_dev tf_req_id=cec5574e-8b47-7ce0-a448-7937cb15fb4a tf_provider_addr=registry.terraform.io/hashicorp/rancher2
2026-03-20T14:45:46.733-0500 [TRACE] sdk.framework: Checking ResourceBehaviors lock: tf_resource_type=rancher2_dev tf_req_id=cec5574e-8b47-7ce0-a448-7937cb15fb4a tf_provider_addr=registry.terraform.io/hashicorp/rancher2 tf_rpc=PlanResourceChange
2026-03-20T14:45:46.733-0500 [TRACE] sdk.framework: Checking ProviderTypeName lock: tf_rpc=PlanResourceChange tf_resource_type=rancher2_dev tf_req_id=cec5574e-8b47-7ce0-a448-7937cb15fb4a tf_provider_addr=registry.terraform.io/hashicorp/rancher2
2026-03-20T14:45:46.733-0500 [TRACE] sdk.framework: Checking ResourceTypes lock: tf_resource_type=rancher2_dev tf_req_id=cec5574e-8b47-7ce0-a448-7937cb15fb4a tf_provider_addr=registry.terraform.io/hashicorp/rancher2 tf_rpc=PlanResourceChange
2026-03-20T14:45:46.733-0500 [TRACE] sdk.framework: Found resource type: tf_rpc=PlanResourceChange tf_resource_type=rancher2_dev tf_req_id=cec5574e-8b47-7ce0-a448-7937cb15fb4a tf_provider_addr=registry.terraform.io/hashicorp/rancher2
2026-03-20T14:45:46.733-0500 [TRACE] sdk.framework: Found resource type: tf_req_id=cec5574e-8b47-7ce0-a448-7937cb15fb4a tf_provider_addr=registry.terraform.io/hashicorp/rancher2 tf_rpc=PlanResourceChange tf_resource_type=rancher2_login
2026-03-20T14:45:46.733-0500 [TRACE] sdk.framework: Resource implements ResourceWithConfigure: tf_rpc=PlanResourceChange tf_resource_type=rancher2_dev tf_req_id=cec5574e-8b47-7ce0-a448-7937cb15fb4a tf_provider_addr=registry.terraform.io/hashicorp/rancher2
2026-03-20T14:45:46.733-0500 [TRACE] sdk.framework: Calling provider defined Resource Configure: tf_rpc=PlanResourceChange tf_resource_type=rancher2_dev tf_req_id=cec5574e-8b47-7ce0-a448-7937cb15fb4a tf_provider_addr=registry.terraform.io/hashicorp/rancher2
2026-03-20T14:45:46.733-0500 [DEBUG] rancher2: Rancher2_Dev_Resource Configure request: resource.ConfigureRequest{ProviderData:(*client.HttpClient)(0x1f9c5c3b2000)}: tf_req_id=cec5574e-8b47-7ce0-a448-7937cb15fb4a tf_provider_addr=registry.terraform.io/hashicorp/rancher2 tf_rpc=PlanResourceChange tf_resource_type=rancher2_dev
2026-03-20T14:45:46.733-0500 [DEBUG] rancher2: Rancher2_Dev_Resource Configure object: &rancher2_dev.RancherDevResource{client:client.Client(nil)}: tf_req_id=cec5574e-8b47-7ce0-a448-7937cb15fb4a tf_provider_addr=registry.terraform.io/hashicorp/rancher2 tf_rpc=PlanResourceChange tf_resource_type=rancher2_dev
2026-03-20T14:45:46.733-0500 [DEBUG] rancher2: Rancher2_Dev_Resource Configure object after config: &rancher2_dev.RancherDevResource{client:(*client.HttpClient)(0x1f9c5c3b2000)}: tf_req_id=cec5574e-8b47-7ce0-a448-7937cb15fb4a tf_provider_addr=registry.terraform.io/hashicorp/rancher2 tf_rpc=PlanResourceChange tf_resource_type=rancher2_dev
2026-03-20T14:45:46.733-0500 [DEBUG] rancher2: Rancher2_Dev_Resource Configure response: &resource.ConfigureResponse{Diagnostics:diag.Diagnostics(nil)}: tf_resource_type=rancher2_dev tf_req_id=cec5574e-8b47-7ce0-a448-7937cb15fb4a tf_provider_addr=registry.terraform.io/hashicorp/rancher2 tf_rpc=PlanResourceChange
2026-03-20T14:45:46.733-0500 [TRACE] sdk.framework: Called provider defined Resource Configure: tf_provider_addr=registry.terraform.io/hashicorp/rancher2 tf_rpc=PlanResourceChange tf_resource_type=rancher2_dev tf_req_id=cec5574e-8b47-7ce0-a448-7937cb15fb4a
2026-03-20T14:45:46.733-0500 [TRACE] sdk.framework: Type implements TypeWithValidate: tf_req_id=cec5574e-8b47-7ce0-a448-7937cb15fb4a tf_provider_addr=registry.terraform.io/hashicorp/rancher2 tf_rpc=PlanResourceChange tf_resource_type=rancher2_dev
2026-03-20T14:45:46.733-0500 [TRACE] sdk.framework: Calling provider defined Type Validate: tf_provider_addr=registry.terraform.io/hashicorp/rancher2 tf_rpc=PlanResourceChange tf_resource_type=rancher2_dev tf_req_id=cec5574e-8b47-7ce0-a448-7937cb15fb4a
2026-03-20T14:45:46.733-0500 [TRACE] sdk.framework: Called provider defined Type Validate: tf_resource_type=rancher2_dev tf_req_id=cec5574e-8b47-7ce0-a448-7937cb15fb4a tf_provider_addr=registry.terraform.io/hashicorp/rancher2 tf_rpc=PlanResourceChange
2026-03-20T14:45:46.733-0500 [TRACE] sdk.framework: Type implements TypeWithValidate: tf_req_id=cec5574e-8b47-7ce0-a448-7937cb15fb4a tf_provider_addr=registry.terraform.io/hashicorp/rancher2 tf_rpc=PlanResourceChange tf_resource_type=rancher2_dev
2026-03-20T14:45:46.733-0500 [TRACE] sdk.framework: Calling provider defined Type Validate: tf_rpc=PlanResourceChange tf_resource_type=rancher2_dev tf_req_id=cec5574e-8b47-7ce0-a448-7937cb15fb4a tf_provider_addr=registry.terraform.io/hashicorp/rancher2
2026-03-20T14:45:46.733-0500 [TRACE] sdk.framework: Called provider defined Type Validate: tf_req_id=cec5574e-8b47-7ce0-a448-7937cb15fb4a tf_provider_addr=registry.terraform.io/hashicorp/rancher2 tf_rpc=PlanResourceChange tf_resource_type=rancher2_dev
2026-03-20T14:45:46.733-0500 [TRACE] sdk.framework: Type implements TypeWithValidate: tf_rpc=PlanResourceChange tf_resource_type=rancher2_dev tf_req_id=cec5574e-8b47-7ce0-a448-7937cb15fb4a tf_provider_addr=registry.terraform.io/hashicorp/rancher2
2026-03-20T14:45:46.733-0500 [TRACE] sdk.framework: Calling provider defined Type Validate: tf_req_id=cec5574e-8b47-7ce0-a448-7937cb15fb4a tf_provider_addr=registry.terraform.io/hashicorp/rancher2 tf_rpc=PlanResourceChange tf_resource_type=rancher2_dev
2026-03-20T14:45:46.733-0500 [TRACE] sdk.framework: Called provider defined Type Validate: tf_provider_addr=registry.terraform.io/hashicorp/rancher2 tf_rpc=PlanResourceChange tf_resource_type=rancher2_dev tf_req_id=cec5574e-8b47-7ce0-a448-7937cb15fb4a
2026-03-20T14:45:46.733-0500 [TRACE] sdk.framework: Type implements TypeWithValidate: tf_rpc=PlanResourceChange tf_resource_type=rancher2_dev tf_req_id=cec5574e-8b47-7ce0-a448-7937cb15fb4a tf_provider_addr=registry.terraform.io/hashicorp/rancher2
2026-03-20T14:45:46.733-0500 [TRACE] sdk.framework: Calling provider defined Type Validate: tf_resource_type=rancher2_dev tf_req_id=cec5574e-8b47-7ce0-a448-7937cb15fb4a tf_provider_addr=registry.terraform.io/hashicorp/rancher2 tf_rpc=PlanResourceChange
2026-03-20T14:45:46.733-0500 [TRACE] sdk.framework: Called provider defined Type Validate: tf_rpc=PlanResourceChange tf_resource_type=rancher2_dev tf_req_id=cec5574e-8b47-7ce0-a448-7937cb15fb4a tf_provider_addr=registry.terraform.io/hashicorp/rancher2
2026-03-20T14:45:46.733-0500 [TRACE] sdk.framework: Type implements TypeWithValidate: tf_provider_addr=registry.terraform.io/hashicorp/rancher2 tf_rpc=PlanResourceChange tf_resource_type=rancher2_dev tf_req_id=cec5574e-8b47-7ce0-a448-7937cb15fb4a
2026-03-20T14:45:46.733-0500 [TRACE] sdk.framework: Calling provider defined Type Validate: tf_resource_type=rancher2_dev tf_req_id=cec5574e-8b47-7ce0-a448-7937cb15fb4a tf_provider_addr=registry.terraform.io/hashicorp/rancher2 tf_rpc=PlanResourceChange
2026-03-20T14:45:46.733-0500 [TRACE] sdk.framework: Called provider defined Type Validate: tf_provider_addr=registry.terraform.io/hashicorp/rancher2 tf_rpc=PlanResourceChange tf_resource_type=rancher2_dev tf_req_id=cec5574e-8b47-7ce0-a448-7937cb15fb4a
2026-03-20T14:45:46.733-0500 [TRACE] sdk.framework: Type implements TypeWithValidate: tf_resource_type=rancher2_dev tf_req_id=cec5574e-8b47-7ce0-a448-7937cb15fb4a tf_provider_addr=registry.terraform.io/hashicorp/rancher2 tf_rpc=PlanResourceChange
2026-03-20T14:45:46.733-0500 [TRACE] sdk.framework: Calling provider defined Type Validate: tf_rpc=PlanResourceChange tf_resource_type=rancher2_dev tf_req_id=cec5574e-8b47-7ce0-a448-7937cb15fb4a tf_provider_addr=registry.terraform.io/hashicorp/rancher2
2026-03-20T14:45:46.733-0500 [TRACE] sdk.framework: Called provider defined Type Validate: tf_req_id=cec5574e-8b47-7ce0-a448-7937cb15fb4a tf_provider_addr=registry.terraform.io/hashicorp/rancher2 tf_rpc=PlanResourceChange tf_resource_type=rancher2_dev
2026-03-20T14:45:46.733-0500 [TRACE] sdk.framework: setting attribute bool_attribute to default value: true: tf_rpc=PlanResourceChange tf_resource_type=rancher2_dev tf_req_id=cec5574e-8b47-7ce0-a448-7937cb15fb4a tf_provider_addr=registry.terraform.io/hashicorp/rancher2
2026-03-20T14:45:46.733-0500 [TRACE] sdk.framework: Type implements TypeWithValidate: tf_rpc=PlanResourceChange tf_resource_type=rancher2_dev tf_req_id=cec5574e-8b47-7ce0-a448-7937cb15fb4a tf_provider_addr=registry.terraform.io/hashicorp/rancher2
2026-03-20T14:45:46.733-0500 [TRACE] sdk.framework: Calling provider defined Type Validate: tf_provider_addr=registry.terraform.io/hashicorp/rancher2 tf_rpc=PlanResourceChange tf_resource_type=rancher2_dev tf_req_id=cec5574e-8b47-7ce0-a448-7937cb15fb4a
2026-03-20T14:45:46.733-0500 [TRACE] sdk.framework: Called provider defined Type Validate: tf_rpc=PlanResourceChange tf_resource_type=rancher2_dev tf_req_id=cec5574e-8b47-7ce0-a448-7937cb15fb4a tf_provider_addr=registry.terraform.io/hashicorp/rancher2
2026-03-20T14:45:46.733-0500 [DEBUG] sdk.framework: Marking Computed attributes with null configuration values as unknown (known after apply) in the plan to prevent potential Terraform errors: tf_req_id=cec5574e-8b47-7ce0-a448-7937cb15fb4a tf_provider_addr=registry.terraform.io/hashicorp/rancher2 tf_rpc=PlanResourceChange tf_resource_type=rancher2_dev
2026-03-20T14:45:46.733-0500 [TRACE] sdk.framework: Attribute/block not null in configuration, not marking unknown: tf_rpc=PlanResourceChange tf_resource_type=rancher2_dev tf_req_id=cec5574e-8b47-7ce0-a448-7937cb15fb4a tf_provider_addr=registry.terraform.io/hashicorp/rancher2 tf_attribute_path="AttributeName(\"number_attribute\")"
2026-03-20T14:45:46.733-0500 [DEBUG] sdk.framework: marking computed attribute that is null in the config as unknown: tf_attribute_path="AttributeName(\"set_attribute\")" tf_rpc=PlanResourceChange tf_resource_type=rancher2_dev tf_req_id=cec5574e-8b47-7ce0-a448-7937cb15fb4a tf_provider_addr=registry.terraform.io/hashicorp/rancher2
2026-03-20T14:45:46.733-0500 [TRACE] sdk.framework: Attribute/block not null in configuration, not marking unknown: tf_provider_addr=registry.terraform.io/hashicorp/rancher2 tf_attribute_path="AttributeName(\"id\")" tf_rpc=PlanResourceChange tf_resource_type=rancher2_dev tf_req_id=cec5574e-8b47-7ce0-a448-7937cb15fb4a
2026-03-20T14:45:46.733-0500 [TRACE] sdk.proto: Received request: tf_provider_addr=registry.terraform.io/hashicorp/rancher2 tf_req_id=b5ccfa52-819b-80c8-b06a-660faa51348c tf_proto_version=6.11 tf_rpc=PlanResourceChange tf_resource_type=rancher2_dev
2026-03-20T14:45:46.733-0500 [DEBUG] sdk.framework: marking computed attribute that is null in the config as unknown: tf_attribute_path="AttributeName(\"nested_object_list\")" tf_rpc=PlanResourceChange tf_resource_type=rancher2_dev tf_req_id=cec5574e-8b47-7ce0-a448-7937cb15fb4a tf_provider_addr=registry.terraform.io/hashicorp/rancher2
2026-03-20T14:45:46.733-0500 [DEBUG] sdk.framework: marking computed attribute that is null in the config as unknown: tf_rpc=PlanResourceChange tf_resource_type=rancher2_dev tf_req_id=cec5574e-8b47-7ce0-a448-7937cb15fb4a tf_provider_addr=registry.terraform.io/hashicorp/rancher2 tf_attribute_path="AttributeName(\"int32_attribute\")"
2026-03-20T14:45:46.733-0500 [DEBUG] sdk.framework: marking computed attribute that is null in the config as unknown: tf_req_id=cec5574e-8b47-7ce0-a448-7937cb15fb4a tf_provider_addr=registry.terraform.io/hashicorp/rancher2 tf_attribute_path="AttributeName(\"nested_object_map\")" tf_rpc=PlanResourceChange tf_resource_type=rancher2_dev
2026-03-20T14:45:46.733-0500 [DEBUG] sdk.framework: marking computed attribute that is null in the config as unknown: tf_resource_type=rancher2_dev tf_req_id=cec5574e-8b47-7ce0-a448-7937cb15fb4a tf_provider_addr=registry.terraform.io/hashicorp/rancher2 tf_attribute_path="AttributeName(\"list_attribute\")" tf_rpc=PlanResourceChange
2026-03-20T14:45:46.733-0500 [TRACE] sdk.proto: No announced client capabilities: tf_provider_addr=registry.terraform.io/hashicorp/rancher2 tf_req_id=b5ccfa52-819b-80c8-b06a-660faa51348c tf_proto_version=6.11 tf_rpc=PlanResourceChange tf_resource_type=rancher2_dev
2026-03-20T14:45:46.733-0500 [TRACE] sdk.proto: Sending request downstream: tf_provider_addr=registry.terraform.io/hashicorp/rancher2 tf_req_id=b5ccfa52-819b-80c8-b06a-660faa51348c tf_proto_version=6.11 tf_rpc=PlanResourceChange tf_resource_type=rancher2_dev
2026-03-20T14:45:46.733-0500 [DEBUG] sdk.framework: marking computed attribute that is null in the config as unknown: tf_req_id=cec5574e-8b47-7ce0-a448-7937cb15fb4a tf_provider_addr=registry.terraform.io/hashicorp/rancher2 tf_attribute_path="AttributeName(\"float64_attribute\")" tf_rpc=PlanResourceChange tf_resource_type=rancher2_dev
2026-03-20T14:45:46.733-0500 [TRACE] sdk.framework: Checking ResourceTypes lock: tf_provider_addr=registry.terraform.io/hashicorp/rancher2 tf_rpc=PlanResourceChange tf_resource_type=rancher2_dev tf_req_id=b5ccfa52-819b-80c8-b06a-660faa51348c
2026-03-20T14:45:46.733-0500 [TRACE] sdk.framework: Checking ResourceBehaviors lock: tf_provider_addr=registry.terraform.io/hashicorp/rancher2 tf_rpc=PlanResourceChange tf_resource_type=rancher2_dev tf_req_id=b5ccfa52-819b-80c8-b06a-660faa51348c
2026-03-20T14:45:46.733-0500 [DEBUG] sdk.framework: marking computed attribute that is null in the config as unknown: tf_attribute_path="AttributeName(\"map_attribute\")" tf_rpc=PlanResourceChange tf_resource_type=rancher2_dev tf_req_id=cec5574e-8b47-7ce0-a448-7937cb15fb4a tf_provider_addr=registry.terraform.io/hashicorp/rancher2
2026-03-20T14:45:46.733-0500 [TRACE] sdk.framework: Attribute/block not null in configuration, not marking unknown: tf_rpc=PlanResourceChange tf_resource_type=rancher2_dev tf_req_id=cec5574e-8b47-7ce0-a448-7937cb15fb4a tf_provider_addr=registry.terraform.io/hashicorp/rancher2 tf_attribute_path="AttributeName(\"string_attribute\")"
2026-03-20T14:45:46.733-0500 [DEBUG] sdk.framework: marking computed attribute that is null in the config as unknown: tf_rpc=PlanResourceChange tf_resource_type=rancher2_dev tf_req_id=cec5574e-8b47-7ce0-a448-7937cb15fb4a tf_provider_addr=registry.terraform.io/hashicorp/rancher2 tf_attribute_path="AttributeName(\"float32_attribute\")"
2026-03-20T14:45:46.733-0500 [DEBUG] sdk.framework: marking computed attribute that is null in the config as unknown: tf_rpc=PlanResourceChange tf_resource_type=rancher2_dev tf_req_id=cec5574e-8b47-7ce0-a448-7937cb15fb4a tf_provider_addr=registry.terraform.io/hashicorp/rancher2 tf_attribute_path="AttributeName(\"int64_attribute\")"
2026-03-20T14:45:46.734-0500 [DEBUG] sdk.framework: marking computed attribute that is null in the config as unknown: tf_resource_type=rancher2_dev tf_req_id=cec5574e-8b47-7ce0-a448-7937cb15fb4a tf_provider_addr=registry.terraform.io/hashicorp/rancher2 tf_attribute_path="AttributeName(\"nested_object\")" tf_rpc=PlanResourceChange
2026-03-20T14:45:46.734-0500 [TRACE] sdk.framework: At least one Computed null Config value was changed to unknown: tf_resource_type=rancher2_dev tf_req_id=cec5574e-8b47-7ce0-a448-7937cb15fb4a tf_provider_addr=registry.terraform.io/hashicorp/rancher2 tf_rpc=PlanResourceChange
2026-03-20T14:45:46.734-0500 [TRACE] sdk.framework: Calling provider defined planmodifier.String: tf_req_id=cec5574e-8b47-7ce0-a448-7937cb15fb4a tf_provider_addr=registry.terraform.io/hashicorp/rancher2 tf_attribute_path=id tf_rpc=PlanResourceChange tf_resource_type=rancher2_dev description="Once set, the value of this attribute in state will not change."
2026-03-20T14:45:46.734-0500 [TRACE] sdk.framework: Called provider defined planmodifier.String: tf_resource_type=rancher2_dev tf_req_id=cec5574e-8b47-7ce0-a448-7937cb15fb4a description="Once set, the value of this attribute in state will not change." tf_provider_addr=registry.terraform.io/hashicorp/rancher2 tf_attribute_path=id tf_rpc=PlanResourceChange
2026-03-20T14:45:46.734-0500 [TRACE] sdk.framework: Type implements TypeWithValidate: tf_provider_addr=registry.terraform.io/hashicorp/rancher2 tf_rpc=PlanResourceChange tf_resource_type=rancher2_dev tf_req_id=cec5574e-8b47-7ce0-a448-7937cb15fb4a
2026-03-20T14:45:46.734-0500 [TRACE] sdk.framework: Calling provider defined Type Validate: tf_provider_addr=registry.terraform.io/hashicorp/rancher2 tf_rpc=PlanResourceChange tf_resource_type=rancher2_dev tf_req_id=cec5574e-8b47-7ce0-a448-7937cb15fb4a
2026-03-20T14:45:46.734-0500 [TRACE] sdk.framework: Called provider defined Type Validate: tf_resource_type=rancher2_dev tf_req_id=cec5574e-8b47-7ce0-a448-7937cb15fb4a tf_provider_addr=registry.terraform.io/hashicorp/rancher2 tf_rpc=PlanResourceChange
2026-03-20T14:45:46.734-0500 [TRACE] sdk.framework: Type implements TypeWithValidate: tf_resource_type=rancher2_dev tf_req_id=cec5574e-8b47-7ce0-a448-7937cb15fb4a tf_provider_addr=registry.terraform.io/hashicorp/rancher2 tf_rpc=PlanResourceChange
2026-03-20T14:45:46.734-0500 [TRACE] sdk.framework: Calling provider defined Type Validate: tf_rpc=PlanResourceChange tf_resource_type=rancher2_dev tf_req_id=cec5574e-8b47-7ce0-a448-7937cb15fb4a tf_provider_addr=registry.terraform.io/hashicorp/rancher2
2026-03-20T14:45:46.734-0500 [TRACE] sdk.framework: Called provider defined Type Validate: tf_provider_addr=registry.terraform.io/hashicorp/rancher2 tf_rpc=PlanResourceChange tf_resource_type=rancher2_dev tf_req_id=cec5574e-8b47-7ce0-a448-7937cb15fb4a
2026-03-20T14:45:46.734-0500 [TRACE] sdk.framework: Type implements TypeWithValidate: tf_provider_addr=registry.terraform.io/hashicorp/rancher2 tf_attribute_path=float64_attribute tf_rpc=PlanResourceChange tf_resource_type=rancher2_dev tf_req_id=cec5574e-8b47-7ce0-a448-7937cb15fb4a
2026-03-20T14:45:46.734-0500 [TRACE] sdk.framework: Calling provider defined Type Validate: tf_attribute_path=float64_attribute tf_rpc=PlanResourceChange tf_resource_type=rancher2_dev tf_req_id=cec5574e-8b47-7ce0-a448-7937cb15fb4a tf_provider_addr=registry.terraform.io/hashicorp/rancher2
2026-03-20T14:45:46.734-0500 [TRACE] sdk.framework: Called provider defined Type Validate: tf_attribute_path=float64_attribute tf_rpc=PlanResourceChange tf_resource_type=rancher2_dev tf_req_id=cec5574e-8b47-7ce0-a448-7937cb15fb4a tf_provider_addr=registry.terraform.io/hashicorp/rancher2
2026-03-20T14:45:46.734-0500 [TRACE] sdk.framework: Type implements TypeWithValidate: tf_resource_type=rancher2_dev tf_req_id=cec5574e-8b47-7ce0-a448-7937cb15fb4a tf_provider_addr=registry.terraform.io/hashicorp/rancher2 tf_rpc=PlanResourceChange
2026-03-20T14:45:46.734-0500 [TRACE] sdk.framework: Calling provider defined Type Validate: tf_resource_type=rancher2_dev tf_req_id=cec5574e-8b47-7ce0-a448-7937cb15fb4a tf_provider_addr=registry.terraform.io/hashicorp/rancher2 tf_rpc=PlanResourceChange
2026-03-20T14:45:46.734-0500 [TRACE] sdk.framework: Called provider defined Type Validate: tf_rpc=PlanResourceChange tf_resource_type=rancher2_dev tf_req_id=cec5574e-8b47-7ce0-a448-7937cb15fb4a tf_provider_addr=registry.terraform.io/hashicorp/rancher2
2026-03-20T14:45:46.734-0500 [TRACE] sdk.framework: Type implements TypeWithValidate: tf_rpc=PlanResourceChange tf_resource_type=rancher2_dev tf_req_id=cec5574e-8b47-7ce0-a448-7937cb15fb4a tf_provider_addr=registry.terraform.io/hashicorp/rancher2
2026-03-20T14:45:46.734-0500 [TRACE] sdk.framework: Calling provider defined Type Validate: tf_rpc=PlanResourceChange tf_resource_type=rancher2_dev tf_req_id=cec5574e-8b47-7ce0-a448-7937cb15fb4a tf_provider_addr=registry.terraform.io/hashicorp/rancher2
2026-03-20T14:45:46.734-0500 [TRACE] sdk.framework: Called provider defined Type Validate: tf_resource_type=rancher2_dev tf_req_id=cec5574e-8b47-7ce0-a448-7937cb15fb4a tf_provider_addr=registry.terraform.io/hashicorp/rancher2 tf_rpc=PlanResourceChange
2026-03-20T14:45:46.734-0500 [TRACE] sdk.framework: Type implements TypeWithValidate: tf_attribute_path=list_attribute tf_rpc=PlanResourceChange tf_resource_type=rancher2_dev tf_req_id=cec5574e-8b47-7ce0-a448-7937cb15fb4a tf_provider_addr=registry.terraform.io/hashicorp/rancher2
2026-03-20T14:45:46.734-0500 [TRACE] sdk.framework: Calling provider defined Type Validate: tf_req_id=cec5574e-8b47-7ce0-a448-7937cb15fb4a tf_provider_addr=registry.terraform.io/hashicorp/rancher2 tf_attribute_path=list_attribute tf_rpc=PlanResourceChange tf_resource_type=rancher2_dev
2026-03-20T14:45:46.734-0500 [TRACE] sdk.framework: Called provider defined Type Validate: tf_req_id=cec5574e-8b47-7ce0-a448-7937cb15fb4a tf_provider_addr=registry.terraform.io/hashicorp/rancher2 tf_attribute_path=list_attribute tf_rpc=PlanResourceChange tf_resource_type=rancher2_dev
2026-03-20T14:45:46.734-0500 [TRACE] sdk.framework: Type implements TypeWithValidate: tf_resource_type=rancher2_dev tf_req_id=cec5574e-8b47-7ce0-a448-7937cb15fb4a tf_provider_addr=registry.terraform.io/hashicorp/rancher2 tf_rpc=PlanResourceChange
2026-03-20T14:45:46.734-0500 [TRACE] sdk.framework: Calling provider defined Type Validate: tf_req_id=cec5574e-8b47-7ce0-a448-7937cb15fb4a tf_provider_addr=registry.terraform.io/hashicorp/rancher2 tf_rpc=PlanResourceChange tf_resource_type=rancher2_dev
2026-03-20T14:45:46.734-0500 [TRACE] sdk.framework: Called provider defined Type Validate: tf_resource_type=rancher2_dev tf_req_id=cec5574e-8b47-7ce0-a448-7937cb15fb4a tf_provider_addr=registry.terraform.io/hashicorp/rancher2 tf_rpc=PlanResourceChange
2026-03-20T14:45:46.734-0500 [TRACE] sdk.framework: Type implements TypeWithValidate: tf_rpc=PlanResourceChange tf_resource_type=rancher2_dev tf_req_id=cec5574e-8b47-7ce0-a448-7937cb15fb4a tf_provider_addr=registry.terraform.io/hashicorp/rancher2
2026-03-20T14:45:46.734-0500 [TRACE] sdk.framework: Calling provider defined Type Validate: tf_rpc=PlanResourceChange tf_resource_type=rancher2_dev tf_req_id=cec5574e-8b47-7ce0-a448-7937cb15fb4a tf_provider_addr=registry.terraform.io/hashicorp/rancher2
2026-03-20T14:45:46.734-0500 [TRACE] sdk.framework: Called provider defined Type Validate: tf_rpc=PlanResourceChange tf_resource_type=rancher2_dev tf_req_id=cec5574e-8b47-7ce0-a448-7937cb15fb4a tf_provider_addr=registry.terraform.io/hashicorp/rancher2
2026-03-20T14:45:46.734-0500 [TRACE] sdk.framework: Type implements TypeWithValidate: tf_rpc=PlanResourceChange tf_resource_type=rancher2_dev tf_req_id=cec5574e-8b47-7ce0-a448-7937cb15fb4a tf_provider_addr=registry.terraform.io/hashicorp/rancher2 tf_attribute_path=int64_attribute
2026-03-20T14:45:46.734-0500 [TRACE] sdk.framework: Calling provider defined Type Validate: tf_provider_addr=registry.terraform.io/hashicorp/rancher2 tf_attribute_path=int64_attribute tf_rpc=PlanResourceChange tf_resource_type=rancher2_dev tf_req_id=cec5574e-8b47-7ce0-a448-7937cb15fb4a
2026-03-20T14:45:46.734-0500 [TRACE] sdk.framework: Called provider defined Type Validate: tf_rpc=PlanResourceChange tf_resource_type=rancher2_dev tf_req_id=cec5574e-8b47-7ce0-a448-7937cb15fb4a tf_provider_addr=registry.terraform.io/hashicorp/rancher2 tf_attribute_path=int64_attribute
2026-03-20T14:45:46.734-0500 [TRACE] sdk.framework: Type implements TypeWithValidate: tf_resource_type=rancher2_dev tf_req_id=cec5574e-8b47-7ce0-a448-7937cb15fb4a tf_provider_addr=registry.terraform.io/hashicorp/rancher2 tf_rpc=PlanResourceChange
2026-03-20T14:45:46.734-0500 [TRACE] sdk.framework: Calling provider defined Type Validate: tf_provider_addr=registry.terraform.io/hashicorp/rancher2 tf_rpc=PlanResourceChange tf_resource_type=rancher2_dev tf_req_id=cec5574e-8b47-7ce0-a448-7937cb15fb4a
2026-03-20T14:45:46.734-0500 [TRACE] sdk.framework: Called provider defined Type Validate: tf_req_id=cec5574e-8b47-7ce0-a448-7937cb15fb4a tf_provider_addr=registry.terraform.io/hashicorp/rancher2 tf_rpc=PlanResourceChange tf_resource_type=rancher2_dev
2026-03-20T14:45:46.734-0500 [TRACE] sdk.framework: Type implements TypeWithValidate: tf_provider_addr=registry.terraform.io/hashicorp/rancher2 tf_rpc=PlanResourceChange tf_resource_type=rancher2_dev tf_req_id=cec5574e-8b47-7ce0-a448-7937cb15fb4a
2026-03-20T14:45:46.734-0500 [TRACE] sdk.framework: Calling provider defined Type Validate: tf_req_id=cec5574e-8b47-7ce0-a448-7937cb15fb4a tf_provider_addr=registry.terraform.io/hashicorp/rancher2 tf_rpc=PlanResourceChange tf_resource_type=rancher2_dev
2026-03-20T14:45:46.734-0500 [TRACE] sdk.framework: Called provider defined Type Validate: tf_req_id=cec5574e-8b47-7ce0-a448-7937cb15fb4a tf_provider_addr=registry.terraform.io/hashicorp/rancher2 tf_rpc=PlanResourceChange tf_resource_type=rancher2_dev
2026-03-20T14:45:46.734-0500 [TRACE] sdk.framework: Type implements TypeWithValidate: tf_attribute_path=map_attribute tf_rpc=PlanResourceChange tf_resource_type=rancher2_dev tf_req_id=cec5574e-8b47-7ce0-a448-7937cb15fb4a tf_provider_addr=registry.terraform.io/hashicorp/rancher2
2026-03-20T14:45:46.734-0500 [TRACE] sdk.framework: Calling provider defined Type Validate: tf_rpc=PlanResourceChange tf_resource_type=rancher2_dev tf_req_id=cec5574e-8b47-7ce0-a448-7937cb15fb4a tf_provider_addr=registry.terraform.io/hashicorp/rancher2 tf_attribute_path=map_attribute
2026-03-20T14:45:46.734-0500 [TRACE] sdk.framework: Called provider defined Type Validate: tf_rpc=PlanResourceChange tf_resource_type=rancher2_dev tf_req_id=cec5574e-8b47-7ce0-a448-7937cb15fb4a tf_provider_addr=registry.terraform.io/hashicorp/rancher2 tf_attribute_path=map_attribute
2026-03-20T14:45:46.734-0500 [TRACE] sdk.framework: Type implements TypeWithValidate: tf_provider_addr=registry.terraform.io/hashicorp/rancher2 tf_rpc=PlanResourceChange tf_resource_type=rancher2_dev tf_req_id=cec5574e-8b47-7ce0-a448-7937cb15fb4a
2026-03-20T14:45:46.734-0500 [TRACE] sdk.framework: Calling provider defined Type Validate: tf_rpc=PlanResourceChange tf_resource_type=rancher2_dev tf_req_id=cec5574e-8b47-7ce0-a448-7937cb15fb4a tf_provider_addr=registry.terraform.io/hashicorp/rancher2
2026-03-20T14:45:46.734-0500 [TRACE] sdk.framework: Called provider defined Type Validate: tf_resource_type=rancher2_dev tf_req_id=cec5574e-8b47-7ce0-a448-7937cb15fb4a tf_provider_addr=registry.terraform.io/hashicorp/rancher2 tf_rpc=PlanResourceChange
2026-03-20T14:45:46.734-0500 [TRACE] sdk.framework: Type implements TypeWithValidate: tf_req_id=cec5574e-8b47-7ce0-a448-7937cb15fb4a tf_provider_addr=registry.terraform.io/hashicorp/rancher2 tf_rpc=PlanResourceChange tf_resource_type=rancher2_dev
2026-03-20T14:45:46.734-0500 [TRACE] sdk.framework: Calling provider defined Type Validate: tf_provider_addr=registry.terraform.io/hashicorp/rancher2 tf_rpc=PlanResourceChange tf_resource_type=rancher2_dev tf_req_id=cec5574e-8b47-7ce0-a448-7937cb15fb4a
2026-03-20T14:45:46.734-0500 [TRACE] sdk.framework: Called provider defined Type Validate: tf_resource_type=rancher2_dev tf_req_id=cec5574e-8b47-7ce0-a448-7937cb15fb4a tf_provider_addr=registry.terraform.io/hashicorp/rancher2 tf_rpc=PlanResourceChange
2026-03-20T14:45:46.734-0500 [TRACE] sdk.framework: Type implements TypeWithValidate: tf_req_id=cec5574e-8b47-7ce0-a448-7937cb15fb4a tf_provider_addr=registry.terraform.io/hashicorp/rancher2 tf_rpc=PlanResourceChange tf_resource_type=rancher2_dev tf_attribute_path=set_attribute
2026-03-20T14:45:46.734-0500 [TRACE] sdk.framework: Calling provider defined Type Validate: tf_resource_type=rancher2_dev tf_attribute_path=set_attribute tf_req_id=cec5574e-8b47-7ce0-a448-7937cb15fb4a tf_provider_addr=registry.terraform.io/hashicorp/rancher2 tf_rpc=PlanResourceChange
2026-03-20T14:45:46.734-0500 [TRACE] sdk.framework: Called provider defined Type Validate: tf_provider_addr=registry.terraform.io/hashicorp/rancher2 tf_rpc=PlanResourceChange tf_resource_type=rancher2_dev tf_attribute_path=set_attribute tf_req_id=cec5574e-8b47-7ce0-a448-7937cb15fb4a
2026-03-20T14:45:46.734-0500 [TRACE] sdk.framework: Type implements TypeWithValidate: tf_resource_type=rancher2_dev tf_req_id=cec5574e-8b47-7ce0-a448-7937cb15fb4a tf_provider_addr=registry.terraform.io/hashicorp/rancher2 tf_rpc=PlanResourceChange
2026-03-20T14:45:46.734-0500 [TRACE] sdk.framework: Calling provider defined Type Validate: tf_rpc=PlanResourceChange tf_resource_type=rancher2_dev tf_req_id=cec5574e-8b47-7ce0-a448-7937cb15fb4a tf_provider_addr=registry.terraform.io/hashicorp/rancher2
2026-03-20T14:45:46.734-0500 [TRACE] sdk.framework: Called provider defined Type Validate: tf_rpc=PlanResourceChange tf_resource_type=rancher2_dev tf_req_id=cec5574e-8b47-7ce0-a448-7937cb15fb4a tf_provider_addr=registry.terraform.io/hashicorp/rancher2
2026-03-20T14:45:46.734-0500 [TRACE] sdk.framework: Type implements TypeWithValidate: tf_rpc=PlanResourceChange tf_resource_type=rancher2_dev tf_req_id=cec5574e-8b47-7ce0-a448-7937cb15fb4a tf_provider_addr=registry.terraform.io/hashicorp/rancher2
2026-03-20T14:45:46.734-0500 [TRACE] sdk.framework: Calling provider defined Type Validate: tf_resource_type=rancher2_dev tf_req_id=cec5574e-8b47-7ce0-a448-7937cb15fb4a tf_provider_addr=registry.terraform.io/hashicorp/rancher2 tf_rpc=PlanResourceChange
2026-03-20T14:45:46.734-0500 [TRACE] sdk.framework: Called provider defined Type Validate: tf_rpc=PlanResourceChange tf_resource_type=rancher2_dev tf_req_id=cec5574e-8b47-7ce0-a448-7937cb15fb4a tf_provider_addr=registry.terraform.io/hashicorp/rancher2
2026-03-20T14:45:46.734-0500 [TRACE] sdk.framework: Type implements TypeWithValidate: tf_attribute_path=nested_object_list tf_rpc=PlanResourceChange tf_resource_type=rancher2_dev tf_req_id=cec5574e-8b47-7ce0-a448-7937cb15fb4a tf_provider_addr=registry.terraform.io/hashicorp/rancher2
2026-03-20T14:45:46.734-0500 [TRACE] sdk.framework: Calling provider defined Type Validate: tf_rpc=PlanResourceChange tf_resource_type=rancher2_dev tf_req_id=cec5574e-8b47-7ce0-a448-7937cb15fb4a tf_provider_addr=registry.terraform.io/hashicorp/rancher2 tf_attribute_path=nested_object_list
2026-03-20T14:45:46.734-0500 [TRACE] sdk.framework: Called provider defined Type Validate: tf_resource_type=rancher2_dev tf_req_id=cec5574e-8b47-7ce0-a448-7937cb15fb4a tf_provider_addr=registry.terraform.io/hashicorp/rancher2 tf_attribute_path=nested_object_list tf_rpc=PlanResourceChange
2026-03-20T14:45:46.734-0500 [TRACE] sdk.framework: Resource implements ResourceWithConfigure: tf_req_id=b5ccfa52-819b-80c8-b06a-660faa51348c tf_provider_addr=registry.terraform.io/hashicorp/rancher2 tf_rpc=PlanResourceChange tf_resource_type=rancher2_dev
2026-03-20T14:45:46.734-0500 [TRACE] sdk.framework: Calling provider defined Resource Configure: tf_resource_type=rancher2_dev tf_req_id=b5ccfa52-819b-80c8-b06a-660faa51348c tf_provider_addr=registry.terraform.io/hashicorp/rancher2 tf_rpc=PlanResourceChange
2026-03-20T14:45:46.734-0500 [DEBUG] rancher2: Rancher2_Dev_Resource Configure request: resource.ConfigureRequest{ProviderData:(*client.HttpClient)(0x1f9c5c3b2000)}: tf_req_id=b5ccfa52-819b-80c8-b06a-660faa51348c tf_provider_addr=registry.terraform.io/hashicorp/rancher2 tf_rpc=PlanResourceChange tf_resource_type=rancher2_dev
2026-03-20T14:45:46.734-0500 [DEBUG] rancher2: Rancher2_Dev_Resource Configure object: &rancher2_dev.RancherDevResource{client:client.Client(nil)}: tf_resource_type=rancher2_dev tf_req_id=b5ccfa52-819b-80c8-b06a-660faa51348c tf_provider_addr=registry.terraform.io/hashicorp/rancher2 tf_rpc=PlanResourceChange
2026-03-20T14:45:46.734-0500 [DEBUG] rancher2: Rancher2_Dev_Resource Configure object after config: &rancher2_dev.RancherDevResource{client:(*client.HttpClient)(0x1f9c5c3b2000)}: tf_provider_addr=registry.terraform.io/hashicorp/rancher2 tf_rpc=PlanResourceChange tf_resource_type=rancher2_dev tf_req_id=b5ccfa52-819b-80c8-b06a-660faa51348c
2026-03-20T14:45:46.734-0500 [DEBUG] rancher2: Rancher2_Dev_Resource Configure response: &resource.ConfigureResponse{Diagnostics:diag.Diagnostics(nil)}: tf_resource_type=rancher2_dev tf_req_id=b5ccfa52-819b-80c8-b06a-660faa51348c tf_provider_addr=registry.terraform.io/hashicorp/rancher2 tf_rpc=PlanResourceChange
2026-03-20T14:45:46.734-0500 [TRACE] sdk.framework: Type implements TypeWithValidate: tf_req_id=cec5574e-8b47-7ce0-a448-7937cb15fb4a tf_provider_addr=registry.terraform.io/hashicorp/rancher2 tf_rpc=PlanResourceChange tf_resource_type=rancher2_dev
2026-03-20T14:45:46.734-0500 [TRACE] sdk.framework: Calling provider defined Type Validate: tf_rpc=PlanResourceChange tf_resource_type=rancher2_dev tf_req_id=cec5574e-8b47-7ce0-a448-7937cb15fb4a tf_provider_addr=registry.terraform.io/hashicorp/rancher2
2026-03-20T14:45:46.734-0500 [TRACE] sdk.framework: Called provider defined Type Validate: tf_req_id=cec5574e-8b47-7ce0-a448-7937cb15fb4a tf_provider_addr=registry.terraform.io/hashicorp/rancher2 tf_rpc=PlanResourceChange tf_resource_type=rancher2_dev
2026-03-20T14:45:46.734-0500 [TRACE] sdk.framework: Type implements TypeWithValidate: tf_rpc=PlanResourceChange tf_resource_type=rancher2_dev tf_req_id=cec5574e-8b47-7ce0-a448-7937cb15fb4a tf_provider_addr=registry.terraform.io/hashicorp/rancher2
2026-03-20T14:45:46.734-0500 [TRACE] sdk.framework: Calling provider defined Type Validate: tf_req_id=cec5574e-8b47-7ce0-a448-7937cb15fb4a tf_provider_addr=registry.terraform.io/hashicorp/rancher2 tf_rpc=PlanResourceChange tf_resource_type=rancher2_dev
2026-03-20T14:45:46.734-0500 [TRACE] sdk.framework: Called provider defined Type Validate: tf_req_id=cec5574e-8b47-7ce0-a448-7937cb15fb4a tf_provider_addr=registry.terraform.io/hashicorp/rancher2 tf_rpc=PlanResourceChange tf_resource_type=rancher2_dev
2026-03-20T14:45:46.734-0500 [TRACE] sdk.framework: Called provider defined Resource Configure: tf_rpc=PlanResourceChange tf_resource_type=rancher2_dev tf_req_id=b5ccfa52-819b-80c8-b06a-660faa51348c tf_provider_addr=registry.terraform.io/hashicorp/rancher2
2026-03-20T14:45:46.734-0500 [TRACE] sdk.framework: Type implements TypeWithValidate: tf_provider_addr=registry.terraform.io/hashicorp/rancher2 tf_attribute_path=nested_object_map tf_rpc=PlanResourceChange tf_resource_type=rancher2_dev tf_req_id=cec5574e-8b47-7ce0-a448-7937cb15fb4a
2026-03-20T14:45:46.734-0500 [TRACE] sdk.framework: Calling provider defined Type Validate: tf_provider_addr=registry.terraform.io/hashicorp/rancher2 tf_attribute_path=nested_object_map tf_rpc=PlanResourceChange tf_resource_type=rancher2_dev tf_req_id=cec5574e-8b47-7ce0-a448-7937cb15fb4a
2026-03-20T14:45:46.734-0500 [TRACE] sdk.framework: Called provider defined Type Validate: tf_req_id=cec5574e-8b47-7ce0-a448-7937cb15fb4a tf_provider_addr=registry.terraform.io/hashicorp/rancher2 tf_attribute_path=nested_object_map tf_rpc=PlanResourceChange tf_resource_type=rancher2_dev
2026-03-20T14:45:46.734-0500 [TRACE] sdk.framework: attribute is a non-schema attribute, not setting default: tf_provider_addr=registry.terraform.io/hashicorp/rancher2 tf_rpc=PlanResourceChange tf_resource_type=rancher2_dev tf_req_id=b5ccfa52-819b-80c8-b06a-660faa51348c
2026-03-20T14:45:46.734-0500 [TRACE] sdk.framework: attribute is a non-schema attribute, not setting default: tf_rpc=PlanResourceChange tf_resource_type=rancher2_dev tf_req_id=b5ccfa52-819b-80c8-b06a-660faa51348c tf_provider_addr=registry.terraform.io/hashicorp/rancher2
2026-03-20T14:45:46.734-0500 [TRACE] sdk.framework: attribute is a non-schema attribute, not setting default: tf_rpc=PlanResourceChange tf_resource_type=rancher2_dev tf_req_id=b5ccfa52-819b-80c8-b06a-660faa51348c tf_provider_addr=registry.terraform.io/hashicorp/rancher2
2026-03-20T14:45:46.734-0500 [TRACE] sdk.framework: attribute is a non-schema attribute, not setting default: tf_req_id=b5ccfa52-819b-80c8-b06a-660faa51348c tf_provider_addr=registry.terraform.io/hashicorp/rancher2 tf_rpc=PlanResourceChange tf_resource_type=rancher2_dev
2026-03-20T14:45:46.734-0500 [TRACE] sdk.framework: Type implements TypeWithValidate: tf_req_id=b5ccfa52-819b-80c8-b06a-660faa51348c tf_provider_addr=registry.terraform.io/hashicorp/rancher2 tf_rpc=PlanResourceChange tf_resource_type=rancher2_dev
2026-03-20T14:45:46.734-0500 [TRACE] sdk.framework: Calling provider defined Type Validate: tf_resource_type=rancher2_dev tf_req_id=b5ccfa52-819b-80c8-b06a-660faa51348c tf_provider_addr=registry.terraform.io/hashicorp/rancher2 tf_rpc=PlanResourceChange
2026-03-20T14:45:46.734-0500 [TRACE] sdk.framework: Called provider defined Type Validate: tf_req_id=b5ccfa52-819b-80c8-b06a-660faa51348c tf_provider_addr=registry.terraform.io/hashicorp/rancher2 tf_rpc=PlanResourceChange tf_resource_type=rancher2_dev
2026-03-20T14:45:46.734-0500 [TRACE] sdk.framework: Type implements TypeWithValidate: tf_provider_addr=registry.terraform.io/hashicorp/rancher2 tf_rpc=PlanResourceChange tf_resource_type=rancher2_dev tf_req_id=b5ccfa52-819b-80c8-b06a-660faa51348c
2026-03-20T14:45:46.734-0500 [TRACE] sdk.framework: Calling provider defined Type Validate: tf_resource_type=rancher2_dev tf_req_id=b5ccfa52-819b-80c8-b06a-660faa51348c tf_provider_addr=registry.terraform.io/hashicorp/rancher2 tf_rpc=PlanResourceChange
2026-03-20T14:45:46.734-0500 [TRACE] sdk.framework: Called provider defined Type Validate: tf_rpc=PlanResourceChange tf_resource_type=rancher2_dev tf_req_id=b5ccfa52-819b-80c8-b06a-660faa51348c tf_provider_addr=registry.terraform.io/hashicorp/rancher2
2026-03-20T14:45:46.734-0500 [TRACE] sdk.proto: Received downstream response: tf_req_duration_ms=1 tf_req_id=cec5574e-8b47-7ce0-a448-7937cb15fb4a tf_provider_addr=registry.terraform.io/hashicorp/rancher2 tf_proto_version=6.11 tf_rpc=PlanResourceChange tf_resource_type=rancher2_dev diagnostic_error_count=0 diagnostic_warning_count=0
2026-03-20T14:45:46.734-0500 [TRACE] sdk.proto: Served request: tf_proto_version=6.11 tf_rpc=PlanResourceChange tf_resource_type=rancher2_dev tf_req_id=cec5574e-8b47-7ce0-a448-7937cb15fb4a tf_provider_addr=registry.terraform.io/hashicorp/rancher2
2026-03-20T14:45:46.734-0500 [TRACE] sdk.framework: attribute is a non-schema attribute, not setting default: tf_req_id=b5ccfa52-819b-80c8-b06a-660faa51348c tf_provider_addr=registry.terraform.io/hashicorp/rancher2 tf_rpc=PlanResourceChange tf_resource_type=rancher2_dev
2026-03-20T14:45:46.734-0500 [TRACE] sdk.framework: Type implements TypeWithValidate: tf_req_id=b5ccfa52-819b-80c8-b06a-660faa51348c tf_provider_addr=registry.terraform.io/hashicorp/rancher2 tf_rpc=PlanResourceChange tf_resource_type=rancher2_dev
2026-03-20T14:45:46.734-0500 [TRACE] sdk.framework: Calling provider defined Type Validate: tf_req_id=b5ccfa52-819b-80c8-b06a-660faa51348c tf_provider_addr=registry.terraform.io/hashicorp/rancher2 tf_rpc=PlanResourceChange tf_resource_type=rancher2_dev
2026-03-20T14:45:46.734-0500 [TRACE] sdk.framework: Called provider defined Type Validate: tf_rpc=PlanResourceChange tf_resource_type=rancher2_dev tf_req_id=b5ccfa52-819b-80c8-b06a-660faa51348c tf_provider_addr=registry.terraform.io/hashicorp/rancher2
2026-03-20T14:45:46.734-0500 [TRACE] sdk.framework: attribute is a non-schema attribute, not setting default: tf_req_id=b5ccfa52-819b-80c8-b06a-660faa51348c tf_provider_addr=registry.terraform.io/hashicorp/rancher2 tf_rpc=PlanResourceChange tf_resource_type=rancher2_dev
2026-03-20T14:45:46.734-0500 [TRACE] sdk.framework: attribute is a non-schema attribute, not setting default: tf_req_id=b5ccfa52-819b-80c8-b06a-660faa51348c tf_provider_addr=registry.terraform.io/hashicorp/rancher2 tf_rpc=PlanResourceChange tf_resource_type=rancher2_dev
2026-03-20T14:45:46.734-0500 [TRACE] sdk.framework: Type implements TypeWithValidate: tf_rpc=PlanResourceChange tf_resource_type=rancher2_dev tf_req_id=b5ccfa52-819b-80c8-b06a-660faa51348c tf_provider_addr=registry.terraform.io/hashicorp/rancher2
2026-03-20T14:45:46.734-0500 [TRACE] sdk.framework: Calling provider defined Type Validate: tf_req_id=b5ccfa52-819b-80c8-b06a-660faa51348c tf_provider_addr=registry.terraform.io/hashicorp/rancher2 tf_rpc=PlanResourceChange tf_resource_type=rancher2_dev
2026-03-20T14:45:46.734-0500 [TRACE] sdk.framework: Called provider defined Type Validate: tf_req_id=b5ccfa52-819b-80c8-b06a-660faa51348c tf_provider_addr=registry.terraform.io/hashicorp/rancher2 tf_rpc=PlanResourceChange tf_resource_type=rancher2_dev
2026-03-20T14:45:46.734-0500 [TRACE] sdk.framework: attribute is a non-schema attribute, not setting default: tf_rpc=PlanResourceChange tf_resource_type=rancher2_dev tf_req_id=b5ccfa52-819b-80c8-b06a-660faa51348c tf_provider_addr=registry.terraform.io/hashicorp/rancher2
2026-03-20T14:45:46.734-0500 [TRACE] sdk.framework: Type implements TypeWithValidate: tf_req_id=b5ccfa52-819b-80c8-b06a-660faa51348c tf_provider_addr=registry.terraform.io/hashicorp/rancher2 tf_rpc=PlanResourceChange tf_resource_type=rancher2_dev
2026-03-20T14:45:46.734-0500 [TRACE] sdk.framework: Calling provider defined Type Validate: tf_resource_type=rancher2_dev tf_req_id=b5ccfa52-819b-80c8-b06a-660faa51348c tf_provider_addr=registry.terraform.io/hashicorp/rancher2 tf_rpc=PlanResourceChange
2026-03-20T14:45:46.734-0500 [TRACE] sdk.framework: Called provider defined Type Validate: tf_req_id=b5ccfa52-819b-80c8-b06a-660faa51348c tf_provider_addr=registry.terraform.io/hashicorp/rancher2 tf_rpc=PlanResourceChange tf_resource_type=rancher2_dev
2026-03-20T14:45:46.734-0500 [TRACE] sdk.framework: Type implements TypeWithValidate: tf_req_id=b5ccfa52-819b-80c8-b06a-660faa51348c tf_provider_addr=registry.terraform.io/hashicorp/rancher2 tf_rpc=PlanResourceChange tf_resource_type=rancher2_dev
2026-03-20T14:45:46.734-0500 [TRACE] sdk.framework: Calling provider defined Type Validate: tf_req_id=b5ccfa52-819b-80c8-b06a-660faa51348c tf_provider_addr=registry.terraform.io/hashicorp/rancher2 tf_rpc=PlanResourceChange tf_resource_type=rancher2_dev
2026-03-20T14:45:46.734-0500 [TRACE] sdk.framework: Called provider defined Type Validate: tf_rpc=PlanResourceChange tf_resource_type=rancher2_dev tf_req_id=b5ccfa52-819b-80c8-b06a-660faa51348c tf_provider_addr=registry.terraform.io/hashicorp/rancher2
2026-03-20T14:45:46.734-0500 [TRACE] sdk.framework: attribute is a non-schema attribute, not setting default: tf_resource_type=rancher2_dev tf_req_id=b5ccfa52-819b-80c8-b06a-660faa51348c tf_provider_addr=registry.terraform.io/hashicorp/rancher2 tf_rpc=PlanResourceChange
2026-03-20T14:45:46.734-0500 [TRACE] sdk.framework: attribute is a non-schema attribute, not setting default: tf_provider_addr=registry.terraform.io/hashicorp/rancher2 tf_rpc=PlanResourceChange tf_resource_type=rancher2_dev tf_req_id=b5ccfa52-819b-80c8-b06a-660faa51348c
2026-03-20T14:45:46.734-0500 [TRACE] sdk.framework: attribute is a non-schema attribute, not setting default: tf_rpc=PlanResourceChange tf_resource_type=rancher2_dev tf_req_id=b5ccfa52-819b-80c8-b06a-660faa51348c tf_provider_addr=registry.terraform.io/hashicorp/rancher2
2026-03-20T14:45:46.734-0500 [TRACE] sdk.framework: attribute is a non-schema attribute, not setting default: tf_resource_type=rancher2_dev tf_req_id=b5ccfa52-819b-80c8-b06a-660faa51348c tf_provider_addr=registry.terraform.io/hashicorp/rancher2 tf_rpc=PlanResourceChange
2026-03-20T14:45:46.734-0500 [TRACE] sdk.framework: Type implements TypeWithValidate: tf_resource_type=rancher2_dev tf_req_id=b5ccfa52-819b-80c8-b06a-660faa51348c tf_provider_addr=registry.terraform.io/hashicorp/rancher2 tf_rpc=PlanResourceChange
2026-03-20T14:45:46.734-0500 [TRACE] sdk.framework: Calling provider defined Type Validate: tf_resource_type=rancher2_dev tf_req_id=b5ccfa52-819b-80c8-b06a-660faa51348c tf_provider_addr=registry.terraform.io/hashicorp/rancher2 tf_rpc=PlanResourceChange
2026-03-20T14:45:46.734-0500 [TRACE] sdk.framework: Called provider defined Type Validate: tf_provider_addr=registry.terraform.io/hashicorp/rancher2 tf_rpc=PlanResourceChange tf_resource_type=rancher2_dev tf_req_id=b5ccfa52-819b-80c8-b06a-660faa51348c
2026-03-20T14:45:46.734-0500 [TRACE] sdk.framework: attribute is a non-schema attribute, not nullifying: tf_rpc=PlanResourceChange tf_resource_type=rancher2_dev tf_attribute_path="AttributeName(\"set_attribute\").ElementKeyValue(tftypes.String<\"a\">)" tf_req_id=b5ccfa52-819b-80c8-b06a-660faa51348c tf_provider_addr=registry.terraform.io/hashicorp/rancher2
2026-03-20T14:45:46.734-0500 [TRACE] sdk.framework: attribute is a non-schema attribute, not nullifying: tf_attribute_path="AttributeName(\"set_attribute\").ElementKeyValue(tftypes.String<\"is\">)" tf_req_id=b5ccfa52-819b-80c8-b06a-660faa51348c tf_provider_addr=registry.terraform.io/hashicorp/rancher2 tf_rpc=PlanResourceChange tf_resource_type=rancher2_dev
2026-03-20T14:45:46.734-0500 [TRACE] sdk.framework: attribute is a non-schema attribute, not nullifying: tf_rpc=PlanResourceChange tf_resource_type=rancher2_dev tf_attribute_path="AttributeName(\"set_attribute\").ElementKeyValue(tftypes.String<\"set\">)" tf_req_id=b5ccfa52-819b-80c8-b06a-660faa51348c tf_provider_addr=registry.terraform.io/hashicorp/rancher2
2026-03-20T14:45:46.734-0500 [TRACE] sdk.framework: attribute is a non-schema attribute, not nullifying: tf_req_id=b5ccfa52-819b-80c8-b06a-660faa51348c tf_provider_addr=registry.terraform.io/hashicorp/rancher2 tf_rpc=PlanResourceChange tf_resource_type=rancher2_dev tf_attribute_path="AttributeName(\"set_attribute\").ElementKeyValue(tftypes.String<\"this\">)"
2026-03-20T14:45:46.734-0500 [TRACE] sdk.framework: attribute is a non-schema attribute, not nullifying: tf_provider_addr=registry.terraform.io/hashicorp/rancher2 tf_rpc=PlanResourceChange tf_resource_type=rancher2_dev tf_attribute_path="AttributeName(\"nested_object_list\").ElementKeyInt(0)" tf_req_id=b5ccfa52-819b-80c8-b06a-660faa51348c
2026-03-20T14:45:46.734-0500 [TRACE] sdk.framework: attribute is a non-schema attribute, not nullifying: tf_rpc=PlanResourceChange tf_resource_type=rancher2_dev tf_attribute_path="AttributeName(\"list_attribute\").ElementKeyInt(0)" tf_req_id=b5ccfa52-819b-80c8-b06a-660faa51348c tf_provider_addr=registry.terraform.io/hashicorp/rancher2
2026-03-20T14:45:46.734-0500 [TRACE] sdk.framework: attribute is a non-schema attribute, not nullifying: tf_rpc=PlanResourceChange tf_resource_type=rancher2_dev tf_attribute_path="AttributeName(\"list_attribute\").ElementKeyInt(1)" tf_req_id=b5ccfa52-819b-80c8-b06a-660faa51348c tf_provider_addr=registry.terraform.io/hashicorp/rancher2
2026-03-20T14:45:46.734-0500 [TRACE] sdk.framework: attribute is a non-schema attribute, not nullifying: tf_rpc=PlanResourceChange tf_resource_type=rancher2_dev tf_attribute_path="AttributeName(\"list_attribute\").ElementKeyInt(2)" tf_req_id=b5ccfa52-819b-80c8-b06a-660faa51348c tf_provider_addr=registry.terraform.io/hashicorp/rancher2
2026-03-20T14:45:46.734-0500 [TRACE] sdk.framework: attribute is a non-schema attribute, not nullifying: tf_rpc=PlanResourceChange tf_resource_type=rancher2_dev tf_attribute_path="AttributeName(\"list_attribute\").ElementKeyInt(3)" tf_req_id=b5ccfa52-819b-80c8-b06a-660faa51348c tf_provider_addr=registry.terraform.io/hashicorp/rancher2
2026-03-20T14:45:46.734-0500 [TRACE] sdk.framework: attribute is a non-schema attribute, not nullifying: tf_provider_addr=registry.terraform.io/hashicorp/rancher2 tf_rpc=PlanResourceChange tf_resource_type=rancher2_dev tf_attribute_path="AttributeName(\"map_attribute\").ElementKeyString(\"this\")" tf_req_id=b5ccfa52-819b-80c8-b06a-660faa51348c
2026-03-20T14:45:46.734-0500 [TRACE] sdk.framework: attribute is a non-schema attribute, not nullifying: tf_req_id=b5ccfa52-819b-80c8-b06a-660faa51348c tf_provider_addr=registry.terraform.io/hashicorp/rancher2 tf_rpc=PlanResourceChange tf_resource_type=rancher2_dev tf_attribute_path="AttributeName(\"map_attribute\").ElementKeyString(\"a\")"
2026-03-20T14:45:46.734-0500 [TRACE] sdk.framework: attribute is a non-schema attribute, not nullifying: tf_attribute_path="AttributeName(\"nested_object_map\").ElementKeyString(\"first\")" tf_req_id=b5ccfa52-819b-80c8-b06a-660faa51348c tf_provider_addr=registry.terraform.io/hashicorp/rancher2 tf_rpc=PlanResourceChange tf_resource_type=rancher2_dev
2026-03-20T14:45:46.734-0500 [DEBUG] sdk.framework: Marking Computed attributes with null configuration values as unknown (known after apply) in the plan to prevent potential Terraform errors: tf_req_id=b5ccfa52-819b-80c8-b06a-660faa51348c tf_provider_addr=registry.terraform.io/hashicorp/rancher2 tf_rpc=PlanResourceChange tf_resource_type=rancher2_dev
2026-03-20T14:45:46.734-0500 [TRACE] sdk.framework: Attribute/block not null in configuration, not marking unknown: tf_provider_addr=registry.terraform.io/hashicorp/rancher2 tf_rpc=PlanResourceChange tf_resource_type=rancher2_dev tf_req_id=b5ccfa52-819b-80c8-b06a-660faa51348c tf_attribute_path="AttributeName(\"bool_attribute\")"
2026-03-20T14:45:46.734-0500 [TRACE] sdk.framework: Attribute/block not null in configuration, not marking unknown: tf_attribute_path="AttributeName(\"nested_object_list\").ElementKeyInt(0).AttributeName(\"string_attribute\")" tf_provider_addr=registry.terraform.io/hashicorp/rancher2 tf_rpc=PlanResourceChange tf_resource_type=rancher2_dev tf_req_id=b5ccfa52-819b-80c8-b06a-660faa51348c
2026-03-20T14:45:46.734-0500 [TRACE] sdk.framework: Attribute/block not null in configuration, not marking unknown: tf_resource_type=rancher2_dev tf_req_id=b5ccfa52-819b-80c8-b06a-660faa51348c tf_attribute_path="AttributeName(\"nested_object_list\").ElementKeyInt(0).AttributeName(\"nested_nested_object\").AttributeName(\"bool_attribute\")" tf_provider_addr=registry.terraform.io/hashicorp/rancher2 tf_rpc=PlanResourceChange
2026-03-20T14:45:46.734-0500 [TRACE] sdk.framework: Attribute/block not null in configuration, not marking unknown: tf_rpc=PlanResourceChange tf_resource_type=rancher2_dev tf_req_id=b5ccfa52-819b-80c8-b06a-660faa51348c tf_attribute_path="AttributeName(\"nested_object_list\").ElementKeyInt(0).AttributeName(\"nested_nested_object\").AttributeName(\"string_attribute\")" tf_provider_addr=registry.terraform.io/hashicorp/rancher2
2026-03-20T14:45:46.734-0500 [TRACE] sdk.framework: Attribute/block not null in configuration, not marking unknown: tf_provider_addr=registry.terraform.io/hashicorp/rancher2 tf_rpc=PlanResourceChange tf_resource_type=rancher2_dev tf_req_id=b5ccfa52-819b-80c8-b06a-660faa51348c tf_attribute_path="AttributeName(\"nested_object_list\").ElementKeyInt(0).AttributeName(\"nested_nested_object\")"
2026-03-20T14:45:46.735-0500 [TRACE] sdk.framework: attribute is a non-schema attribute, not marking unknown: tf_resource_type=rancher2_dev tf_req_id=b5ccfa52-819b-80c8-b06a-660faa51348c tf_attribute_path="AttributeName(\"nested_object_list\").ElementKeyInt(0)" tf_provider_addr=registry.terraform.io/hashicorp/rancher2 tf_rpc=PlanResourceChange
2026-03-20T14:45:46.735-0500 [TRACE] sdk.framework: Attribute/block not null in configuration, not marking unknown: tf_attribute_path="AttributeName(\"nested_object_list\")" tf_provider_addr=registry.terraform.io/hashicorp/rancher2 tf_rpc=PlanResourceChange tf_resource_type=rancher2_dev tf_req_id=b5ccfa52-819b-80c8-b06a-660faa51348c
2026-03-20T14:45:46.735-0500 [TRACE] sdk.framework: Attribute/block not null in configuration, not marking unknown: tf_provider_addr=registry.terraform.io/hashicorp/rancher2 tf_rpc=PlanResourceChange tf_resource_type=rancher2_dev tf_req_id=b5ccfa52-819b-80c8-b06a-660faa51348c tf_attribute_path="AttributeName(\"id\")"
2026-03-20T14:45:46.735-0500 [DEBUG] sdk.framework: marking computed attribute that is null in the config as unknown: tf_rpc=PlanResourceChange tf_resource_type=rancher2_dev tf_req_id=b5ccfa52-819b-80c8-b06a-660faa51348c tf_attribute_path="AttributeName(\"int32_attribute\")" tf_provider_addr=registry.terraform.io/hashicorp/rancher2
2026-03-20T14:45:46.735-0500 [TRACE] sdk.framework: Attribute/block not null in configuration, not marking unknown: tf_provider_addr=registry.terraform.io/hashicorp/rancher2 tf_rpc=PlanResourceChange tf_resource_type=rancher2_dev tf_req_id=b5ccfa52-819b-80c8-b06a-660faa51348c tf_attribute_path="AttributeName(\"float32_attribute\")"
2026-03-20T14:45:46.735-0500 [TRACE] sdk.framework: attribute is a non-schema attribute, not marking unknown: tf_attribute_path="AttributeName(\"map_attribute\").ElementKeyString(\"this\")" tf_provider_addr=registry.terraform.io/hashicorp/rancher2 tf_rpc=PlanResourceChange tf_resource_type=rancher2_dev tf_req_id=b5ccfa52-819b-80c8-b06a-660faa51348c
2026-03-20T14:45:46.735-0500 [TRACE] sdk.framework: attribute is a non-schema attribute, not marking unknown: tf_attribute_path="AttributeName(\"map_attribute\").ElementKeyString(\"a\")" tf_provider_addr=registry.terraform.io/hashicorp/rancher2 tf_rpc=PlanResourceChange tf_resource_type=rancher2_dev tf_req_id=b5ccfa52-819b-80c8-b06a-660faa51348c
2026-03-20T14:45:46.735-0500 [TRACE] sdk.framework: Attribute/block not null in configuration, not marking unknown: tf_req_id=b5ccfa52-819b-80c8-b06a-660faa51348c tf_attribute_path="AttributeName(\"map_attribute\")" tf_provider_addr=registry.terraform.io/hashicorp/rancher2 tf_rpc=PlanResourceChange tf_resource_type=rancher2_dev
2026-03-20T14:45:46.735-0500 [TRACE] sdk.framework: Attribute/block not null in configuration, not marking unknown: tf_rpc=PlanResourceChange tf_resource_type=rancher2_dev tf_req_id=b5ccfa52-819b-80c8-b06a-660faa51348c tf_attribute_path="AttributeName(\"int64_attribute\")" tf_provider_addr=registry.terraform.io/hashicorp/rancher2
2026-03-20T14:45:46.735-0500 [TRACE] sdk.framework: Attribute/block not null in configuration, not marking unknown: tf_req_id=b5ccfa52-819b-80c8-b06a-660faa51348c tf_attribute_path="AttributeName(\"float64_attribute\")" tf_provider_addr=registry.terraform.io/hashicorp/rancher2 tf_rpc=PlanResourceChange tf_resource_type=rancher2_dev
2026-03-20T14:45:46.735-0500 [TRACE] sdk.framework: attribute is a non-schema attribute, not marking unknown: tf_attribute_path="AttributeName(\"list_attribute\").ElementKeyInt(0)" tf_provider_addr=registry.terraform.io/hashicorp/rancher2 tf_rpc=PlanResourceChange tf_resource_type=rancher2_dev tf_req_id=b5ccfa52-819b-80c8-b06a-660faa51348c
2026-03-20T14:45:46.735-0500 [TRACE] sdk.framework: attribute is a non-schema attribute, not marking unknown: tf_attribute_path="AttributeName(\"list_attribute\").ElementKeyInt(1)" tf_provider_addr=registry.terraform.io/hashicorp/rancher2 tf_rpc=PlanResourceChange tf_resource_type=rancher2_dev tf_req_id=b5ccfa52-819b-80c8-b06a-660faa51348c
2026-03-20T14:45:46.735-0500 [TRACE] sdk.framework: attribute is a non-schema attribute, not marking unknown: tf_rpc=PlanResourceChange tf_resource_type=rancher2_dev tf_req_id=b5ccfa52-819b-80c8-b06a-660faa51348c tf_attribute_path="AttributeName(\"list_attribute\").ElementKeyInt(2)" tf_provider_addr=registry.terraform.io/hashicorp/rancher2
2026-03-20T14:45:46.735-0500 [TRACE] sdk.framework: attribute is a non-schema attribute, not marking unknown: tf_rpc=PlanResourceChange tf_resource_type=rancher2_dev tf_req_id=b5ccfa52-819b-80c8-b06a-660faa51348c tf_attribute_path="AttributeName(\"list_attribute\").ElementKeyInt(3)" tf_provider_addr=registry.terraform.io/hashicorp/rancher2
2026-03-20T14:45:46.735-0500 [TRACE] sdk.framework: Attribute/block not null in configuration, not marking unknown: tf_provider_addr=registry.terraform.io/hashicorp/rancher2 tf_rpc=PlanResourceChange tf_resource_type=rancher2_dev tf_req_id=b5ccfa52-819b-80c8-b06a-660faa51348c tf_attribute_path="AttributeName(\"list_attribute\")"
2026-03-20T14:45:46.735-0500 [TRACE] sdk.framework: Attribute/block not null in configuration, not marking unknown: tf_provider_addr=registry.terraform.io/hashicorp/rancher2 tf_rpc=PlanResourceChange tf_resource_type=rancher2_dev tf_req_id=b5ccfa52-819b-80c8-b06a-660faa51348c tf_attribute_path="AttributeName(\"nested_object_map\").ElementKeyString(\"first\").AttributeName(\"nested_nested_object\").AttributeName(\"bool_attribute\")"
2026-03-20T14:45:46.735-0500 [TRACE] sdk.framework: Attribute/block not null in configuration, not marking unknown: tf_req_id=b5ccfa52-819b-80c8-b06a-660faa51348c tf_attribute_path="AttributeName(\"nested_object_map\").ElementKeyString(\"first\").AttributeName(\"nested_nested_object\").AttributeName(\"string_attribute\")" tf_provider_addr=registry.terraform.io/hashicorp/rancher2 tf_rpc=PlanResourceChange tf_resource_type=rancher2_dev
2026-03-20T14:45:46.735-0500 [TRACE] sdk.framework: Attribute/block not null in configuration, not marking unknown: tf_rpc=PlanResourceChange tf_resource_type=rancher2_dev tf_req_id=b5ccfa52-819b-80c8-b06a-660faa51348c tf_attribute_path="AttributeName(\"nested_object_map\").ElementKeyString(\"first\").AttributeName(\"nested_nested_object\")" tf_provider_addr=registry.terraform.io/hashicorp/rancher2
2026-03-20T14:45:46.735-0500 [TRACE] sdk.framework: Attribute/block not null in configuration, not marking unknown: tf_attribute_path="AttributeName(\"nested_object_map\").ElementKeyString(\"first\").AttributeName(\"string_attribute\")" tf_provider_addr=registry.terraform.io/hashicorp/rancher2 tf_rpc=PlanResourceChange tf_resource_type=rancher2_dev tf_req_id=b5ccfa52-819b-80c8-b06a-660faa51348c
2026-03-20T14:45:46.735-0500 [TRACE] sdk.framework: attribute is a non-schema attribute, not marking unknown: tf_resource_type=rancher2_dev tf_req_id=b5ccfa52-819b-80c8-b06a-660faa51348c tf_attribute_path="AttributeName(\"nested_object_map\").ElementKeyString(\"first\")" tf_provider_addr=registry.terraform.io/hashicorp/rancher2 tf_rpc=PlanResourceChange
2026-03-20T14:45:46.735-0500 [TRACE] sdk.framework: Attribute/block not null in configuration, not marking unknown: tf_attribute_path="AttributeName(\"nested_object_map\")" tf_provider_addr=registry.terraform.io/hashicorp/rancher2 tf_rpc=PlanResourceChange tf_resource_type=rancher2_dev tf_req_id=b5ccfa52-819b-80c8-b06a-660faa51348c
2026-03-20T14:45:46.735-0500 [TRACE] sdk.framework: Attribute/block not null in configuration, not marking unknown: tf_attribute_path="AttributeName(\"nested_object\").AttributeName(\"nested_nested_object\").AttributeName(\"bool_attribute\")" tf_provider_addr=registry.terraform.io/hashicorp/rancher2 tf_rpc=PlanResourceChange tf_resource_type=rancher2_dev tf_req_id=b5ccfa52-819b-80c8-b06a-660faa51348c
2026-03-20T14:45:46.735-0500 [TRACE] sdk.framework: Attribute/block not null in configuration, not marking unknown: tf_resource_type=rancher2_dev tf_req_id=b5ccfa52-819b-80c8-b06a-660faa51348c tf_attribute_path="AttributeName(\"nested_object\").AttributeName(\"nested_nested_object\").AttributeName(\"string_attribute\")" tf_provider_addr=registry.terraform.io/hashicorp/rancher2 tf_rpc=PlanResourceChange
2026-03-20T14:45:46.735-0500 [TRACE] sdk.framework: Attribute/block not null in configuration, not marking unknown: tf_provider_addr=registry.terraform.io/hashicorp/rancher2 tf_rpc=PlanResourceChange tf_resource_type=rancher2_dev tf_req_id=b5ccfa52-819b-80c8-b06a-660faa51348c tf_attribute_path="AttributeName(\"nested_object\").AttributeName(\"nested_nested_object\")"
2026-03-20T14:45:46.735-0500 [TRACE] sdk.framework: Attribute/block not null in configuration, not marking unknown: tf_provider_addr=registry.terraform.io/hashicorp/rancher2 tf_rpc=PlanResourceChange tf_resource_type=rancher2_dev tf_req_id=b5ccfa52-819b-80c8-b06a-660faa51348c tf_attribute_path="AttributeName(\"nested_object\").AttributeName(\"string_attribute\")"
2026-03-20T14:45:46.735-0500 [TRACE] sdk.framework: Attribute/block not null in configuration, not marking unknown: tf_rpc=PlanResourceChange tf_resource_type=rancher2_dev tf_req_id=b5ccfa52-819b-80c8-b06a-660faa51348c tf_attribute_path="AttributeName(\"nested_object\")" tf_provider_addr=registry.terraform.io/hashicorp/rancher2
2026-03-20T14:45:46.735-0500 [TRACE] sdk.framework: Attribute/block not null in configuration, not marking unknown: tf_attribute_path="AttributeName(\"string_attribute\")" tf_provider_addr=registry.terraform.io/hashicorp/rancher2 tf_rpc=PlanResourceChange tf_resource_type=rancher2_dev tf_req_id=b5ccfa52-819b-80c8-b06a-660faa51348c
2026-03-20T14:45:46.735-0500 [TRACE] sdk.framework: Attribute/block not null in configuration, not marking unknown: tf_rpc=PlanResourceChange tf_resource_type=rancher2_dev tf_req_id=b5ccfa52-819b-80c8-b06a-660faa51348c tf_attribute_path="AttributeName(\"number_attribute\")" tf_provider_addr=registry.terraform.io/hashicorp/rancher2
2026-03-20T14:45:46.735-0500 [TRACE] sdk.framework: attribute is a non-schema attribute, not marking unknown: tf_rpc=PlanResourceChange tf_resource_type=rancher2_dev tf_req_id=b5ccfa52-819b-80c8-b06a-660faa51348c tf_attribute_path="AttributeName(\"set_attribute\").ElementKeyValue(tftypes.String<\"a\">)" tf_provider_addr=registry.terraform.io/hashicorp/rancher2
2026-03-20T14:45:46.735-0500 [TRACE] sdk.framework: attribute is a non-schema attribute, not marking unknown: tf_rpc=PlanResourceChange tf_resource_type=rancher2_dev tf_req_id=b5ccfa52-819b-80c8-b06a-660faa51348c tf_attribute_path="AttributeName(\"set_attribute\").ElementKeyValue(tftypes.String<\"is\">)" tf_provider_addr=registry.terraform.io/hashicorp/rancher2
2026-03-20T14:45:46.735-0500 [TRACE] sdk.framework: attribute is a non-schema attribute, not marking unknown: tf_resource_type=rancher2_dev tf_req_id=b5ccfa52-819b-80c8-b06a-660faa51348c tf_attribute_path="AttributeName(\"set_attribute\").ElementKeyValue(tftypes.String<\"set\">)" tf_provider_addr=registry.terraform.io/hashicorp/rancher2 tf_rpc=PlanResourceChange
2026-03-20T14:45:46.735-0500 [TRACE] sdk.framework: attribute is a non-schema attribute, not marking unknown: tf_req_id=b5ccfa52-819b-80c8-b06a-660faa51348c tf_attribute_path="AttributeName(\"set_attribute\").ElementKeyValue(tftypes.String<\"this\">)" tf_provider_addr=registry.terraform.io/hashicorp/rancher2 tf_rpc=PlanResourceChange tf_resource_type=rancher2_dev
2026-03-20T14:45:46.735-0500 [TRACE] sdk.framework: Attribute/block not null in configuration, not marking unknown: tf_rpc=PlanResourceChange tf_resource_type=rancher2_dev tf_req_id=b5ccfa52-819b-80c8-b06a-660faa51348c tf_attribute_path="AttributeName(\"set_attribute\")" tf_provider_addr=registry.terraform.io/hashicorp/rancher2
2026-03-20T14:45:46.735-0500 [TRACE] sdk.framework: At least one Computed null Config value was changed to unknown: tf_req_id=b5ccfa52-819b-80c8-b06a-660faa51348c tf_provider_addr=registry.terraform.io/hashicorp/rancher2 tf_rpc=PlanResourceChange tf_resource_type=rancher2_dev
2026-03-20T14:45:46.735-0500 [TRACE] sdk.framework: Type implements TypeWithValidate: tf_resource_type=rancher2_dev tf_req_id=b5ccfa52-819b-80c8-b06a-660faa51348c tf_provider_addr=registry.terraform.io/hashicorp/rancher2 tf_rpc=PlanResourceChange
2026-03-20T14:45:46.735-0500 [TRACE] sdk.framework: Calling provider defined Type Validate: tf_rpc=PlanResourceChange tf_resource_type=rancher2_dev tf_req_id=b5ccfa52-819b-80c8-b06a-660faa51348c tf_provider_addr=registry.terraform.io/hashicorp/rancher2
2026-03-20T14:45:46.735-0500 [TRACE] sdk.framework: Called provider defined Type Validate: tf_provider_addr=registry.terraform.io/hashicorp/rancher2 tf_rpc=PlanResourceChange tf_resource_type=rancher2_dev tf_req_id=b5ccfa52-819b-80c8-b06a-660faa51348c
2026-03-20T14:45:46.735-0500 [TRACE] sdk.framework: Type implements TypeWithValidate: tf_rpc=PlanResourceChange tf_resource_type=rancher2_dev tf_req_id=b5ccfa52-819b-80c8-b06a-660faa51348c tf_provider_addr=registry.terraform.io/hashicorp/rancher2
2026-03-20T14:45:46.735-0500 [TRACE] sdk.framework: Calling provider defined Type Validate: tf_provider_addr=registry.terraform.io/hashicorp/rancher2 tf_rpc=PlanResourceChange tf_resource_type=rancher2_dev tf_req_id=b5ccfa52-819b-80c8-b06a-660faa51348c
2026-03-20T14:45:46.735-0500 [TRACE] sdk.framework: Called provider defined Type Validate: tf_provider_addr=registry.terraform.io/hashicorp/rancher2 tf_rpc=PlanResourceChange tf_resource_type=rancher2_dev tf_req_id=b5ccfa52-819b-80c8-b06a-660faa51348c
2026-03-20T14:45:46.735-0500 [TRACE] sdk.framework: Type implements TypeWithValidate: tf_req_id=b5ccfa52-819b-80c8-b06a-660faa51348c tf_provider_addr=registry.terraform.io/hashicorp/rancher2 tf_rpc=PlanResourceChange tf_resource_type=rancher2_dev tf_attribute_path=nested_object_map
2026-03-20T14:45:46.735-0500 [TRACE] sdk.framework: Calling provider defined Type Validate: tf_attribute_path=nested_object_map tf_req_id=b5ccfa52-819b-80c8-b06a-660faa51348c tf_provider_addr=registry.terraform.io/hashicorp/rancher2 tf_rpc=PlanResourceChange tf_resource_type=rancher2_dev
2026-03-20T14:45:46.735-0500 [TRACE] sdk.proto: Received request: tf_rpc=ApplyResourceChange tf_resource_type=rancher2_dev tf_proto_version=6.11 tf_provider_addr=registry.terraform.io/hashicorp/rancher2 tf_req_id=702838ae-a002-32e9-0d47-d0adb27a9b36
2026-03-20T14:45:46.735-0500 [TRACE] sdk.proto: Sending request downstream: tf_rpc=ApplyResourceChange tf_resource_type=rancher2_dev tf_proto_version=6.11 tf_provider_addr=registry.terraform.io/hashicorp/rancher2 tf_req_id=702838ae-a002-32e9-0d47-d0adb27a9b36
2026-03-20T14:45:46.735-0500 [TRACE] sdk.framework: Called provider defined Type Validate: tf_req_id=b5ccfa52-819b-80c8-b06a-660faa51348c tf_provider_addr=registry.terraform.io/hashicorp/rancher2 tf_rpc=PlanResourceChange tf_resource_type=rancher2_dev tf_attribute_path=nested_object_map
2026-03-20T14:45:46.735-0500 [TRACE] sdk.framework: Checking ResourceTypes lock: tf_resource_type=rancher2_dev tf_req_id=702838ae-a002-32e9-0d47-d0adb27a9b36 tf_provider_addr=registry.terraform.io/hashicorp/rancher2 tf_rpc=ApplyResourceChange
2026-03-20T14:45:46.735-0500 [TRACE] sdk.framework: Checking ResourceBehaviors lock: tf_resource_type=rancher2_dev tf_req_id=702838ae-a002-32e9-0d47-d0adb27a9b36 tf_provider_addr=registry.terraform.io/hashicorp/rancher2 tf_rpc=ApplyResourceChange
2026-03-20T14:45:46.735-0500 [TRACE] sdk.framework: ApplyResourceChange received no PriorState, running CreateResource: tf_req_id=702838ae-a002-32e9-0d47-d0adb27a9b36 tf_provider_addr=registry.terraform.io/hashicorp/rancher2 tf_rpc=ApplyResourceChange tf_resource_type=rancher2_dev
2026-03-20T14:45:46.735-0500 [TRACE] sdk.framework: Resource implements ResourceWithConfigure: tf_rpc=ApplyResourceChange tf_resource_type=rancher2_dev tf_req_id=702838ae-a002-32e9-0d47-d0adb27a9b36 tf_provider_addr=registry.terraform.io/hashicorp/rancher2
2026-03-20T14:45:46.735-0500 [TRACE] sdk.framework: Calling provider defined Resource Configure: tf_req_id=702838ae-a002-32e9-0d47-d0adb27a9b36 tf_provider_addr=registry.terraform.io/hashicorp/rancher2 tf_rpc=ApplyResourceChange tf_resource_type=rancher2_dev
2026-03-20T14:45:46.735-0500 [DEBUG] rancher2: Rancher2_Dev_Resource Configure request: resource.ConfigureRequest{ProviderData:(*client.HttpClient)(0x1f9c5c3b2000)}: tf_rpc=ApplyResourceChange tf_resource_type=rancher2_dev tf_req_id=702838ae-a002-32e9-0d47-d0adb27a9b36 tf_provider_addr=registry.terraform.io/hashicorp/rancher2
2026-03-20T14:45:46.735-0500 [DEBUG] rancher2: Rancher2_Dev_Resource Configure object: &rancher2_dev.RancherDevResource{client:client.Client(nil)}: tf_resource_type=rancher2_dev tf_req_id=702838ae-a002-32e9-0d47-d0adb27a9b36 tf_provider_addr=registry.terraform.io/hashicorp/rancher2 tf_rpc=ApplyResourceChange
2026-03-20T14:45:46.735-0500 [DEBUG] rancher2: Rancher2_Dev_Resource Configure object after config: &rancher2_dev.RancherDevResource{client:(*client.HttpClient)(0x1f9c5c3b2000)}: tf_req_id=702838ae-a002-32e9-0d47-d0adb27a9b36 tf_provider_addr=registry.terraform.io/hashicorp/rancher2 tf_rpc=ApplyResourceChange tf_resource_type=rancher2_dev
2026-03-20T14:45:46.735-0500 [DEBUG] rancher2: Rancher2_Dev_Resource Configure response: &resource.ConfigureResponse{Diagnostics:diag.Diagnostics(nil)}: tf_provider_addr=registry.terraform.io/hashicorp/rancher2 tf_rpc=ApplyResourceChange tf_resource_type=rancher2_dev tf_req_id=702838ae-a002-32e9-0d47-d0adb27a9b36
2026-03-20T14:45:46.735-0500 [TRACE] sdk.framework: Called provider defined Resource Configure: tf_provider_addr=registry.terraform.io/hashicorp/rancher2 tf_rpc=ApplyResourceChange tf_resource_type=rancher2_dev tf_req_id=702838ae-a002-32e9-0d47-d0adb27a9b36
2026-03-20T14:45:46.735-0500 [TRACE] sdk.framework: Calling provider defined Resource Create: tf_req_id=702838ae-a002-32e9-0d47-d0adb27a9b36 tf_provider_addr=registry.terraform.io/hashicorp/rancher2 tf_rpc=ApplyResourceChange tf_resource_type=rancher2_dev
2026-03-20T14:45:46.736-0500 [TRACE] sdk.framework: Type implements TypeWithValidate: tf_provider_addr=registry.terraform.io/hashicorp/rancher2 tf_rpc=PlanResourceChange tf_resource_type=rancher2_dev tf_req_id=b5ccfa52-819b-80c8-b06a-660faa51348c
2026-03-20T14:45:46.736-0500 [TRACE] sdk.framework: Calling provider defined Type Validate: tf_provider_addr=registry.terraform.io/hashicorp/rancher2 tf_rpc=PlanResourceChange tf_resource_type=rancher2_dev tf_req_id=b5ccfa52-819b-80c8-b06a-660faa51348c
2026-03-20T14:45:46.736-0500 [TRACE] sdk.framework: Called provider defined Type Validate: tf_provider_addr=registry.terraform.io/hashicorp/rancher2 tf_rpc=PlanResourceChange tf_resource_type=rancher2_dev tf_req_id=b5ccfa52-819b-80c8-b06a-660faa51348c
2026-03-20T14:45:46.736-0500 [TRACE] sdk.framework: Type implements TypeWithValidate: tf_resource_type=rancher2_dev tf_req_id=b5ccfa52-819b-80c8-b06a-660faa51348c tf_provider_addr=registry.terraform.io/hashicorp/rancher2 tf_rpc=PlanResourceChange
2026-03-20T14:45:46.736-0500 [TRACE] sdk.framework: Calling provider defined Type Validate: tf_req_id=b5ccfa52-819b-80c8-b06a-660faa51348c tf_provider_addr=registry.terraform.io/hashicorp/rancher2 tf_rpc=PlanResourceChange tf_resource_type=rancher2_dev
2026-03-20T14:45:46.736-0500 [DEBUG] rancher2: Create Config: {
  "bool_attribute": null,
  "float32_attribute": null,
  "float64_attribute": null,
  "id": "required_test",
  "int32_attribute": null,
  "int64_attribute": null,
  "list_attribute": null,
  "map_attribute": null,
  "nested_object": null,
  "nested_object_list": null,
  "nested_object_map": null,
  "number_attribute": "1.1",
  "set_attribute": null,
  "string_attribute": "dev-test-required"
}: tf_req_id=702838ae-a002-32e9-0d47-d0adb27a9b36 tf_provider_addr=registry.terraform.io/hashicorp/rancher2 tf_rpc=ApplyResourceChange tf_resource_type=rancher2_dev
2026-03-20T14:45:46.736-0500 [TRACE] sdk.framework: Called provider defined Type Validate: tf_req_id=b5ccfa52-819b-80c8-b06a-660faa51348c tf_provider_addr=registry.terraform.io/hashicorp/rancher2 tf_rpc=PlanResourceChange tf_resource_type=rancher2_dev
2026-03-20T14:45:46.736-0500 [TRACE] sdk.framework: Type implements TypeWithValidate: tf_req_id=b5ccfa52-819b-80c8-b06a-660faa51348c tf_provider_addr=registry.terraform.io/hashicorp/rancher2 tf_rpc=PlanResourceChange tf_resource_type=rancher2_dev tf_attribute_path=list_attribute
2026-03-20T14:45:46.736-0500 [TRACE] sdk.framework: Calling provider defined Type Validate: tf_attribute_path=list_attribute tf_req_id=b5ccfa52-819b-80c8-b06a-660faa51348c tf_provider_addr=registry.terraform.io/hashicorp/rancher2 tf_rpc=PlanResourceChange tf_resource_type=rancher2_dev
2026-03-20T14:45:46.736-0500 [TRACE] sdk.framework: Called provider defined Type Validate: tf_provider_addr=registry.terraform.io/hashicorp/rancher2 tf_rpc=PlanResourceChange tf_resource_type=rancher2_dev tf_attribute_path=list_attribute tf_req_id=b5ccfa52-819b-80c8-b06a-660faa51348c
2026-03-20T14:45:46.736-0500 [DEBUG] rancher2: Create Plan: {
  "bool_attribute": true,
  "float32_attribute": "\u003cunknown\u003e",
  "float64_attribute": "\u003cunknown\u003e",
  "id": "required_test",
  "int32_attribute": "\u003cunknown\u003e",
  "int64_attribute": "\u003cunknown\u003e",
  "list_attribute": "\u003cunknown\u003e",
  "map_attribute": "\u003cunknown\u003e",
  "nested_object": "\u003cunknown\u003e",
  "nested_object_list": "\u003cunknown\u003e",
  "nested_object_map": "\u003cunknown\u003e",
  "number_attribute": "1.1",
  "set_attribute": "\u003cunknown\u003e",
  "string_attribute": "dev-test-required"
}: tf_provider_addr=registry.terraform.io/hashicorp/rancher2 tf_rpc=ApplyResourceChange tf_resource_type=rancher2_dev tf_req_id=702838ae-a002-32e9-0d47-d0adb27a9b36
2026-03-20T14:45:46.736-0500 [TRACE] sdk.framework: Type implements TypeWithValidate: tf_req_id=b5ccfa52-819b-80c8-b06a-660faa51348c tf_provider_addr=registry.terraform.io/hashicorp/rancher2 tf_rpc=PlanResourceChange tf_resource_type=rancher2_dev
2026-03-20T14:45:46.736-0500 [TRACE] sdk.framework: Calling provider defined Type Validate: tf_rpc=PlanResourceChange tf_resource_type=rancher2_dev tf_req_id=b5ccfa52-819b-80c8-b06a-660faa51348c tf_provider_addr=registry.terraform.io/hashicorp/rancher2
2026-03-20T14:45:46.736-0500 [TRACE] sdk.framework: Called provider defined Type Validate: tf_resource_type=rancher2_dev tf_req_id=b5ccfa52-819b-80c8-b06a-660faa51348c tf_provider_addr=registry.terraform.io/hashicorp/rancher2 tf_rpc=PlanResourceChange
2026-03-20T14:45:46.736-0500 [TRACE] sdk.framework: Type implements TypeWithValidate: tf_provider_addr=registry.terraform.io/hashicorp/rancher2 tf_rpc=PlanResourceChange tf_resource_type=rancher2_dev tf_req_id=b5ccfa52-819b-80c8-b06a-660faa51348c
2026-03-20T14:45:46.736-0500 [TRACE] sdk.framework: Calling provider defined Type Validate: tf_req_id=b5ccfa52-819b-80c8-b06a-660faa51348c tf_provider_addr=registry.terraform.io/hashicorp/rancher2 tf_rpc=PlanResourceChange tf_resource_type=rancher2_dev
2026-03-20T14:45:46.736-0500 [TRACE] sdk.framework: Called provider defined Type Validate: tf_req_id=b5ccfa52-819b-80c8-b06a-660faa51348c tf_provider_addr=registry.terraform.io/hashicorp/rancher2 tf_rpc=PlanResourceChange tf_resource_type=rancher2_dev
2026-03-20T14:45:46.736-0500 [TRACE] sdk.framework: Type implements TypeWithValidate: tf_provider_addr=registry.terraform.io/hashicorp/rancher2 tf_rpc=PlanResourceChange tf_resource_type=rancher2_dev tf_attribute_path=set_attribute tf_req_id=b5ccfa52-819b-80c8-b06a-660faa51348c
2026-03-20T14:45:46.736-0500 [TRACE] sdk.framework: Calling provider defined Type Validate: tf_provider_addr=registry.terraform.io/hashicorp/rancher2 tf_rpc=PlanResourceChange tf_resource_type=rancher2_dev tf_attribute_path=set_attribute tf_req_id=b5ccfa52-819b-80c8-b06a-660faa51348c
2026-03-20T14:45:46.736-0500 [TRACE] sdk.framework: Called provider defined Type Validate: tf_rpc=PlanResourceChange tf_resource_type=rancher2_dev tf_attribute_path=set_attribute tf_req_id=b5ccfa52-819b-80c8-b06a-660faa51348c tf_provider_addr=registry.terraform.io/hashicorp/rancher2
2026-03-20T14:45:46.736-0500 [DEBUG] rancher2: create requestId: https://127.0.0.1.nip.io/dev:POST:: tf_req_id=702838ae-a002-32e9-0d47-d0adb27a9b36 tf_provider_addr=registry.terraform.io/hashicorp/rancher2 tf_rpc=ApplyResourceChange tf_resource_type=rancher2_dev
2026-03-20T14:45:46.736-0500 [TRACE] sdk.framework: Type implements TypeWithValidate: tf_resource_type=rancher2_dev tf_req_id=b5ccfa52-819b-80c8-b06a-660faa51348c tf_provider_addr=registry.terraform.io/hashicorp/rancher2 tf_rpc=PlanResourceChange
2026-03-20T14:45:46.736-0500 [TRACE] sdk.framework: Calling provider defined Type Validate: tf_provider_addr=registry.terraform.io/hashicorp/rancher2 tf_rpc=PlanResourceChange tf_resource_type=rancher2_dev tf_req_id=b5ccfa52-819b-80c8-b06a-660faa51348c
2026-03-20T14:45:46.736-0500 [TRACE] sdk.framework: Called provider defined Type Validate: tf_req_id=b5ccfa52-819b-80c8-b06a-660faa51348c tf_provider_addr=registry.terraform.io/hashicorp/rancher2 tf_rpc=PlanResourceChange tf_resource_type=rancher2_dev
2026-03-20T14:45:46.736-0500 [TRACE] sdk.framework: Type implements TypeWithValidate: tf_rpc=PlanResourceChange tf_resource_type=rancher2_dev tf_req_id=b5ccfa52-819b-80c8-b06a-660faa51348c tf_provider_addr=registry.terraform.io/hashicorp/rancher2
2026-03-20T14:45:46.736-0500 [TRACE] sdk.framework: Calling provider defined Type Validate: tf_provider_addr=registry.terraform.io/hashicorp/rancher2 tf_rpc=PlanResourceChange tf_resource_type=rancher2_dev tf_req_id=b5ccfa52-819b-80c8-b06a-660faa51348c
2026-03-20T14:45:46.736-0500 [TRACE] sdk.framework: Called provider defined Type Validate: tf_resource_type=rancher2_dev tf_req_id=b5ccfa52-819b-80c8-b06a-660faa51348c tf_provider_addr=registry.terraform.io/hashicorp/rancher2 tf_rpc=PlanResourceChange
2026-03-20T14:45:46.736-0500 [DEBUG] rancher2: Converting RancherDevResourceModel to RancherDevModel: {
  "BoolAttribute": true,
  "Float32Attribute": "\u003cunknown\u003e",
  "Float64Attribute": "\u003cunknown\u003e",
  "Id": "required_test",
  "Int32Attribute": "\u003cunknown\u003e",
  "Int64Attribute": "\u003cunknown\u003e",
  "ListAttribute": {},
  "MapAttribute": {},
  "NestedObject": {},
  "NestedObjectList": {},
  "NestedObjectMap": {},
  "NumberAttribute": "1.1",
  "SetAttribute": {},
  "StringAttribute": "dev-test-required"
}: tf_req_id=702838ae-a002-32e9-0d47-d0adb27a9b36 tf_provider_addr=registry.terraform.io/hashicorp/rancher2 tf_rpc=ApplyResourceChange tf_resource_type=rancher2_dev
2026-03-20T14:45:46.736-0500 [TRACE] sdk.framework: Type implements TypeWithValidate: tf_attribute_path=nested_object_list tf_req_id=b5ccfa52-819b-80c8-b06a-660faa51348c tf_provider_addr=registry.terraform.io/hashicorp/rancher2 tf_rpc=PlanResourceChange tf_resource_type=rancher2_dev
2026-03-20T14:45:46.736-0500 [TRACE] sdk.framework: Calling provider defined Type Validate: tf_req_id=b5ccfa52-819b-80c8-b06a-660faa51348c tf_provider_addr=registry.terraform.io/hashicorp/rancher2 tf_rpc=PlanResourceChange tf_resource_type=rancher2_dev tf_attribute_path=nested_object_list
2026-03-20T14:45:46.736-0500 [TRACE] sdk.framework: Called provider defined Type Validate: tf_req_id=b5ccfa52-819b-80c8-b06a-660faa51348c tf_provider_addr=registry.terraform.io/hashicorp/rancher2 tf_rpc=PlanResourceChange tf_resource_type=rancher2_dev tf_attribute_path=nested_object_list
2026-03-20T14:45:46.736-0500 [DEBUG] rancher2: Setting response for request https://127.0.0.1.nip.io/dev:POST:: tf_resource_type=rancher2_dev tf_req_id=702838ae-a002-32e9-0d47-d0adb27a9b36 tf_provider_addr=registry.terraform.io/hashicorp/rancher2 tf_rpc=ApplyResourceChange
2026-03-20T14:45:46.736-0500 [DEBUG] rancher2: Create Client: {
  "TokenStore": {}
}: tf_rpc=ApplyResourceChange tf_resource_type=rancher2_dev tf_req_id=702838ae-a002-32e9-0d47-d0adb27a9b36 tf_provider_addr=registry.terraform.io/hashicorp/rancher2
2026-03-20T14:45:46.736-0500 [TRACE] sdk.framework: Calling provider defined planmodifier.String: tf_req_id=b5ccfa52-819b-80c8-b06a-660faa51348c tf_provider_addr=registry.terraform.io/hashicorp/rancher2 tf_rpc=PlanResourceChange tf_resource_type=rancher2_dev tf_attribute_path=id description="Once set, the value of this attribute in state will not change."
2026-03-20T14:45:46.736-0500 [TRACE] sdk.framework: Called provider defined planmodifier.String: description="Once set, the value of this attribute in state will not change." tf_provider_addr=registry.terraform.io/hashicorp/rancher2 tf_rpc=PlanResourceChange tf_resource_type=rancher2_dev tf_attribute_path=id tf_req_id=b5ccfa52-819b-80c8-b06a-660faa51348c
2026-03-20T14:45:46.736-0500 [DEBUG] rancher2: Converting RancherDevResourceModel to RancherDevModel: {
  "BoolAttribute": true,
  "Float32Attribute": "\u003cunknown\u003e",
  "Float64Attribute": "\u003cunknown\u003e",
  "Id": "required_test",
  "Int32Attribute": "\u003cunknown\u003e",
  "Int64Attribute": "\u003cunknown\u003e",
  "ListAttribute": {},
  "MapAttribute": {},
  "NestedObject": {},
  "NestedObjectList": {},
  "NestedObjectMap": {},
  "NumberAttribute": "1.1",
  "SetAttribute": {},
  "StringAttribute": "dev-test-required"
}: tf_provider_addr=registry.terraform.io/hashicorp/rancher2 tf_rpc=ApplyResourceChange tf_resource_type=rancher2_dev tf_req_id=702838ae-a002-32e9-0d47-d0adb27a9b36
2026-03-20T14:45:46.736-0500 [TRACE] sdk.framework: Type implements TypeWithValidate: tf_req_id=b5ccfa52-819b-80c8-b06a-660faa51348c tf_provider_addr=registry.terraform.io/hashicorp/rancher2 tf_rpc=PlanResourceChange tf_resource_type=rancher2_dev
2026-03-20T14:45:46.736-0500 [TRACE] sdk.framework: Calling provider defined Type Validate: tf_provider_addr=registry.terraform.io/hashicorp/rancher2 tf_rpc=PlanResourceChange tf_resource_type=rancher2_dev tf_req_id=b5ccfa52-819b-80c8-b06a-660faa51348c
2026-03-20T14:45:46.736-0500 [TRACE] sdk.framework: Called provider defined Type Validate: tf_rpc=PlanResourceChange tf_resource_type=rancher2_dev tf_req_id=b5ccfa52-819b-80c8-b06a-660faa51348c tf_provider_addr=registry.terraform.io/hashicorp/rancher2
2026-03-20T14:45:46.736-0500 [DEBUG] rancher2: Token is empty.: tf_req_id=702838ae-a002-32e9-0d47-d0adb27a9b36 tf_provider_addr=registry.terraform.io/hashicorp/rancher2 tf_rpc=ApplyResourceChange tf_resource_type=rancher2_dev
2026-03-20T14:45:46.736-0500 [TRACE] sdk.framework: Type implements TypeWithValidate: tf_req_id=b5ccfa52-819b-80c8-b06a-660faa51348c tf_provider_addr=registry.terraform.io/hashicorp/rancher2 tf_rpc=PlanResourceChange tf_resource_type=rancher2_dev
2026-03-20T14:45:46.736-0500 [TRACE] sdk.framework: Calling provider defined Type Validate: tf_rpc=PlanResourceChange tf_resource_type=rancher2_dev tf_req_id=b5ccfa52-819b-80c8-b06a-660faa51348c tf_provider_addr=registry.terraform.io/hashicorp/rancher2
2026-03-20T14:45:46.736-0500 [TRACE] sdk.framework: Called provider defined Type Validate: tf_resource_type=rancher2_dev tf_req_id=b5ccfa52-819b-80c8-b06a-660faa51348c tf_provider_addr=registry.terraform.io/hashicorp/rancher2 tf_rpc=PlanResourceChange
2026-03-20T14:45:46.736-0500 [TRACE] sdk.framework: Type implements TypeWithValidate: tf_resource_type=rancher2_dev tf_attribute_path=float64_attribute tf_req_id=b5ccfa52-819b-80c8-b06a-660faa51348c tf_provider_addr=registry.terraform.io/hashicorp/rancher2 tf_rpc=PlanResourceChange
2026-03-20T14:45:46.736-0500 [TRACE] sdk.framework: Calling provider defined Type Validate: tf_attribute_path=float64_attribute tf_req_id=b5ccfa52-819b-80c8-b06a-660faa51348c tf_provider_addr=registry.terraform.io/hashicorp/rancher2 tf_rpc=PlanResourceChange tf_resource_type=rancher2_dev
2026-03-20T14:45:46.736-0500 [TRACE] sdk.framework: Called provider defined Type Validate: tf_provider_addr=registry.terraform.io/hashicorp/rancher2 tf_rpc=PlanResourceChange tf_resource_type=rancher2_dev tf_attribute_path=float64_attribute tf_req_id=b5ccfa52-819b-80c8-b06a-660faa51348c
2026-03-20T14:45:46.736-0500 [DEBUG] rancher2: HTTP Request: {
  "Body": {
    "BoolAttribute": true,
    "Float32Attribute": 0,
    "Float64Attribute": 0,
    "Id": "required_test",
    "Int32Attribute": 0,
    "Int64Attribute": 0,
    "ListAttribute": [],
    "MapAttribute": {},
    "NestedObject": {
      "NestedNestedObject": {
        "BoolAttribute": false,
        "StringAttribute": ""
      },
      "StringAttribute": ""
    },
    "NestedObjectList": [],
    "NestedObjectMap": {},
    "NumberAttribute": {},
    "SetAttribute": {},
    "StringAttribute": "dev-test-required"
  },
  "Headers": {},
  "ID": "https://127.0.0.1.nip.io/dev:POST:",
  "Method": "POST",
  "StatusCode": 0,
  "Token": "",
  "Url": "https://127.0.0.1.nip.io/dev"
}: tf_req_id=702838ae-a002-32e9-0d47-d0adb27a9b36 tf_provider_addr=registry.terraform.io/hashicorp/rancher2 tf_rpc=ApplyResourceChange tf_resource_type=rancher2_dev
2026-03-20T14:45:46.736-0500 [DEBUG] rancher2: HTTP Response: {
  "Body": {
    "id": "required_test",
    "string_attribute": "dev-test-required",
    "number_attribute": "1.1",
    "int32_attribute": 1,
    "bool_attribute": true,
    "nested_object": {
      "nested_nested_object": {}
    }
  },
  "Headers": {
    "Content-Type": [
      "application/json"
    ]
  },
  "ID": "https://127.0.0.1.nip.io/dev:POST:",
  "Method": "POST",
  "StatusCode": 200,
  "Token": "",
  "Url": "https://127.0.0.1.nip.io/dev"
}: tf_req_id=702838ae-a002-32e9-0d47-d0adb27a9b36 tf_provider_addr=registry.terraform.io/hashicorp/rancher2 tf_rpc=ApplyResourceChange tf_resource_type=rancher2_dev
2026-03-20T14:45:46.736-0500 [TRACE] sdk.framework: Type implements TypeWithValidate: tf_req_id=b5ccfa52-819b-80c8-b06a-660faa51348c tf_provider_addr=registry.terraform.io/hashicorp/rancher2 tf_rpc=PlanResourceChange tf_resource_type=rancher2_dev
2026-03-20T14:45:46.736-0500 [TRACE] sdk.framework: Calling provider defined Type Validate: tf_provider_addr=registry.terraform.io/hashicorp/rancher2 tf_rpc=PlanResourceChange tf_resource_type=rancher2_dev tf_req_id=b5ccfa52-819b-80c8-b06a-660faa51348c
2026-03-20T14:45:46.736-0500 [TRACE] sdk.framework: Called provider defined Type Validate: tf_req_id=b5ccfa52-819b-80c8-b06a-660faa51348c tf_provider_addr=registry.terraform.io/hashicorp/rancher2 tf_rpc=PlanResourceChange tf_resource_type=rancher2_dev
2026-03-20T14:45:46.736-0500 [TRACE] sdk.framework: Type implements TypeWithValidate: tf_resource_type=rancher2_dev tf_req_id=b5ccfa52-819b-80c8-b06a-660faa51348c tf_provider_addr=registry.terraform.io/hashicorp/rancher2 tf_rpc=PlanResourceChange
2026-03-20T14:45:46.736-0500 [TRACE] sdk.framework: Calling provider defined Type Validate: tf_resource_type=rancher2_dev tf_req_id=b5ccfa52-819b-80c8-b06a-660faa51348c tf_provider_addr=registry.terraform.io/hashicorp/rancher2 tf_rpc=PlanResourceChange
2026-03-20T14:45:46.736-0500 [DEBUG] rancher2: Converting RancherDevModel to RancherDevResourceModel: {
  "BoolAttribute": true,
  "Float32Attribute": 0,
  "Float64Attribute": 0,
  "Id": "required_test",
  "Int32Attribute": 1,
  "Int64Attribute": 0,
  "ListAttribute": [],
  "MapAttribute": {},
  "NestedObject": {
    "NestedNestedObject": {
      "BoolAttribute": false,
      "StringAttribute": ""
    },
    "StringAttribute": ""
  },
  "NestedObjectList": [],
  "NestedObjectMap": {},
  "NumberAttribute": {},
  "SetAttribute": {},
  "StringAttribute": "dev-test-required"
}: tf_req_id=702838ae-a002-32e9-0d47-d0adb27a9b36 tf_provider_addr=registry.terraform.io/hashicorp/rancher2 tf_rpc=ApplyResourceChange tf_resource_type=rancher2_dev
2026-03-20T14:45:46.736-0500 [DEBUG] rancher2: Converting RancherDevModel NestedObject to RancherDevResourceModel NestedResourceModel: {
  "NestedNestedObject": {
    "BoolAttribute": false,
    "StringAttribute": ""
  },
  "StringAttribute": ""
}: tf_req_id=702838ae-a002-32e9-0d47-d0adb27a9b36 tf_provider_addr=registry.terraform.io/hashicorp/rancher2 tf_rpc=ApplyResourceChange tf_resource_type=rancher2_dev
2026-03-20T14:45:46.736-0500 [DEBUG] rancher2: Converting RancherDevModel NestedNestedObject to RancherDevResourceModel NestedNestedResourceModel: {
  "BoolAttribute": false,
  "StringAttribute": ""
}: tf_provider_addr=registry.terraform.io/hashicorp/rancher2 tf_rpc=ApplyResourceChange tf_resource_type=rancher2_dev tf_req_id=702838ae-a002-32e9-0d47-d0adb27a9b36
2026-03-20T14:45:46.736-0500 [TRACE] sdk.framework: Called provider defined Type Validate: tf_rpc=PlanResourceChange tf_resource_type=rancher2_dev tf_req_id=b5ccfa52-819b-80c8-b06a-660faa51348c tf_provider_addr=registry.terraform.io/hashicorp/rancher2
2026-03-20T14:45:46.736-0500 [DEBUG] rancher2: Converted RancherDevModel NestedNestedObject to RancherDevResourceModel NestedNestedResourceModel: {
  "BoolAttribute": false,
  "StringAttribute": ""
}: tf_resource_type=rancher2_dev tf_req_id=702838ae-a002-32e9-0d47-d0adb27a9b36 tf_provider_addr=registry.terraform.io/hashicorp/rancher2 tf_rpc=ApplyResourceChange
2026-03-20T14:45:46.736-0500 [TRACE] sdk.framework: Type implements TypeWithValidate: tf_req_id=b5ccfa52-819b-80c8-b06a-660faa51348c tf_provider_addr=registry.terraform.io/hashicorp/rancher2 tf_rpc=PlanResourceChange tf_resource_type=rancher2_dev tf_attribute_path=int64_attribute
2026-03-20T14:45:46.736-0500 [TRACE] sdk.framework: Calling provider defined Type Validate: tf_provider_addr=registry.terraform.io/hashicorp/rancher2 tf_rpc=PlanResourceChange tf_resource_type=rancher2_dev tf_attribute_path=int64_attribute tf_req_id=b5ccfa52-819b-80c8-b06a-660faa51348c
2026-03-20T14:45:46.736-0500 [TRACE] sdk.framework: Called provider defined Type Validate: tf_req_id=b5ccfa52-819b-80c8-b06a-660faa51348c tf_provider_addr=registry.terraform.io/hashicorp/rancher2 tf_rpc=PlanResourceChange tf_resource_type=rancher2_dev tf_attribute_path=int64_attribute
2026-03-20T14:45:46.736-0500 [DEBUG] rancher2: Converted RancherDevModel NestedObject to RancherDevResourceModel NestedResourceModel: {
  "NestedNestedResourceModel": {},
  "StringAttribute": ""
}: tf_req_id=702838ae-a002-32e9-0d47-d0adb27a9b36 tf_provider_addr=registry.terraform.io/hashicorp/rancher2 tf_rpc=ApplyResourceChange tf_resource_type=rancher2_dev
2026-03-20T14:45:46.736-0500 [TRACE] sdk.framework: Type implements TypeWithValidate: tf_provider_addr=registry.terraform.io/hashicorp/rancher2 tf_rpc=PlanResourceChange tf_resource_type=rancher2_dev tf_req_id=b5ccfa52-819b-80c8-b06a-660faa51348c
2026-03-20T14:45:46.736-0500 [TRACE] sdk.framework: Calling provider defined Type Validate: tf_req_id=b5ccfa52-819b-80c8-b06a-660faa51348c tf_provider_addr=registry.terraform.io/hashicorp/rancher2 tf_rpc=PlanResourceChange tf_resource_type=rancher2_dev
2026-03-20T14:45:46.736-0500 [TRACE] sdk.framework: Called provider defined Type Validate: tf_req_id=b5ccfa52-819b-80c8-b06a-660faa51348c tf_provider_addr=registry.terraform.io/hashicorp/rancher2 tf_rpc=PlanResourceChange tf_resource_type=rancher2_dev
2026-03-20T14:45:46.736-0500 [TRACE] sdk.framework: Type implements TypeWithValidate: tf_rpc=PlanResourceChange tf_resource_type=rancher2_dev tf_req_id=b5ccfa52-819b-80c8-b06a-660faa51348c tf_provider_addr=registry.terraform.io/hashicorp/rancher2
2026-03-20T14:45:46.736-0500 [TRACE] sdk.framework: Calling provider defined Type Validate: tf_req_id=b5ccfa52-819b-80c8-b06a-660faa51348c tf_provider_addr=registry.terraform.io/hashicorp/rancher2 tf_rpc=PlanResourceChange tf_resource_type=rancher2_dev
2026-03-20T14:45:46.736-0500 [TRACE] sdk.framework: Called provider defined Type Validate: tf_rpc=PlanResourceChange tf_resource_type=rancher2_dev tf_req_id=b5ccfa52-819b-80c8-b06a-660faa51348c tf_provider_addr=registry.terraform.io/hashicorp/rancher2
2026-03-20T14:45:46.736-0500 [TRACE] sdk.framework: Type implements TypeWithValidate: tf_provider_addr=registry.terraform.io/hashicorp/rancher2 tf_rpc=PlanResourceChange tf_resource_type=rancher2_dev tf_attribute_path=map_attribute tf_req_id=b5ccfa52-819b-80c8-b06a-660faa51348c
2026-03-20T14:45:46.736-0500 [TRACE] sdk.framework: Calling provider defined Type Validate: tf_provider_addr=registry.terraform.io/hashicorp/rancher2 tf_rpc=PlanResourceChange tf_resource_type=rancher2_dev tf_attribute_path=map_attribute tf_req_id=b5ccfa52-819b-80c8-b06a-660faa51348c
2026-03-20T14:45:46.736-0500 [TRACE] sdk.framework: Called provider defined Type Validate: tf_provider_addr=registry.terraform.io/hashicorp/rancher2 tf_rpc=PlanResourceChange tf_resource_type=rancher2_dev tf_attribute_path=map_attribute tf_req_id=b5ccfa52-819b-80c8-b06a-660faa51348c
2026-03-20T14:45:46.736-0500 [DEBUG] rancher2: Converted RancherDevModel to RancherDevResourceModel: {
  "BoolAttribute": true,
  "Float32Attribute": 0,
  "Float64Attribute": 0,
  "Id": "required_test",
  "Int32Attribute": 1,
  "Int64Attribute": 0,
  "ListAttribute": {},
  "MapAttribute": {},
  "NestedObject": {},
  "NestedObjectList": {},
  "NestedObjectMap": {},
  "NumberAttribute": "1.1",
  "SetAttribute": {},
  "StringAttribute": "dev-test-required"
}: tf_provider_addr=registry.terraform.io/hashicorp/rancher2 tf_rpc=ApplyResourceChange tf_resource_type=rancher2_dev tf_req_id=702838ae-a002-32e9-0d47-d0adb27a9b36
2026-03-20T14:45:46.736-0500 [DEBUG] sdk.framework: Float32Type ValueFromTerraform: big.Float value has distinct float32 and float64 representations (float32 value: 0.000000, float64 value: 0.000000): tf_resource_type=rancher2_dev tf_req_id=702838ae-a002-32e9-0d47-d0adb27a9b36 tf_provider_addr=registry.terraform.io/hashicorp/rancher2 tf_rpc=ApplyResourceChange
2026-03-20T14:45:46.736-0500 [DEBUG] rancher2: Create State After Set: {
  "bool_attribute": true,
  "float32_attribute": "0",
  "float64_attribute": "0",
  "id": "required_test",
  "int32_attribute": "1",
  "int64_attribute": "0",
  "list_attribute": [],
  "map_attribute": {},
  "nested_object": {
    "nested_nested_object": {
      "bool_attribute": false,
      "string_attribute": ""
    },
    "string_attribute": ""
  },
  "nested_object_list": [],
  "nested_object_map": {},
  "number_attribute": "1.1",
  "set_attribute": [],
  "string_attribute": "dev-test-required"
}: tf_rpc=ApplyResourceChange tf_resource_type=rancher2_dev tf_req_id=702838ae-a002-32e9-0d47-d0adb27a9b36 tf_provider_addr=registry.terraform.io/hashicorp/rancher2
2026-03-20T14:45:46.736-0500 [TRACE] sdk.framework: Called provider defined Resource Create: tf_provider_addr=registry.terraform.io/hashicorp/rancher2 tf_rpc=ApplyResourceChange tf_resource_type=rancher2_dev tf_req_id=702838ae-a002-32e9-0d47-d0adb27a9b36
2026-03-20T14:45:46.736-0500 [TRACE] sdk.proto: Received downstream response: tf_resource_type=rancher2_dev diagnostic_warning_count=0 tf_req_duration_ms=2 diagnostic_error_count=0 tf_provider_addr=registry.terraform.io/hashicorp/rancher2 tf_req_id=b5ccfa52-819b-80c8-b06a-660faa51348c tf_proto_version=6.11 tf_rpc=PlanResourceChange
2026-03-20T14:45:46.736-0500 [TRACE] sdk.proto: Served request: tf_provider_addr=registry.terraform.io/hashicorp/rancher2 tf_req_id=b5ccfa52-819b-80c8-b06a-660faa51348c tf_proto_version=6.11 tf_rpc=PlanResourceChange tf_resource_type=rancher2_dev
2026-03-20T14:45:46.736-0500 [TRACE] sdk.framework: Type implements TypeWithValidate: tf_resource_type=rancher2_dev tf_req_id=702838ae-a002-32e9-0d47-d0adb27a9b36 tf_provider_addr=registry.terraform.io/hashicorp/rancher2 tf_rpc=ApplyResourceChange
2026-03-20T14:45:46.736-0500 [TRACE] sdk.framework: Calling provider defined Type Validate: tf_req_id=702838ae-a002-32e9-0d47-d0adb27a9b36 tf_provider_addr=registry.terraform.io/hashicorp/rancher2 tf_rpc=ApplyResourceChange tf_resource_type=rancher2_dev
2026-03-20T14:45:46.736-0500 [TRACE] sdk.framework: Called provider defined Type Validate: tf_provider_addr=registry.terraform.io/hashicorp/rancher2 tf_rpc=ApplyResourceChange tf_resource_type=rancher2_dev tf_req_id=702838ae-a002-32e9-0d47-d0adb27a9b36
2026-03-20T14:45:46.736-0500 [TRACE] sdk.framework: Type implements TypeWithValidate: tf_req_id=702838ae-a002-32e9-0d47-d0adb27a9b36 tf_provider_addr=registry.terraform.io/hashicorp/rancher2 tf_rpc=ApplyResourceChange tf_resource_type=rancher2_dev
2026-03-20T14:45:46.736-0500 [TRACE] sdk.framework: Calling provider defined Type Validate: tf_provider_addr=registry.terraform.io/hashicorp/rancher2 tf_rpc=ApplyResourceChange tf_resource_type=rancher2_dev tf_req_id=702838ae-a002-32e9-0d47-d0adb27a9b36
2026-03-20T14:45:46.736-0500 [TRACE] sdk.framework: Called provider defined Type Validate: tf_resource_type=rancher2_dev tf_req_id=702838ae-a002-32e9-0d47-d0adb27a9b36 tf_provider_addr=registry.terraform.io/hashicorp/rancher2 tf_rpc=ApplyResourceChange
2026-03-20T14:45:46.736-0500 [TRACE] sdk.framework: Type implements TypeWithValidate: tf_req_id=702838ae-a002-32e9-0d47-d0adb27a9b36 tf_provider_addr=registry.terraform.io/hashicorp/rancher2 tf_rpc=ApplyResourceChange tf_resource_type=rancher2_dev
2026-03-20T14:45:46.736-0500 [TRACE] sdk.framework: Calling provider defined Type Validate: tf_req_id=702838ae-a002-32e9-0d47-d0adb27a9b36 tf_provider_addr=registry.terraform.io/hashicorp/rancher2 tf_rpc=ApplyResourceChange tf_resource_type=rancher2_dev
2026-03-20T14:45:46.736-0500 [TRACE] sdk.framework: Called provider defined Type Validate: tf_req_id=702838ae-a002-32e9-0d47-d0adb27a9b36 tf_provider_addr=registry.terraform.io/hashicorp/rancher2 tf_rpc=ApplyResourceChange tf_resource_type=rancher2_dev
2026-03-20T14:45:46.736-0500 [TRACE] sdk.framework: Type implements TypeWithValidate: tf_req_id=702838ae-a002-32e9-0d47-d0adb27a9b36 tf_provider_addr=registry.terraform.io/hashicorp/rancher2 tf_rpc=ApplyResourceChange tf_resource_type=rancher2_dev
2026-03-20T14:45:46.736-0500 [TRACE] sdk.framework: Calling provider defined Type Validate: tf_req_id=702838ae-a002-32e9-0d47-d0adb27a9b36 tf_provider_addr=registry.terraform.io/hashicorp/rancher2 tf_rpc=ApplyResourceChange tf_resource_type=rancher2_dev
2026-03-20T14:45:46.736-0500 [TRACE] sdk.framework: Called provider defined Type Validate: tf_provider_addr=registry.terraform.io/hashicorp/rancher2 tf_rpc=ApplyResourceChange tf_resource_type=rancher2_dev tf_req_id=702838ae-a002-32e9-0d47-d0adb27a9b36
2026-03-20T14:45:46.736-0500 [TRACE] sdk.framework: Type implements TypeWithValidate: tf_provider_addr=registry.terraform.io/hashicorp/rancher2 tf_rpc=ApplyResourceChange tf_resource_type=rancher2_dev tf_req_id=702838ae-a002-32e9-0d47-d0adb27a9b36
2026-03-20T14:45:46.736-0500 [TRACE] sdk.framework: Calling provider defined Type Validate: tf_req_id=702838ae-a002-32e9-0d47-d0adb27a9b36 tf_provider_addr=registry.terraform.io/hashicorp/rancher2 tf_rpc=ApplyResourceChange tf_resource_type=rancher2_dev
2026-03-20T14:45:46.736-0500 [TRACE] sdk.framework: Called provider defined Type Validate: tf_resource_type=rancher2_dev tf_req_id=702838ae-a002-32e9-0d47-d0adb27a9b36 tf_provider_addr=registry.terraform.io/hashicorp/rancher2 tf_rpc=ApplyResourceChange
2026-03-20T14:45:46.736-0500 [TRACE] sdk.framework: Type implements TypeWithValidate: tf_req_id=702838ae-a002-32e9-0d47-d0adb27a9b36 tf_provider_addr=registry.terraform.io/hashicorp/rancher2 tf_rpc=ApplyResourceChange tf_resource_type=rancher2_dev
2026-03-20T14:45:46.736-0500 [TRACE] sdk.framework: Calling provider defined Type Validate: tf_provider_addr=registry.terraform.io/hashicorp/rancher2 tf_rpc=ApplyResourceChange tf_resource_type=rancher2_dev tf_req_id=702838ae-a002-32e9-0d47-d0adb27a9b36
2026-03-20T14:45:46.736-0500 [TRACE] sdk.framework: Called provider defined Type Validate: tf_resource_type=rancher2_dev tf_req_id=702838ae-a002-32e9-0d47-d0adb27a9b36 tf_provider_addr=registry.terraform.io/hashicorp/rancher2 tf_rpc=ApplyResourceChange
2026-03-20T14:45:46.736-0500 [DEBUG] sdk.framework: Value switched to prior value due to semantic equality logic: tf_attribute_path=id tf_resource_type=rancher2_dev tf_req_id=702838ae-a002-32e9-0d47-d0adb27a9b36 tf_provider_addr=registry.terraform.io/hashicorp/rancher2 tf_rpc=ApplyResourceChange
2026-03-20T14:45:46.736-0500 [TRACE] sdk.framework: Type implements TypeWithValidate: tf_resource_type=rancher2_dev tf_req_id=702838ae-a002-32e9-0d47-d0adb27a9b36 tf_provider_addr=registry.terraform.io/hashicorp/rancher2 tf_rpc=ApplyResourceChange
2026-03-20T14:45:46.736-0500 [TRACE] sdk.framework: Calling provider defined Type Validate: tf_resource_type=rancher2_dev tf_req_id=702838ae-a002-32e9-0d47-d0adb27a9b36 tf_provider_addr=registry.terraform.io/hashicorp/rancher2 tf_rpc=ApplyResourceChange
2026-03-20T14:45:46.736-0500 [TRACE] sdk.framework: Called provider defined Type Validate: tf_rpc=ApplyResourceChange tf_resource_type=rancher2_dev tf_req_id=702838ae-a002-32e9-0d47-d0adb27a9b36 tf_provider_addr=registry.terraform.io/hashicorp/rancher2
2026-03-20T14:45:46.736-0500 [TRACE] sdk.framework: Type implements TypeWithValidate: tf_req_id=702838ae-a002-32e9-0d47-d0adb27a9b36 tf_provider_addr=registry.terraform.io/hashicorp/rancher2 tf_rpc=ApplyResourceChange tf_resource_type=rancher2_dev
2026-03-20T14:45:46.736-0500 [TRACE] sdk.framework: Calling provider defined Type Validate: tf_req_id=702838ae-a002-32e9-0d47-d0adb27a9b36 tf_provider_addr=registry.terraform.io/hashicorp/rancher2 tf_rpc=ApplyResourceChange tf_resource_type=rancher2_dev
2026-03-20T14:45:46.736-0500 [TRACE] sdk.framework: Called provider defined Type Validate: tf_req_id=702838ae-a002-32e9-0d47-d0adb27a9b36 tf_provider_addr=registry.terraform.io/hashicorp/rancher2 tf_rpc=ApplyResourceChange tf_resource_type=rancher2_dev
2026-03-20T14:45:46.736-0500 [TRACE] sdk.framework: Type implements TypeWithValidate: tf_provider_addr=registry.terraform.io/hashicorp/rancher2 tf_rpc=ApplyResourceChange tf_resource_type=rancher2_dev tf_req_id=702838ae-a002-32e9-0d47-d0adb27a9b36
2026-03-20T14:45:46.736-0500 [TRACE] sdk.framework: Calling provider defined Type Validate: tf_rpc=ApplyResourceChange tf_resource_type=rancher2_dev tf_req_id=702838ae-a002-32e9-0d47-d0adb27a9b36 tf_provider_addr=registry.terraform.io/hashicorp/rancher2
2026-03-20T14:45:46.736-0500 [TRACE] sdk.framework: Called provider defined Type Validate: tf_req_id=702838ae-a002-32e9-0d47-d0adb27a9b36 tf_provider_addr=registry.terraform.io/hashicorp/rancher2 tf_rpc=ApplyResourceChange tf_resource_type=rancher2_dev
2026-03-20T14:45:46.736-0500 [TRACE] sdk.framework: Type implements TypeWithValidate: tf_req_id=702838ae-a002-32e9-0d47-d0adb27a9b36 tf_provider_addr=registry.terraform.io/hashicorp/rancher2 tf_rpc=ApplyResourceChange tf_resource_type=rancher2_dev
2026-03-20T14:45:46.736-0500 [TRACE] sdk.framework: Calling provider defined Type Validate: tf_rpc=ApplyResourceChange tf_resource_type=rancher2_dev tf_req_id=702838ae-a002-32e9-0d47-d0adb27a9b36 tf_provider_addr=registry.terraform.io/hashicorp/rancher2
2026-03-20T14:45:46.736-0500 [TRACE] sdk.framework: Called provider defined Type Validate: tf_req_id=702838ae-a002-32e9-0d47-d0adb27a9b36 tf_provider_addr=registry.terraform.io/hashicorp/rancher2 tf_rpc=ApplyResourceChange tf_resource_type=rancher2_dev
2026-03-20T14:45:46.736-0500 [TRACE] sdk.framework: Type implements TypeWithValidate: tf_rpc=ApplyResourceChange tf_resource_type=rancher2_dev tf_req_id=702838ae-a002-32e9-0d47-d0adb27a9b36 tf_provider_addr=registry.terraform.io/hashicorp/rancher2
2026-03-20T14:45:46.736-0500 [TRACE] sdk.framework: Calling provider defined Type Validate: tf_req_id=702838ae-a002-32e9-0d47-d0adb27a9b36 tf_provider_addr=registry.terraform.io/hashicorp/rancher2 tf_rpc=ApplyResourceChange tf_resource_type=rancher2_dev
2026-03-20T14:45:46.736-0500 [TRACE] sdk.framework: Called provider defined Type Validate: tf_req_id=702838ae-a002-32e9-0d47-d0adb27a9b36 tf_provider_addr=registry.terraform.io/hashicorp/rancher2 tf_rpc=ApplyResourceChange tf_resource_type=rancher2_dev
2026-03-20T14:45:46.736-0500 [TRACE] sdk.framework: Type implements TypeWithValidate: tf_resource_type=rancher2_dev tf_req_id=702838ae-a002-32e9-0d47-d0adb27a9b36 tf_provider_addr=registry.terraform.io/hashicorp/rancher2 tf_rpc=ApplyResourceChange
2026-03-20T14:45:46.736-0500 [TRACE] sdk.framework: Calling provider defined Type Validate: tf_provider_addr=registry.terraform.io/hashicorp/rancher2 tf_rpc=ApplyResourceChange tf_resource_type=rancher2_dev tf_req_id=702838ae-a002-32e9-0d47-d0adb27a9b36
2026-03-20T14:45:46.736-0500 [TRACE] sdk.framework: Called provider defined Type Validate: tf_rpc=ApplyResourceChange tf_resource_type=rancher2_dev tf_req_id=702838ae-a002-32e9-0d47-d0adb27a9b36 tf_provider_addr=registry.terraform.io/hashicorp/rancher2
2026-03-20T14:45:46.736-0500 [DEBUG] sdk.framework: Value switched to prior value due to semantic equality logic: tf_rpc=ApplyResourceChange tf_resource_type=rancher2_dev tf_attribute_path=bool_attribute tf_req_id=702838ae-a002-32e9-0d47-d0adb27a9b36 tf_provider_addr=registry.terraform.io/hashicorp/rancher2
2026-03-20T14:45:46.736-0500 [TRACE] sdk.framework: Type implements TypeWithValidate: tf_resource_type=rancher2_dev tf_req_id=702838ae-a002-32e9-0d47-d0adb27a9b36 tf_provider_addr=registry.terraform.io/hashicorp/rancher2 tf_rpc=ApplyResourceChange
2026-03-20T14:45:46.736-0500 [TRACE] sdk.framework: Calling provider defined Type Validate: tf_rpc=ApplyResourceChange tf_resource_type=rancher2_dev tf_req_id=702838ae-a002-32e9-0d47-d0adb27a9b36 tf_provider_addr=registry.terraform.io/hashicorp/rancher2
2026-03-20T14:45:46.736-0500 [TRACE] sdk.framework: Called provider defined Type Validate: tf_resource_type=rancher2_dev tf_req_id=702838ae-a002-32e9-0d47-d0adb27a9b36 tf_provider_addr=registry.terraform.io/hashicorp/rancher2 tf_rpc=ApplyResourceChange
2026-03-20T14:45:46.736-0500 [TRACE] sdk.framework: Type implements TypeWithValidate: tf_resource_type=rancher2_dev tf_req_id=702838ae-a002-32e9-0d47-d0adb27a9b36 tf_provider_addr=registry.terraform.io/hashicorp/rancher2 tf_rpc=ApplyResourceChange
2026-03-20T14:45:46.736-0500 [TRACE] sdk.framework: Calling provider defined Type Validate: tf_req_id=702838ae-a002-32e9-0d47-d0adb27a9b36 tf_provider_addr=registry.terraform.io/hashicorp/rancher2 tf_rpc=ApplyResourceChange tf_resource_type=rancher2_dev
2026-03-20T14:45:46.736-0500 [TRACE] sdk.framework: Called provider defined Type Validate: tf_rpc=ApplyResourceChange tf_resource_type=rancher2_dev tf_req_id=702838ae-a002-32e9-0d47-d0adb27a9b36 tf_provider_addr=registry.terraform.io/hashicorp/rancher2
2026-03-20T14:45:46.736-0500 [DEBUG] sdk.framework: Float32Type ValueFromTerraform: big.Float value has distinct float32 and float64 representations (float32 value: 0.000000, float64 value: 0.000000): tf_resource_type=rancher2_dev tf_req_id=702838ae-a002-32e9-0d47-d0adb27a9b36 tf_provider_addr=registry.terraform.io/hashicorp/rancher2 tf_rpc=ApplyResourceChange
2026-03-20T14:45:46.736-0500 [DEBUG] sdk.framework: Value switched to prior value due to semantic equality logic: tf_req_id=702838ae-a002-32e9-0d47-d0adb27a9b36 tf_provider_addr=registry.terraform.io/hashicorp/rancher2 tf_rpc=ApplyResourceChange tf_resource_type=rancher2_dev tf_attribute_path=string_attribute
2026-03-20T14:45:46.737-0500 [TRACE] sdk.proto: Received downstream response: diagnostic_error_count=0 diagnostic_warning_count=0 tf_req_duration_ms=1 tf_resource_type=rancher2_dev tf_proto_version=6.11 tf_provider_addr=registry.terraform.io/hashicorp/rancher2 tf_req_id=702838ae-a002-32e9-0d47-d0adb27a9b36 tf_rpc=ApplyResourceChange
2026-03-20T14:45:46.737-0500 [TRACE] sdk.proto: Served request: tf_proto_version=6.11 tf_provider_addr=registry.terraform.io/hashicorp/rancher2 tf_req_id=702838ae-a002-32e9-0d47-d0adb27a9b36 tf_rpc=ApplyResourceChange tf_resource_type=rancher2_dev
2026-03-20T14:45:46.738-0500 [TRACE] sdk.proto: Received request: tf_provider_addr=registry.terraform.io/hashicorp/rancher2 tf_proto_version=6.11 tf_resource_type=rancher2_dev tf_rpc=ApplyResourceChange tf_req_id=cda0ea73-8281-c43a-4ddd-12c79386d14b
2026-03-20T14:45:46.738-0500 [TRACE] sdk.proto: Sending request downstream: tf_rpc=ApplyResourceChange tf_req_id=cda0ea73-8281-c43a-4ddd-12c79386d14b tf_provider_addr=registry.terraform.io/hashicorp/rancher2 tf_proto_version=6.11 tf_resource_type=rancher2_dev
2026-03-20T14:45:46.738-0500 [TRACE] sdk.framework: Checking ResourceTypes lock: tf_req_id=cda0ea73-8281-c43a-4ddd-12c79386d14b tf_provider_addr=registry.terraform.io/hashicorp/rancher2 tf_resource_type=rancher2_dev tf_rpc=ApplyResourceChange
2026-03-20T14:45:46.738-0500 [TRACE] sdk.framework: Checking ResourceBehaviors lock: tf_req_id=cda0ea73-8281-c43a-4ddd-12c79386d14b tf_provider_addr=registry.terraform.io/hashicorp/rancher2 tf_resource_type=rancher2_dev tf_rpc=ApplyResourceChange
2026-03-20T14:45:46.739-0500 [TRACE] sdk.framework: ApplyResourceChange received no PriorState, running CreateResource: tf_resource_type=rancher2_dev tf_rpc=ApplyResourceChange tf_req_id=cda0ea73-8281-c43a-4ddd-12c79386d14b tf_provider_addr=registry.terraform.io/hashicorp/rancher2
2026-03-20T14:45:46.739-0500 [TRACE] sdk.framework: Resource implements ResourceWithConfigure: tf_rpc=ApplyResourceChange tf_req_id=cda0ea73-8281-c43a-4ddd-12c79386d14b tf_provider_addr=registry.terraform.io/hashicorp/rancher2 tf_resource_type=rancher2_dev
2026-03-20T14:45:46.739-0500 [TRACE] sdk.framework: Calling provider defined Resource Configure: tf_provider_addr=registry.terraform.io/hashicorp/rancher2 tf_resource_type=rancher2_dev tf_rpc=ApplyResourceChange tf_req_id=cda0ea73-8281-c43a-4ddd-12c79386d14b
2026-03-20T14:45:46.739-0500 [DEBUG] rancher2: Rancher2_Dev_Resource Configure request: resource.ConfigureRequest{ProviderData:(*client.HttpClient)(0x1f9c5c3b2000)}: tf_rpc=ApplyResourceChange tf_resource_type=rancher2_dev tf_req_id=cda0ea73-8281-c43a-4ddd-12c79386d14b tf_provider_addr=registry.terraform.io/hashicorp/rancher2
2026-03-20T14:45:46.739-0500 [DEBUG] rancher2: Rancher2_Dev_Resource Configure object: &rancher2_dev.RancherDevResource{client:client.Client(nil)}: tf_req_id=cda0ea73-8281-c43a-4ddd-12c79386d14b tf_provider_addr=registry.terraform.io/hashicorp/rancher2 tf_rpc=ApplyResourceChange tf_resource_type=rancher2_dev
2026-03-20T14:45:46.739-0500 [DEBUG] rancher2: Rancher2_Dev_Resource Configure object after config: &rancher2_dev.RancherDevResource{client:(*client.HttpClient)(0x1f9c5c3b2000)}: tf_req_id=cda0ea73-8281-c43a-4ddd-12c79386d14b tf_provider_addr=registry.terraform.io/hashicorp/rancher2 tf_rpc=ApplyResourceChange tf_resource_type=rancher2_dev
2026-03-20T14:45:46.739-0500 [DEBUG] rancher2: Rancher2_Dev_Resource Configure response: &resource.ConfigureResponse{Diagnostics:diag.Diagnostics(nil)}: tf_rpc=ApplyResourceChange tf_resource_type=rancher2_dev tf_req_id=cda0ea73-8281-c43a-4ddd-12c79386d14b tf_provider_addr=registry.terraform.io/hashicorp/rancher2
2026-03-20T14:45:46.739-0500 [TRACE] sdk.framework: Called provider defined Resource Configure: tf_provider_addr=registry.terraform.io/hashicorp/rancher2 tf_resource_type=rancher2_dev tf_rpc=ApplyResourceChange tf_req_id=cda0ea73-8281-c43a-4ddd-12c79386d14b
2026-03-20T14:45:46.739-0500 [TRACE] sdk.framework: Calling provider defined Resource Create: tf_rpc=ApplyResourceChange tf_req_id=cda0ea73-8281-c43a-4ddd-12c79386d14b tf_provider_addr=registry.terraform.io/hashicorp/rancher2 tf_resource_type=rancher2_dev
2026-03-20T14:45:46.739-0500 [DEBUG] rancher2: Create Config: {
  "bool_attribute": false,
  "float32_attribute": "1.3",
  "float64_attribute": "1.2",
  "id": "full_test",
  "int32_attribute": null,
  "int64_attribute": "1",
  "list_attribute": [
    "this",
    "is",
    "a",
    "list"
  ],
  "map_attribute": {
    "a": "map",
    "this": "is"
  },
  "nested_object": {
    "nested_nested_object": {
      "bool_attribute": false,
      "string_attribute": "tst"
    },
    "string_attribute": "test"
  },
  "nested_object_list": [
    {
      "nested_nested_object": {
        "bool_attribute": false,
        "string_attribute": "tst"
      },
      "string_attribute": "test"
    }
  ],
  "nested_object_map": {
    "first": {
      "nested_nested_object": {
        "bool_attribute": false,
        "string_attribute": "tst"
      },
      "string_attribute": "test"
    }
  },
  "number_attribute": "1.1",
  "set_attribute": [
    "a",
    "is",
    "set",
    "this"
  ],
  "string_attribute": "dev-test"
}: tf_req_id=cda0ea73-8281-c43a-4ddd-12c79386d14b tf_provider_addr=registry.terraform.io/hashicorp/rancher2 tf_rpc=ApplyResourceChange tf_resource_type=rancher2_dev
2026-03-20T14:45:46.739-0500 [DEBUG] rancher2: Create Plan: {
  "bool_attribute": false,
  "float32_attribute": "1.3",
  "float64_attribute": "1.2",
  "id": "full_test",
  "int32_attribute": "\u003cunknown\u003e",
  "int64_attribute": "1",
  "list_attribute": [
    "this",
    "is",
    "a",
    "list"
  ],
  "map_attribute": {
    "a": "map",
    "this": "is"
  },
  "nested_object": {
    "nested_nested_object": {
      "bool_attribute": false,
      "string_attribute": "tst"
    },
    "string_attribute": "test"
  },
  "nested_object_list": [
    {
      "nested_nested_object": {
        "bool_attribute": false,
        "string_attribute": "tst"
      },
      "string_attribute": "test"
    }
  ],
  "nested_object_map": {
    "first": {
      "nested_nested_object": {
        "bool_attribute": false,
        "string_attribute": "tst"
      },
      "string_attribute": "test"
    }
  },
  "number_attribute": "1.1",
  "set_attribute": [
    "a",
    "is",
    "set",
    "this"
  ],
  "string_attribute": "dev-test"
}: tf_req_id=cda0ea73-8281-c43a-4ddd-12c79386d14b tf_provider_addr=registry.terraform.io/hashicorp/rancher2 tf_rpc=ApplyResourceChange tf_resource_type=rancher2_dev
2026-03-20T14:45:46.743-0500 [DEBUG] rancher2: create requestId: https://127.0.0.1.nip.io/dev:POST:: tf_provider_addr=registry.terraform.io/hashicorp/rancher2 tf_rpc=ApplyResourceChange tf_resource_type=rancher2_dev tf_req_id=cda0ea73-8281-c43a-4ddd-12c79386d14b
2026-03-20T14:45:46.743-0500 [DEBUG] rancher2: Converting RancherDevResourceModel to RancherDevModel: {
  "BoolAttribute": false,
  "Float32Attribute": 1.3,
  "Float64Attribute": 1.2,
  "Id": "full_test",
  "Int32Attribute": "\u003cunknown\u003e",
  "Int64Attribute": 1,
  "ListAttribute": {},
  "MapAttribute": {},
  "NestedObject": {},
  "NestedObjectList": {},
  "NestedObjectMap": {},
  "NumberAttribute": "1.1",
  "SetAttribute": {},
  "StringAttribute": "dev-test"
}: tf_resource_type=rancher2_dev tf_req_id=cda0ea73-8281-c43a-4ddd-12c79386d14b tf_provider_addr=registry.terraform.io/hashicorp/rancher2 tf_rpc=ApplyResourceChange
2026-03-20T14:45:46.743-0500 [DEBUG] rancher2: Converting RancherDevResourceModel NestedResourceModel to RancherDevModel NestedObject: {
  "NestedNestedResourceModel": {},
  "StringAttribute": "test"
}: tf_rpc=ApplyResourceChange tf_resource_type=rancher2_dev tf_req_id=cda0ea73-8281-c43a-4ddd-12c79386d14b tf_provider_addr=registry.terraform.io/hashicorp/rancher2
2026-03-20T14:45:46.743-0500 [DEBUG] rancher2: Converting RancherDevResourceModel NestedNestedResourceModel to RancherDevModel NestedNestedObject: {
  "BoolAttribute": false,
  "StringAttribute": "tst"
}: tf_rpc=ApplyResourceChange tf_resource_type=rancher2_dev tf_req_id=cda0ea73-8281-c43a-4ddd-12c79386d14b tf_provider_addr=registry.terraform.io/hashicorp/rancher2
2026-03-20T14:45:46.743-0500 [DEBUG] rancher2: Converting RancherDevResourceModel NestedResourceModel to RancherDevModel NestedObject: {
  "NestedNestedResourceModel": {},
  "StringAttribute": "test"
}: tf_req_id=cda0ea73-8281-c43a-4ddd-12c79386d14b tf_provider_addr=registry.terraform.io/hashicorp/rancher2 tf_rpc=ApplyResourceChange tf_resource_type=rancher2_dev
2026-03-20T14:45:46.743-0500 [DEBUG] rancher2: Converting RancherDevResourceModel NestedNestedResourceModel to RancherDevModel NestedNestedObject: {
  "BoolAttribute": false,
  "StringAttribute": "tst"
}: tf_resource_type=rancher2_dev tf_req_id=cda0ea73-8281-c43a-4ddd-12c79386d14b tf_provider_addr=registry.terraform.io/hashicorp/rancher2 tf_rpc=ApplyResourceChange
2026-03-20T14:45:46.743-0500 [DEBUG] rancher2: Converting RancherDevResourceModel NestedResourceModel to RancherDevModel NestedObject: {
  "NestedNestedResourceModel": {},
  "StringAttribute": "test"
}: tf_resource_type=rancher2_dev tf_req_id=cda0ea73-8281-c43a-4ddd-12c79386d14b tf_provider_addr=registry.terraform.io/hashicorp/rancher2 tf_rpc=ApplyResourceChange
2026-03-20T14:45:46.743-0500 [DEBUG] rancher2: Converting RancherDevResourceModel NestedNestedResourceModel to RancherDevModel NestedNestedObject: {
  "BoolAttribute": false,
  "StringAttribute": "tst"
}: tf_provider_addr=registry.terraform.io/hashicorp/rancher2 tf_rpc=ApplyResourceChange tf_resource_type=rancher2_dev tf_req_id=cda0ea73-8281-c43a-4ddd-12c79386d14b
2026-03-20T14:45:46.743-0500 [DEBUG] rancher2: Setting response for request https://127.0.0.1.nip.io/dev:POST:: tf_rpc=ApplyResourceChange tf_resource_type=rancher2_dev tf_req_id=cda0ea73-8281-c43a-4ddd-12c79386d14b tf_provider_addr=registry.terraform.io/hashicorp/rancher2
2026-03-20T14:45:46.743-0500 [DEBUG] rancher2: Create Client: {
  "TokenStore": {}
}: tf_rpc=ApplyResourceChange tf_resource_type=rancher2_dev tf_req_id=cda0ea73-8281-c43a-4ddd-12c79386d14b tf_provider_addr=registry.terraform.io/hashicorp/rancher2
2026-03-20T14:45:46.743-0500 [DEBUG] rancher2: Converting RancherDevResourceModel to RancherDevModel: {
  "BoolAttribute": false,
  "Float32Attribute": 1.3,
  "Float64Attribute": 1.2,
  "Id": "full_test",
  "Int32Attribute": "\u003cunknown\u003e",
  "Int64Attribute": 1,
  "ListAttribute": {},
  "MapAttribute": {},
  "NestedObject": {},
  "NestedObjectList": {},
  "NestedObjectMap": {},
  "NumberAttribute": "1.1",
  "SetAttribute": {},
  "StringAttribute": "dev-test"
}: tf_req_id=cda0ea73-8281-c43a-4ddd-12c79386d14b tf_provider_addr=registry.terraform.io/hashicorp/rancher2 tf_rpc=ApplyResourceChange tf_resource_type=rancher2_dev
2026-03-20T14:45:46.743-0500 [DEBUG] rancher2: Converting RancherDevResourceModel NestedResourceModel to RancherDevModel NestedObject: {
  "NestedNestedResourceModel": {},
  "StringAttribute": "test"
}: tf_req_id=cda0ea73-8281-c43a-4ddd-12c79386d14b tf_provider_addr=registry.terraform.io/hashicorp/rancher2 tf_rpc=ApplyResourceChange tf_resource_type=rancher2_dev
2026-03-20T14:45:46.743-0500 [DEBUG] rancher2: Converting RancherDevResourceModel NestedNestedResourceModel to RancherDevModel NestedNestedObject: {
  "BoolAttribute": false,
  "StringAttribute": "tst"
}: tf_req_id=cda0ea73-8281-c43a-4ddd-12c79386d14b tf_provider_addr=registry.terraform.io/hashicorp/rancher2 tf_rpc=ApplyResourceChange tf_resource_type=rancher2_dev
2026-03-20T14:45:46.743-0500 [DEBUG] rancher2: Converting RancherDevResourceModel NestedResourceModel to RancherDevModel NestedObject: {
  "NestedNestedResourceModel": {},
  "StringAttribute": "test"
}: tf_req_id=cda0ea73-8281-c43a-4ddd-12c79386d14b tf_provider_addr=registry.terraform.io/hashicorp/rancher2 tf_rpc=ApplyResourceChange tf_resource_type=rancher2_dev
2026-03-20T14:45:46.743-0500 [DEBUG] rancher2: Converting RancherDevResourceModel NestedNestedResourceModel to RancherDevModel NestedNestedObject: {
  "BoolAttribute": false,
  "StringAttribute": "tst"
}: tf_req_id=cda0ea73-8281-c43a-4ddd-12c79386d14b tf_provider_addr=registry.terraform.io/hashicorp/rancher2 tf_rpc=ApplyResourceChange tf_resource_type=rancher2_dev
2026-03-20T14:45:46.743-0500 [DEBUG] rancher2: Converting RancherDevResourceModel NestedResourceModel to RancherDevModel NestedObject: {
  "NestedNestedResourceModel": {},
  "StringAttribute": "test"
}: tf_req_id=cda0ea73-8281-c43a-4ddd-12c79386d14b tf_provider_addr=registry.terraform.io/hashicorp/rancher2 tf_rpc=ApplyResourceChange tf_resource_type=rancher2_dev
2026-03-20T14:45:46.743-0500 [DEBUG] rancher2: Converting RancherDevResourceModel NestedNestedResourceModel to RancherDevModel NestedNestedObject: {
  "BoolAttribute": false,
  "StringAttribute": "tst"
}: tf_req_id=cda0ea73-8281-c43a-4ddd-12c79386d14b tf_provider_addr=registry.terraform.io/hashicorp/rancher2 tf_rpc=ApplyResourceChange tf_resource_type=rancher2_dev
2026-03-20T14:45:46.743-0500 [DEBUG] rancher2: Token is empty.: tf_provider_addr=registry.terraform.io/hashicorp/rancher2 tf_rpc=ApplyResourceChange tf_resource_type=rancher2_dev tf_req_id=cda0ea73-8281-c43a-4ddd-12c79386d14b
2026-03-20T14:45:46.743-0500 [DEBUG] rancher2: HTTP Request: {
  "Body": {
    "BoolAttribute": false,
    "Float32Attribute": 1.3,
    "Float64Attribute": 1.2,
    "Id": "full_test",
    "Int32Attribute": 0,
    "Int64Attribute": 1,
    "ListAttribute": [
      "this",
      "is",
      "a",
      "list"
    ],
    "MapAttribute": {
      "a": "map",
      "this": "is"
    },
    "NestedObject": {
      "NestedNestedObject": {
        "BoolAttribute": false,
        "StringAttribute": "tst"
      },
      "StringAttribute": "test"
    },
    "NestedObjectList": [
      {
        "NestedNestedObject": {
          "BoolAttribute": false,
          "StringAttribute": "tst"
        },
        "StringAttribute": "test"
      }
    ],
    "NestedObjectMap": {
      "first": {
        "NestedNestedObject": {
          "BoolAttribute": false,
          "StringAttribute": "tst"
        },
        "StringAttribute": "test"
      }
    },
    "NumberAttribute": {},
    "SetAttribute": {
      "a": true,
      "is": true,
      "set": true,
      "this": true
    },
    "StringAttribute": "dev-test"
  },
  "Headers": {},
  "ID": "https://127.0.0.1.nip.io/dev:POST:",
  "Method": "POST",
  "StatusCode": 0,
  "Token": "",
  "Url": "https://127.0.0.1.nip.io/dev"
}: tf_req_id=cda0ea73-8281-c43a-4ddd-12c79386d14b tf_provider_addr=registry.terraform.io/hashicorp/rancher2 tf_rpc=ApplyResourceChange tf_resource_type=rancher2_dev
2026-03-20T14:45:46.743-0500 [DEBUG] rancher2: HTTP Response: {
  "Body": {
    "id": "full_test",
    "string_attribute": "dev-test",
    "number_attribute": "1.1",
    "int32_attribute": 1,
    "int64_attribute": 1,
    "float64_attribute": 1.2,
    "float32_attribute": 1.3,
    "list_attribute": [
      "this",
      "is",
      "a",
      "list"
    ],
    "set_attribute": {
      "a": true,
      "is": true,
      "set": true,
      "this": true
    },
    "map_attribute": {
      "a": "map",
      "this": "is"
    },
    "nested_object": {
      "string_attribute": "test",
      "nested_nested_object": {
        "string_attribute": "tst"
      }
    },
    "nested_object_list": [
      {
        "string_attribute": "test",
        "nested_nested_object": {
          "string_attribute": "tst"
        }
      }
    ],
    "nested_object_map": {
      "first": {
        "string_attribute": "test",
        "nested_nested_object": {
          "string_attribute": "tst"
        }
      }
    }
  },
  "Headers": {
    "Content-Type": [
      "application/json"
    ]
  },
  "ID": "https://127.0.0.1.nip.io/dev:POST:",
  "Method": "POST",
  "StatusCode": 200,
  "Token": "",
  "Url": "https://127.0.0.1.nip.io/dev"
}: tf_resource_type=rancher2_dev tf_req_id=cda0ea73-8281-c43a-4ddd-12c79386d14b tf_provider_addr=registry.terraform.io/hashicorp/rancher2 tf_rpc=ApplyResourceChange
2026-03-20T14:45:46.743-0500 [DEBUG] rancher2: Converting RancherDevModel to RancherDevResourceModel: {
  "BoolAttribute": false,
  "Float32Attribute": 1.3,
  "Float64Attribute": 1.2,
  "Id": "full_test",
  "Int32Attribute": 1,
  "Int64Attribute": 1,
  "ListAttribute": [
    "this",
    "is",
    "a",
    "list"
  ],
  "MapAttribute": {
    "a": "map",
    "this": "is"
  },
  "NestedObject": {
    "NestedNestedObject": {
      "BoolAttribute": false,
      "StringAttribute": "tst"
    },
    "StringAttribute": "test"
  },
  "NestedObjectList": [
    {
      "NestedNestedObject": {
        "BoolAttribute": false,
        "StringAttribute": "tst"
      },
      "StringAttribute": "test"
    }
  ],
  "NestedObjectMap": {
    "first": {
      "NestedNestedObject": {
        "BoolAttribute": false,
        "StringAttribute": "tst"
      },
      "StringAttribute": "test"
    }
  },
  "NumberAttribute": {},
  "SetAttribute": {
    "a": true,
    "is": true,
    "set": true,
    "this": true
  },
  "StringAttribute": "dev-test"
}: tf_rpc=ApplyResourceChange tf_resource_type=rancher2_dev tf_req_id=cda0ea73-8281-c43a-4ddd-12c79386d14b tf_provider_addr=registry.terraform.io/hashicorp/rancher2
2026-03-20T14:45:46.743-0500 [DEBUG] rancher2: Converting RancherDevModel NestedObject to RancherDevResourceModel NestedResourceModel: {
  "NestedNestedObject": {
    "BoolAttribute": false,
    "StringAttribute": "tst"
  },
  "StringAttribute": "test"
}: tf_req_id=cda0ea73-8281-c43a-4ddd-12c79386d14b tf_provider_addr=registry.terraform.io/hashicorp/rancher2 tf_rpc=ApplyResourceChange tf_resource_type=rancher2_dev
2026-03-20T14:45:46.743-0500 [DEBUG] rancher2: Converting RancherDevModel NestedNestedObject to RancherDevResourceModel NestedNestedResourceModel: {
  "BoolAttribute": false,
  "StringAttribute": "tst"
}: tf_rpc=ApplyResourceChange tf_resource_type=rancher2_dev tf_req_id=cda0ea73-8281-c43a-4ddd-12c79386d14b tf_provider_addr=registry.terraform.io/hashicorp/rancher2
2026-03-20T14:45:46.743-0500 [DEBUG] rancher2: Converted RancherDevModel NestedNestedObject to RancherDevResourceModel NestedNestedResourceModel: {
  "BoolAttribute": false,
  "StringAttribute": "tst"
}: tf_rpc=ApplyResourceChange tf_resource_type=rancher2_dev tf_req_id=cda0ea73-8281-c43a-4ddd-12c79386d14b tf_provider_addr=registry.terraform.io/hashicorp/rancher2
2026-03-20T14:45:46.743-0500 [DEBUG] rancher2: Converted RancherDevModel NestedObject to RancherDevResourceModel NestedResourceModel: {
  "NestedNestedResourceModel": {},
  "StringAttribute": "test"
}: tf_req_id=cda0ea73-8281-c43a-4ddd-12c79386d14b tf_provider_addr=registry.terraform.io/hashicorp/rancher2 tf_rpc=ApplyResourceChange tf_resource_type=rancher2_dev
2026-03-20T14:45:46.743-0500 [DEBUG] rancher2: Converting RancherDevModel NestedObject to RancherDevResourceModel NestedResourceModel: {
  "NestedNestedObject": {
    "BoolAttribute": false,
    "StringAttribute": "tst"
  },
  "StringAttribute": "test"
}: tf_req_id=cda0ea73-8281-c43a-4ddd-12c79386d14b tf_provider_addr=registry.terraform.io/hashicorp/rancher2 tf_rpc=ApplyResourceChange tf_resource_type=rancher2_dev
2026-03-20T14:45:46.743-0500 [DEBUG] rancher2: Converting RancherDevModel NestedNestedObject to RancherDevResourceModel NestedNestedResourceModel: {
  "BoolAttribute": false,
  "StringAttribute": "tst"
}: tf_req_id=cda0ea73-8281-c43a-4ddd-12c79386d14b tf_provider_addr=registry.terraform.io/hashicorp/rancher2 tf_rpc=ApplyResourceChange tf_resource_type=rancher2_dev
2026-03-20T14:45:46.743-0500 [DEBUG] rancher2: Converted RancherDevModel NestedNestedObject to RancherDevResourceModel NestedNestedResourceModel: {
  "BoolAttribute": false,
  "StringAttribute": "tst"
}: tf_req_id=cda0ea73-8281-c43a-4ddd-12c79386d14b tf_provider_addr=registry.terraform.io/hashicorp/rancher2 tf_rpc=ApplyResourceChange tf_resource_type=rancher2_dev
2026-03-20T14:45:46.743-0500 [DEBUG] rancher2: Converted RancherDevModel NestedObject to RancherDevResourceModel NestedResourceModel: {
  "NestedNestedResourceModel": {},
  "StringAttribute": "test"
}: tf_resource_type=rancher2_dev tf_req_id=cda0ea73-8281-c43a-4ddd-12c79386d14b tf_provider_addr=registry.terraform.io/hashicorp/rancher2 tf_rpc=ApplyResourceChange
2026-03-20T14:45:46.743-0500 [DEBUG] rancher2: Converting RancherDevModel NestedObject to RancherDevResourceModel NestedResourceModel: {
  "NestedNestedObject": {
    "BoolAttribute": false,
    "StringAttribute": "tst"
  },
  "StringAttribute": "test"
}: tf_req_id=cda0ea73-8281-c43a-4ddd-12c79386d14b tf_provider_addr=registry.terraform.io/hashicorp/rancher2 tf_rpc=ApplyResourceChange tf_resource_type=rancher2_dev
2026-03-20T14:45:46.743-0500 [DEBUG] rancher2: Converting RancherDevModel NestedNestedObject to RancherDevResourceModel NestedNestedResourceModel: {
  "BoolAttribute": false,
  "StringAttribute": "tst"
}: tf_req_id=cda0ea73-8281-c43a-4ddd-12c79386d14b tf_provider_addr=registry.terraform.io/hashicorp/rancher2 tf_rpc=ApplyResourceChange tf_resource_type=rancher2_dev
2026-03-20T14:45:46.743-0500 [DEBUG] rancher2: Converted RancherDevModel NestedNestedObject to RancherDevResourceModel NestedNestedResourceModel: {
  "BoolAttribute": false,
  "StringAttribute": "tst"
}: tf_rpc=ApplyResourceChange tf_resource_type=rancher2_dev tf_req_id=cda0ea73-8281-c43a-4ddd-12c79386d14b tf_provider_addr=registry.terraform.io/hashicorp/rancher2
2026-03-20T14:45:46.743-0500 [DEBUG] rancher2: Converted RancherDevModel NestedObject to RancherDevResourceModel NestedResourceModel: {
  "NestedNestedResourceModel": {},
  "StringAttribute": "test"
}: tf_resource_type=rancher2_dev tf_req_id=cda0ea73-8281-c43a-4ddd-12c79386d14b tf_provider_addr=registry.terraform.io/hashicorp/rancher2 tf_rpc=ApplyResourceChange
2026-03-20T14:45:46.743-0500 [DEBUG] rancher2: Converted RancherDevModel to RancherDevResourceModel: {
  "BoolAttribute": false,
  "Float32Attribute": 1.3,
  "Float64Attribute": 1.2,
  "Id": "full_test",
  "Int32Attribute": 1,
  "Int64Attribute": 1,
  "ListAttribute": {},
  "MapAttribute": {},
  "NestedObject": {},
  "NestedObjectList": {},
  "NestedObjectMap": {},
  "NumberAttribute": "1.1",
  "SetAttribute": {},
  "StringAttribute": "dev-test"
}: tf_provider_addr=registry.terraform.io/hashicorp/rancher2 tf_rpc=ApplyResourceChange tf_resource_type=rancher2_dev tf_req_id=cda0ea73-8281-c43a-4ddd-12c79386d14b
2026-03-20T14:45:46.743-0500 [DEBUG] sdk.framework: Float32Type ValueFromTerraform: big.Float value has distinct float32 and float64 representations (float32 value: 1.300000, float64 value: 1.300000): tf_rpc=ApplyResourceChange tf_req_id=cda0ea73-8281-c43a-4ddd-12c79386d14b tf_provider_addr=registry.terraform.io/hashicorp/rancher2 tf_resource_type=rancher2_dev
2026-03-20T14:45:46.743-0500 [DEBUG] rancher2: Create State After Set: {
  "bool_attribute": false,
  "float32_attribute": "1.2999999523162842",
  "float64_attribute": "1.2",
  "id": "full_test",
  "int32_attribute": "1",
  "int64_attribute": "1",
  "list_attribute": [
    "this",
    "is",
    "a",
    "list"
  ],
  "map_attribute": {
    "a": "map",
    "this": "is"
  },
  "nested_object": {
    "nested_nested_object": {
      "bool_attribute": false,
      "string_attribute": "tst"
    },
    "string_attribute": "test"
  },
  "nested_object_list": [
    {
      "nested_nested_object": {
        "bool_attribute": false,
        "string_attribute": "tst"
      },
      "string_attribute": "test"
    }
  ],
  "nested_object_map": {
    "first": {
      "nested_nested_object": {
        "bool_attribute": false,
        "string_attribute": "tst"
      },
      "string_attribute": "test"
    }
  },
  "number_attribute": "1.1",
  "set_attribute": [
    "a",
    "is",
    "set",
    "this"
  ],
  "string_attribute": "dev-test"
}: tf_req_id=cda0ea73-8281-c43a-4ddd-12c79386d14b tf_provider_addr=registry.terraform.io/hashicorp/rancher2 tf_rpc=ApplyResourceChange tf_resource_type=rancher2_dev
2026-03-20T14:45:46.743-0500 [TRACE] sdk.framework: Called provider defined Resource Create: tf_req_id=cda0ea73-8281-c43a-4ddd-12c79386d14b tf_provider_addr=registry.terraform.io/hashicorp/rancher2 tf_resource_type=rancher2_dev tf_rpc=ApplyResourceChange
2026-03-20T14:45:46.743-0500 [DEBUG] sdk.framework: Value switched to prior value due to semantic equality logic: tf_req_id=cda0ea73-8281-c43a-4ddd-12c79386d14b tf_provider_addr=registry.terraform.io/hashicorp/rancher2 tf_resource_type=rancher2_dev tf_attribute_path=id tf_rpc=ApplyResourceChange
2026-03-20T14:45:46.743-0500 [TRACE] sdk.framework: Type implements TypeWithValidate: tf_resource_type=rancher2_dev tf_rpc=ApplyResourceChange tf_req_id=cda0ea73-8281-c43a-4ddd-12c79386d14b tf_provider_addr=registry.terraform.io/hashicorp/rancher2
2026-03-20T14:45:46.743-0500 [TRACE] sdk.framework: Calling provider defined Type Validate: tf_rpc=ApplyResourceChange tf_req_id=cda0ea73-8281-c43a-4ddd-12c79386d14b tf_provider_addr=registry.terraform.io/hashicorp/rancher2 tf_resource_type=rancher2_dev
2026-03-20T14:45:46.743-0500 [TRACE] sdk.framework: Called provider defined Type Validate: tf_req_id=cda0ea73-8281-c43a-4ddd-12c79386d14b tf_provider_addr=registry.terraform.io/hashicorp/rancher2 tf_resource_type=rancher2_dev tf_rpc=ApplyResourceChange
2026-03-20T14:45:46.743-0500 [TRACE] sdk.framework: Type implements TypeWithValidate: tf_rpc=ApplyResourceChange tf_req_id=cda0ea73-8281-c43a-4ddd-12c79386d14b tf_provider_addr=registry.terraform.io/hashicorp/rancher2 tf_resource_type=rancher2_dev
2026-03-20T14:45:46.743-0500 [TRACE] sdk.framework: Calling provider defined Type Validate: tf_rpc=ApplyResourceChange tf_req_id=cda0ea73-8281-c43a-4ddd-12c79386d14b tf_provider_addr=registry.terraform.io/hashicorp/rancher2 tf_resource_type=rancher2_dev
2026-03-20T14:45:46.743-0500 [TRACE] sdk.framework: Called provider defined Type Validate: tf_provider_addr=registry.terraform.io/hashicorp/rancher2 tf_resource_type=rancher2_dev tf_rpc=ApplyResourceChange tf_req_id=cda0ea73-8281-c43a-4ddd-12c79386d14b
2026-03-20T14:45:46.744-0500 [TRACE] sdk.framework: Calling provider defined type-based SemanticEquals: tf_rpc=ApplyResourceChange tf_value_type=1.200000 tf_req_id=cda0ea73-8281-c43a-4ddd-12c79386d14b tf_provider_addr=registry.terraform.io/hashicorp/rancher2 tf_resource_type=rancher2_dev tf_attribute_path=float64_attribute
2026-03-20T14:45:46.744-0500 [TRACE] sdk.framework: Called provider defined type-based SemanticEquals: tf_rpc=ApplyResourceChange tf_req_id=cda0ea73-8281-c43a-4ddd-12c79386d14b tf_provider_addr=registry.terraform.io/hashicorp/rancher2 tf_resource_type=rancher2_dev tf_attribute_path=float64_attribute tf_value_type=1.200000
2026-03-20T14:45:46.744-0500 [DEBUG] sdk.framework: Value switched to prior value due to semantic equality logic: tf_resource_type=rancher2_dev tf_attribute_path=float64_attribute tf_rpc=ApplyResourceChange tf_req_id=cda0ea73-8281-c43a-4ddd-12c79386d14b tf_provider_addr=registry.terraform.io/hashicorp/rancher2
2026-03-20T14:45:46.744-0500 [TRACE] sdk.framework: Type implements TypeWithValidate: tf_req_id=cda0ea73-8281-c43a-4ddd-12c79386d14b tf_provider_addr=registry.terraform.io/hashicorp/rancher2 tf_resource_type=rancher2_dev tf_attribute_path=float64_attribute tf_rpc=ApplyResourceChange
2026-03-20T14:45:46.744-0500 [TRACE] sdk.framework: Calling provider defined Type Validate: tf_req_id=cda0ea73-8281-c43a-4ddd-12c79386d14b tf_provider_addr=registry.terraform.io/hashicorp/rancher2 tf_resource_type=rancher2_dev tf_attribute_path=float64_attribute tf_rpc=ApplyResourceChange
2026-03-20T14:45:46.744-0500 [TRACE] sdk.framework: Called provider defined Type Validate: tf_rpc=ApplyResourceChange tf_req_id=cda0ea73-8281-c43a-4ddd-12c79386d14b tf_provider_addr=registry.terraform.io/hashicorp/rancher2 tf_resource_type=rancher2_dev tf_attribute_path=float64_attribute
2026-03-20T14:45:46.744-0500 [TRACE] sdk.framework: Type implements TypeWithValidate: tf_provider_addr=registry.terraform.io/hashicorp/rancher2 tf_resource_type=rancher2_dev tf_rpc=ApplyResourceChange tf_req_id=cda0ea73-8281-c43a-4ddd-12c79386d14b
2026-03-20T14:45:46.744-0500 [TRACE] sdk.framework: Calling provider defined Type Validate: tf_provider_addr=registry.terraform.io/hashicorp/rancher2 tf_resource_type=rancher2_dev tf_rpc=ApplyResourceChange tf_req_id=cda0ea73-8281-c43a-4ddd-12c79386d14b
2026-03-20T14:45:46.744-0500 [TRACE] sdk.framework: Called provider defined Type Validate: tf_rpc=ApplyResourceChange tf_req_id=cda0ea73-8281-c43a-4ddd-12c79386d14b tf_provider_addr=registry.terraform.io/hashicorp/rancher2 tf_resource_type=rancher2_dev
2026-03-20T14:45:46.744-0500 [TRACE] sdk.framework: Type implements TypeWithValidate: tf_provider_addr=registry.terraform.io/hashicorp/rancher2 tf_resource_type=rancher2_dev tf_rpc=ApplyResourceChange tf_req_id=cda0ea73-8281-c43a-4ddd-12c79386d14b
2026-03-20T14:45:46.744-0500 [TRACE] sdk.framework: Calling provider defined Type Validate: tf_rpc=ApplyResourceChange tf_req_id=cda0ea73-8281-c43a-4ddd-12c79386d14b tf_provider_addr=registry.terraform.io/hashicorp/rancher2 tf_resource_type=rancher2_dev
2026-03-20T14:45:46.744-0500 [TRACE] sdk.framework: Called provider defined Type Validate: tf_rpc=ApplyResourceChange tf_req_id=cda0ea73-8281-c43a-4ddd-12c79386d14b tf_provider_addr=registry.terraform.io/hashicorp/rancher2 tf_resource_type=rancher2_dev
2026-03-20T14:45:46.744-0500 [DEBUG] sdk.framework: Value switched to prior value due to semantic equality logic: tf_provider_addr=registry.terraform.io/hashicorp/rancher2 tf_resource_type=rancher2_dev tf_attribute_path=int64_attribute tf_rpc=ApplyResourceChange tf_req_id=cda0ea73-8281-c43a-4ddd-12c79386d14b
2026-03-20T14:45:46.744-0500 [TRACE] sdk.framework: Type implements TypeWithValidate: tf_rpc=ApplyResourceChange tf_req_id=cda0ea73-8281-c43a-4ddd-12c79386d14b tf_provider_addr=registry.terraform.io/hashicorp/rancher2 tf_resource_type=rancher2_dev
2026-03-20T14:45:46.744-0500 [TRACE] sdk.framework: Calling provider defined Type Validate: tf_provider_addr=registry.terraform.io/hashicorp/rancher2 tf_resource_type=rancher2_dev tf_rpc=ApplyResourceChange tf_req_id=cda0ea73-8281-c43a-4ddd-12c79386d14b
2026-03-20T14:45:46.744-0500 [TRACE] sdk.framework: Called provider defined Type Validate: tf_provider_addr=registry.terraform.io/hashicorp/rancher2 tf_resource_type=rancher2_dev tf_rpc=ApplyResourceChange tf_req_id=cda0ea73-8281-c43a-4ddd-12c79386d14b
2026-03-20T14:45:46.744-0500 [TRACE] sdk.framework: Type implements TypeWithValidate: tf_rpc=ApplyResourceChange tf_req_id=cda0ea73-8281-c43a-4ddd-12c79386d14b tf_provider_addr=registry.terraform.io/hashicorp/rancher2 tf_resource_type=rancher2_dev
2026-03-20T14:45:46.744-0500 [TRACE] sdk.framework: Calling provider defined Type Validate: tf_rpc=ApplyResourceChange tf_req_id=cda0ea73-8281-c43a-4ddd-12c79386d14b tf_provider_addr=registry.terraform.io/hashicorp/rancher2 tf_resource_type=rancher2_dev
2026-03-20T14:45:46.744-0500 [TRACE] sdk.framework: Called provider defined Type Validate: tf_provider_addr=registry.terraform.io/hashicorp/rancher2 tf_resource_type=rancher2_dev tf_rpc=ApplyResourceChange tf_req_id=cda0ea73-8281-c43a-4ddd-12c79386d14b
2026-03-20T14:45:46.744-0500 [DEBUG] sdk.framework: Value switched to prior value due to semantic equality logic: tf_rpc=ApplyResourceChange tf_req_id=cda0ea73-8281-c43a-4ddd-12c79386d14b tf_provider_addr=registry.terraform.io/hashicorp/rancher2 tf_attribute_path="map_attribute[\"a\"]" tf_resource_type=rancher2_dev
2026-03-20T14:45:46.744-0500 [DEBUG] sdk.framework: Value switched to prior value due to semantic equality logic: tf_req_id=cda0ea73-8281-c43a-4ddd-12c79386d14b tf_provider_addr=registry.terraform.io/hashicorp/rancher2 tf_attribute_path="map_attribute[\"this\"]" tf_resource_type=rancher2_dev tf_rpc=ApplyResourceChange
2026-03-20T14:45:46.744-0500 [DEBUG] sdk.framework: Value switched to prior value due to semantic equality logic: tf_attribute_path=map_attribute tf_resource_type=rancher2_dev tf_rpc=ApplyResourceChange tf_req_id=cda0ea73-8281-c43a-4ddd-12c79386d14b tf_provider_addr=registry.terraform.io/hashicorp/rancher2
2026-03-20T14:45:46.744-0500 [DEBUG] sdk.framework: Float32Type ValueFromTerraform: big.Float value has distinct float32 and float64 representations (float32 value: 1.300000, float64 value: 1.300000): tf_req_id=cda0ea73-8281-c43a-4ddd-12c79386d14b tf_provider_addr=registry.terraform.io/hashicorp/rancher2 tf_resource_type=rancher2_dev tf_rpc=ApplyResourceChange
2026-03-20T14:45:46.744-0500 [TRACE] sdk.framework: Calling provider defined type-based SemanticEquals: tf_rpc=ApplyResourceChange tf_req_id=cda0ea73-8281-c43a-4ddd-12c79386d14b tf_provider_addr=registry.terraform.io/hashicorp/rancher2 tf_resource_type=rancher2_dev tf_attribute_path=float32_attribute tf_value_type=1.300000
2026-03-20T14:45:46.744-0500 [TRACE] sdk.framework: Called provider defined type-based SemanticEquals: tf_attribute_path=float32_attribute tf_rpc=ApplyResourceChange tf_req_id=cda0ea73-8281-c43a-4ddd-12c79386d14b tf_provider_addr=registry.terraform.io/hashicorp/rancher2 tf_value_type=1.300000 tf_resource_type=rancher2_dev
2026-03-20T14:45:46.744-0500 [DEBUG] sdk.framework: Value switched to prior value due to semantic equality logic: tf_attribute_path=float32_attribute tf_rpc=ApplyResourceChange tf_req_id=cda0ea73-8281-c43a-4ddd-12c79386d14b tf_provider_addr=registry.terraform.io/hashicorp/rancher2 tf_resource_type=rancher2_dev
2026-03-20T14:45:46.744-0500 [DEBUG] sdk.framework: Value switched to prior value due to semantic equality logic: tf_attribute_path=string_attribute tf_rpc=ApplyResourceChange tf_req_id=cda0ea73-8281-c43a-4ddd-12c79386d14b tf_provider_addr=registry.terraform.io/hashicorp/rancher2 tf_resource_type=rancher2_dev
2026-03-20T14:45:46.744-0500 [TRACE] sdk.framework: Type implements TypeWithValidate: tf_req_id=cda0ea73-8281-c43a-4ddd-12c79386d14b tf_provider_addr=registry.terraform.io/hashicorp/rancher2 tf_resource_type=rancher2_dev tf_rpc=ApplyResourceChange
2026-03-20T14:45:46.744-0500 [TRACE] sdk.framework: Calling provider defined Type Validate: tf_resource_type=rancher2_dev tf_rpc=ApplyResourceChange tf_req_id=cda0ea73-8281-c43a-4ddd-12c79386d14b tf_provider_addr=registry.terraform.io/hashicorp/rancher2
2026-03-20T14:45:46.744-0500 [TRACE] sdk.framework: Called provider defined Type Validate: tf_rpc=ApplyResourceChange tf_req_id=cda0ea73-8281-c43a-4ddd-12c79386d14b tf_provider_addr=registry.terraform.io/hashicorp/rancher2 tf_resource_type=rancher2_dev
2026-03-20T14:45:46.744-0500 [TRACE] sdk.framework: Type implements TypeWithValidate: tf_rpc=ApplyResourceChange tf_req_id=cda0ea73-8281-c43a-4ddd-12c79386d14b tf_provider_addr=registry.terraform.io/hashicorp/rancher2 tf_resource_type=rancher2_dev
2026-03-20T14:45:46.744-0500 [TRACE] sdk.framework: Calling provider defined Type Validate: tf_provider_addr=registry.terraform.io/hashicorp/rancher2 tf_resource_type=rancher2_dev tf_rpc=ApplyResourceChange tf_req_id=cda0ea73-8281-c43a-4ddd-12c79386d14b
2026-03-20T14:45:46.744-0500 [TRACE] sdk.framework: Called provider defined Type Validate: tf_rpc=ApplyResourceChange tf_req_id=cda0ea73-8281-c43a-4ddd-12c79386d14b tf_provider_addr=registry.terraform.io/hashicorp/rancher2 tf_resource_type=rancher2_dev
2026-03-20T14:45:46.744-0500 [DEBUG] sdk.framework: Value switched to prior value due to semantic equality logic: tf_req_id=cda0ea73-8281-c43a-4ddd-12c79386d14b tf_provider_addr=registry.terraform.io/hashicorp/rancher2 tf_resource_type=rancher2_dev tf_attribute_path=list_attribute[0] tf_rpc=ApplyResourceChange
2026-03-20T14:45:46.744-0500 [DEBUG] sdk.framework: Value switched to prior value due to semantic equality logic: tf_attribute_path=list_attribute[1] tf_rpc=ApplyResourceChange tf_req_id=cda0ea73-8281-c43a-4ddd-12c79386d14b tf_provider_addr=registry.terraform.io/hashicorp/rancher2 tf_resource_type=rancher2_dev
2026-03-20T14:45:46.744-0500 [DEBUG] sdk.framework: Value switched to prior value due to semantic equality logic: tf_rpc=ApplyResourceChange tf_req_id=cda0ea73-8281-c43a-4ddd-12c79386d14b tf_provider_addr=registry.terraform.io/hashicorp/rancher2 tf_resource_type=rancher2_dev tf_attribute_path=list_attribute[2]
2026-03-20T14:45:46.744-0500 [DEBUG] sdk.framework: Value switched to prior value due to semantic equality logic: tf_attribute_path=list_attribute[3] tf_rpc=ApplyResourceChange tf_req_id=cda0ea73-8281-c43a-4ddd-12c79386d14b tf_provider_addr=registry.terraform.io/hashicorp/rancher2 tf_resource_type=rancher2_dev
2026-03-20T14:45:46.744-0500 [DEBUG] sdk.framework: Value switched to prior value due to semantic equality logic: tf_resource_type=rancher2_dev tf_attribute_path=list_attribute tf_rpc=ApplyResourceChange tf_req_id=cda0ea73-8281-c43a-4ddd-12c79386d14b tf_provider_addr=registry.terraform.io/hashicorp/rancher2
2026-03-20T14:45:46.744-0500 [TRACE] sdk.framework: Type implements TypeWithValidate: tf_rpc=ApplyResourceChange tf_req_id=cda0ea73-8281-c43a-4ddd-12c79386d14b tf_provider_addr=registry.terraform.io/hashicorp/rancher2 tf_resource_type=rancher2_dev
2026-03-20T14:45:46.744-0500 [TRACE] sdk.framework: Calling provider defined Type Validate: tf_provider_addr=registry.terraform.io/hashicorp/rancher2 tf_resource_type=rancher2_dev tf_rpc=ApplyResourceChange tf_req_id=cda0ea73-8281-c43a-4ddd-12c79386d14b
2026-03-20T14:45:46.744-0500 [TRACE] sdk.framework: Called provider defined Type Validate: tf_req_id=cda0ea73-8281-c43a-4ddd-12c79386d14b tf_provider_addr=registry.terraform.io/hashicorp/rancher2 tf_resource_type=rancher2_dev tf_rpc=ApplyResourceChange
2026-03-20T14:45:46.744-0500 [TRACE] sdk.framework: Type implements TypeWithValidate: tf_req_id=cda0ea73-8281-c43a-4ddd-12c79386d14b tf_provider_addr=registry.terraform.io/hashicorp/rancher2 tf_resource_type=rancher2_dev tf_rpc=ApplyResourceChange
2026-03-20T14:45:46.744-0500 [TRACE] sdk.framework: Calling provider defined Type Validate: tf_rpc=ApplyResourceChange tf_req_id=cda0ea73-8281-c43a-4ddd-12c79386d14b tf_provider_addr=registry.terraform.io/hashicorp/rancher2 tf_resource_type=rancher2_dev
2026-03-20T14:45:46.744-0500 [TRACE] sdk.framework: Called provider defined Type Validate: tf_rpc=ApplyResourceChange tf_req_id=cda0ea73-8281-c43a-4ddd-12c79386d14b tf_provider_addr=registry.terraform.io/hashicorp/rancher2 tf_resource_type=rancher2_dev
2026-03-20T14:45:46.744-0500 [DEBUG] sdk.framework: Value switched to prior value due to semantic equality logic: tf_resource_type=rancher2_dev tf_attribute_path="set_attribute[Value(\"a\")]" tf_rpc=ApplyResourceChange tf_req_id=cda0ea73-8281-c43a-4ddd-12c79386d14b tf_provider_addr=registry.terraform.io/hashicorp/rancher2
2026-03-20T14:45:46.744-0500 [DEBUG] sdk.framework: Value switched to prior value due to semantic equality logic: tf_attribute_path="set_attribute[Value(\"is\")]" tf_rpc=ApplyResourceChange tf_req_id=cda0ea73-8281-c43a-4ddd-12c79386d14b tf_provider_addr=registry.terraform.io/hashicorp/rancher2 tf_resource_type=rancher2_dev
2026-03-20T14:45:46.744-0500 [DEBUG] sdk.framework: Value switched to prior value due to semantic equality logic: tf_resource_type=rancher2_dev tf_attribute_path="set_attribute[Value(\"set\")]" tf_rpc=ApplyResourceChange tf_req_id=cda0ea73-8281-c43a-4ddd-12c79386d14b tf_provider_addr=registry.terraform.io/hashicorp/rancher2
2026-03-20T14:45:46.744-0500 [DEBUG] sdk.framework: Value switched to prior value due to semantic equality logic: tf_provider_addr=registry.terraform.io/hashicorp/rancher2 tf_resource_type=rancher2_dev tf_attribute_path="set_attribute[Value(\"this\")]" tf_rpc=ApplyResourceChange tf_req_id=cda0ea73-8281-c43a-4ddd-12c79386d14b
2026-03-20T14:45:46.744-0500 [DEBUG] sdk.framework: Value switched to prior value due to semantic equality logic: tf_attribute_path=set_attribute tf_rpc=ApplyResourceChange tf_req_id=cda0ea73-8281-c43a-4ddd-12c79386d14b tf_provider_addr=registry.terraform.io/hashicorp/rancher2 tf_resource_type=rancher2_dev
2026-03-20T14:45:46.744-0500 [TRACE] sdk.framework: Type implements TypeWithValidate: tf_rpc=ApplyResourceChange tf_req_id=cda0ea73-8281-c43a-4ddd-12c79386d14b tf_provider_addr=registry.terraform.io/hashicorp/rancher2 tf_resource_type=rancher2_dev
2026-03-20T14:45:46.744-0500 [TRACE] sdk.framework: Calling provider defined Type Validate: tf_rpc=ApplyResourceChange tf_req_id=cda0ea73-8281-c43a-4ddd-12c79386d14b tf_provider_addr=registry.terraform.io/hashicorp/rancher2 tf_resource_type=rancher2_dev
2026-03-20T14:45:46.744-0500 [TRACE] sdk.framework: Called provider defined Type Validate: tf_rpc=ApplyResourceChange tf_req_id=cda0ea73-8281-c43a-4ddd-12c79386d14b tf_provider_addr=registry.terraform.io/hashicorp/rancher2 tf_resource_type=rancher2_dev
2026-03-20T14:45:46.744-0500 [TRACE] sdk.framework: Type implements TypeWithValidate: tf_provider_addr=registry.terraform.io/hashicorp/rancher2 tf_resource_type=rancher2_dev tf_rpc=ApplyResourceChange tf_req_id=cda0ea73-8281-c43a-4ddd-12c79386d14b
2026-03-20T14:45:46.744-0500 [TRACE] sdk.framework: Calling provider defined Type Validate: tf_resource_type=rancher2_dev tf_rpc=ApplyResourceChange tf_req_id=cda0ea73-8281-c43a-4ddd-12c79386d14b tf_provider_addr=registry.terraform.io/hashicorp/rancher2
2026-03-20T14:45:46.744-0500 [TRACE] sdk.framework: Called provider defined Type Validate: tf_req_id=cda0ea73-8281-c43a-4ddd-12c79386d14b tf_provider_addr=registry.terraform.io/hashicorp/rancher2 tf_resource_type=rancher2_dev tf_rpc=ApplyResourceChange
2026-03-20T14:45:46.744-0500 [DEBUG] sdk.framework: Value switched to prior value due to semantic equality logic: tf_resource_type=rancher2_dev tf_attribute_path=nested_object_list[0].string_attribute tf_rpc=ApplyResourceChange tf_req_id=cda0ea73-8281-c43a-4ddd-12c79386d14b tf_provider_addr=registry.terraform.io/hashicorp/rancher2
2026-03-20T14:45:46.744-0500 [DEBUG] sdk.framework: Value switched to prior value due to semantic equality logic: tf_provider_addr=registry.terraform.io/hashicorp/rancher2 tf_resource_type=rancher2_dev tf_attribute_path=nested_object_list[0].nested_nested_object.string_attribute tf_rpc=ApplyResourceChange tf_req_id=cda0ea73-8281-c43a-4ddd-12c79386d14b
2026-03-20T14:45:46.744-0500 [DEBUG] sdk.framework: Value switched to prior value due to semantic equality logic: tf_provider_addr=registry.terraform.io/hashicorp/rancher2 tf_resource_type=rancher2_dev tf_attribute_path=nested_object_list[0].nested_nested_object.bool_attribute tf_rpc=ApplyResourceChange tf_req_id=cda0ea73-8281-c43a-4ddd-12c79386d14b
2026-03-20T14:45:46.744-0500 [DEBUG] sdk.framework: Value switched to prior value due to semantic equality logic: tf_rpc=ApplyResourceChange tf_req_id=cda0ea73-8281-c43a-4ddd-12c79386d14b tf_provider_addr=registry.terraform.io/hashicorp/rancher2 tf_resource_type=rancher2_dev tf_attribute_path=nested_object_list[0].nested_nested_object
2026-03-20T14:45:46.744-0500 [DEBUG] sdk.framework: Value switched to prior value due to semantic equality logic: tf_rpc=ApplyResourceChange tf_req_id=cda0ea73-8281-c43a-4ddd-12c79386d14b tf_provider_addr=registry.terraform.io/hashicorp/rancher2 tf_resource_type=rancher2_dev tf_attribute_path=nested_object_list[0]
2026-03-20T14:45:46.744-0500 [DEBUG] sdk.framework: Value switched to prior value due to semantic equality logic: tf_rpc=ApplyResourceChange tf_req_id=cda0ea73-8281-c43a-4ddd-12c79386d14b tf_provider_addr=registry.terraform.io/hashicorp/rancher2 tf_resource_type=rancher2_dev tf_attribute_path=nested_object_list
2026-03-20T14:45:46.744-0500 [DEBUG] sdk.framework: Value switched to prior value due to semantic equality logic: tf_attribute_path=bool_attribute tf_req_id=cda0ea73-8281-c43a-4ddd-12c79386d14b tf_provider_addr=registry.terraform.io/hashicorp/rancher2 tf_resource_type=rancher2_dev tf_rpc=ApplyResourceChange
2026-03-20T14:45:46.744-0500 [DEBUG] sdk.framework: Value switched to prior value due to semantic equality logic: tf_req_id=cda0ea73-8281-c43a-4ddd-12c79386d14b tf_attribute_path=nested_object.string_attribute tf_provider_addr=registry.terraform.io/hashicorp/rancher2 tf_resource_type=rancher2_dev tf_rpc=ApplyResourceChange
2026-03-20T14:45:46.744-0500 [DEBUG] sdk.framework: Value switched to prior value due to semantic equality logic: tf_rpc=ApplyResourceChange tf_req_id=cda0ea73-8281-c43a-4ddd-12c79386d14b tf_attribute_path=nested_object.nested_nested_object.bool_attribute tf_provider_addr=registry.terraform.io/hashicorp/rancher2 tf_resource_type=rancher2_dev
2026-03-20T14:45:46.744-0500 [DEBUG] sdk.framework: Value switched to prior value due to semantic equality logic: tf_req_id=cda0ea73-8281-c43a-4ddd-12c79386d14b tf_attribute_path=nested_object.nested_nested_object.string_attribute tf_provider_addr=registry.terraform.io/hashicorp/rancher2 tf_resource_type=rancher2_dev tf_rpc=ApplyResourceChange
2026-03-20T14:45:46.744-0500 [DEBUG] sdk.framework: Value switched to prior value due to semantic equality logic: tf_attribute_path=nested_object.nested_nested_object tf_provider_addr=registry.terraform.io/hashicorp/rancher2 tf_resource_type=rancher2_dev tf_rpc=ApplyResourceChange tf_req_id=cda0ea73-8281-c43a-4ddd-12c79386d14b
2026-03-20T14:45:46.744-0500 [DEBUG] sdk.framework: Value switched to prior value due to semantic equality logic: tf_resource_type=rancher2_dev tf_rpc=ApplyResourceChange tf_req_id=cda0ea73-8281-c43a-4ddd-12c79386d14b tf_attribute_path=nested_object tf_provider_addr=registry.terraform.io/hashicorp/rancher2
2026-03-20T14:45:46.744-0500 [TRACE] sdk.framework: Type implements TypeWithValidate: tf_rpc=ApplyResourceChange tf_req_id=cda0ea73-8281-c43a-4ddd-12c79386d14b tf_provider_addr=registry.terraform.io/hashicorp/rancher2 tf_resource_type=rancher2_dev
2026-03-20T14:45:46.744-0500 [TRACE] sdk.framework: Calling provider defined Type Validate: tf_rpc=ApplyResourceChange tf_req_id=cda0ea73-8281-c43a-4ddd-12c79386d14b tf_provider_addr=registry.terraform.io/hashicorp/rancher2 tf_resource_type=rancher2_dev
2026-03-20T14:45:46.744-0500 [TRACE] sdk.framework: Called provider defined Type Validate: tf_req_id=cda0ea73-8281-c43a-4ddd-12c79386d14b tf_provider_addr=registry.terraform.io/hashicorp/rancher2 tf_resource_type=rancher2_dev tf_rpc=ApplyResourceChange
2026-03-20T14:45:46.744-0500 [TRACE] sdk.framework: Type implements TypeWithValidate: tf_rpc=ApplyResourceChange tf_req_id=cda0ea73-8281-c43a-4ddd-12c79386d14b tf_provider_addr=registry.terraform.io/hashicorp/rancher2 tf_resource_type=rancher2_dev
2026-03-20T14:45:46.744-0500 [TRACE] sdk.framework: Calling provider defined Type Validate: tf_provider_addr=registry.terraform.io/hashicorp/rancher2 tf_resource_type=rancher2_dev tf_rpc=ApplyResourceChange tf_req_id=cda0ea73-8281-c43a-4ddd-12c79386d14b
2026-03-20T14:45:46.744-0500 [TRACE] sdk.framework: Called provider defined Type Validate: tf_req_id=cda0ea73-8281-c43a-4ddd-12c79386d14b tf_provider_addr=registry.terraform.io/hashicorp/rancher2 tf_resource_type=rancher2_dev tf_rpc=ApplyResourceChange
2026-03-20T14:45:46.744-0500 [DEBUG] sdk.framework: Value switched to prior value due to semantic equality logic: tf_resource_type=rancher2_dev tf_rpc=ApplyResourceChange tf_req_id=cda0ea73-8281-c43a-4ddd-12c79386d14b tf_provider_addr=registry.terraform.io/hashicorp/rancher2 tf_attribute_path="nested_object_map[\"first\"].string_attribute"
2026-03-20T14:45:46.744-0500 [DEBUG] sdk.framework: Value switched to prior value due to semantic equality logic: tf_attribute_path="nested_object_map[\"first\"].nested_nested_object.string_attribute" tf_resource_type=rancher2_dev tf_rpc=ApplyResourceChange tf_req_id=cda0ea73-8281-c43a-4ddd-12c79386d14b tf_provider_addr=registry.terraform.io/hashicorp/rancher2
2026-03-20T14:45:46.744-0500 [DEBUG] sdk.framework: Value switched to prior value due to semantic equality logic: tf_resource_type=rancher2_dev tf_rpc=ApplyResourceChange tf_req_id=cda0ea73-8281-c43a-4ddd-12c79386d14b tf_provider_addr=registry.terraform.io/hashicorp/rancher2 tf_attribute_path="nested_object_map[\"first\"].nested_nested_object.bool_attribute"
2026-03-20T14:45:46.744-0500 [DEBUG] sdk.framework: Value switched to prior value due to semantic equality logic: tf_req_id=cda0ea73-8281-c43a-4ddd-12c79386d14b tf_provider_addr=registry.terraform.io/hashicorp/rancher2 tf_attribute_path="nested_object_map[\"first\"].nested_nested_object" tf_resource_type=rancher2_dev tf_rpc=ApplyResourceChange
2026-03-20T14:45:46.744-0500 [DEBUG] sdk.framework: Value switched to prior value due to semantic equality logic: tf_resource_type=rancher2_dev tf_rpc=ApplyResourceChange tf_req_id=cda0ea73-8281-c43a-4ddd-12c79386d14b tf_provider_addr=registry.terraform.io/hashicorp/rancher2 tf_attribute_path="nested_object_map[\"first\"]"
2026-03-20T14:45:46.744-0500 [DEBUG] sdk.framework: Value switched to prior value due to semantic equality logic: tf_req_id=cda0ea73-8281-c43a-4ddd-12c79386d14b tf_provider_addr=registry.terraform.io/hashicorp/rancher2 tf_attribute_path=nested_object_map tf_resource_type=rancher2_dev tf_rpc=ApplyResourceChange
2026-03-20T14:45:46.744-0500 [DEBUG] sdk.framework: State updated due to semantic equality: tf_rpc=ApplyResourceChange tf_req_id=cda0ea73-8281-c43a-4ddd-12c79386d14b tf_provider_addr=registry.terraform.io/hashicorp/rancher2 tf_resource_type=rancher2_dev
2026-03-20T14:45:46.744-0500 [TRACE] sdk.framework: attribute is a non-schema attribute, not nullifying: tf_attribute_path="AttributeName(\"nested_object_map\").ElementKeyString(\"first\")" tf_rpc=ApplyResourceChange tf_req_id=cda0ea73-8281-c43a-4ddd-12c79386d14b tf_provider_addr=registry.terraform.io/hashicorp/rancher2 tf_resource_type=rancher2_dev
2026-03-20T14:45:46.744-0500 [TRACE] sdk.framework: attribute is a non-schema attribute, not nullifying: tf_req_id=cda0ea73-8281-c43a-4ddd-12c79386d14b tf_provider_addr=registry.terraform.io/hashicorp/rancher2 tf_resource_type=rancher2_dev tf_attribute_path="AttributeName(\"nested_object_list\").ElementKeyInt(0)" tf_rpc=ApplyResourceChange
2026-03-20T14:45:46.744-0500 [TRACE] sdk.framework: attribute is a non-schema attribute, not nullifying: tf_resource_type=rancher2_dev tf_attribute_path="AttributeName(\"list_attribute\").ElementKeyInt(0)" tf_rpc=ApplyResourceChange tf_req_id=cda0ea73-8281-c43a-4ddd-12c79386d14b tf_provider_addr=registry.terraform.io/hashicorp/rancher2
2026-03-20T14:45:46.744-0500 [TRACE] sdk.framework: attribute is a non-schema attribute, not nullifying: tf_provider_addr=registry.terraform.io/hashicorp/rancher2 tf_resource_type=rancher2_dev tf_attribute_path="AttributeName(\"list_attribute\").ElementKeyInt(1)" tf_rpc=ApplyResourceChange tf_req_id=cda0ea73-8281-c43a-4ddd-12c79386d14b
2026-03-20T14:45:46.744-0500 [TRACE] sdk.framework: attribute is a non-schema attribute, not nullifying: tf_rpc=ApplyResourceChange tf_req_id=cda0ea73-8281-c43a-4ddd-12c79386d14b tf_provider_addr=registry.terraform.io/hashicorp/rancher2 tf_resource_type=rancher2_dev tf_attribute_path="AttributeName(\"list_attribute\").ElementKeyInt(2)"
2026-03-20T14:45:46.744-0500 [TRACE] sdk.framework: attribute is a non-schema attribute, not nullifying: tf_rpc=ApplyResourceChange tf_req_id=cda0ea73-8281-c43a-4ddd-12c79386d14b tf_provider_addr=registry.terraform.io/hashicorp/rancher2 tf_resource_type=rancher2_dev tf_attribute_path="AttributeName(\"list_attribute\").ElementKeyInt(3)"
2026-03-20T14:45:46.744-0500 [TRACE] sdk.framework: attribute is a non-schema attribute, not nullifying: tf_provider_addr=registry.terraform.io/hashicorp/rancher2 tf_resource_type=rancher2_dev tf_attribute_path="AttributeName(\"map_attribute\").ElementKeyString(\"a\")" tf_rpc=ApplyResourceChange tf_req_id=cda0ea73-8281-c43a-4ddd-12c79386d14b
2026-03-20T14:45:46.744-0500 [TRACE] sdk.framework: attribute is a non-schema attribute, not nullifying: tf_provider_addr=registry.terraform.io/hashicorp/rancher2 tf_resource_type=rancher2_dev tf_attribute_path="AttributeName(\"map_attribute\").ElementKeyString(\"this\")" tf_rpc=ApplyResourceChange tf_req_id=cda0ea73-8281-c43a-4ddd-12c79386d14b
2026-03-20T14:45:46.744-0500 [TRACE] sdk.framework: attribute is a non-schema attribute, not nullifying: tf_resource_type=rancher2_dev tf_attribute_path="AttributeName(\"set_attribute\").ElementKeyValue(tftypes.String<\"a\">)" tf_rpc=ApplyResourceChange tf_req_id=cda0ea73-8281-c43a-4ddd-12c79386d14b tf_provider_addr=registry.terraform.io/hashicorp/rancher2
2026-03-20T14:45:46.744-0500 [TRACE] sdk.framework: attribute is a non-schema attribute, not nullifying: tf_rpc=ApplyResourceChange tf_req_id=cda0ea73-8281-c43a-4ddd-12c79386d14b tf_provider_addr=registry.terraform.io/hashicorp/rancher2 tf_resource_type=rancher2_dev tf_attribute_path="AttributeName(\"set_attribute\").ElementKeyValue(tftypes.String<\"is\">)"
2026-03-20T14:45:46.744-0500 [TRACE] sdk.framework: attribute is a non-schema attribute, not nullifying: tf_req_id=cda0ea73-8281-c43a-4ddd-12c79386d14b tf_provider_addr=registry.terraform.io/hashicorp/rancher2 tf_resource_type=rancher2_dev tf_attribute_path="AttributeName(\"set_attribute\").ElementKeyValue(tftypes.String<\"set\">)" tf_rpc=ApplyResourceChange
2026-03-20T14:45:46.744-0500 [TRACE] sdk.framework: attribute is a non-schema attribute, not nullifying: tf_req_id=cda0ea73-8281-c43a-4ddd-12c79386d14b tf_provider_addr=registry.terraform.io/hashicorp/rancher2 tf_resource_type=rancher2_dev tf_attribute_path="AttributeName(\"set_attribute\").ElementKeyValue(tftypes.String<\"this\">)" tf_rpc=ApplyResourceChange
2026-03-20T14:45:46.744-0500 [TRACE] sdk.proto: Received downstream response: tf_req_id=cda0ea73-8281-c43a-4ddd-12c79386d14b tf_provider_addr=registry.terraform.io/hashicorp/rancher2 tf_proto_version=6.11 tf_req_duration_ms=6 diagnostic_error_count=0 diagnostic_warning_count=0 tf_resource_type=rancher2_dev tf_rpc=ApplyResourceChange
2026-03-20T14:45:46.744-0500 [TRACE] sdk.proto: Served request: tf_rpc=ApplyResourceChange tf_req_id=cda0ea73-8281-c43a-4ddd-12c79386d14b tf_provider_addr=registry.terraform.io/hashicorp/rancher2 tf_proto_version=6.11 tf_resource_type=rancher2_dev
2026-03-20T14:45:46.761-0500 [TRACE] sdk.helper_resource: Called Terraform CLI apply command: test_working_directory=/Users/mtrachier/go/src/github.com/rancher/terraform-provider-rancher2/test/short/data/U5Noiq-VXrAXi/data test_step_number=1 test_name=TestAccDevResource test_terraform_path=/Users/mtrachier/bin/terraform
2026-03-20T14:45:46.761-0500 [TRACE] sdk.helper_resource: Called wrapped Terraform CLI command: test_step_number=1 test_name=TestAccDevResource test_terraform_path=/Users/mtrachier/bin/terraform test_working_directory=/Users/mtrachier/go/src/github.com/rancher/terraform-provider-rancher2/test/short/data/U5Noiq-VXrAXi/data
2026-03-20T14:45:46.761-0500 [TRACE] sdk.helper_resource: Stopping providers: test_working_directory=/Users/mtrachier/go/src/github.com/rancher/terraform-provider-rancher2/test/short/data/U5Noiq-VXrAXi/data test_step_number=1 test_name=TestAccDevResource test_terraform_path=/Users/mtrachier/bin/terraform
2026-03-20T14:45:46.761-0500 [TRACE] sdk.helper_resource: Waiting for providers to stop: test_name=TestAccDevResource test_terraform_path=/Users/mtrachier/bin/terraform test_working_directory=/Users/mtrachier/go/src/github.com/rancher/terraform-provider-rancher2/test/short/data/U5Noiq-VXrAXi/data test_step_number=1
2026-03-20T14:45:46.761-0500 [TRACE] sdk.helper_resource: Providers have successfully stopped: test_name=TestAccDevResource test_terraform_path=/Users/mtrachier/bin/terraform test_working_directory=/Users/mtrachier/go/src/github.com/rancher/terraform-provider-rancher2/test/short/data/U5Noiq-VXrAXi/data test_step_number=1
2026-03-20T14:45:46.761-0500 [TRACE] sdk.helper_resource: Using TestStep Check: test_step_number=1 test_name=TestAccDevResource test_terraform_path=/Users/mtrachier/bin/terraform test_working_directory=/Users/mtrachier/go/src/github.com/rancher/terraform-provider-rancher2/test/short/data/U5Noiq-VXrAXi/data
2026-03-20T14:45:46.761-0500 [TRACE] sdk.helper_resource: Creating tfprotov6 provider instance: test_terraform_path=/Users/mtrachier/bin/terraform tf_provider_addr=registry.terraform.io/hashicorp/rancher2 test_working_directory=/Users/mtrachier/go/src/github.com/rancher/terraform-provider-rancher2/test/short/data/U5Noiq-VXrAXi/data test_step_number=1 test_name=TestAccDevResource
2026-03-20T14:45:46.761-0500 [TRACE] sdk.helper_resource: Created tfprotov6 provider instance: test_step_number=1 test_name=TestAccDevResource test_terraform_path=/Users/mtrachier/bin/terraform test_working_directory=/Users/mtrachier/go/src/github.com/rancher/terraform-provider-rancher2/test/short/data/U5Noiq-VXrAXi/data tf_provider_addr=registry.terraform.io/hashicorp/rancher2
2026-03-20T14:45:46.761-0500 [TRACE] sdk.helper_resource: Starting tfprotov6 provider instance server: test_working_directory=/Users/mtrachier/go/src/github.com/rancher/terraform-provider-rancher2/test/short/data/U5Noiq-VXrAXi/data test_step_number=1 test_name=TestAccDevResource test_terraform_path=/Users/mtrachier/bin/terraform tf_provider_addr=registry.terraform.io/hashicorp/rancher2
2026-03-20T14:45:46.761-0500 [TRACE] sdk.helper_resource: Started tfprotov6 provider instance server: tf_provider_addr=registry.terraform.io/hashicorp/rancher2 test_name=TestAccDevResource test_terraform_path=/Users/mtrachier/bin/terraform test_working_directory=/Users/mtrachier/go/src/github.com/rancher/terraform-provider-rancher2/test/short/data/U5Noiq-VXrAXi/data test_step_number=1
2026-03-20T14:45:46.761-0500 [TRACE] sdk.helper_resource: Setting Terraform CLI reattach configuration: test_name=TestAccDevResource test_terraform_path=/Users/mtrachier/bin/terraform test_working_directory=/Users/mtrachier/go/src/github.com/rancher/terraform-provider-rancher2/test/short/data/U5Noiq-VXrAXi/data test_step_number=1 tf_reattach_config="map[registry.terraform.io/-/rancher2:{grpc 6 60731 true {unix /tmp/nix-shell.rhM2cr/plugin3456276906}} registry.terraform.io/hashicorp/rancher2:{grpc 6 60731 true {unix /tmp/nix-shell.rhM2cr/plugin3456276906}}]"
2026-03-20T14:45:46.761-0500 [TRACE] sdk.helper_resource: Calling wrapped Terraform CLI command: test_terraform_path=/Users/mtrachier/bin/terraform test_working_directory=/Users/mtrachier/go/src/github.com/rancher/terraform-provider-rancher2/test/short/data/U5Noiq-VXrAXi/data test_step_number=1 test_name=TestAccDevResource
2026-03-20T14:45:46.761-0500 [TRACE] sdk.helper_resource: Calling Terraform CLI show command for JSON state: test_step_number=1 test_name=TestAccDevResource test_terraform_path=/Users/mtrachier/bin/terraform test_working_directory=/Users/mtrachier/go/src/github.com/rancher/terraform-provider-rancher2/test/short/data/U5Noiq-VXrAXi/data
2026-03-20T14:45:46.793-0500 [TRACE] sdk.proto: Received request: tf_proto_version=6.11 tf_req_id=4fb3fca7-8212-9750-118a-ccc3f2237ccf tf_rpc=GetProviderSchema tf_provider_addr=registry.terraform.io/hashicorp/rancher2
2026-03-20T14:45:46.794-0500 [TRACE] sdk.proto: Sending request downstream: tf_provider_addr=registry.terraform.io/hashicorp/rancher2 tf_proto_version=6.11 tf_req_id=4fb3fca7-8212-9750-118a-ccc3f2237ccf tf_rpc=GetProviderSchema
2026-03-20T14:45:46.794-0500 [TRACE] sdk.framework: Checking ProviderSchema lock: tf_rpc=GetProviderSchema tf_req_id=4fb3fca7-8212-9750-118a-ccc3f2237ccf tf_provider_addr=registry.terraform.io/hashicorp/rancher2
2026-03-20T14:45:46.794-0500 [TRACE] sdk.framework: Calling provider defined Provider Schema: tf_provider_addr=registry.terraform.io/hashicorp/rancher2 tf_rpc=GetProviderSchema tf_req_id=4fb3fca7-8212-9750-118a-ccc3f2237ccf
2026-03-20T14:45:46.794-0500 [TRACE] sdk.framework: Called provider defined Provider Schema: tf_provider_addr=registry.terraform.io/hashicorp/rancher2 tf_rpc=GetProviderSchema tf_req_id=4fb3fca7-8212-9750-118a-ccc3f2237ccf
2026-03-20T14:45:46.794-0500 [TRACE] sdk.framework: Checking ResourceTypes lock: tf_provider_addr=registry.terraform.io/hashicorp/rancher2 tf_rpc=GetProviderSchema tf_req_id=4fb3fca7-8212-9750-118a-ccc3f2237ccf
2026-03-20T14:45:46.794-0500 [TRACE] sdk.framework: Checking ProviderTypeName lock: tf_req_id=4fb3fca7-8212-9750-118a-ccc3f2237ccf tf_provider_addr=registry.terraform.io/hashicorp/rancher2 tf_rpc=GetProviderSchema
2026-03-20T14:45:46.794-0500 [TRACE] sdk.framework: Calling provider defined Provider Metadata: tf_rpc=GetProviderSchema tf_req_id=4fb3fca7-8212-9750-118a-ccc3f2237ccf tf_provider_addr=registry.terraform.io/hashicorp/rancher2
2026-03-20T14:45:46.794-0500 [TRACE] sdk.framework: Called provider defined Provider Metadata: tf_provider_addr=registry.terraform.io/hashicorp/rancher2 tf_rpc=GetProviderSchema tf_req_id=4fb3fca7-8212-9750-118a-ccc3f2237ccf
2026-03-20T14:45:46.794-0500 [TRACE] sdk.framework: Calling provider defined Provider Resources: tf_provider_addr=registry.terraform.io/hashicorp/rancher2 tf_rpc=GetProviderSchema tf_req_id=4fb3fca7-8212-9750-118a-ccc3f2237ccf
2026-03-20T14:45:46.794-0500 [TRACE] sdk.framework: Called provider defined Provider Resources: tf_provider_addr=registry.terraform.io/hashicorp/rancher2 tf_rpc=GetProviderSchema tf_req_id=4fb3fca7-8212-9750-118a-ccc3f2237ccf
2026-03-20T14:45:46.794-0500 [TRACE] sdk.framework: Found resource type: tf_rpc=GetProviderSchema tf_req_id=4fb3fca7-8212-9750-118a-ccc3f2237ccf tf_provider_addr=registry.terraform.io/hashicorp/rancher2 tf_resource_type=rancher2_dev
2026-03-20T14:45:46.794-0500 [TRACE] sdk.framework: Found resource type: tf_req_id=4fb3fca7-8212-9750-118a-ccc3f2237ccf tf_provider_addr=registry.terraform.io/hashicorp/rancher2 tf_resource_type=rancher2_login tf_rpc=GetProviderSchema
2026-03-20T14:45:46.794-0500 [TRACE] sdk.framework: Calling provider defined Resource Schema method: tf_rpc=GetProviderSchema tf_req_id=4fb3fca7-8212-9750-118a-ccc3f2237ccf tf_provider_addr=registry.terraform.io/hashicorp/rancher2 tf_resource_type=rancher2_dev
2026-03-20T14:45:46.794-0500 [TRACE] sdk.framework: Called provider defined Resource Schema method: tf_rpc=GetProviderSchema tf_req_id=4fb3fca7-8212-9750-118a-ccc3f2237ccf tf_provider_addr=registry.terraform.io/hashicorp/rancher2 tf_resource_type=rancher2_dev
2026-03-20T14:45:46.794-0500 [TRACE] sdk.framework: Calling provider defined Resource Schema method: tf_rpc=GetProviderSchema tf_req_id=4fb3fca7-8212-9750-118a-ccc3f2237ccf tf_provider_addr=registry.terraform.io/hashicorp/rancher2 tf_resource_type=rancher2_login
2026-03-20T14:45:46.794-0500 [TRACE] sdk.framework: Called provider defined Resource Schema method: tf_rpc=GetProviderSchema tf_req_id=4fb3fca7-8212-9750-118a-ccc3f2237ccf tf_resource_type=rancher2_login tf_provider_addr=registry.terraform.io/hashicorp/rancher2
2026-03-20T14:45:46.794-0500 [TRACE] sdk.framework: Checking DataSourceTypes lock: tf_rpc=GetProviderSchema tf_req_id=4fb3fca7-8212-9750-118a-ccc3f2237ccf tf_provider_addr=registry.terraform.io/hashicorp/rancher2
2026-03-20T14:45:46.794-0500 [TRACE] sdk.framework: Checking ProviderTypeName lock: tf_rpc=GetProviderSchema tf_req_id=4fb3fca7-8212-9750-118a-ccc3f2237ccf tf_provider_addr=registry.terraform.io/hashicorp/rancher2
2026-03-20T14:45:46.794-0500 [TRACE] sdk.framework: Calling provider defined Provider DataSources: tf_provider_addr=registry.terraform.io/hashicorp/rancher2 tf_rpc=GetProviderSchema tf_req_id=4fb3fca7-8212-9750-118a-ccc3f2237ccf
2026-03-20T14:45:46.794-0500 [TRACE] sdk.framework: Called provider defined Provider DataSources: tf_rpc=GetProviderSchema tf_req_id=4fb3fca7-8212-9750-118a-ccc3f2237ccf tf_provider_addr=registry.terraform.io/hashicorp/rancher2
2026-03-20T14:45:46.794-0500 [TRACE] sdk.framework: Checking FunctionTypes lock: tf_rpc=GetProviderSchema tf_req_id=4fb3fca7-8212-9750-118a-ccc3f2237ccf tf_provider_addr=registry.terraform.io/hashicorp/rancher2
2026-03-20T14:45:46.794-0500 [TRACE] sdk.framework: Checking EphemeralResourceFuncs lock: tf_rpc=GetProviderSchema tf_req_id=4fb3fca7-8212-9750-118a-ccc3f2237ccf tf_provider_addr=registry.terraform.io/hashicorp/rancher2
2026-03-20T14:45:46.794-0500 [TRACE] sdk.framework: Checking ProviderTypeName lock: tf_rpc=GetProviderSchema tf_req_id=4fb3fca7-8212-9750-118a-ccc3f2237ccf tf_provider_addr=registry.terraform.io/hashicorp/rancher2
2026-03-20T14:45:46.794-0500 [TRACE] sdk.framework: Checking ActionFuncs lock: tf_rpc=GetProviderSchema tf_req_id=4fb3fca7-8212-9750-118a-ccc3f2237ccf tf_provider_addr=registry.terraform.io/hashicorp/rancher2
2026-03-20T14:45:46.794-0500 [TRACE] sdk.framework: Checking ProviderTypeName lock: tf_rpc=GetProviderSchema tf_req_id=4fb3fca7-8212-9750-118a-ccc3f2237ccf tf_provider_addr=registry.terraform.io/hashicorp/rancher2
2026-03-20T14:45:46.794-0500 [TRACE] sdk.framework: Checking StateStoreFuncs lock: tf_req_id=4fb3fca7-8212-9750-118a-ccc3f2237ccf tf_provider_addr=registry.terraform.io/hashicorp/rancher2 tf_rpc=GetProviderSchema
2026-03-20T14:45:46.794-0500 [TRACE] sdk.framework: Checking ProviderTypeName lock: tf_req_id=4fb3fca7-8212-9750-118a-ccc3f2237ccf tf_provider_addr=registry.terraform.io/hashicorp/rancher2 tf_rpc=GetProviderSchema
2026-03-20T14:45:46.794-0500 [TRACE] sdk.proto: Received downstream response: tf_provider_addr=registry.terraform.io/hashicorp/rancher2 tf_proto_version=6.11 tf_req_id=4fb3fca7-8212-9750-118a-ccc3f2237ccf tf_rpc=GetProviderSchema diagnostic_error_count=0 diagnostic_warning_count=0 tf_req_duration_ms=0
2026-03-20T14:45:46.794-0500 [TRACE] sdk.proto: Announced server capabilities: tf_server_capability_move_resource_state=true tf_server_capability_plan_destroy=true tf_server_capability_get_provider_schema_optional=true tf_req_id=4fb3fca7-8212-9750-118a-ccc3f2237ccf tf_rpc=GetProviderSchema tf_provider_addr=registry.terraform.io/hashicorp/rancher2 tf_proto_version=6.11
2026-03-20T14:45:46.794-0500 [TRACE] sdk.proto: Served request: tf_proto_version=6.11 tf_req_id=4fb3fca7-8212-9750-118a-ccc3f2237ccf tf_rpc=GetProviderSchema tf_provider_addr=registry.terraform.io/hashicorp/rancher2
2026-03-20T14:45:46.796-0500 [TRACE] sdk.helper_resource: Called Terraform CLI show command for JSON state: test_terraform_path=/Users/mtrachier/bin/terraform test_working_directory=/Users/mtrachier/go/src/github.com/rancher/terraform-provider-rancher2/test/short/data/U5Noiq-VXrAXi/data test_step_number=1 test_name=TestAccDevResource
2026-03-20T14:45:46.796-0500 [TRACE] sdk.helper_resource: Called wrapped Terraform CLI command: test_terraform_path=/Users/mtrachier/bin/terraform test_working_directory=/Users/mtrachier/go/src/github.com/rancher/terraform-provider-rancher2/test/short/data/U5Noiq-VXrAXi/data test_step_number=1 test_name=TestAccDevResource
2026-03-20T14:45:46.796-0500 [TRACE] sdk.helper_resource: Stopping providers: test_step_number=1 test_name=TestAccDevResource test_terraform_path=/Users/mtrachier/bin/terraform test_working_directory=/Users/mtrachier/go/src/github.com/rancher/terraform-provider-rancher2/test/short/data/U5Noiq-VXrAXi/data
2026-03-20T14:45:46.796-0500 [TRACE] sdk.helper_resource: Waiting for providers to stop: test_name=TestAccDevResource test_terraform_path=/Users/mtrachier/bin/terraform test_working_directory=/Users/mtrachier/go/src/github.com/rancher/terraform-provider-rancher2/test/short/data/U5Noiq-VXrAXi/data test_step_number=1
2026-03-20T14:45:46.796-0500 [TRACE] sdk.helper_resource: Providers have successfully stopped: test_working_directory=/Users/mtrachier/go/src/github.com/rancher/terraform-provider-rancher2/test/short/data/U5Noiq-VXrAXi/data test_step_number=1 test_name=TestAccDevResource test_terraform_path=/Users/mtrachier/bin/terraform
2026-03-20T14:45:46.796-0500 [DEBUG] sdk.helper_resource: Running Terraform CLI plan to check for perpetual differences: test_name=TestAccDevResource test_terraform_path=/Users/mtrachier/bin/terraform test_working_directory=/Users/mtrachier/go/src/github.com/rancher/terraform-provider-rancher2/test/short/data/U5Noiq-VXrAXi/data test_step_number=1
2026-03-20T14:45:46.796-0500 [TRACE] sdk.helper_resource: Creating tfprotov6 provider instance: test_name=TestAccDevResource test_terraform_path=/Users/mtrachier/bin/terraform test_working_directory=/Users/mtrachier/go/src/github.com/rancher/terraform-provider-rancher2/test/short/data/U5Noiq-VXrAXi/data test_step_number=1 tf_provider_addr=registry.terraform.io/hashicorp/rancher2
2026-03-20T14:45:46.796-0500 [TRACE] sdk.helper_resource: Created tfprotov6 provider instance: test_name=TestAccDevResource test_terraform_path=/Users/mtrachier/bin/terraform test_working_directory=/Users/mtrachier/go/src/github.com/rancher/terraform-provider-rancher2/test/short/data/U5Noiq-VXrAXi/data test_step_number=1 tf_provider_addr=registry.terraform.io/hashicorp/rancher2
2026-03-20T14:45:46.796-0500 [TRACE] sdk.helper_resource: Starting tfprotov6 provider instance server: tf_provider_addr=registry.terraform.io/hashicorp/rancher2 test_step_number=1 test_name=TestAccDevResource test_terraform_path=/Users/mtrachier/bin/terraform test_working_directory=/Users/mtrachier/go/src/github.com/rancher/terraform-provider-rancher2/test/short/data/U5Noiq-VXrAXi/data
2026-03-20T14:45:46.796-0500 [TRACE] sdk.helper_resource: Started tfprotov6 provider instance server: test_name=TestAccDevResource test_terraform_path=/Users/mtrachier/bin/terraform test_working_directory=/Users/mtrachier/go/src/github.com/rancher/terraform-provider-rancher2/test/short/data/U5Noiq-VXrAXi/data tf_provider_addr=registry.terraform.io/hashicorp/rancher2 test_step_number=1
2026-03-20T14:45:46.796-0500 [TRACE] sdk.helper_resource: Setting Terraform CLI reattach configuration: test_name=TestAccDevResource test_terraform_path=/Users/mtrachier/bin/terraform test_working_directory=/Users/mtrachier/go/src/github.com/rancher/terraform-provider-rancher2/test/short/data/U5Noiq-VXrAXi/data test_step_number=1 tf_reattach_config="map[registry.terraform.io/-/rancher2:{grpc 6 60731 true {unix /tmp/nix-shell.rhM2cr/plugin272882546}} registry.terraform.io/hashicorp/rancher2:{grpc 6 60731 true {unix /tmp/nix-shell.rhM2cr/plugin272882546}}]"
2026-03-20T14:45:46.796-0500 [TRACE] sdk.helper_resource: Calling wrapped Terraform CLI command: test_terraform_path=/Users/mtrachier/bin/terraform test_working_directory=/Users/mtrachier/go/src/github.com/rancher/terraform-provider-rancher2/test/short/data/U5Noiq-VXrAXi/data test_step_number=1 test_name=TestAccDevResource
2026-03-20T14:45:46.796-0500 [TRACE] sdk.helper_resource: Calling Terraform CLI plan command: test_terraform_path=/Users/mtrachier/bin/terraform test_working_directory=/Users/mtrachier/go/src/github.com/rancher/terraform-provider-rancher2/test/short/data/U5Noiq-VXrAXi/data test_step_number=1 test_name=TestAccDevResource
2026-03-20T14:45:46.826-0500 [TRACE] sdk.proto: Received request: tf_rpc=GetProviderSchema tf_proto_version=6.11 tf_req_id=02e65249-9f65-b687-7119-e00cd2cf0965 tf_provider_addr=registry.terraform.io/hashicorp/rancher2
2026-03-20T14:45:46.826-0500 [TRACE] sdk.proto: Sending request downstream: tf_proto_version=6.11 tf_req_id=02e65249-9f65-b687-7119-e00cd2cf0965 tf_provider_addr=registry.terraform.io/hashicorp/rancher2 tf_rpc=GetProviderSchema
2026-03-20T14:45:46.826-0500 [TRACE] sdk.framework: Checking ProviderSchema lock: tf_rpc=GetProviderSchema tf_req_id=02e65249-9f65-b687-7119-e00cd2cf0965 tf_provider_addr=registry.terraform.io/hashicorp/rancher2
2026-03-20T14:45:46.826-0500 [TRACE] sdk.framework: Calling provider defined Provider Schema: tf_req_id=02e65249-9f65-b687-7119-e00cd2cf0965 tf_provider_addr=registry.terraform.io/hashicorp/rancher2 tf_rpc=GetProviderSchema
2026-03-20T14:45:46.826-0500 [TRACE] sdk.framework: Called provider defined Provider Schema: tf_req_id=02e65249-9f65-b687-7119-e00cd2cf0965 tf_provider_addr=registry.terraform.io/hashicorp/rancher2 tf_rpc=GetProviderSchema
2026-03-20T14:45:46.826-0500 [TRACE] sdk.framework: Checking ResourceTypes lock: tf_provider_addr=registry.terraform.io/hashicorp/rancher2 tf_rpc=GetProviderSchema tf_req_id=02e65249-9f65-b687-7119-e00cd2cf0965
2026-03-20T14:45:46.826-0500 [TRACE] sdk.framework: Checking ProviderTypeName lock: tf_rpc=GetProviderSchema tf_req_id=02e65249-9f65-b687-7119-e00cd2cf0965 tf_provider_addr=registry.terraform.io/hashicorp/rancher2
2026-03-20T14:45:46.826-0500 [TRACE] sdk.framework: Calling provider defined Provider Metadata: tf_rpc=GetProviderSchema tf_req_id=02e65249-9f65-b687-7119-e00cd2cf0965 tf_provider_addr=registry.terraform.io/hashicorp/rancher2
2026-03-20T14:45:46.826-0500 [TRACE] sdk.framework: Called provider defined Provider Metadata: tf_req_id=02e65249-9f65-b687-7119-e00cd2cf0965 tf_provider_addr=registry.terraform.io/hashicorp/rancher2 tf_rpc=GetProviderSchema
2026-03-20T14:45:46.826-0500 [TRACE] sdk.framework: Calling provider defined Provider Resources: tf_req_id=02e65249-9f65-b687-7119-e00cd2cf0965 tf_provider_addr=registry.terraform.io/hashicorp/rancher2 tf_rpc=GetProviderSchema
2026-03-20T14:45:46.826-0500 [TRACE] sdk.framework: Called provider defined Provider Resources: tf_req_id=02e65249-9f65-b687-7119-e00cd2cf0965 tf_provider_addr=registry.terraform.io/hashicorp/rancher2 tf_rpc=GetProviderSchema
2026-03-20T14:45:46.826-0500 [TRACE] sdk.framework: Found resource type: tf_provider_addr=registry.terraform.io/hashicorp/rancher2 tf_rpc=GetProviderSchema tf_req_id=02e65249-9f65-b687-7119-e00cd2cf0965 tf_resource_type=rancher2_dev
2026-03-20T14:45:46.826-0500 [TRACE] sdk.framework: Found resource type: tf_req_id=02e65249-9f65-b687-7119-e00cd2cf0965 tf_provider_addr=registry.terraform.io/hashicorp/rancher2 tf_rpc=GetProviderSchema tf_resource_type=rancher2_login
2026-03-20T14:45:46.826-0500 [TRACE] sdk.framework: Calling provider defined Resource Schema method: tf_provider_addr=registry.terraform.io/hashicorp/rancher2 tf_rpc=GetProviderSchema tf_resource_type=rancher2_login tf_req_id=02e65249-9f65-b687-7119-e00cd2cf0965
2026-03-20T14:45:46.826-0500 [TRACE] sdk.framework: Called provider defined Resource Schema method: tf_rpc=GetProviderSchema tf_req_id=02e65249-9f65-b687-7119-e00cd2cf0965 tf_provider_addr=registry.terraform.io/hashicorp/rancher2 tf_resource_type=rancher2_login
2026-03-20T14:45:46.826-0500 [TRACE] sdk.framework: Calling provider defined Resource Schema method: tf_req_id=02e65249-9f65-b687-7119-e00cd2cf0965 tf_provider_addr=registry.terraform.io/hashicorp/rancher2 tf_rpc=GetProviderSchema tf_resource_type=rancher2_dev
2026-03-20T14:45:46.826-0500 [TRACE] sdk.framework: Called provider defined Resource Schema method: tf_provider_addr=registry.terraform.io/hashicorp/rancher2 tf_rpc=GetProviderSchema tf_req_id=02e65249-9f65-b687-7119-e00cd2cf0965 tf_resource_type=rancher2_dev
2026-03-20T14:45:46.827-0500 [TRACE] sdk.framework: Checking DataSourceTypes lock: tf_req_id=02e65249-9f65-b687-7119-e00cd2cf0965 tf_provider_addr=registry.terraform.io/hashicorp/rancher2 tf_rpc=GetProviderSchema
2026-03-20T14:45:46.827-0500 [TRACE] sdk.framework: Checking ProviderTypeName lock: tf_provider_addr=registry.terraform.io/hashicorp/rancher2 tf_rpc=GetProviderSchema tf_req_id=02e65249-9f65-b687-7119-e00cd2cf0965
2026-03-20T14:45:46.827-0500 [TRACE] sdk.framework: Calling provider defined Provider DataSources: tf_req_id=02e65249-9f65-b687-7119-e00cd2cf0965 tf_provider_addr=registry.terraform.io/hashicorp/rancher2 tf_rpc=GetProviderSchema
2026-03-20T14:45:46.827-0500 [TRACE] sdk.framework: Called provider defined Provider DataSources: tf_rpc=GetProviderSchema tf_req_id=02e65249-9f65-b687-7119-e00cd2cf0965 tf_provider_addr=registry.terraform.io/hashicorp/rancher2
2026-03-20T14:45:46.827-0500 [TRACE] sdk.framework: Checking FunctionTypes lock: tf_req_id=02e65249-9f65-b687-7119-e00cd2cf0965 tf_provider_addr=registry.terraform.io/hashicorp/rancher2 tf_rpc=GetProviderSchema
2026-03-20T14:45:46.827-0500 [TRACE] sdk.framework: Checking EphemeralResourceFuncs lock: tf_rpc=GetProviderSchema tf_req_id=02e65249-9f65-b687-7119-e00cd2cf0965 tf_provider_addr=registry.terraform.io/hashicorp/rancher2
2026-03-20T14:45:46.827-0500 [TRACE] sdk.framework: Checking ProviderTypeName lock: tf_provider_addr=registry.terraform.io/hashicorp/rancher2 tf_rpc=GetProviderSchema tf_req_id=02e65249-9f65-b687-7119-e00cd2cf0965
2026-03-20T14:45:46.827-0500 [TRACE] sdk.framework: Checking ActionFuncs lock: tf_req_id=02e65249-9f65-b687-7119-e00cd2cf0965 tf_provider_addr=registry.terraform.io/hashicorp/rancher2 tf_rpc=GetProviderSchema
2026-03-20T14:45:46.827-0500 [TRACE] sdk.framework: Checking ProviderTypeName lock: tf_req_id=02e65249-9f65-b687-7119-e00cd2cf0965 tf_provider_addr=registry.terraform.io/hashicorp/rancher2 tf_rpc=GetProviderSchema
2026-03-20T14:45:46.827-0500 [TRACE] sdk.framework: Checking StateStoreFuncs lock: tf_req_id=02e65249-9f65-b687-7119-e00cd2cf0965 tf_provider_addr=registry.terraform.io/hashicorp/rancher2 tf_rpc=GetProviderSchema
2026-03-20T14:45:46.827-0500 [TRACE] sdk.framework: Checking ProviderTypeName lock: tf_provider_addr=registry.terraform.io/hashicorp/rancher2 tf_rpc=GetProviderSchema tf_req_id=02e65249-9f65-b687-7119-e00cd2cf0965
2026-03-20T14:45:46.827-0500 [TRACE] sdk.proto: Received downstream response: tf_req_duration_ms=0 tf_rpc=GetProviderSchema tf_proto_version=6.11 tf_req_id=02e65249-9f65-b687-7119-e00cd2cf0965 tf_provider_addr=registry.terraform.io/hashicorp/rancher2 diagnostic_error_count=0 diagnostic_warning_count=0
2026-03-20T14:45:46.827-0500 [TRACE] sdk.proto: Announced server capabilities: tf_req_id=02e65249-9f65-b687-7119-e00cd2cf0965 tf_provider_addr=registry.terraform.io/hashicorp/rancher2 tf_rpc=GetProviderSchema tf_server_capability_move_resource_state=true tf_server_capability_plan_destroy=true tf_server_capability_get_provider_schema_optional=true tf_proto_version=6.11
2026-03-20T14:45:46.827-0500 [TRACE] sdk.proto: Served request: tf_proto_version=6.11 tf_req_id=02e65249-9f65-b687-7119-e00cd2cf0965 tf_provider_addr=registry.terraform.io/hashicorp/rancher2 tf_rpc=GetProviderSchema
2026-03-20T14:45:46.828-0500 [TRACE] sdk.proto: Received request: tf_provider_addr=registry.terraform.io/hashicorp/rancher2 tf_proto_version=6.11 tf_rpc=GetProviderSchema tf_req_id=abc3d6e0-fb32-5fc0-136e-1aeafb5724f9
2026-03-20T14:45:46.828-0500 [TRACE] sdk.proto: Sending request downstream: tf_rpc=GetProviderSchema tf_req_id=abc3d6e0-fb32-5fc0-136e-1aeafb5724f9 tf_provider_addr=registry.terraform.io/hashicorp/rancher2 tf_proto_version=6.11
2026-03-20T14:45:46.828-0500 [TRACE] sdk.framework: Checking ProviderSchema lock: tf_provider_addr=registry.terraform.io/hashicorp/rancher2 tf_rpc=GetProviderSchema tf_req_id=abc3d6e0-fb32-5fc0-136e-1aeafb5724f9
2026-03-20T14:45:46.828-0500 [TRACE] sdk.framework: Checking ResourceTypes lock: tf_rpc=GetProviderSchema tf_req_id=abc3d6e0-fb32-5fc0-136e-1aeafb5724f9 tf_provider_addr=registry.terraform.io/hashicorp/rancher2
2026-03-20T14:45:46.828-0500 [TRACE] sdk.framework: Calling provider defined Resource Schema method: tf_req_id=abc3d6e0-fb32-5fc0-136e-1aeafb5724f9 tf_resource_type=rancher2_dev tf_provider_addr=registry.terraform.io/hashicorp/rancher2 tf_rpc=GetProviderSchema
2026-03-20T14:45:46.828-0500 [TRACE] sdk.framework: Called provider defined Resource Schema method: tf_req_id=abc3d6e0-fb32-5fc0-136e-1aeafb5724f9 tf_provider_addr=registry.terraform.io/hashicorp/rancher2 tf_rpc=GetProviderSchema tf_resource_type=rancher2_dev
2026-03-20T14:45:46.828-0500 [TRACE] sdk.framework: Calling provider defined Resource Schema method: tf_rpc=GetProviderSchema tf_req_id=abc3d6e0-fb32-5fc0-136e-1aeafb5724f9 tf_provider_addr=registry.terraform.io/hashicorp/rancher2 tf_resource_type=rancher2_login
2026-03-20T14:45:46.828-0500 [TRACE] sdk.framework: Called provider defined Resource Schema method: tf_rpc=GetProviderSchema tf_req_id=abc3d6e0-fb32-5fc0-136e-1aeafb5724f9 tf_provider_addr=registry.terraform.io/hashicorp/rancher2 tf_resource_type=rancher2_login
2026-03-20T14:45:46.828-0500 [TRACE] sdk.framework: Checking DataSourceTypes lock: tf_req_id=abc3d6e0-fb32-5fc0-136e-1aeafb5724f9 tf_provider_addr=registry.terraform.io/hashicorp/rancher2 tf_rpc=GetProviderSchema
2026-03-20T14:45:46.828-0500 [TRACE] sdk.framework: Checking FunctionTypes lock: tf_rpc=GetProviderSchema tf_req_id=abc3d6e0-fb32-5fc0-136e-1aeafb5724f9 tf_provider_addr=registry.terraform.io/hashicorp/rancher2
2026-03-20T14:45:46.828-0500 [TRACE] sdk.framework: Checking EphemeralResourceFuncs lock: tf_rpc=GetProviderSchema tf_req_id=abc3d6e0-fb32-5fc0-136e-1aeafb5724f9 tf_provider_addr=registry.terraform.io/hashicorp/rancher2
2026-03-20T14:45:46.828-0500 [TRACE] sdk.framework: Checking ActionFuncs lock: tf_req_id=abc3d6e0-fb32-5fc0-136e-1aeafb5724f9 tf_provider_addr=registry.terraform.io/hashicorp/rancher2 tf_rpc=GetProviderSchema
2026-03-20T14:45:46.828-0500 [TRACE] sdk.framework: Checking StateStoreFuncs lock: tf_rpc=GetProviderSchema tf_req_id=abc3d6e0-fb32-5fc0-136e-1aeafb5724f9 tf_provider_addr=registry.terraform.io/hashicorp/rancher2
2026-03-20T14:45:46.828-0500 [TRACE] sdk.proto: Received downstream response: tf_proto_version=6.11 tf_rpc=GetProviderSchema diagnostic_error_count=0 diagnostic_warning_count=0 tf_req_duration_ms=0 tf_req_id=abc3d6e0-fb32-5fc0-136e-1aeafb5724f9 tf_provider_addr=registry.terraform.io/hashicorp/rancher2
2026-03-20T14:45:46.828-0500 [TRACE] sdk.proto: Announced server capabilities: tf_provider_addr=registry.terraform.io/hashicorp/rancher2 tf_proto_version=6.11 tf_rpc=GetProviderSchema tf_server_capability_get_provider_schema_optional=true tf_server_capability_move_resource_state=true tf_server_capability_plan_destroy=true tf_req_id=abc3d6e0-fb32-5fc0-136e-1aeafb5724f9
2026-03-20T14:45:46.828-0500 [TRACE] sdk.proto: Served request: tf_proto_version=6.11 tf_rpc=GetProviderSchema tf_req_id=abc3d6e0-fb32-5fc0-136e-1aeafb5724f9 tf_provider_addr=registry.terraform.io/hashicorp/rancher2
2026-03-20T14:45:46.828-0500 [TRACE] sdk.proto: Received request: tf_provider_addr=registry.terraform.io/hashicorp/rancher2 tf_req_id=8c9f0e3d-37d1-dd5c-dfc8-149cf16dd805 tf_proto_version=6.11 tf_rpc=ValidateResourceConfig tf_resource_type=rancher2_dev
2026-03-20T14:45:46.828-0500 [TRACE] sdk.proto: No announced client capabilities: tf_req_id=8c9f0e3d-37d1-dd5c-dfc8-149cf16dd805 tf_proto_version=6.11 tf_rpc=ValidateResourceConfig tf_resource_type=rancher2_dev tf_provider_addr=registry.terraform.io/hashicorp/rancher2
2026-03-20T14:45:46.828-0500 [TRACE] sdk.proto: Sending request downstream: tf_provider_addr=registry.terraform.io/hashicorp/rancher2 tf_req_id=8c9f0e3d-37d1-dd5c-dfc8-149cf16dd805 tf_proto_version=6.11 tf_rpc=ValidateResourceConfig tf_resource_type=rancher2_dev
2026-03-20T14:45:46.828-0500 [TRACE] sdk.framework: Checking ResourceTypes lock: tf_resource_type=rancher2_dev tf_req_id=8c9f0e3d-37d1-dd5c-dfc8-149cf16dd805 tf_provider_addr=registry.terraform.io/hashicorp/rancher2 tf_rpc=ValidateResourceConfig
2026-03-20T14:45:46.828-0500 [TRACE] sdk.framework: Checking ResourceTypes lock: tf_req_id=8c9f0e3d-37d1-dd5c-dfc8-149cf16dd805 tf_provider_addr=registry.terraform.io/hashicorp/rancher2 tf_rpc=ValidateResourceConfig tf_resource_type=rancher2_dev
2026-03-20T14:45:46.828-0500 [TRACE] sdk.framework: Calling provider defined Resource Schema method: tf_req_id=8c9f0e3d-37d1-dd5c-dfc8-149cf16dd805 tf_provider_addr=registry.terraform.io/hashicorp/rancher2 tf_rpc=ValidateResourceConfig tf_resource_type=rancher2_dev
2026-03-20T14:45:46.828-0500 [TRACE] sdk.framework: Called provider defined Resource Schema method: tf_req_id=8c9f0e3d-37d1-dd5c-dfc8-149cf16dd805 tf_provider_addr=registry.terraform.io/hashicorp/rancher2 tf_rpc=ValidateResourceConfig tf_resource_type=rancher2_dev
2026-03-20T14:45:46.828-0500 [TRACE] sdk.proto: Received request: tf_req_id=72fc2394-cf54-e87d-d970-d579c3f3786f tf_rpc=ValidateResourceConfig tf_resource_type=rancher2_dev tf_provider_addr=registry.terraform.io/hashicorp/rancher2 tf_proto_version=6.11
2026-03-20T14:45:46.828-0500 [TRACE] sdk.proto: No announced client capabilities: tf_provider_addr=registry.terraform.io/hashicorp/rancher2 tf_proto_version=6.11 tf_req_id=72fc2394-cf54-e87d-d970-d579c3f3786f tf_rpc=ValidateResourceConfig tf_resource_type=rancher2_dev
2026-03-20T14:45:46.828-0500 [TRACE] sdk.proto: Sending request downstream: tf_resource_type=rancher2_dev tf_provider_addr=registry.terraform.io/hashicorp/rancher2 tf_proto_version=6.11 tf_req_id=72fc2394-cf54-e87d-d970-d579c3f3786f tf_rpc=ValidateResourceConfig
2026-03-20T14:45:46.828-0500 [TRACE] sdk.framework: Checking ResourceTypes lock: tf_req_id=72fc2394-cf54-e87d-d970-d579c3f3786f tf_rpc=ValidateResourceConfig tf_provider_addr=registry.terraform.io/hashicorp/rancher2 tf_resource_type=rancher2_dev
2026-03-20T14:45:46.829-0500 [TRACE] sdk.framework: Resource implements ResourceWithConfigure: tf_rpc=ValidateResourceConfig tf_resource_type=rancher2_dev tf_req_id=8c9f0e3d-37d1-dd5c-dfc8-149cf16dd805 tf_provider_addr=registry.terraform.io/hashicorp/rancher2
2026-03-20T14:45:46.829-0500 [TRACE] sdk.framework: Calling provider defined Resource Configure: tf_provider_addr=registry.terraform.io/hashicorp/rancher2 tf_rpc=ValidateResourceConfig tf_resource_type=rancher2_dev tf_req_id=8c9f0e3d-37d1-dd5c-dfc8-149cf16dd805
2026-03-20T14:45:46.829-0500 [DEBUG] rancher2: Rancher2_Dev_Resource Configure request: resource.ConfigureRequest{ProviderData:interface {}(nil)}: tf_rpc=ValidateResourceConfig tf_resource_type=rancher2_dev tf_req_id=8c9f0e3d-37d1-dd5c-dfc8-149cf16dd805 tf_provider_addr=registry.terraform.io/hashicorp/rancher2
2026-03-20T14:45:46.829-0500 [DEBUG] rancher2: Rancher2_Dev_Resource Configure object: &rancher2_dev.RancherDevResource{client:client.Client(nil)}: tf_resource_type=rancher2_dev tf_req_id=8c9f0e3d-37d1-dd5c-dfc8-149cf16dd805 tf_provider_addr=registry.terraform.io/hashicorp/rancher2 tf_rpc=ValidateResourceConfig
2026-03-20T14:45:46.829-0500 [TRACE] sdk.framework: Called provider defined Resource Configure: tf_rpc=ValidateResourceConfig tf_resource_type=rancher2_dev tf_req_id=8c9f0e3d-37d1-dd5c-dfc8-149cf16dd805 tf_provider_addr=registry.terraform.io/hashicorp/rancher2
2026-03-20T14:45:46.829-0500 [TRACE] sdk.framework: Type implements TypeWithValidate: tf_req_id=8c9f0e3d-37d1-dd5c-dfc8-149cf16dd805 tf_provider_addr=registry.terraform.io/hashicorp/rancher2 tf_rpc=ValidateResourceConfig tf_attribute_path=nested_object_map tf_resource_type=rancher2_dev
2026-03-20T14:45:46.829-0500 [TRACE] sdk.framework: Calling provider defined Type Validate: tf_resource_type=rancher2_dev tf_req_id=8c9f0e3d-37d1-dd5c-dfc8-149cf16dd805 tf_provider_addr=registry.terraform.io/hashicorp/rancher2 tf_rpc=ValidateResourceConfig tf_attribute_path=nested_object_map
2026-03-20T14:45:46.829-0500 [TRACE] sdk.framework: Called provider defined Type Validate: tf_provider_addr=registry.terraform.io/hashicorp/rancher2 tf_rpc=ValidateResourceConfig tf_attribute_path=nested_object_map tf_resource_type=rancher2_dev tf_req_id=8c9f0e3d-37d1-dd5c-dfc8-149cf16dd805
2026-03-20T14:45:46.829-0500 [TRACE] sdk.framework: Calling provider defined validator.String: tf_req_id=8c9f0e3d-37d1-dd5c-dfc8-149cf16dd805 tf_provider_addr=registry.terraform.io/hashicorp/rancher2 tf_rpc=ValidateResourceConfig tf_resource_type=rancher2_dev tf_attribute_path=id description="string length must be at least 1"
2026-03-20T14:45:46.829-0500 [TRACE] sdk.framework: Called provider defined validator.String: tf_attribute_path=id description="string length must be at least 1" tf_req_id=8c9f0e3d-37d1-dd5c-dfc8-149cf16dd805 tf_provider_addr=registry.terraform.io/hashicorp/rancher2 tf_rpc=ValidateResourceConfig tf_resource_type=rancher2_dev
2026-03-20T14:45:46.829-0500 [TRACE] sdk.framework: Type implements TypeWithValidate: tf_provider_addr=registry.terraform.io/hashicorp/rancher2 tf_rpc=ValidateResourceConfig tf_resource_type=rancher2_dev tf_attribute_path=map_attribute tf_req_id=8c9f0e3d-37d1-dd5c-dfc8-149cf16dd805
2026-03-20T14:45:46.829-0500 [TRACE] sdk.framework: Calling provider defined Type Validate: tf_attribute_path=map_attribute tf_req_id=8c9f0e3d-37d1-dd5c-dfc8-149cf16dd805 tf_provider_addr=registry.terraform.io/hashicorp/rancher2 tf_rpc=ValidateResourceConfig tf_resource_type=rancher2_dev
2026-03-20T14:45:46.829-0500 [TRACE] sdk.framework: Called provider defined Type Validate: tf_req_id=8c9f0e3d-37d1-dd5c-dfc8-149cf16dd805 tf_provider_addr=registry.terraform.io/hashicorp/rancher2 tf_rpc=ValidateResourceConfig tf_resource_type=rancher2_dev tf_attribute_path=map_attribute
2026-03-20T14:45:46.829-0500 [TRACE] sdk.framework: Type implements TypeWithValidate: tf_req_id=8c9f0e3d-37d1-dd5c-dfc8-149cf16dd805 tf_provider_addr=registry.terraform.io/hashicorp/rancher2 tf_rpc=ValidateResourceConfig tf_resource_type=rancher2_dev tf_attribute_path=nested_object_list
2026-03-20T14:45:46.829-0500 [TRACE] sdk.framework: Calling provider defined Type Validate: tf_req_id=8c9f0e3d-37d1-dd5c-dfc8-149cf16dd805 tf_provider_addr=registry.terraform.io/hashicorp/rancher2 tf_rpc=ValidateResourceConfig tf_resource_type=rancher2_dev tf_attribute_path=nested_object_list
2026-03-20T14:45:46.829-0500 [TRACE] sdk.framework: Called provider defined Type Validate: tf_rpc=ValidateResourceConfig tf_resource_type=rancher2_dev tf_attribute_path=nested_object_list tf_req_id=8c9f0e3d-37d1-dd5c-dfc8-149cf16dd805 tf_provider_addr=registry.terraform.io/hashicorp/rancher2
2026-03-20T14:45:46.829-0500 [TRACE] sdk.framework: Type implements TypeWithValidate: tf_resource_type=rancher2_dev tf_req_id=8c9f0e3d-37d1-dd5c-dfc8-149cf16dd805 tf_provider_addr=registry.terraform.io/hashicorp/rancher2 tf_rpc=ValidateResourceConfig tf_attribute_path=int64_attribute
2026-03-20T14:45:46.829-0500 [TRACE] sdk.framework: Calling provider defined Type Validate: tf_attribute_path=int64_attribute tf_resource_type=rancher2_dev tf_req_id=8c9f0e3d-37d1-dd5c-dfc8-149cf16dd805 tf_provider_addr=registry.terraform.io/hashicorp/rancher2 tf_rpc=ValidateResourceConfig
2026-03-20T14:45:46.829-0500 [TRACE] sdk.framework: Called provider defined Type Validate: tf_rpc=ValidateResourceConfig tf_attribute_path=int64_attribute tf_resource_type=rancher2_dev tf_req_id=8c9f0e3d-37d1-dd5c-dfc8-149cf16dd805 tf_provider_addr=registry.terraform.io/hashicorp/rancher2
2026-03-20T14:45:46.829-0500 [TRACE] sdk.framework: Type implements TypeWithValidate: tf_provider_addr=registry.terraform.io/hashicorp/rancher2 tf_rpc=ValidateResourceConfig tf_resource_type=rancher2_dev tf_attribute_path=list_attribute tf_req_id=8c9f0e3d-37d1-dd5c-dfc8-149cf16dd805
2026-03-20T14:45:46.829-0500 [TRACE] sdk.framework: Calling provider defined Type Validate: tf_attribute_path=list_attribute tf_req_id=8c9f0e3d-37d1-dd5c-dfc8-149cf16dd805 tf_provider_addr=registry.terraform.io/hashicorp/rancher2 tf_rpc=ValidateResourceConfig tf_resource_type=rancher2_dev
2026-03-20T14:45:46.829-0500 [TRACE] sdk.framework: Called provider defined Type Validate: tf_req_id=8c9f0e3d-37d1-dd5c-dfc8-149cf16dd805 tf_provider_addr=registry.terraform.io/hashicorp/rancher2 tf_rpc=ValidateResourceConfig tf_resource_type=rancher2_dev tf_attribute_path=list_attribute
2026-03-20T14:45:46.829-0500 [TRACE] sdk.framework: Type implements TypeWithValidate: tf_req_id=8c9f0e3d-37d1-dd5c-dfc8-149cf16dd805 tf_provider_addr=registry.terraform.io/hashicorp/rancher2 tf_rpc=ValidateResourceConfig tf_resource_type=rancher2_dev tf_attribute_path=set_attribute
2026-03-20T14:45:46.829-0500 [TRACE] sdk.framework: Calling provider defined Type Validate: tf_attribute_path=set_attribute tf_req_id=8c9f0e3d-37d1-dd5c-dfc8-149cf16dd805 tf_provider_addr=registry.terraform.io/hashicorp/rancher2 tf_rpc=ValidateResourceConfig tf_resource_type=rancher2_dev
2026-03-20T14:45:46.829-0500 [TRACE] sdk.framework: Called provider defined Type Validate: tf_rpc=ValidateResourceConfig tf_resource_type=rancher2_dev tf_attribute_path=set_attribute tf_req_id=8c9f0e3d-37d1-dd5c-dfc8-149cf16dd805 tf_provider_addr=registry.terraform.io/hashicorp/rancher2
2026-03-20T14:45:46.829-0500 [TRACE] sdk.framework: Type implements TypeWithValidate: tf_resource_type=rancher2_dev tf_attribute_path=float64_attribute tf_req_id=8c9f0e3d-37d1-dd5c-dfc8-149cf16dd805 tf_provider_addr=registry.terraform.io/hashicorp/rancher2 tf_rpc=ValidateResourceConfig
2026-03-20T14:45:46.829-0500 [TRACE] sdk.framework: Calling provider defined Type Validate: tf_req_id=8c9f0e3d-37d1-dd5c-dfc8-149cf16dd805 tf_provider_addr=registry.terraform.io/hashicorp/rancher2 tf_rpc=ValidateResourceConfig tf_resource_type=rancher2_dev tf_attribute_path=float64_attribute
2026-03-20T14:45:46.829-0500 [TRACE] sdk.framework: Called provider defined Type Validate: tf_resource_type=rancher2_dev tf_attribute_path=float64_attribute tf_req_id=8c9f0e3d-37d1-dd5c-dfc8-149cf16dd805 tf_provider_addr=registry.terraform.io/hashicorp/rancher2 tf_rpc=ValidateResourceConfig
2026-03-20T14:45:46.829-0500 [TRACE] sdk.framework: Calling provider defined validator.String: tf_provider_addr=registry.terraform.io/hashicorp/rancher2 tf_rpc=ValidateResourceConfig tf_resource_type=rancher2_dev description="must start with 'dev-'" tf_attribute_path=string_attribute tf_req_id=8c9f0e3d-37d1-dd5c-dfc8-149cf16dd805
2026-03-20T14:45:46.829-0500 [TRACE] sdk.framework: Called provider defined validator.String: tf_attribute_path=string_attribute description="must start with 'dev-'" tf_req_id=8c9f0e3d-37d1-dd5c-dfc8-149cf16dd805 tf_provider_addr=registry.terraform.io/hashicorp/rancher2 tf_rpc=ValidateResourceConfig tf_resource_type=rancher2_dev
2026-03-20T14:45:46.829-0500 [TRACE] sdk.proto: Received downstream response: tf_resource_type=rancher2_dev tf_provider_addr=registry.terraform.io/hashicorp/rancher2 diagnostic_error_count=0 diagnostic_warning_count=0 tf_req_duration_ms=0 tf_req_id=8c9f0e3d-37d1-dd5c-dfc8-149cf16dd805 tf_proto_version=6.11 tf_rpc=ValidateResourceConfig
2026-03-20T14:45:46.829-0500 [TRACE] sdk.proto: Served request: tf_provider_addr=registry.terraform.io/hashicorp/rancher2 tf_req_id=8c9f0e3d-37d1-dd5c-dfc8-149cf16dd805 tf_proto_version=6.11 tf_rpc=ValidateResourceConfig tf_resource_type=rancher2_dev
2026-03-20T14:45:46.829-0500 [TRACE] sdk.framework: Resource implements ResourceWithConfigure: tf_provider_addr=registry.terraform.io/hashicorp/rancher2 tf_resource_type=rancher2_dev tf_req_id=72fc2394-cf54-e87d-d970-d579c3f3786f tf_rpc=ValidateResourceConfig
2026-03-20T14:45:46.829-0500 [TRACE] sdk.framework: Calling provider defined Resource Configure: tf_req_id=72fc2394-cf54-e87d-d970-d579c3f3786f tf_rpc=ValidateResourceConfig tf_provider_addr=registry.terraform.io/hashicorp/rancher2 tf_resource_type=rancher2_dev
2026-03-20T14:45:46.829-0500 [DEBUG] rancher2: Rancher2_Dev_Resource Configure request: resource.ConfigureRequest{ProviderData:interface {}(nil)}: tf_req_id=72fc2394-cf54-e87d-d970-d579c3f3786f tf_provider_addr=registry.terraform.io/hashicorp/rancher2 tf_rpc=ValidateResourceConfig tf_resource_type=rancher2_dev
2026-03-20T14:45:46.829-0500 [DEBUG] rancher2: Rancher2_Dev_Resource Configure object: &rancher2_dev.RancherDevResource{client:client.Client(nil)}: tf_provider_addr=registry.terraform.io/hashicorp/rancher2 tf_rpc=ValidateResourceConfig tf_resource_type=rancher2_dev tf_req_id=72fc2394-cf54-e87d-d970-d579c3f3786f
2026-03-20T14:45:46.829-0500 [TRACE] sdk.framework: Called provider defined Resource Configure: tf_provider_addr=registry.terraform.io/hashicorp/rancher2 tf_resource_type=rancher2_dev tf_req_id=72fc2394-cf54-e87d-d970-d579c3f3786f tf_rpc=ValidateResourceConfig
2026-03-20T14:45:46.829-0500 [TRACE] sdk.framework: Type implements TypeWithValidate: tf_resource_type=rancher2_dev tf_req_id=72fc2394-cf54-e87d-d970-d579c3f3786f tf_rpc=ValidateResourceConfig tf_attribute_path=int64_attribute tf_provider_addr=registry.terraform.io/hashicorp/rancher2
2026-03-20T14:45:46.829-0500 [TRACE] sdk.framework: Calling provider defined Type Validate: tf_provider_addr=registry.terraform.io/hashicorp/rancher2 tf_resource_type=rancher2_dev tf_req_id=72fc2394-cf54-e87d-d970-d579c3f3786f tf_rpc=ValidateResourceConfig tf_attribute_path=int64_attribute
2026-03-20T14:45:46.829-0500 [TRACE] sdk.framework: Called provider defined Type Validate: tf_provider_addr=registry.terraform.io/hashicorp/rancher2 tf_resource_type=rancher2_dev tf_req_id=72fc2394-cf54-e87d-d970-d579c3f3786f tf_rpc=ValidateResourceConfig tf_attribute_path=int64_attribute
2026-03-20T14:45:46.829-0500 [TRACE] sdk.framework: Type implements TypeWithValidate: tf_provider_addr=registry.terraform.io/hashicorp/rancher2 tf_resource_type=rancher2_dev tf_attribute_path=set_attribute tf_req_id=72fc2394-cf54-e87d-d970-d579c3f3786f tf_rpc=ValidateResourceConfig
2026-03-20T14:45:46.829-0500 [TRACE] sdk.framework: Calling provider defined Type Validate: tf_req_id=72fc2394-cf54-e87d-d970-d579c3f3786f tf_rpc=ValidateResourceConfig tf_provider_addr=registry.terraform.io/hashicorp/rancher2 tf_resource_type=rancher2_dev tf_attribute_path=set_attribute
2026-03-20T14:45:46.829-0500 [TRACE] sdk.framework: Called provider defined Type Validate: tf_req_id=72fc2394-cf54-e87d-d970-d579c3f3786f tf_rpc=ValidateResourceConfig tf_provider_addr=registry.terraform.io/hashicorp/rancher2 tf_resource_type=rancher2_dev tf_attribute_path=set_attribute
2026-03-20T14:45:46.829-0500 [TRACE] sdk.framework: Type implements TypeWithValidate: tf_resource_type=rancher2_dev tf_req_id=72fc2394-cf54-e87d-d970-d579c3f3786f tf_attribute_path=nested_object_list tf_rpc=ValidateResourceConfig tf_provider_addr=registry.terraform.io/hashicorp/rancher2
2026-03-20T14:45:46.829-0500 [TRACE] sdk.framework: Calling provider defined Type Validate: tf_rpc=ValidateResourceConfig tf_provider_addr=registry.terraform.io/hashicorp/rancher2 tf_resource_type=rancher2_dev tf_req_id=72fc2394-cf54-e87d-d970-d579c3f3786f tf_attribute_path=nested_object_list
2026-03-20T14:45:46.829-0500 [TRACE] sdk.framework: Called provider defined Type Validate: tf_resource_type=rancher2_dev tf_req_id=72fc2394-cf54-e87d-d970-d579c3f3786f tf_attribute_path=nested_object_list tf_rpc=ValidateResourceConfig tf_provider_addr=registry.terraform.io/hashicorp/rancher2
2026-03-20T14:45:46.829-0500 [TRACE] sdk.framework: Type implements TypeWithValidate: tf_req_id=72fc2394-cf54-e87d-d970-d579c3f3786f tf_rpc=ValidateResourceConfig tf_provider_addr=registry.terraform.io/hashicorp/rancher2 tf_resource_type=rancher2_dev tf_attribute_path=float64_attribute
2026-03-20T14:45:46.829-0500 [TRACE] sdk.framework: Calling provider defined Type Validate: tf_provider_addr=registry.terraform.io/hashicorp/rancher2 tf_resource_type=rancher2_dev tf_attribute_path=float64_attribute tf_req_id=72fc2394-cf54-e87d-d970-d579c3f3786f tf_rpc=ValidateResourceConfig
2026-03-20T14:45:46.829-0500 [TRACE] sdk.framework: Called provider defined Type Validate: tf_req_id=72fc2394-cf54-e87d-d970-d579c3f3786f tf_rpc=ValidateResourceConfig tf_provider_addr=registry.terraform.io/hashicorp/rancher2 tf_resource_type=rancher2_dev tf_attribute_path=float64_attribute
2026-03-20T14:45:46.829-0500 [TRACE] sdk.framework: Calling provider defined validator.String: description="must start with 'dev-'" tf_provider_addr=registry.terraform.io/hashicorp/rancher2 tf_attribute_path=string_attribute tf_resource_type=rancher2_dev tf_req_id=72fc2394-cf54-e87d-d970-d579c3f3786f tf_rpc=ValidateResourceConfig
2026-03-20T14:45:46.829-0500 [TRACE] sdk.framework: Called provider defined validator.String: tf_req_id=72fc2394-cf54-e87d-d970-d579c3f3786f description="must start with 'dev-'" tf_rpc=ValidateResourceConfig tf_provider_addr=registry.terraform.io/hashicorp/rancher2 tf_attribute_path=string_attribute tf_resource_type=rancher2_dev
2026-03-20T14:45:46.829-0500 [TRACE] sdk.framework: Type implements TypeWithValidate: tf_provider_addr=registry.terraform.io/hashicorp/rancher2 tf_resource_type=rancher2_dev tf_req_id=72fc2394-cf54-e87d-d970-d579c3f3786f tf_rpc=ValidateResourceConfig tf_attribute_path=nested_object_map
2026-03-20T14:45:46.829-0500 [TRACE] sdk.framework: Calling provider defined Type Validate: tf_attribute_path=nested_object_map tf_provider_addr=registry.terraform.io/hashicorp/rancher2 tf_resource_type=rancher2_dev tf_req_id=72fc2394-cf54-e87d-d970-d579c3f3786f tf_rpc=ValidateResourceConfig
2026-03-20T14:45:46.829-0500 [TRACE] sdk.framework: Called provider defined Type Validate: tf_provider_addr=registry.terraform.io/hashicorp/rancher2 tf_resource_type=rancher2_dev tf_req_id=72fc2394-cf54-e87d-d970-d579c3f3786f tf_rpc=ValidateResourceConfig tf_attribute_path=nested_object_map
2026-03-20T14:45:46.829-0500 [TRACE] sdk.framework: Calling provider defined validator.String: tf_attribute_path=id tf_req_id=72fc2394-cf54-e87d-d970-d579c3f3786f description="string length must be at least 1" tf_rpc=ValidateResourceConfig tf_provider_addr=registry.terraform.io/hashicorp/rancher2 tf_resource_type=rancher2_dev
2026-03-20T14:45:46.829-0500 [TRACE] sdk.framework: Called provider defined validator.String: tf_req_id=72fc2394-cf54-e87d-d970-d579c3f3786f tf_rpc=ValidateResourceConfig tf_provider_addr=registry.terraform.io/hashicorp/rancher2 tf_resource_type=rancher2_dev tf_attribute_path=id description="string length must be at least 1"
2026-03-20T14:45:46.829-0500 [TRACE] sdk.framework: Type implements TypeWithValidate: tf_attribute_path=map_attribute tf_req_id=72fc2394-cf54-e87d-d970-d579c3f3786f tf_rpc=ValidateResourceConfig tf_provider_addr=registry.terraform.io/hashicorp/rancher2 tf_resource_type=rancher2_dev
2026-03-20T14:45:46.829-0500 [TRACE] sdk.framework: Calling provider defined Type Validate: tf_req_id=72fc2394-cf54-e87d-d970-d579c3f3786f tf_rpc=ValidateResourceConfig tf_provider_addr=registry.terraform.io/hashicorp/rancher2 tf_resource_type=rancher2_dev tf_attribute_path=map_attribute
2026-03-20T14:45:46.829-0500 [TRACE] sdk.framework: Called provider defined Type Validate: tf_resource_type=rancher2_dev tf_attribute_path=map_attribute tf_req_id=72fc2394-cf54-e87d-d970-d579c3f3786f tf_rpc=ValidateResourceConfig tf_provider_addr=registry.terraform.io/hashicorp/rancher2
2026-03-20T14:45:46.829-0500 [TRACE] sdk.framework: Type implements TypeWithValidate: tf_rpc=ValidateResourceConfig tf_provider_addr=registry.terraform.io/hashicorp/rancher2 tf_attribute_path=list_attribute tf_resource_type=rancher2_dev tf_req_id=72fc2394-cf54-e87d-d970-d579c3f3786f
2026-03-20T14:45:46.829-0500 [TRACE] sdk.framework: Calling provider defined Type Validate: tf_resource_type=rancher2_dev tf_req_id=72fc2394-cf54-e87d-d970-d579c3f3786f tf_rpc=ValidateResourceConfig tf_provider_addr=registry.terraform.io/hashicorp/rancher2 tf_attribute_path=list_attribute
2026-03-20T14:45:46.829-0500 [TRACE] sdk.framework: Called provider defined Type Validate: tf_rpc=ValidateResourceConfig tf_provider_addr=registry.terraform.io/hashicorp/rancher2 tf_attribute_path=list_attribute tf_resource_type=rancher2_dev tf_req_id=72fc2394-cf54-e87d-d970-d579c3f3786f
2026-03-20T14:45:46.829-0500 [TRACE] sdk.proto: Received downstream response: tf_req_duration_ms=1 diagnostic_error_count=0 tf_rpc=ValidateResourceConfig tf_resource_type=rancher2_dev tf_provider_addr=registry.terraform.io/hashicorp/rancher2 tf_proto_version=6.11 tf_req_id=72fc2394-cf54-e87d-d970-d579c3f3786f diagnostic_warning_count=0
2026-03-20T14:45:46.829-0500 [TRACE] sdk.proto: Served request: tf_req_id=72fc2394-cf54-e87d-d970-d579c3f3786f tf_rpc=ValidateResourceConfig tf_resource_type=rancher2_dev tf_provider_addr=registry.terraform.io/hashicorp/rancher2 tf_proto_version=6.11
2026-03-20T14:45:46.830-0500 [TRACE] sdk.proto: Received request: tf_rpc=GetProviderSchema tf_req_id=6987a6bd-71ad-c2b2-22fd-d2cf5534a391 tf_provider_addr=registry.terraform.io/hashicorp/rancher2 tf_proto_version=6.11
2026-03-20T14:45:46.830-0500 [TRACE] sdk.proto: Sending request downstream: tf_rpc=GetProviderSchema tf_req_id=6987a6bd-71ad-c2b2-22fd-d2cf5534a391 tf_provider_addr=registry.terraform.io/hashicorp/rancher2 tf_proto_version=6.11
2026-03-20T14:45:46.830-0500 [TRACE] sdk.framework: Checking ProviderSchema lock: tf_rpc=GetProviderSchema tf_provider_addr=registry.terraform.io/hashicorp/rancher2 tf_req_id=6987a6bd-71ad-c2b2-22fd-d2cf5534a391
2026-03-20T14:45:46.830-0500 [TRACE] sdk.framework: Checking ResourceTypes lock: tf_req_id=6987a6bd-71ad-c2b2-22fd-d2cf5534a391 tf_rpc=GetProviderSchema tf_provider_addr=registry.terraform.io/hashicorp/rancher2
2026-03-20T14:45:46.830-0500 [TRACE] sdk.framework: Calling provider defined Resource Schema method: tf_req_id=6987a6bd-71ad-c2b2-22fd-d2cf5534a391 tf_rpc=GetProviderSchema tf_provider_addr=registry.terraform.io/hashicorp/rancher2 tf_resource_type=rancher2_dev
2026-03-20T14:45:46.830-0500 [TRACE] sdk.framework: Called provider defined Resource Schema method: tf_req_id=6987a6bd-71ad-c2b2-22fd-d2cf5534a391 tf_rpc=GetProviderSchema tf_provider_addr=registry.terraform.io/hashicorp/rancher2 tf_resource_type=rancher2_dev
2026-03-20T14:45:46.830-0500 [TRACE] sdk.framework: Calling provider defined Resource Schema method: tf_req_id=6987a6bd-71ad-c2b2-22fd-d2cf5534a391 tf_rpc=GetProviderSchema tf_provider_addr=registry.terraform.io/hashicorp/rancher2 tf_resource_type=rancher2_login
2026-03-20T14:45:46.830-0500 [TRACE] sdk.framework: Called provider defined Resource Schema method: tf_req_id=6987a6bd-71ad-c2b2-22fd-d2cf5534a391 tf_rpc=GetProviderSchema tf_provider_addr=registry.terraform.io/hashicorp/rancher2 tf_resource_type=rancher2_login
2026-03-20T14:45:46.830-0500 [TRACE] sdk.framework: Checking DataSourceTypes lock: tf_provider_addr=registry.terraform.io/hashicorp/rancher2 tf_req_id=6987a6bd-71ad-c2b2-22fd-d2cf5534a391 tf_rpc=GetProviderSchema
2026-03-20T14:45:46.830-0500 [TRACE] sdk.framework: Checking FunctionTypes lock: tf_req_id=6987a6bd-71ad-c2b2-22fd-d2cf5534a391 tf_rpc=GetProviderSchema tf_provider_addr=registry.terraform.io/hashicorp/rancher2
2026-03-20T14:45:46.830-0500 [TRACE] sdk.framework: Checking EphemeralResourceFuncs lock: tf_req_id=6987a6bd-71ad-c2b2-22fd-d2cf5534a391 tf_rpc=GetProviderSchema tf_provider_addr=registry.terraform.io/hashicorp/rancher2
2026-03-20T14:45:46.830-0500 [TRACE] sdk.framework: Checking ActionFuncs lock: tf_rpc=GetProviderSchema tf_provider_addr=registry.terraform.io/hashicorp/rancher2 tf_req_id=6987a6bd-71ad-c2b2-22fd-d2cf5534a391
2026-03-20T14:45:46.830-0500 [TRACE] sdk.framework: Checking StateStoreFuncs lock: tf_rpc=GetProviderSchema tf_provider_addr=registry.terraform.io/hashicorp/rancher2 tf_req_id=6987a6bd-71ad-c2b2-22fd-d2cf5534a391
2026-03-20T14:45:46.830-0500 [TRACE] sdk.proto: Received downstream response: tf_proto_version=6.11 tf_rpc=GetProviderSchema tf_req_id=6987a6bd-71ad-c2b2-22fd-d2cf5534a391 tf_provider_addr=registry.terraform.io/hashicorp/rancher2 diagnostic_error_count=0 diagnostic_warning_count=0 tf_req_duration_ms=0
2026-03-20T14:45:46.830-0500 [TRACE] sdk.proto: Announced server capabilities: tf_proto_version=6.11 tf_rpc=GetProviderSchema tf_req_id=6987a6bd-71ad-c2b2-22fd-d2cf5534a391 tf_provider_addr=registry.terraform.io/hashicorp/rancher2 tf_server_capability_move_resource_state=true tf_server_capability_plan_destroy=true tf_server_capability_get_provider_schema_optional=true
2026-03-20T14:45:46.830-0500 [TRACE] sdk.proto: Served request: tf_req_id=6987a6bd-71ad-c2b2-22fd-d2cf5534a391 tf_provider_addr=registry.terraform.io/hashicorp/rancher2 tf_proto_version=6.11 tf_rpc=GetProviderSchema
2026-03-20T14:45:46.830-0500 [TRACE] sdk.proto: Received request: tf_req_id=f4415eb8-dc3d-f8fe-f66c-732378e1fbc5 tf_provider_addr=registry.terraform.io/hashicorp/rancher2 tf_proto_version=6.11 tf_rpc=ValidateProviderConfig
2026-03-20T14:45:46.830-0500 [TRACE] sdk.proto: Sending request downstream: tf_provider_addr=registry.terraform.io/hashicorp/rancher2 tf_proto_version=6.11 tf_rpc=ValidateProviderConfig tf_req_id=f4415eb8-dc3d-f8fe-f66c-732378e1fbc5
2026-03-20T14:45:46.830-0500 [TRACE] sdk.framework: Checking ProviderSchema lock: tf_rpc=ValidateProviderConfig tf_req_id=f4415eb8-dc3d-f8fe-f66c-732378e1fbc5 tf_provider_addr=registry.terraform.io/hashicorp/rancher2
2026-03-20T14:45:46.830-0500 [TRACE] sdk.framework: Type implements TypeWithValidate: tf_attribute_path=timeout tf_provider_addr=registry.terraform.io/hashicorp/rancher2 tf_rpc=ValidateProviderConfig tf_req_id=f4415eb8-dc3d-f8fe-f66c-732378e1fbc5
2026-03-20T14:45:46.830-0500 [TRACE] sdk.framework: Calling provider defined Type Validate: tf_provider_addr=registry.terraform.io/hashicorp/rancher2 tf_rpc=ValidateProviderConfig tf_req_id=f4415eb8-dc3d-f8fe-f66c-732378e1fbc5 tf_attribute_path=timeout
2026-03-20T14:45:46.830-0500 [TRACE] sdk.framework: Called provider defined Type Validate: tf_provider_addr=registry.terraform.io/hashicorp/rancher2 tf_rpc=ValidateProviderConfig tf_req_id=f4415eb8-dc3d-f8fe-f66c-732378e1fbc5 tf_attribute_path=timeout
2026-03-20T14:45:46.830-0500 [TRACE] sdk.framework: Type implements TypeWithValidate: tf_req_id=f4415eb8-dc3d-f8fe-f66c-732378e1fbc5 tf_provider_addr=registry.terraform.io/hashicorp/rancher2 tf_rpc=ValidateProviderConfig tf_attribute_path=max_redirects
2026-03-20T14:45:46.830-0500 [TRACE] sdk.framework: Calling provider defined Type Validate: tf_rpc=ValidateProviderConfig tf_attribute_path=max_redirects tf_req_id=f4415eb8-dc3d-f8fe-f66c-732378e1fbc5 tf_provider_addr=registry.terraform.io/hashicorp/rancher2
2026-03-20T14:45:46.830-0500 [TRACE] sdk.framework: Called provider defined Type Validate: tf_provider_addr=registry.terraform.io/hashicorp/rancher2 tf_rpc=ValidateProviderConfig tf_attribute_path=max_redirects tf_req_id=f4415eb8-dc3d-f8fe-f66c-732378e1fbc5
2026-03-20T14:45:46.830-0500 [TRACE] sdk.framework: Calling provider defined validator.String: tf_attribute_path=api_url description="must be a valid URL starting with http:// or https://" tf_req_id=f4415eb8-dc3d-f8fe-f66c-732378e1fbc5 tf_provider_addr=registry.terraform.io/hashicorp/rancher2 tf_rpc=ValidateProviderConfig
2026-03-20T14:45:46.830-0500 [TRACE] sdk.framework: Called provider defined validator.String: tf_attribute_path=api_url tf_req_id=f4415eb8-dc3d-f8fe-f66c-732378e1fbc5 tf_provider_addr=registry.terraform.io/hashicorp/rancher2 tf_rpc=ValidateProviderConfig description="must be a valid URL starting with http:// or https://"
2026-03-20T14:45:46.830-0500 [TRACE] sdk.framework: Calling provider defined validator.String: tf_attribute_path=api_url tf_req_id=f4415eb8-dc3d-f8fe-f66c-732378e1fbc5 tf_provider_addr=registry.terraform.io/hashicorp/rancher2 tf_rpc=ValidateProviderConfig description="must be a valid domain"
2026-03-20T14:45:46.830-0500 [TRACE] sdk.framework: Called provider defined validator.String: tf_req_id=f4415eb8-dc3d-f8fe-f66c-732378e1fbc5 tf_provider_addr=registry.terraform.io/hashicorp/rancher2 tf_rpc=ValidateProviderConfig tf_attribute_path=api_url description="must be a valid domain"
2026-03-20T14:45:46.830-0500 [TRACE] sdk.framework: Calling provider defined validator.String: tf_req_id=f4415eb8-dc3d-f8fe-f66c-732378e1fbc5 tf_provider_addr=registry.terraform.io/hashicorp/rancher2 tf_rpc=ValidateProviderConfig tf_attribute_path=ca_cert description="must be a valid PEM-encoded certificate"
2026-03-20T14:45:46.830-0500 [TRACE] sdk.framework: Called provider defined validator.String: tf_provider_addr=registry.terraform.io/hashicorp/rancher2 tf_rpc=ValidateProviderConfig tf_attribute_path=ca_cert description="must be a valid PEM-encoded certificate" tf_req_id=f4415eb8-dc3d-f8fe-f66c-732378e1fbc5
2026-03-20T14:45:46.830-0500 [TRACE] sdk.proto: Received downstream response: tf_proto_version=6.11 tf_rpc=ValidateProviderConfig diagnostic_warning_count=0 tf_req_duration_ms=0 diagnostic_error_count=0 tf_req_id=f4415eb8-dc3d-f8fe-f66c-732378e1fbc5 tf_provider_addr=registry.terraform.io/hashicorp/rancher2
2026-03-20T14:45:46.830-0500 [TRACE] sdk.proto: Served request: tf_proto_version=6.11 tf_rpc=ValidateProviderConfig tf_req_id=f4415eb8-dc3d-f8fe-f66c-732378e1fbc5 tf_provider_addr=registry.terraform.io/hashicorp/rancher2
2026-03-20T14:45:46.830-0500 [TRACE] sdk.proto: Received request: tf_proto_version=6.11 tf_rpc=ConfigureProvider tf_req_id=213c0023-af18-fc13-2240-bb5518c438ca tf_provider_addr=registry.terraform.io/hashicorp/rancher2
2026-03-20T14:45:46.830-0500 [TRACE] sdk.proto: No announced client capabilities: tf_provider_addr=registry.terraform.io/hashicorp/rancher2 tf_proto_version=6.11 tf_rpc=ConfigureProvider tf_req_id=213c0023-af18-fc13-2240-bb5518c438ca
2026-03-20T14:45:46.830-0500 [TRACE] sdk.proto: Sending request downstream: tf_rpc=ConfigureProvider tf_req_id=213c0023-af18-fc13-2240-bb5518c438ca tf_provider_addr=registry.terraform.io/hashicorp/rancher2 tf_proto_version=6.11
2026-03-20T14:45:46.831-0500 [TRACE] sdk.framework: Checking ProviderSchema lock: tf_req_id=213c0023-af18-fc13-2240-bb5518c438ca tf_provider_addr=registry.terraform.io/hashicorp/rancher2 tf_rpc=ConfigureProvider
2026-03-20T14:45:46.831-0500 [TRACE] sdk.framework: Calling provider defined Provider Configure: tf_provider_addr=registry.terraform.io/hashicorp/rancher2 tf_rpc=ConfigureProvider tf_req_id=213c0023-af18-fc13-2240-bb5518c438ca
2026-03-20T14:45:46.831-0500 [DEBUG] rancher2: Provider Config: {
  "api_url": null,
  "ca_cert": null,
  "ignore_system_ca": null,
  "insecure": null,
  "max_redirects": null,
  "timeout": null,
  "token": null
}: tf_req_id=213c0023-af18-fc13-2240-bb5518c438ca tf_provider_addr=registry.terraform.io/hashicorp/rancher2 tf_rpc=ConfigureProvider
2026-03-20T14:45:46.831-0500 [DEBUG] rancher2: Rancher API URL: https://127.0.0.1.nip.io: tf_req_id=213c0023-af18-fc13-2240-bb5518c438ca tf_provider_addr=registry.terraform.io/hashicorp/rancher2 tf_rpc=ConfigureProvider
2026-03-20T14:45:46.831-0500 [DEBUG] rancher2: Provider Configure Client: {
  "TokenStore": {}
}: tf_req_id=213c0023-af18-fc13-2240-bb5518c438ca tf_provider_addr=registry.terraform.io/hashicorp/rancher2 tf_rpc=ConfigureProvider
2026-03-20T14:45:46.831-0500 [DEBUG] rancher2: Provider Configure Response: {
  "ActionData": null,
  "DataSourceData": {
    "TokenStore": {}
  },
  "Deferred": null,
  "Diagnostics": [],
  "EphemeralResourceData": null,
  "ListResourceData": null,
  "ResourceData": {
    "TokenStore": {}
  },
  "StateStoreData": null
}: tf_provider_addr=registry.terraform.io/hashicorp/rancher2 tf_rpc=ConfigureProvider tf_req_id=213c0023-af18-fc13-2240-bb5518c438ca
2026-03-20T14:45:46.831-0500 [TRACE] sdk.framework: Called provider defined Provider Configure: tf_provider_addr=registry.terraform.io/hashicorp/rancher2 tf_rpc=ConfigureProvider tf_req_id=213c0023-af18-fc13-2240-bb5518c438ca
2026-03-20T14:45:46.831-0500 [TRACE] sdk.proto: Received downstream response: tf_provider_addr=registry.terraform.io/hashicorp/rancher2 tf_proto_version=6.11 tf_rpc=ConfigureProvider tf_req_id=213c0023-af18-fc13-2240-bb5518c438ca diagnostic_error_count=0 diagnostic_warning_count=0 tf_req_duration_ms=0
2026-03-20T14:45:46.831-0500 [TRACE] sdk.proto: Served request: tf_proto_version=6.11 tf_rpc=ConfigureProvider tf_req_id=213c0023-af18-fc13-2240-bb5518c438ca tf_provider_addr=registry.terraform.io/hashicorp/rancher2
2026-03-20T14:45:46.831-0500 [TRACE] sdk.proto: Received request: tf_rpc=UpgradeResourceState tf_resource_type=rancher2_dev tf_req_id=01596e76-417d-ef38-463a-aacb1a89fa54 tf_provider_addr=registry.terraform.io/hashicorp/rancher2 tf_proto_version=6.11
2026-03-20T14:45:46.831-0500 [TRACE] sdk.proto: Sending request downstream: tf_rpc=UpgradeResourceState tf_resource_type=rancher2_dev tf_req_id=01596e76-417d-ef38-463a-aacb1a89fa54 tf_provider_addr=registry.terraform.io/hashicorp/rancher2 tf_proto_version=6.11
2026-03-20T14:45:46.831-0500 [TRACE] sdk.framework: Checking ResourceTypes lock: tf_resource_type=rancher2_dev tf_req_id=01596e76-417d-ef38-463a-aacb1a89fa54 tf_provider_addr=registry.terraform.io/hashicorp/rancher2 tf_rpc=UpgradeResourceState
2026-03-20T14:45:46.831-0500 [TRACE] sdk.proto: Received request: tf_resource_type=rancher2_dev tf_req_id=8073178d-c525-9af9-3283-a4837c3435ba tf_provider_addr=registry.terraform.io/hashicorp/rancher2 tf_proto_version=6.11 tf_rpc=UpgradeResourceState
2026-03-20T14:45:46.831-0500 [TRACE] sdk.framework: UpgradeResourceState request version matches current Schema version, using framework defined passthrough implementation: tf_rpc=UpgradeResourceState tf_resource_type=rancher2_dev tf_req_id=01596e76-417d-ef38-463a-aacb1a89fa54 tf_provider_addr=registry.terraform.io/hashicorp/rancher2
2026-03-20T14:45:46.831-0500 [TRACE] sdk.proto: Sending request downstream: tf_req_id=8073178d-c525-9af9-3283-a4837c3435ba tf_provider_addr=registry.terraform.io/hashicorp/rancher2 tf_proto_version=6.11 tf_rpc=UpgradeResourceState tf_resource_type=rancher2_dev
2026-03-20T14:45:46.831-0500 [TRACE] sdk.framework: Checking ResourceTypes lock: tf_resource_type=rancher2_dev tf_req_id=8073178d-c525-9af9-3283-a4837c3435ba tf_provider_addr=registry.terraform.io/hashicorp/rancher2 tf_rpc=UpgradeResourceState
2026-03-20T14:45:46.831-0500 [TRACE] sdk.framework: UpgradeResourceState request version matches current Schema version, using framework defined passthrough implementation: tf_provider_addr=registry.terraform.io/hashicorp/rancher2 tf_rpc=UpgradeResourceState tf_resource_type=rancher2_dev tf_req_id=8073178d-c525-9af9-3283-a4837c3435ba
2026-03-20T14:45:46.831-0500 [TRACE] sdk.proto: Received downstream response: diagnostic_warning_count=0 tf_req_id=8073178d-c525-9af9-3283-a4837c3435ba tf_provider_addr=registry.terraform.io/hashicorp/rancher2 tf_proto_version=6.11 tf_rpc=UpgradeResourceState tf_resource_type=rancher2_dev tf_req_duration_ms=0 diagnostic_error_count=0
2026-03-20T14:45:46.831-0500 [TRACE] sdk.proto: Served request: tf_provider_addr=registry.terraform.io/hashicorp/rancher2 tf_proto_version=6.11 tf_rpc=UpgradeResourceState tf_resource_type=rancher2_dev tf_req_id=8073178d-c525-9af9-3283-a4837c3435ba
2026-03-20T14:45:46.831-0500 [TRACE] sdk.proto: Received downstream response: tf_resource_type=rancher2_dev diagnostic_warning_count=0 tf_req_duration_ms=0 diagnostic_error_count=0 tf_req_id=01596e76-417d-ef38-463a-aacb1a89fa54 tf_provider_addr=registry.terraform.io/hashicorp/rancher2 tf_proto_version=6.11 tf_rpc=UpgradeResourceState
2026-03-20T14:45:46.831-0500 [TRACE] sdk.proto: Served request: tf_resource_type=rancher2_dev tf_req_id=01596e76-417d-ef38-463a-aacb1a89fa54 tf_provider_addr=registry.terraform.io/hashicorp/rancher2 tf_proto_version=6.11 tf_rpc=UpgradeResourceState
2026-03-20T14:45:46.832-0500 [TRACE] sdk.proto: Received request: tf_provider_addr=registry.terraform.io/hashicorp/rancher2 tf_req_id=f0df9aeb-d1a2-1746-1a2f-ff2dfceb9f98 tf_proto_version=6.11 tf_rpc=ValidateResourceConfig tf_resource_type=rancher2_dev
2026-03-20T14:45:46.832-0500 [TRACE] sdk.proto: No announced client capabilities: tf_resource_type=rancher2_dev tf_provider_addr=registry.terraform.io/hashicorp/rancher2 tf_req_id=f0df9aeb-d1a2-1746-1a2f-ff2dfceb9f98 tf_proto_version=6.11 tf_rpc=ValidateResourceConfig
2026-03-20T14:45:46.832-0500 [TRACE] sdk.proto: Sending request downstream: tf_rpc=ValidateResourceConfig tf_resource_type=rancher2_dev tf_provider_addr=registry.terraform.io/hashicorp/rancher2 tf_req_id=f0df9aeb-d1a2-1746-1a2f-ff2dfceb9f98 tf_proto_version=6.11
2026-03-20T14:45:46.832-0500 [TRACE] sdk.framework: Checking ResourceTypes lock: tf_provider_addr=registry.terraform.io/hashicorp/rancher2 tf_rpc=ValidateResourceConfig tf_resource_type=rancher2_dev tf_req_id=f0df9aeb-d1a2-1746-1a2f-ff2dfceb9f98
2026-03-20T14:45:46.832-0500 [TRACE] sdk.framework: Resource implements ResourceWithConfigure: tf_req_id=f0df9aeb-d1a2-1746-1a2f-ff2dfceb9f98 tf_provider_addr=registry.terraform.io/hashicorp/rancher2 tf_rpc=ValidateResourceConfig tf_resource_type=rancher2_dev
2026-03-20T14:45:46.832-0500 [TRACE] sdk.framework: Calling provider defined Resource Configure: tf_rpc=ValidateResourceConfig tf_resource_type=rancher2_dev tf_req_id=f0df9aeb-d1a2-1746-1a2f-ff2dfceb9f98 tf_provider_addr=registry.terraform.io/hashicorp/rancher2
2026-03-20T14:45:46.832-0500 [DEBUG] rancher2: Rancher2_Dev_Resource Configure request: resource.ConfigureRequest{ProviderData:(*client.HttpClient)(0x1f9c5c5746e0)}: tf_req_id=f0df9aeb-d1a2-1746-1a2f-ff2dfceb9f98 tf_resource_type=rancher2_dev tf_provider_addr=registry.terraform.io/hashicorp/rancher2 tf_rpc=ValidateResourceConfig
2026-03-20T14:45:46.832-0500 [DEBUG] rancher2: Rancher2_Dev_Resource Configure object: &rancher2_dev.RancherDevResource{client:client.Client(nil)}: tf_rpc=ValidateResourceConfig tf_req_id=f0df9aeb-d1a2-1746-1a2f-ff2dfceb9f98 tf_resource_type=rancher2_dev tf_provider_addr=registry.terraform.io/hashicorp/rancher2
2026-03-20T14:45:46.832-0500 [DEBUG] rancher2: Rancher2_Dev_Resource Configure object after config: &rancher2_dev.RancherDevResource{client:(*client.HttpClient)(0x1f9c5c5746e0)}: tf_provider_addr=registry.terraform.io/hashicorp/rancher2 tf_rpc=ValidateResourceConfig tf_req_id=f0df9aeb-d1a2-1746-1a2f-ff2dfceb9f98 tf_resource_type=rancher2_dev
2026-03-20T14:45:46.832-0500 [DEBUG] rancher2: Rancher2_Dev_Resource Configure response: &resource.ConfigureResponse{Diagnostics:diag.Diagnostics(nil)}: tf_provider_addr=registry.terraform.io/hashicorp/rancher2 tf_rpc=ValidateResourceConfig tf_req_id=f0df9aeb-d1a2-1746-1a2f-ff2dfceb9f98 tf_resource_type=rancher2_dev
2026-03-20T14:45:46.832-0500 [TRACE] sdk.framework: Called provider defined Resource Configure: tf_req_id=f0df9aeb-d1a2-1746-1a2f-ff2dfceb9f98 tf_provider_addr=registry.terraform.io/hashicorp/rancher2 tf_rpc=ValidateResourceConfig tf_resource_type=rancher2_dev
2026-03-20T14:45:46.832-0500 [TRACE] sdk.framework: Type implements TypeWithValidate: tf_rpc=ValidateResourceConfig tf_resource_type=rancher2_dev tf_attribute_path=nested_object_list tf_req_id=f0df9aeb-d1a2-1746-1a2f-ff2dfceb9f98 tf_provider_addr=registry.terraform.io/hashicorp/rancher2
2026-03-20T14:45:46.832-0500 [TRACE] sdk.framework: Calling provider defined Type Validate: tf_provider_addr=registry.terraform.io/hashicorp/rancher2 tf_rpc=ValidateResourceConfig tf_resource_type=rancher2_dev tf_attribute_path=nested_object_list tf_req_id=f0df9aeb-d1a2-1746-1a2f-ff2dfceb9f98
2026-03-20T14:45:46.832-0500 [TRACE] sdk.framework: Called provider defined Type Validate: tf_attribute_path=nested_object_list tf_req_id=f0df9aeb-d1a2-1746-1a2f-ff2dfceb9f98 tf_provider_addr=registry.terraform.io/hashicorp/rancher2 tf_rpc=ValidateResourceConfig tf_resource_type=rancher2_dev
2026-03-20T14:45:46.832-0500 [TRACE] sdk.framework: Type implements TypeWithValidate: tf_attribute_path=float64_attribute tf_provider_addr=registry.terraform.io/hashicorp/rancher2 tf_rpc=ValidateResourceConfig tf_resource_type=rancher2_dev tf_req_id=f0df9aeb-d1a2-1746-1a2f-ff2dfceb9f98
2026-03-20T14:45:46.832-0500 [TRACE] sdk.framework: Calling provider defined Type Validate: tf_provider_addr=registry.terraform.io/hashicorp/rancher2 tf_rpc=ValidateResourceConfig tf_resource_type=rancher2_dev tf_req_id=f0df9aeb-d1a2-1746-1a2f-ff2dfceb9f98 tf_attribute_path=float64_attribute
2026-03-20T14:45:46.832-0500 [TRACE] sdk.framework: Called provider defined Type Validate: tf_provider_addr=registry.terraform.io/hashicorp/rancher2 tf_rpc=ValidateResourceConfig tf_resource_type=rancher2_dev tf_req_id=f0df9aeb-d1a2-1746-1a2f-ff2dfceb9f98 tf_attribute_path=float64_attribute
2026-03-20T14:45:46.832-0500 [TRACE] sdk.framework: Calling provider defined validator.String: tf_req_id=f0df9aeb-d1a2-1746-1a2f-ff2dfceb9f98 tf_provider_addr=registry.terraform.io/hashicorp/rancher2 tf_rpc=ValidateResourceConfig tf_resource_type=rancher2_dev description="must start with 'dev-'" tf_attribute_path=string_attribute
2026-03-20T14:45:46.832-0500 [TRACE] sdk.framework: Called provider defined validator.String: description="must start with 'dev-'" tf_req_id=f0df9aeb-d1a2-1746-1a2f-ff2dfceb9f98 tf_provider_addr=registry.terraform.io/hashicorp/rancher2 tf_rpc=ValidateResourceConfig tf_resource_type=rancher2_dev tf_attribute_path=string_attribute
2026-03-20T14:45:46.832-0500 [TRACE] sdk.framework: Type implements TypeWithValidate: tf_provider_addr=registry.terraform.io/hashicorp/rancher2 tf_rpc=ValidateResourceConfig tf_resource_type=rancher2_dev tf_req_id=f0df9aeb-d1a2-1746-1a2f-ff2dfceb9f98 tf_attribute_path=nested_object_map
2026-03-20T14:45:46.832-0500 [TRACE] sdk.framework: Calling provider defined Type Validate: tf_req_id=f0df9aeb-d1a2-1746-1a2f-ff2dfceb9f98 tf_attribute_path=nested_object_map tf_provider_addr=registry.terraform.io/hashicorp/rancher2 tf_rpc=ValidateResourceConfig tf_resource_type=rancher2_dev
2026-03-20T14:45:46.832-0500 [TRACE] sdk.framework: Called provider defined Type Validate: tf_provider_addr=registry.terraform.io/hashicorp/rancher2 tf_rpc=ValidateResourceConfig tf_resource_type=rancher2_dev tf_req_id=f0df9aeb-d1a2-1746-1a2f-ff2dfceb9f98 tf_attribute_path=nested_object_map
2026-03-20T14:45:46.832-0500 [TRACE] sdk.framework: Type implements TypeWithValidate: tf_provider_addr=registry.terraform.io/hashicorp/rancher2 tf_rpc=ValidateResourceConfig tf_resource_type=rancher2_dev tf_req_id=f0df9aeb-d1a2-1746-1a2f-ff2dfceb9f98 tf_attribute_path=int64_attribute
2026-03-20T14:45:46.832-0500 [TRACE] sdk.framework: Calling provider defined Type Validate: tf_provider_addr=registry.terraform.io/hashicorp/rancher2 tf_rpc=ValidateResourceConfig tf_resource_type=rancher2_dev tf_req_id=f0df9aeb-d1a2-1746-1a2f-ff2dfceb9f98 tf_attribute_path=int64_attribute
2026-03-20T14:45:46.832-0500 [TRACE] sdk.framework: Called provider defined Type Validate: tf_provider_addr=registry.terraform.io/hashicorp/rancher2 tf_rpc=ValidateResourceConfig tf_resource_type=rancher2_dev tf_req_id=f0df9aeb-d1a2-1746-1a2f-ff2dfceb9f98 tf_attribute_path=int64_attribute
2026-03-20T14:45:46.832-0500 [TRACE] sdk.framework: Calling provider defined validator.String: tf_provider_addr=registry.terraform.io/hashicorp/rancher2 tf_rpc=ValidateResourceConfig tf_resource_type=rancher2_dev tf_req_id=f0df9aeb-d1a2-1746-1a2f-ff2dfceb9f98 tf_attribute_path=id description="string length must be at least 1"
2026-03-20T14:45:46.832-0500 [TRACE] sdk.framework: Called provider defined validator.String: tf_provider_addr=registry.terraform.io/hashicorp/rancher2 tf_rpc=ValidateResourceConfig tf_resource_type=rancher2_dev tf_req_id=f0df9aeb-d1a2-1746-1a2f-ff2dfceb9f98 tf_attribute_path=id description="string length must be at least 1"
2026-03-20T14:45:46.832-0500 [TRACE] sdk.framework: Type implements TypeWithValidate: tf_provider_addr=registry.terraform.io/hashicorp/rancher2 tf_rpc=ValidateResourceConfig tf_resource_type=rancher2_dev tf_req_id=f0df9aeb-d1a2-1746-1a2f-ff2dfceb9f98 tf_attribute_path=map_attribute
2026-03-20T14:45:46.832-0500 [TRACE] sdk.framework: Calling provider defined Type Validate: tf_provider_addr=registry.terraform.io/hashicorp/rancher2 tf_rpc=ValidateResourceConfig tf_resource_type=rancher2_dev tf_req_id=f0df9aeb-d1a2-1746-1a2f-ff2dfceb9f98 tf_attribute_path=map_attribute
2026-03-20T14:45:46.832-0500 [TRACE] sdk.framework: Called provider defined Type Validate: tf_req_id=f0df9aeb-d1a2-1746-1a2f-ff2dfceb9f98 tf_attribute_path=map_attribute tf_provider_addr=registry.terraform.io/hashicorp/rancher2 tf_rpc=ValidateResourceConfig tf_resource_type=rancher2_dev
2026-03-20T14:45:46.832-0500 [TRACE] sdk.framework: Type implements TypeWithValidate: tf_attribute_path=list_attribute tf_provider_addr=registry.terraform.io/hashicorp/rancher2 tf_rpc=ValidateResourceConfig tf_resource_type=rancher2_dev tf_req_id=f0df9aeb-d1a2-1746-1a2f-ff2dfceb9f98
2026-03-20T14:45:46.832-0500 [TRACE] sdk.framework: Calling provider defined Type Validate: tf_resource_type=rancher2_dev tf_req_id=f0df9aeb-d1a2-1746-1a2f-ff2dfceb9f98 tf_attribute_path=list_attribute tf_provider_addr=registry.terraform.io/hashicorp/rancher2 tf_rpc=ValidateResourceConfig
2026-03-20T14:45:46.832-0500 [TRACE] sdk.framework: Called provider defined Type Validate: tf_req_id=f0df9aeb-d1a2-1746-1a2f-ff2dfceb9f98 tf_attribute_path=list_attribute tf_provider_addr=registry.terraform.io/hashicorp/rancher2 tf_rpc=ValidateResourceConfig tf_resource_type=rancher2_dev
2026-03-20T14:45:46.832-0500 [TRACE] sdk.framework: Type implements TypeWithValidate: tf_provider_addr=registry.terraform.io/hashicorp/rancher2 tf_rpc=ValidateResourceConfig tf_resource_type=rancher2_dev tf_req_id=f0df9aeb-d1a2-1746-1a2f-ff2dfceb9f98 tf_attribute_path=set_attribute
2026-03-20T14:45:46.832-0500 [TRACE] sdk.framework: Calling provider defined Type Validate: tf_attribute_path=set_attribute tf_provider_addr=registry.terraform.io/hashicorp/rancher2 tf_rpc=ValidateResourceConfig tf_resource_type=rancher2_dev tf_req_id=f0df9aeb-d1a2-1746-1a2f-ff2dfceb9f98
2026-03-20T14:45:46.832-0500 [TRACE] sdk.framework: Called provider defined Type Validate: tf_provider_addr=registry.terraform.io/hashicorp/rancher2 tf_rpc=ValidateResourceConfig tf_resource_type=rancher2_dev tf_req_id=f0df9aeb-d1a2-1746-1a2f-ff2dfceb9f98 tf_attribute_path=set_attribute
2026-03-20T14:45:46.832-0500 [TRACE] sdk.proto: Received downstream response: diagnostic_error_count=0 diagnostic_warning_count=0 tf_rpc=ValidateResourceConfig tf_resource_type=rancher2_dev tf_provider_addr=registry.terraform.io/hashicorp/rancher2 tf_req_id=f0df9aeb-d1a2-1746-1a2f-ff2dfceb9f98 tf_proto_version=6.11 tf_req_duration_ms=0
2026-03-20T14:45:46.832-0500 [TRACE] sdk.proto: Served request: tf_rpc=ValidateResourceConfig tf_resource_type=rancher2_dev tf_provider_addr=registry.terraform.io/hashicorp/rancher2 tf_req_id=f0df9aeb-d1a2-1746-1a2f-ff2dfceb9f98 tf_proto_version=6.11
2026-03-20T14:45:46.833-0500 [TRACE] sdk.proto: Received request: tf_resource_type=rancher2_dev tf_rpc=PlanResourceChange tf_req_id=8527bcb9-c147-cbae-9527-9726d1c11097 tf_provider_addr=registry.terraform.io/hashicorp/rancher2 tf_proto_version=6.11
2026-03-20T14:45:46.833-0500 [TRACE] sdk.proto: No announced client capabilities: tf_rpc=PlanResourceChange tf_req_id=8527bcb9-c147-cbae-9527-9726d1c11097 tf_provider_addr=registry.terraform.io/hashicorp/rancher2 tf_proto_version=6.11 tf_resource_type=rancher2_dev
2026-03-20T14:45:46.833-0500 [TRACE] sdk.proto: Sending request downstream: tf_rpc=PlanResourceChange tf_req_id=8527bcb9-c147-cbae-9527-9726d1c11097 tf_provider_addr=registry.terraform.io/hashicorp/rancher2 tf_proto_version=6.11 tf_resource_type=rancher2_dev
2026-03-20T14:45:46.833-0500 [TRACE] sdk.framework: Checking ResourceTypes lock: tf_provider_addr=registry.terraform.io/hashicorp/rancher2 tf_rpc=PlanResourceChange tf_resource_type=rancher2_dev tf_req_id=8527bcb9-c147-cbae-9527-9726d1c11097
2026-03-20T14:45:46.833-0500 [TRACE] sdk.framework: Checking ResourceTypes lock: tf_resource_type=rancher2_dev tf_req_id=8527bcb9-c147-cbae-9527-9726d1c11097 tf_provider_addr=registry.terraform.io/hashicorp/rancher2 tf_rpc=PlanResourceChange
2026-03-20T14:45:46.833-0500 [TRACE] sdk.framework: Checking ResourceBehaviors lock: tf_provider_addr=registry.terraform.io/hashicorp/rancher2 tf_rpc=PlanResourceChange tf_resource_type=rancher2_dev tf_req_id=8527bcb9-c147-cbae-9527-9726d1c11097
2026-03-20T14:45:46.833-0500 [TRACE] sdk.framework: Checking ProviderTypeName lock: tf_resource_type=rancher2_dev tf_req_id=8527bcb9-c147-cbae-9527-9726d1c11097 tf_provider_addr=registry.terraform.io/hashicorp/rancher2 tf_rpc=PlanResourceChange
2026-03-20T14:45:46.833-0500 [TRACE] sdk.framework: Checking ResourceTypes lock: tf_resource_type=rancher2_dev tf_req_id=8527bcb9-c147-cbae-9527-9726d1c11097 tf_provider_addr=registry.terraform.io/hashicorp/rancher2 tf_rpc=PlanResourceChange
2026-03-20T14:45:46.833-0500 [TRACE] sdk.framework: Found resource type: tf_rpc=PlanResourceChange tf_resource_type=rancher2_dev tf_req_id=8527bcb9-c147-cbae-9527-9726d1c11097 tf_provider_addr=registry.terraform.io/hashicorp/rancher2
2026-03-20T14:45:46.833-0500 [TRACE] sdk.framework: Found resource type: tf_rpc=PlanResourceChange tf_resource_type=rancher2_login tf_req_id=8527bcb9-c147-cbae-9527-9726d1c11097 tf_provider_addr=registry.terraform.io/hashicorp/rancher2
2026-03-20T14:45:46.833-0500 [TRACE] sdk.framework: Resource implements ResourceWithConfigure: tf_resource_type=rancher2_dev tf_req_id=8527bcb9-c147-cbae-9527-9726d1c11097 tf_provider_addr=registry.terraform.io/hashicorp/rancher2 tf_rpc=PlanResourceChange
2026-03-20T14:45:46.833-0500 [TRACE] sdk.framework: Calling provider defined Resource Configure: tf_rpc=PlanResourceChange tf_resource_type=rancher2_dev tf_req_id=8527bcb9-c147-cbae-9527-9726d1c11097 tf_provider_addr=registry.terraform.io/hashicorp/rancher2
2026-03-20T14:45:46.833-0500 [DEBUG] rancher2: Rancher2_Dev_Resource Configure request: resource.ConfigureRequest{ProviderData:(*client.HttpClient)(0x1f9c5c5746e0)}: tf_provider_addr=registry.terraform.io/hashicorp/rancher2 tf_req_id=8527bcb9-c147-cbae-9527-9726d1c11097 tf_resource_type=rancher2_dev tf_rpc=PlanResourceChange
2026-03-20T14:45:46.833-0500 [DEBUG] rancher2: Rancher2_Dev_Resource Configure object: &rancher2_dev.RancherDevResource{client:client.Client(nil)}: tf_resource_type=rancher2_dev tf_rpc=PlanResourceChange tf_provider_addr=registry.terraform.io/hashicorp/rancher2 tf_req_id=8527bcb9-c147-cbae-9527-9726d1c11097
2026-03-20T14:45:46.833-0500 [DEBUG] rancher2: Rancher2_Dev_Resource Configure object after config: &rancher2_dev.RancherDevResource{client:(*client.HttpClient)(0x1f9c5c5746e0)}: tf_provider_addr=registry.terraform.io/hashicorp/rancher2 tf_req_id=8527bcb9-c147-cbae-9527-9726d1c11097 tf_resource_type=rancher2_dev tf_rpc=PlanResourceChange
2026-03-20T14:45:46.833-0500 [DEBUG] rancher2: Rancher2_Dev_Resource Configure response: &resource.ConfigureResponse{Diagnostics:diag.Diagnostics(nil)}: tf_req_id=8527bcb9-c147-cbae-9527-9726d1c11097 tf_resource_type=rancher2_dev tf_rpc=PlanResourceChange tf_provider_addr=registry.terraform.io/hashicorp/rancher2
2026-03-20T14:45:46.833-0500 [TRACE] sdk.framework: Called provider defined Resource Configure: tf_provider_addr=registry.terraform.io/hashicorp/rancher2 tf_rpc=PlanResourceChange tf_resource_type=rancher2_dev tf_req_id=8527bcb9-c147-cbae-9527-9726d1c11097
2026-03-20T14:45:46.833-0500 [TRACE] sdk.framework: Type implements TypeWithValidate: tf_rpc=PlanResourceChange tf_resource_type=rancher2_dev tf_req_id=8527bcb9-c147-cbae-9527-9726d1c11097 tf_provider_addr=registry.terraform.io/hashicorp/rancher2
2026-03-20T14:45:46.833-0500 [TRACE] sdk.framework: Calling provider defined Type Validate: tf_rpc=PlanResourceChange tf_resource_type=rancher2_dev tf_req_id=8527bcb9-c147-cbae-9527-9726d1c11097 tf_provider_addr=registry.terraform.io/hashicorp/rancher2
2026-03-20T14:45:46.833-0500 [TRACE] sdk.framework: Called provider defined Type Validate: tf_rpc=PlanResourceChange tf_resource_type=rancher2_dev tf_req_id=8527bcb9-c147-cbae-9527-9726d1c11097 tf_provider_addr=registry.terraform.io/hashicorp/rancher2
2026-03-20T14:45:46.833-0500 [TRACE] sdk.framework: Type implements TypeWithValidate: tf_provider_addr=registry.terraform.io/hashicorp/rancher2 tf_rpc=PlanResourceChange tf_resource_type=rancher2_dev tf_req_id=8527bcb9-c147-cbae-9527-9726d1c11097
2026-03-20T14:45:46.833-0500 [TRACE] sdk.framework: Calling provider defined Type Validate: tf_resource_type=rancher2_dev tf_req_id=8527bcb9-c147-cbae-9527-9726d1c11097 tf_provider_addr=registry.terraform.io/hashicorp/rancher2 tf_rpc=PlanResourceChange
2026-03-20T14:45:46.833-0500 [TRACE] sdk.framework: Called provider defined Type Validate: tf_rpc=PlanResourceChange tf_resource_type=rancher2_dev tf_req_id=8527bcb9-c147-cbae-9527-9726d1c11097 tf_provider_addr=registry.terraform.io/hashicorp/rancher2
2026-03-20T14:45:46.833-0500 [TRACE] sdk.framework: Type implements TypeWithValidate: tf_provider_addr=registry.terraform.io/hashicorp/rancher2 tf_rpc=PlanResourceChange tf_resource_type=rancher2_dev tf_req_id=8527bcb9-c147-cbae-9527-9726d1c11097
2026-03-20T14:45:46.833-0500 [TRACE] sdk.framework: Calling provider defined Type Validate: tf_rpc=PlanResourceChange tf_resource_type=rancher2_dev tf_req_id=8527bcb9-c147-cbae-9527-9726d1c11097 tf_provider_addr=registry.terraform.io/hashicorp/rancher2
2026-03-20T14:45:46.833-0500 [TRACE] sdk.framework: Called provider defined Type Validate: tf_rpc=PlanResourceChange tf_resource_type=rancher2_dev tf_req_id=8527bcb9-c147-cbae-9527-9726d1c11097 tf_provider_addr=registry.terraform.io/hashicorp/rancher2
2026-03-20T14:45:46.833-0500 [TRACE] sdk.proto: Received request: tf_proto_version=6.11 tf_rpc=ValidateResourceConfig tf_resource_type=rancher2_dev tf_req_id=f347c01f-72f3-16ca-3fd3-0a6b47ed4867 tf_provider_addr=registry.terraform.io/hashicorp/rancher2
2026-03-20T14:45:46.833-0500 [TRACE] sdk.proto: No announced client capabilities: tf_proto_version=6.11 tf_rpc=ValidateResourceConfig tf_resource_type=rancher2_dev tf_req_id=f347c01f-72f3-16ca-3fd3-0a6b47ed4867 tf_provider_addr=registry.terraform.io/hashicorp/rancher2
2026-03-20T14:45:46.833-0500 [TRACE] sdk.proto: Sending request downstream: tf_resource_type=rancher2_dev tf_req_id=f347c01f-72f3-16ca-3fd3-0a6b47ed4867 tf_provider_addr=registry.terraform.io/hashicorp/rancher2 tf_proto_version=6.11 tf_rpc=ValidateResourceConfig
2026-03-20T14:45:46.833-0500 [TRACE] sdk.framework: Checking ResourceTypes lock: tf_req_id=f347c01f-72f3-16ca-3fd3-0a6b47ed4867 tf_provider_addr=registry.terraform.io/hashicorp/rancher2 tf_rpc=ValidateResourceConfig tf_resource_type=rancher2_dev
2026-03-20T14:45:46.833-0500 [TRACE] sdk.framework: Type implements TypeWithValidate: tf_rpc=PlanResourceChange tf_resource_type=rancher2_dev tf_req_id=8527bcb9-c147-cbae-9527-9726d1c11097 tf_provider_addr=registry.terraform.io/hashicorp/rancher2
2026-03-20T14:45:46.833-0500 [TRACE] sdk.framework: Calling provider defined Type Validate: tf_req_id=8527bcb9-c147-cbae-9527-9726d1c11097 tf_provider_addr=registry.terraform.io/hashicorp/rancher2 tf_rpc=PlanResourceChange tf_resource_type=rancher2_dev
2026-03-20T14:45:46.833-0500 [TRACE] sdk.framework: Called provider defined Type Validate: tf_rpc=PlanResourceChange tf_resource_type=rancher2_dev tf_req_id=8527bcb9-c147-cbae-9527-9726d1c11097 tf_provider_addr=registry.terraform.io/hashicorp/rancher2
2026-03-20T14:45:46.833-0500 [TRACE] sdk.framework: Type implements TypeWithValidate: tf_rpc=PlanResourceChange tf_resource_type=rancher2_dev tf_req_id=8527bcb9-c147-cbae-9527-9726d1c11097 tf_provider_addr=registry.terraform.io/hashicorp/rancher2
2026-03-20T14:45:46.833-0500 [TRACE] sdk.framework: Calling provider defined Type Validate: tf_provider_addr=registry.terraform.io/hashicorp/rancher2 tf_rpc=PlanResourceChange tf_resource_type=rancher2_dev tf_req_id=8527bcb9-c147-cbae-9527-9726d1c11097
2026-03-20T14:45:46.833-0500 [TRACE] sdk.framework: Called provider defined Type Validate: tf_resource_type=rancher2_dev tf_req_id=8527bcb9-c147-cbae-9527-9726d1c11097 tf_provider_addr=registry.terraform.io/hashicorp/rancher2 tf_rpc=PlanResourceChange
2026-03-20T14:45:46.833-0500 [TRACE] sdk.framework: Type implements TypeWithValidate: tf_provider_addr=registry.terraform.io/hashicorp/rancher2 tf_rpc=PlanResourceChange tf_resource_type=rancher2_dev tf_req_id=8527bcb9-c147-cbae-9527-9726d1c11097
2026-03-20T14:45:46.833-0500 [TRACE] sdk.framework: Calling provider defined Type Validate: tf_provider_addr=registry.terraform.io/hashicorp/rancher2 tf_rpc=PlanResourceChange tf_resource_type=rancher2_dev tf_req_id=8527bcb9-c147-cbae-9527-9726d1c11097
2026-03-20T14:45:46.833-0500 [TRACE] sdk.framework: Called provider defined Type Validate: tf_req_id=8527bcb9-c147-cbae-9527-9726d1c11097 tf_provider_addr=registry.terraform.io/hashicorp/rancher2 tf_rpc=PlanResourceChange tf_resource_type=rancher2_dev
2026-03-20T14:45:46.833-0500 [TRACE] sdk.framework: setting attribute bool_attribute to default value: true: tf_rpc=PlanResourceChange tf_resource_type=rancher2_dev tf_req_id=8527bcb9-c147-cbae-9527-9726d1c11097 tf_provider_addr=registry.terraform.io/hashicorp/rancher2
2026-03-20T14:45:46.833-0500 [TRACE] sdk.framework: Type implements TypeWithValidate: tf_req_id=8527bcb9-c147-cbae-9527-9726d1c11097 tf_provider_addr=registry.terraform.io/hashicorp/rancher2 tf_rpc=PlanResourceChange tf_resource_type=rancher2_dev
2026-03-20T14:45:46.833-0500 [TRACE] sdk.framework: Calling provider defined Type Validate: tf_rpc=PlanResourceChange tf_resource_type=rancher2_dev tf_req_id=8527bcb9-c147-cbae-9527-9726d1c11097 tf_provider_addr=registry.terraform.io/hashicorp/rancher2
2026-03-20T14:45:46.833-0500 [TRACE] sdk.framework: Called provider defined Type Validate: tf_rpc=PlanResourceChange tf_resource_type=rancher2_dev tf_req_id=8527bcb9-c147-cbae-9527-9726d1c11097 tf_provider_addr=registry.terraform.io/hashicorp/rancher2
2026-03-20T14:45:46.833-0500 [TRACE] sdk.framework: Resource implements ResourceWithConfigure: tf_rpc=ValidateResourceConfig tf_resource_type=rancher2_dev tf_req_id=f347c01f-72f3-16ca-3fd3-0a6b47ed4867 tf_provider_addr=registry.terraform.io/hashicorp/rancher2
2026-03-20T14:45:46.833-0500 [TRACE] sdk.framework: Calling provider defined Resource Configure: tf_rpc=ValidateResourceConfig tf_resource_type=rancher2_dev tf_req_id=f347c01f-72f3-16ca-3fd3-0a6b47ed4867 tf_provider_addr=registry.terraform.io/hashicorp/rancher2
2026-03-20T14:45:46.833-0500 [TRACE] sdk.framework: Type implements TypeWithValidate: tf_provider_addr=registry.terraform.io/hashicorp/rancher2 tf_attribute_path=nested_object_map tf_rpc=PlanResourceChange tf_resource_type=rancher2_dev tf_req_id=8527bcb9-c147-cbae-9527-9726d1c11097
2026-03-20T14:45:46.833-0500 [TRACE] sdk.framework: Calling provider defined Type Validate: tf_rpc=PlanResourceChange tf_resource_type=rancher2_dev tf_req_id=8527bcb9-c147-cbae-9527-9726d1c11097 tf_provider_addr=registry.terraform.io/hashicorp/rancher2 tf_attribute_path=nested_object_map
2026-03-20T14:45:46.833-0500 [DEBUG] rancher2: Rancher2_Dev_Resource Configure request: resource.ConfigureRequest{ProviderData:(*client.HttpClient)(0x1f9c5c5746e0)}: tf_resource_type=rancher2_dev tf_req_id=f347c01f-72f3-16ca-3fd3-0a6b47ed4867 tf_provider_addr=registry.terraform.io/hashicorp/rancher2 tf_rpc=ValidateResourceConfig
2026-03-20T14:45:46.833-0500 [DEBUG] rancher2: Rancher2_Dev_Resource Configure object: &rancher2_dev.RancherDevResource{client:client.Client(nil)}: tf_provider_addr=registry.terraform.io/hashicorp/rancher2 tf_rpc=ValidateResourceConfig tf_resource_type=rancher2_dev tf_req_id=f347c01f-72f3-16ca-3fd3-0a6b47ed4867
2026-03-20T14:45:46.833-0500 [TRACE] sdk.framework: Called provider defined Type Validate: tf_provider_addr=registry.terraform.io/hashicorp/rancher2 tf_attribute_path=nested_object_map tf_rpc=PlanResourceChange tf_resource_type=rancher2_dev tf_req_id=8527bcb9-c147-cbae-9527-9726d1c11097
2026-03-20T14:45:46.833-0500 [TRACE] sdk.framework: Type implements TypeWithValidate: tf_req_id=8527bcb9-c147-cbae-9527-9726d1c11097 tf_provider_addr=registry.terraform.io/hashicorp/rancher2 tf_rpc=PlanResourceChange tf_resource_type=rancher2_dev tf_attribute_path=nested_object_map
2026-03-20T14:45:46.833-0500 [TRACE] sdk.framework: Calling provider defined Type Validate: tf_attribute_path=nested_object_map tf_req_id=8527bcb9-c147-cbae-9527-9726d1c11097 tf_provider_addr=registry.terraform.io/hashicorp/rancher2 tf_rpc=PlanResourceChange tf_resource_type=rancher2_dev
2026-03-20T14:45:46.833-0500 [TRACE] sdk.framework: Called provider defined Type Validate: tf_attribute_path=nested_object_map tf_req_id=8527bcb9-c147-cbae-9527-9726d1c11097 tf_provider_addr=registry.terraform.io/hashicorp/rancher2 tf_rpc=PlanResourceChange tf_resource_type=rancher2_dev
2026-03-20T14:45:46.833-0500 [DEBUG] rancher2: Rancher2_Dev_Resource Configure object after config: &rancher2_dev.RancherDevResource{client:(*client.HttpClient)(0x1f9c5c5746e0)}: tf_req_id=f347c01f-72f3-16ca-3fd3-0a6b47ed4867 tf_provider_addr=registry.terraform.io/hashicorp/rancher2 tf_rpc=ValidateResourceConfig tf_resource_type=rancher2_dev
2026-03-20T14:45:46.833-0500 [DEBUG] sdk.framework: Float32Type ValueFromTerraform: big.Float value has distinct float32 and float64 representations (float32 value: 0.000000, float64 value: 0.000000): tf_rpc=PlanResourceChange tf_resource_type=rancher2_dev tf_req_id=8527bcb9-c147-cbae-9527-9726d1c11097 tf_attribute_path=float32_attribute tf_provider_addr=registry.terraform.io/hashicorp/rancher2
2026-03-20T14:45:46.833-0500 [DEBUG] sdk.framework: Float32Type ValueFromTerraform: big.Float value has distinct float32 and float64 representations (float32 value: 0.000000, float64 value: 0.000000): tf_req_id=8527bcb9-c147-cbae-9527-9726d1c11097 tf_provider_addr=registry.terraform.io/hashicorp/rancher2 tf_attribute_path=float32_attribute tf_rpc=PlanResourceChange tf_resource_type=rancher2_dev
2026-03-20T14:45:46.833-0500 [TRACE] sdk.framework: Type implements TypeWithValidate: tf_attribute_path=map_attribute tf_rpc=PlanResourceChange tf_resource_type=rancher2_dev tf_req_id=8527bcb9-c147-cbae-9527-9726d1c11097 tf_provider_addr=registry.terraform.io/hashicorp/rancher2
2026-03-20T14:45:46.833-0500 [TRACE] sdk.framework: Calling provider defined Type Validate: tf_provider_addr=registry.terraform.io/hashicorp/rancher2 tf_attribute_path=map_attribute tf_rpc=PlanResourceChange tf_resource_type=rancher2_dev tf_req_id=8527bcb9-c147-cbae-9527-9726d1c11097
2026-03-20T14:45:46.833-0500 [TRACE] sdk.framework: Called provider defined Type Validate: tf_rpc=PlanResourceChange tf_resource_type=rancher2_dev tf_req_id=8527bcb9-c147-cbae-9527-9726d1c11097 tf_provider_addr=registry.terraform.io/hashicorp/rancher2 tf_attribute_path=map_attribute
2026-03-20T14:45:46.833-0500 [TRACE] sdk.framework: Type implements TypeWithValidate: tf_req_id=8527bcb9-c147-cbae-9527-9726d1c11097 tf_provider_addr=registry.terraform.io/hashicorp/rancher2 tf_attribute_path=map_attribute tf_rpc=PlanResourceChange tf_resource_type=rancher2_dev
2026-03-20T14:45:46.833-0500 [DEBUG] rancher2: Rancher2_Dev_Resource Configure response: &resource.ConfigureResponse{Diagnostics:diag.Diagnostics(nil)}: tf_rpc=ValidateResourceConfig tf_resource_type=rancher2_dev tf_req_id=f347c01f-72f3-16ca-3fd3-0a6b47ed4867 tf_provider_addr=registry.terraform.io/hashicorp/rancher2
2026-03-20T14:45:46.833-0500 [TRACE] sdk.framework: Called provider defined Resource Configure: tf_rpc=ValidateResourceConfig tf_resource_type=rancher2_dev tf_req_id=f347c01f-72f3-16ca-3fd3-0a6b47ed4867 tf_provider_addr=registry.terraform.io/hashicorp/rancher2
2026-03-20T14:45:46.833-0500 [TRACE] sdk.framework: Calling provider defined Type Validate: tf_req_id=8527bcb9-c147-cbae-9527-9726d1c11097 tf_provider_addr=registry.terraform.io/hashicorp/rancher2 tf_attribute_path=map_attribute tf_rpc=PlanResourceChange tf_resource_type=rancher2_dev
2026-03-20T14:45:46.833-0500 [TRACE] sdk.framework: Called provider defined Type Validate: tf_rpc=PlanResourceChange tf_resource_type=rancher2_dev tf_req_id=8527bcb9-c147-cbae-9527-9726d1c11097 tf_provider_addr=registry.terraform.io/hashicorp/rancher2 tf_attribute_path=map_attribute
2026-03-20T14:45:46.833-0500 [TRACE] sdk.framework: Type implements TypeWithValidate: tf_resource_type=rancher2_dev tf_req_id=f347c01f-72f3-16ca-3fd3-0a6b47ed4867 tf_provider_addr=registry.terraform.io/hashicorp/rancher2 tf_attribute_path=nested_object_list tf_rpc=ValidateResourceConfig
2026-03-20T14:45:46.833-0500 [TRACE] sdk.framework: Calling provider defined Type Validate: tf_rpc=ValidateResourceConfig tf_resource_type=rancher2_dev tf_req_id=f347c01f-72f3-16ca-3fd3-0a6b47ed4867 tf_provider_addr=registry.terraform.io/hashicorp/rancher2 tf_attribute_path=nested_object_list
2026-03-20T14:45:46.833-0500 [TRACE] sdk.framework: Type implements TypeWithValidate: tf_provider_addr=registry.terraform.io/hashicorp/rancher2 tf_attribute_path=list_attribute tf_rpc=PlanResourceChange tf_resource_type=rancher2_dev tf_req_id=8527bcb9-c147-cbae-9527-9726d1c11097
2026-03-20T14:45:46.833-0500 [TRACE] sdk.framework: Calling provider defined Type Validate: tf_rpc=PlanResourceChange tf_resource_type=rancher2_dev tf_req_id=8527bcb9-c147-cbae-9527-9726d1c11097 tf_provider_addr=registry.terraform.io/hashicorp/rancher2 tf_attribute_path=list_attribute
2026-03-20T14:45:46.833-0500 [TRACE] sdk.framework: Called provider defined Type Validate: tf_req_id=f347c01f-72f3-16ca-3fd3-0a6b47ed4867 tf_provider_addr=registry.terraform.io/hashicorp/rancher2 tf_attribute_path=nested_object_list tf_rpc=ValidateResourceConfig tf_resource_type=rancher2_dev
2026-03-20T14:45:46.833-0500 [TRACE] sdk.framework: Called provider defined Type Validate: tf_req_id=8527bcb9-c147-cbae-9527-9726d1c11097 tf_provider_addr=registry.terraform.io/hashicorp/rancher2 tf_attribute_path=list_attribute tf_rpc=PlanResourceChange tf_resource_type=rancher2_dev
2026-03-20T14:45:46.833-0500 [TRACE] sdk.framework: Type implements TypeWithValidate: tf_req_id=8527bcb9-c147-cbae-9527-9726d1c11097 tf_provider_addr=registry.terraform.io/hashicorp/rancher2 tf_rpc=PlanResourceChange tf_resource_type=rancher2_dev tf_attribute_path=list_attribute
2026-03-20T14:45:46.833-0500 [TRACE] sdk.framework: Calling provider defined Type Validate: tf_resource_type=rancher2_dev tf_attribute_path=list_attribute tf_req_id=8527bcb9-c147-cbae-9527-9726d1c11097 tf_provider_addr=registry.terraform.io/hashicorp/rancher2 tf_rpc=PlanResourceChange
2026-03-20T14:45:46.833-0500 [TRACE] sdk.framework: Type implements TypeWithValidate: tf_resource_type=rancher2_dev tf_req_id=f347c01f-72f3-16ca-3fd3-0a6b47ed4867 tf_provider_addr=registry.terraform.io/hashicorp/rancher2 tf_rpc=ValidateResourceConfig tf_attribute_path=float64_attribute
2026-03-20T14:45:46.833-0500 [TRACE] sdk.framework: Calling provider defined Type Validate: tf_provider_addr=registry.terraform.io/hashicorp/rancher2 tf_rpc=ValidateResourceConfig tf_attribute_path=float64_attribute tf_resource_type=rancher2_dev tf_req_id=f347c01f-72f3-16ca-3fd3-0a6b47ed4867
2026-03-20T14:45:46.833-0500 [TRACE] sdk.framework: Called provider defined Type Validate: tf_req_id=f347c01f-72f3-16ca-3fd3-0a6b47ed4867 tf_provider_addr=registry.terraform.io/hashicorp/rancher2 tf_rpc=ValidateResourceConfig tf_attribute_path=float64_attribute tf_resource_type=rancher2_dev
2026-03-20T14:45:46.833-0500 [TRACE] sdk.framework: Calling provider defined validator.String: description="must start with 'dev-'" tf_attribute_path=string_attribute tf_rpc=ValidateResourceConfig tf_resource_type=rancher2_dev tf_req_id=f347c01f-72f3-16ca-3fd3-0a6b47ed4867 tf_provider_addr=registry.terraform.io/hashicorp/rancher2
2026-03-20T14:45:46.833-0500 [TRACE] sdk.framework: Called provider defined validator.String: description="must start with 'dev-'" tf_rpc=ValidateResourceConfig tf_resource_type=rancher2_dev tf_req_id=f347c01f-72f3-16ca-3fd3-0a6b47ed4867 tf_provider_addr=registry.terraform.io/hashicorp/rancher2 tf_attribute_path=string_attribute
2026-03-20T14:45:46.833-0500 [TRACE] sdk.framework: Called provider defined Type Validate: tf_req_id=8527bcb9-c147-cbae-9527-9726d1c11097 tf_provider_addr=registry.terraform.io/hashicorp/rancher2 tf_rpc=PlanResourceChange tf_resource_type=rancher2_dev tf_attribute_path=list_attribute
2026-03-20T14:45:46.833-0500 [TRACE] sdk.framework: Type implements TypeWithValidate: tf_resource_type=rancher2_dev tf_req_id=8527bcb9-c147-cbae-9527-9726d1c11097 tf_provider_addr=registry.terraform.io/hashicorp/rancher2 tf_attribute_path=nested_object_list tf_rpc=PlanResourceChange
2026-03-20T14:45:46.833-0500 [TRACE] sdk.framework: Calling provider defined Type Validate: tf_rpc=PlanResourceChange tf_resource_type=rancher2_dev tf_req_id=8527bcb9-c147-cbae-9527-9726d1c11097 tf_provider_addr=registry.terraform.io/hashicorp/rancher2 tf_attribute_path=nested_object_list
2026-03-20T14:45:46.833-0500 [TRACE] sdk.framework: Type implements TypeWithValidate: tf_req_id=f347c01f-72f3-16ca-3fd3-0a6b47ed4867 tf_attribute_path=nested_object_map tf_provider_addr=registry.terraform.io/hashicorp/rancher2 tf_rpc=ValidateResourceConfig tf_resource_type=rancher2_dev
2026-03-20T14:45:46.833-0500 [TRACE] sdk.framework: Calling provider defined Type Validate: tf_resource_type=rancher2_dev tf_req_id=f347c01f-72f3-16ca-3fd3-0a6b47ed4867 tf_attribute_path=nested_object_map tf_provider_addr=registry.terraform.io/hashicorp/rancher2 tf_rpc=ValidateResourceConfig
2026-03-20T14:45:46.833-0500 [TRACE] sdk.framework: Called provider defined Type Validate: tf_provider_addr=registry.terraform.io/hashicorp/rancher2 tf_rpc=ValidateResourceConfig tf_resource_type=rancher2_dev tf_req_id=f347c01f-72f3-16ca-3fd3-0a6b47ed4867 tf_attribute_path=nested_object_map
2026-03-20T14:45:46.833-0500 [TRACE] sdk.framework: Called provider defined Type Validate: tf_resource_type=rancher2_dev tf_req_id=8527bcb9-c147-cbae-9527-9726d1c11097 tf_provider_addr=registry.terraform.io/hashicorp/rancher2 tf_attribute_path=nested_object_list tf_rpc=PlanResourceChange
2026-03-20T14:45:46.833-0500 [TRACE] sdk.framework: Type implements TypeWithValidate: tf_attribute_path=nested_object_list tf_rpc=PlanResourceChange tf_resource_type=rancher2_dev tf_req_id=8527bcb9-c147-cbae-9527-9726d1c11097 tf_provider_addr=registry.terraform.io/hashicorp/rancher2
2026-03-20T14:45:46.833-0500 [TRACE] sdk.framework: Calling provider defined Type Validate: tf_attribute_path=nested_object_list tf_rpc=PlanResourceChange tf_resource_type=rancher2_dev tf_req_id=8527bcb9-c147-cbae-9527-9726d1c11097 tf_provider_addr=registry.terraform.io/hashicorp/rancher2
2026-03-20T14:45:46.833-0500 [TRACE] sdk.framework: Calling provider defined validator.String: tf_resource_type=rancher2_dev tf_req_id=f347c01f-72f3-16ca-3fd3-0a6b47ed4867 tf_provider_addr=registry.terraform.io/hashicorp/rancher2 tf_rpc=ValidateResourceConfig tf_attribute_path=id description="string length must be at least 1"
2026-03-20T14:45:46.833-0500 [TRACE] sdk.framework: Called provider defined validator.String: tf_resource_type=rancher2_dev tf_req_id=f347c01f-72f3-16ca-3fd3-0a6b47ed4867 tf_provider_addr=registry.terraform.io/hashicorp/rancher2 tf_rpc=ValidateResourceConfig tf_attribute_path=id description="string length must be at least 1"
2026-03-20T14:45:46.833-0500 [TRACE] sdk.framework: Type implements TypeWithValidate: tf_resource_type=rancher2_dev tf_req_id=f347c01f-72f3-16ca-3fd3-0a6b47ed4867 tf_provider_addr=registry.terraform.io/hashicorp/rancher2 tf_attribute_path=map_attribute tf_rpc=ValidateResourceConfig
2026-03-20T14:45:46.833-0500 [TRACE] sdk.framework: Calling provider defined Type Validate: tf_rpc=ValidateResourceConfig tf_resource_type=rancher2_dev tf_req_id=f347c01f-72f3-16ca-3fd3-0a6b47ed4867 tf_provider_addr=registry.terraform.io/hashicorp/rancher2 tf_attribute_path=map_attribute
2026-03-20T14:45:46.833-0500 [TRACE] sdk.framework: Called provider defined Type Validate: tf_attribute_path=map_attribute tf_rpc=ValidateResourceConfig tf_resource_type=rancher2_dev tf_req_id=f347c01f-72f3-16ca-3fd3-0a6b47ed4867 tf_provider_addr=registry.terraform.io/hashicorp/rancher2
2026-03-20T14:45:46.833-0500 [TRACE] sdk.framework: Type implements TypeWithValidate: tf_provider_addr=registry.terraform.io/hashicorp/rancher2 tf_rpc=ValidateResourceConfig tf_resource_type=rancher2_dev tf_req_id=f347c01f-72f3-16ca-3fd3-0a6b47ed4867 tf_attribute_path=int64_attribute
2026-03-20T14:45:46.833-0500 [TRACE] sdk.framework: Called provider defined Type Validate: tf_provider_addr=registry.terraform.io/hashicorp/rancher2 tf_attribute_path=nested_object_list tf_rpc=PlanResourceChange tf_resource_type=rancher2_dev tf_req_id=8527bcb9-c147-cbae-9527-9726d1c11097
2026-03-20T14:45:46.833-0500 [TRACE] sdk.framework: Type implements TypeWithValidate: tf_provider_addr=registry.terraform.io/hashicorp/rancher2 tf_rpc=PlanResourceChange tf_resource_type=rancher2_dev tf_attribute_path=int64_attribute tf_req_id=8527bcb9-c147-cbae-9527-9726d1c11097
2026-03-20T14:45:46.833-0500 [TRACE] sdk.framework: Calling provider defined Type Validate: tf_req_id=8527bcb9-c147-cbae-9527-9726d1c11097 tf_provider_addr=registry.terraform.io/hashicorp/rancher2 tf_rpc=PlanResourceChange tf_resource_type=rancher2_dev tf_attribute_path=int64_attribute
2026-03-20T14:45:46.833-0500 [TRACE] sdk.framework: Called provider defined Type Validate: tf_attribute_path=int64_attribute tf_req_id=8527bcb9-c147-cbae-9527-9726d1c11097 tf_provider_addr=registry.terraform.io/hashicorp/rancher2 tf_rpc=PlanResourceChange tf_resource_type=rancher2_dev
2026-03-20T14:45:46.833-0500 [TRACE] sdk.framework: Type implements TypeWithValidate: tf_resource_type=rancher2_dev tf_req_id=8527bcb9-c147-cbae-9527-9726d1c11097 tf_provider_addr=registry.terraform.io/hashicorp/rancher2 tf_attribute_path=int64_attribute tf_rpc=PlanResourceChange
2026-03-20T14:45:46.833-0500 [TRACE] sdk.framework: Calling provider defined Type Validate: tf_resource_type=rancher2_dev tf_req_id=8527bcb9-c147-cbae-9527-9726d1c11097 tf_provider_addr=registry.terraform.io/hashicorp/rancher2 tf_attribute_path=int64_attribute tf_rpc=PlanResourceChange
2026-03-20T14:45:46.833-0500 [TRACE] sdk.framework: Called provider defined Type Validate: tf_rpc=PlanResourceChange tf_resource_type=rancher2_dev tf_req_id=8527bcb9-c147-cbae-9527-9726d1c11097 tf_provider_addr=registry.terraform.io/hashicorp/rancher2 tf_attribute_path=int64_attribute
2026-03-20T14:45:46.833-0500 [TRACE] sdk.framework: Type implements TypeWithValidate: tf_req_id=8527bcb9-c147-cbae-9527-9726d1c11097 tf_provider_addr=registry.terraform.io/hashicorp/rancher2 tf_rpc=PlanResourceChange tf_resource_type=rancher2_dev tf_attribute_path=float64_attribute
2026-03-20T14:45:46.833-0500 [TRACE] sdk.framework: Calling provider defined Type Validate: tf_resource_type=rancher2_dev tf_attribute_path=float64_attribute tf_req_id=8527bcb9-c147-cbae-9527-9726d1c11097 tf_provider_addr=registry.terraform.io/hashicorp/rancher2 tf_rpc=PlanResourceChange
2026-03-20T14:45:46.833-0500 [TRACE] sdk.framework: Called provider defined Type Validate: tf_provider_addr=registry.terraform.io/hashicorp/rancher2 tf_rpc=PlanResourceChange tf_resource_type=rancher2_dev tf_attribute_path=float64_attribute tf_req_id=8527bcb9-c147-cbae-9527-9726d1c11097
2026-03-20T14:45:46.833-0500 [TRACE] sdk.framework: Type implements TypeWithValidate: tf_provider_addr=registry.terraform.io/hashicorp/rancher2 tf_attribute_path=float64_attribute tf_rpc=PlanResourceChange tf_resource_type=rancher2_dev tf_req_id=8527bcb9-c147-cbae-9527-9726d1c11097
2026-03-20T14:45:46.833-0500 [TRACE] sdk.framework: Calling provider defined Type Validate: tf_resource_type=rancher2_dev tf_req_id=8527bcb9-c147-cbae-9527-9726d1c11097 tf_provider_addr=registry.terraform.io/hashicorp/rancher2 tf_attribute_path=float64_attribute tf_rpc=PlanResourceChange
2026-03-20T14:45:46.833-0500 [TRACE] sdk.framework: Called provider defined Type Validate: tf_req_id=8527bcb9-c147-cbae-9527-9726d1c11097 tf_provider_addr=registry.terraform.io/hashicorp/rancher2 tf_attribute_path=float64_attribute tf_rpc=PlanResourceChange tf_resource_type=rancher2_dev
2026-03-20T14:45:46.833-0500 [TRACE] sdk.framework: Calling provider defined Type Validate: tf_rpc=ValidateResourceConfig tf_resource_type=rancher2_dev tf_req_id=f347c01f-72f3-16ca-3fd3-0a6b47ed4867 tf_attribute_path=int64_attribute tf_provider_addr=registry.terraform.io/hashicorp/rancher2
2026-03-20T14:45:46.833-0500 [TRACE] sdk.framework: Called provider defined Type Validate: tf_provider_addr=registry.terraform.io/hashicorp/rancher2 tf_rpc=ValidateResourceConfig tf_resource_type=rancher2_dev tf_req_id=f347c01f-72f3-16ca-3fd3-0a6b47ed4867 tf_attribute_path=int64_attribute
2026-03-20T14:45:46.833-0500 [TRACE] sdk.framework: Type implements TypeWithValidate: tf_rpc=PlanResourceChange tf_resource_type=rancher2_dev tf_attribute_path=set_attribute tf_req_id=8527bcb9-c147-cbae-9527-9726d1c11097 tf_provider_addr=registry.terraform.io/hashicorp/rancher2
2026-03-20T14:45:46.833-0500 [TRACE] sdk.framework: Calling provider defined Type Validate: tf_provider_addr=registry.terraform.io/hashicorp/rancher2 tf_rpc=PlanResourceChange tf_resource_type=rancher2_dev tf_attribute_path=set_attribute tf_req_id=8527bcb9-c147-cbae-9527-9726d1c11097
2026-03-20T14:45:46.833-0500 [TRACE] sdk.framework: Called provider defined Type Validate: tf_req_id=8527bcb9-c147-cbae-9527-9726d1c11097 tf_provider_addr=registry.terraform.io/hashicorp/rancher2 tf_rpc=PlanResourceChange tf_resource_type=rancher2_dev tf_attribute_path=set_attribute
2026-03-20T14:45:46.833-0500 [TRACE] sdk.framework: Type implements TypeWithValidate: tf_attribute_path=list_attribute tf_rpc=ValidateResourceConfig tf_resource_type=rancher2_dev tf_req_id=f347c01f-72f3-16ca-3fd3-0a6b47ed4867 tf_provider_addr=registry.terraform.io/hashicorp/rancher2
2026-03-20T14:45:46.833-0500 [TRACE] sdk.framework: Calling provider defined Type Validate: tf_provider_addr=registry.terraform.io/hashicorp/rancher2 tf_attribute_path=list_attribute tf_rpc=ValidateResourceConfig tf_resource_type=rancher2_dev tf_req_id=f347c01f-72f3-16ca-3fd3-0a6b47ed4867
2026-03-20T14:45:46.833-0500 [TRACE] sdk.framework: Called provider defined Type Validate: tf_rpc=ValidateResourceConfig tf_resource_type=rancher2_dev tf_req_id=f347c01f-72f3-16ca-3fd3-0a6b47ed4867 tf_provider_addr=registry.terraform.io/hashicorp/rancher2 tf_attribute_path=list_attribute
2026-03-20T14:45:46.833-0500 [TRACE] sdk.framework: Type implements TypeWithValidate: tf_rpc=PlanResourceChange tf_resource_type=rancher2_dev tf_attribute_path=set_attribute tf_req_id=8527bcb9-c147-cbae-9527-9726d1c11097 tf_provider_addr=registry.terraform.io/hashicorp/rancher2
2026-03-20T14:45:46.833-0500 [TRACE] sdk.framework: Type implements TypeWithValidate: tf_req_id=f347c01f-72f3-16ca-3fd3-0a6b47ed4867 tf_attribute_path=set_attribute tf_provider_addr=registry.terraform.io/hashicorp/rancher2 tf_rpc=ValidateResourceConfig tf_resource_type=rancher2_dev
2026-03-20T14:45:46.833-0500 [TRACE] sdk.framework: Calling provider defined Type Validate: tf_provider_addr=registry.terraform.io/hashicorp/rancher2 tf_rpc=ValidateResourceConfig tf_resource_type=rancher2_dev tf_req_id=f347c01f-72f3-16ca-3fd3-0a6b47ed4867 tf_attribute_path=set_attribute
2026-03-20T14:45:46.833-0500 [TRACE] sdk.framework: Calling provider defined Type Validate: tf_attribute_path=set_attribute tf_req_id=8527bcb9-c147-cbae-9527-9726d1c11097 tf_provider_addr=registry.terraform.io/hashicorp/rancher2 tf_rpc=PlanResourceChange tf_resource_type=rancher2_dev
2026-03-20T14:45:46.834-0500 [TRACE] sdk.framework: Called provider defined Type Validate: tf_req_id=8527bcb9-c147-cbae-9527-9726d1c11097 tf_provider_addr=registry.terraform.io/hashicorp/rancher2 tf_rpc=PlanResourceChange tf_resource_type=rancher2_dev tf_attribute_path=set_attribute
2026-03-20T14:45:46.833-0500 [TRACE] sdk.framework: Called provider defined Type Validate: tf_provider_addr=registry.terraform.io/hashicorp/rancher2 tf_rpc=ValidateResourceConfig tf_resource_type=rancher2_dev tf_req_id=f347c01f-72f3-16ca-3fd3-0a6b47ed4867 tf_attribute_path=set_attribute
2026-03-20T14:45:46.834-0500 [DEBUG] sdk.framework: Detected value change between proposed new state and prior state: tf_req_id=8527bcb9-c147-cbae-9527-9726d1c11097 tf_provider_addr=registry.terraform.io/hashicorp/rancher2 tf_attribute_path=nested_object tf_rpc=PlanResourceChange tf_resource_type=rancher2_dev
2026-03-20T14:45:46.834-0500 [DEBUG] sdk.framework: Marking Computed attributes with null configuration values as unknown (known after apply) in the plan to prevent potential Terraform errors: tf_rpc=PlanResourceChange tf_resource_type=rancher2_dev tf_req_id=8527bcb9-c147-cbae-9527-9726d1c11097 tf_provider_addr=registry.terraform.io/hashicorp/rancher2
2026-03-20T14:45:46.834-0500 [TRACE] sdk.proto: Received downstream response: tf_req_duration_ms=0 tf_provider_addr=registry.terraform.io/hashicorp/rancher2 tf_proto_version=6.11 tf_rpc=ValidateResourceConfig tf_resource_type=rancher2_dev tf_req_id=f347c01f-72f3-16ca-3fd3-0a6b47ed4867 diagnostic_error_count=0 diagnostic_warning_count=0
2026-03-20T14:45:46.834-0500 [TRACE] sdk.proto: Served request: tf_req_id=f347c01f-72f3-16ca-3fd3-0a6b47ed4867 tf_provider_addr=registry.terraform.io/hashicorp/rancher2 tf_proto_version=6.11 tf_rpc=ValidateResourceConfig tf_resource_type=rancher2_dev
2026-03-20T14:45:46.834-0500 [TRACE] sdk.framework: Attribute/block not null in configuration, not marking unknown: tf_req_id=8527bcb9-c147-cbae-9527-9726d1c11097 tf_provider_addr=registry.terraform.io/hashicorp/rancher2 tf_rpc=PlanResourceChange tf_resource_type=rancher2_dev tf_attribute_path="AttributeName(\"string_attribute\")"
2026-03-20T14:45:46.834-0500 [DEBUG] sdk.framework: marking computed attribute that is null in the config as unknown: tf_provider_addr=registry.terraform.io/hashicorp/rancher2 tf_rpc=PlanResourceChange tf_resource_type=rancher2_dev tf_attribute_path="AttributeName(\"float64_attribute\")" tf_req_id=8527bcb9-c147-cbae-9527-9726d1c11097
2026-03-20T14:45:46.834-0500 [DEBUG] sdk.framework: marking computed attribute that is null in the config as unknown: tf_req_id=8527bcb9-c147-cbae-9527-9726d1c11097 tf_provider_addr=registry.terraform.io/hashicorp/rancher2 tf_rpc=PlanResourceChange tf_resource_type=rancher2_dev tf_attribute_path="AttributeName(\"set_attribute\")"
2026-03-20T14:45:46.834-0500 [DEBUG] sdk.framework: marking computed attribute that is null in the config as unknown: tf_resource_type=rancher2_dev tf_attribute_path="AttributeName(\"map_attribute\")" tf_req_id=8527bcb9-c147-cbae-9527-9726d1c11097 tf_provider_addr=registry.terraform.io/hashicorp/rancher2 tf_rpc=PlanResourceChange
2026-03-20T14:45:46.834-0500 [TRACE] sdk.framework: Attribute/block not null in configuration, not marking unknown: tf_provider_addr=registry.terraform.io/hashicorp/rancher2 tf_rpc=PlanResourceChange tf_resource_type=rancher2_dev tf_attribute_path="AttributeName(\"id\")" tf_req_id=8527bcb9-c147-cbae-9527-9726d1c11097
2026-03-20T14:45:46.834-0500 [DEBUG] sdk.framework: marking computed attribute that is null in the config as unknown: tf_attribute_path="AttributeName(\"nested_object\")" tf_req_id=8527bcb9-c147-cbae-9527-9726d1c11097 tf_provider_addr=registry.terraform.io/hashicorp/rancher2 tf_rpc=PlanResourceChange tf_resource_type=rancher2_dev
2026-03-20T14:45:46.834-0500 [TRACE] sdk.framework: Attribute/block not null in configuration, not marking unknown: tf_resource_type=rancher2_dev tf_attribute_path="AttributeName(\"number_attribute\")" tf_req_id=8527bcb9-c147-cbae-9527-9726d1c11097 tf_provider_addr=registry.terraform.io/hashicorp/rancher2 tf_rpc=PlanResourceChange
2026-03-20T14:45:46.834-0500 [DEBUG] sdk.framework: marking computed attribute that is null in the config as unknown: tf_resource_type=rancher2_dev tf_attribute_path="AttributeName(\"nested_object_list\")" tf_req_id=8527bcb9-c147-cbae-9527-9726d1c11097 tf_provider_addr=registry.terraform.io/hashicorp/rancher2 tf_rpc=PlanResourceChange
2026-03-20T14:45:46.834-0500 [DEBUG] sdk.framework: marking computed attribute that is null in the config as unknown: tf_resource_type=rancher2_dev tf_attribute_path="AttributeName(\"nested_object_map\")" tf_req_id=8527bcb9-c147-cbae-9527-9726d1c11097 tf_provider_addr=registry.terraform.io/hashicorp/rancher2 tf_rpc=PlanResourceChange
2026-03-20T14:45:46.834-0500 [DEBUG] sdk.framework: marking computed attribute that is null in the config as unknown: tf_provider_addr=registry.terraform.io/hashicorp/rancher2 tf_rpc=PlanResourceChange tf_resource_type=rancher2_dev tf_attribute_path="AttributeName(\"list_attribute\")" tf_req_id=8527bcb9-c147-cbae-9527-9726d1c11097
2026-03-20T14:45:46.834-0500 [DEBUG] sdk.framework: marking computed attribute that is null in the config as unknown: tf_attribute_path="AttributeName(\"int32_attribute\")" tf_req_id=8527bcb9-c147-cbae-9527-9726d1c11097 tf_provider_addr=registry.terraform.io/hashicorp/rancher2 tf_rpc=PlanResourceChange tf_resource_type=rancher2_dev
2026-03-20T14:45:46.834-0500 [DEBUG] sdk.framework: marking computed attribute that is null in the config as unknown: tf_provider_addr=registry.terraform.io/hashicorp/rancher2 tf_rpc=PlanResourceChange tf_resource_type=rancher2_dev tf_attribute_path="AttributeName(\"int64_attribute\")" tf_req_id=8527bcb9-c147-cbae-9527-9726d1c11097
2026-03-20T14:45:46.834-0500 [DEBUG] sdk.framework: marking computed attribute that is null in the config as unknown: tf_rpc=PlanResourceChange tf_resource_type=rancher2_dev tf_attribute_path="AttributeName(\"float32_attribute\")" tf_req_id=8527bcb9-c147-cbae-9527-9726d1c11097 tf_provider_addr=registry.terraform.io/hashicorp/rancher2
2026-03-20T14:45:46.834-0500 [TRACE] sdk.framework: At least one Computed null Config value was changed to unknown: tf_rpc=PlanResourceChange tf_resource_type=rancher2_dev tf_req_id=8527bcb9-c147-cbae-9527-9726d1c11097 tf_provider_addr=registry.terraform.io/hashicorp/rancher2
2026-03-20T14:45:46.834-0500 [TRACE] sdk.framework: Type implements TypeWithValidate: tf_provider_addr=registry.terraform.io/hashicorp/rancher2 tf_rpc=PlanResourceChange tf_resource_type=rancher2_dev tf_req_id=8527bcb9-c147-cbae-9527-9726d1c11097
2026-03-20T14:45:46.834-0500 [TRACE] sdk.framework: Calling provider defined Type Validate: tf_rpc=PlanResourceChange tf_resource_type=rancher2_dev tf_req_id=8527bcb9-c147-cbae-9527-9726d1c11097 tf_provider_addr=registry.terraform.io/hashicorp/rancher2
2026-03-20T14:45:46.834-0500 [TRACE] sdk.framework: Called provider defined Type Validate: tf_rpc=PlanResourceChange tf_resource_type=rancher2_dev tf_req_id=8527bcb9-c147-cbae-9527-9726d1c11097 tf_provider_addr=registry.terraform.io/hashicorp/rancher2
2026-03-20T14:45:46.834-0500 [TRACE] sdk.framework: Type implements TypeWithValidate: tf_rpc=PlanResourceChange tf_resource_type=rancher2_dev tf_req_id=8527bcb9-c147-cbae-9527-9726d1c11097 tf_provider_addr=registry.terraform.io/hashicorp/rancher2
2026-03-20T14:45:46.834-0500 [TRACE] sdk.framework: Calling provider defined Type Validate: tf_provider_addr=registry.terraform.io/hashicorp/rancher2 tf_rpc=PlanResourceChange tf_resource_type=rancher2_dev tf_req_id=8527bcb9-c147-cbae-9527-9726d1c11097
2026-03-20T14:45:46.834-0500 [TRACE] sdk.framework: Called provider defined Type Validate: tf_rpc=PlanResourceChange tf_resource_type=rancher2_dev tf_req_id=8527bcb9-c147-cbae-9527-9726d1c11097 tf_provider_addr=registry.terraform.io/hashicorp/rancher2
2026-03-20T14:45:46.834-0500 [TRACE] sdk.framework: Type implements TypeWithValidate: tf_rpc=PlanResourceChange tf_resource_type=rancher2_dev tf_req_id=8527bcb9-c147-cbae-9527-9726d1c11097 tf_provider_addr=registry.terraform.io/hashicorp/rancher2
2026-03-20T14:45:46.834-0500 [TRACE] sdk.framework: Calling provider defined Type Validate: tf_resource_type=rancher2_dev tf_req_id=8527bcb9-c147-cbae-9527-9726d1c11097 tf_provider_addr=registry.terraform.io/hashicorp/rancher2 tf_rpc=PlanResourceChange
2026-03-20T14:45:46.834-0500 [TRACE] sdk.framework: Called provider defined Type Validate: tf_rpc=PlanResourceChange tf_resource_type=rancher2_dev tf_req_id=8527bcb9-c147-cbae-9527-9726d1c11097 tf_provider_addr=registry.terraform.io/hashicorp/rancher2
2026-03-20T14:45:46.834-0500 [TRACE] sdk.framework: Type implements TypeWithValidate: tf_resource_type=rancher2_dev tf_req_id=8527bcb9-c147-cbae-9527-9726d1c11097 tf_provider_addr=registry.terraform.io/hashicorp/rancher2 tf_attribute_path=nested_object_list tf_rpc=PlanResourceChange
2026-03-20T14:45:46.834-0500 [TRACE] sdk.framework: Calling provider defined Type Validate: tf_rpc=PlanResourceChange tf_resource_type=rancher2_dev tf_req_id=8527bcb9-c147-cbae-9527-9726d1c11097 tf_provider_addr=registry.terraform.io/hashicorp/rancher2 tf_attribute_path=nested_object_list
2026-03-20T14:45:46.834-0500 [TRACE] sdk.framework: Called provider defined Type Validate: tf_provider_addr=registry.terraform.io/hashicorp/rancher2 tf_attribute_path=nested_object_list tf_rpc=PlanResourceChange tf_resource_type=rancher2_dev tf_req_id=8527bcb9-c147-cbae-9527-9726d1c11097
2026-03-20T14:45:46.834-0500 [DEBUG] sdk.framework: Float32Type ValueFromTerraform: big.Float value has distinct float32 and float64 representations (float32 value: 0.000000, float64 value: 0.000000): tf_rpc=PlanResourceChange tf_resource_type=rancher2_dev tf_req_id=8527bcb9-c147-cbae-9527-9726d1c11097 tf_provider_addr=registry.terraform.io/hashicorp/rancher2
2026-03-20T14:45:46.834-0500 [TRACE] sdk.framework: Type implements TypeWithValidate: tf_rpc=PlanResourceChange tf_resource_type=rancher2_dev tf_req_id=8527bcb9-c147-cbae-9527-9726d1c11097 tf_provider_addr=registry.terraform.io/hashicorp/rancher2
2026-03-20T14:45:46.834-0500 [TRACE] sdk.framework: Calling provider defined Type Validate: tf_rpc=PlanResourceChange tf_resource_type=rancher2_dev tf_req_id=8527bcb9-c147-cbae-9527-9726d1c11097 tf_provider_addr=registry.terraform.io/hashicorp/rancher2
2026-03-20T14:45:46.834-0500 [TRACE] sdk.framework: Called provider defined Type Validate: tf_rpc=PlanResourceChange tf_resource_type=rancher2_dev tf_req_id=8527bcb9-c147-cbae-9527-9726d1c11097 tf_provider_addr=registry.terraform.io/hashicorp/rancher2
2026-03-20T14:45:46.834-0500 [TRACE] sdk.framework: Type implements TypeWithValidate: tf_req_id=8527bcb9-c147-cbae-9527-9726d1c11097 tf_provider_addr=registry.terraform.io/hashicorp/rancher2 tf_rpc=PlanResourceChange tf_resource_type=rancher2_dev
2026-03-20T14:45:46.834-0500 [TRACE] sdk.framework: Calling provider defined Type Validate: tf_provider_addr=registry.terraform.io/hashicorp/rancher2 tf_rpc=PlanResourceChange tf_resource_type=rancher2_dev tf_req_id=8527bcb9-c147-cbae-9527-9726d1c11097
2026-03-20T14:45:46.834-0500 [TRACE] sdk.framework: Called provider defined Type Validate: tf_rpc=PlanResourceChange tf_resource_type=rancher2_dev tf_req_id=8527bcb9-c147-cbae-9527-9726d1c11097 tf_provider_addr=registry.terraform.io/hashicorp/rancher2
2026-03-20T14:45:46.834-0500 [TRACE] sdk.framework: Type implements TypeWithValidate: tf_rpc=PlanResourceChange tf_resource_type=rancher2_dev tf_req_id=8527bcb9-c147-cbae-9527-9726d1c11097 tf_provider_addr=registry.terraform.io/hashicorp/rancher2
2026-03-20T14:45:46.834-0500 [TRACE] sdk.framework: Calling provider defined Type Validate: tf_resource_type=rancher2_dev tf_req_id=8527bcb9-c147-cbae-9527-9726d1c11097 tf_provider_addr=registry.terraform.io/hashicorp/rancher2 tf_rpc=PlanResourceChange
2026-03-20T14:45:46.834-0500 [TRACE] sdk.framework: Called provider defined Type Validate: tf_resource_type=rancher2_dev tf_req_id=8527bcb9-c147-cbae-9527-9726d1c11097 tf_provider_addr=registry.terraform.io/hashicorp/rancher2 tf_rpc=PlanResourceChange
2026-03-20T14:45:46.834-0500 [TRACE] sdk.framework: Type implements TypeWithValidate: tf_rpc=PlanResourceChange tf_resource_type=rancher2_dev tf_req_id=8527bcb9-c147-cbae-9527-9726d1c11097 tf_provider_addr=registry.terraform.io/hashicorp/rancher2 tf_attribute_path=map_attribute
2026-03-20T14:45:46.834-0500 [TRACE] sdk.framework: Calling provider defined Type Validate: tf_rpc=PlanResourceChange tf_resource_type=rancher2_dev tf_req_id=8527bcb9-c147-cbae-9527-9726d1c11097 tf_provider_addr=registry.terraform.io/hashicorp/rancher2 tf_attribute_path=map_attribute
2026-03-20T14:45:46.834-0500 [TRACE] sdk.framework: Called provider defined Type Validate: tf_req_id=8527bcb9-c147-cbae-9527-9726d1c11097 tf_provider_addr=registry.terraform.io/hashicorp/rancher2 tf_attribute_path=map_attribute tf_rpc=PlanResourceChange tf_resource_type=rancher2_dev
2026-03-20T14:45:46.834-0500 [TRACE] sdk.framework: Type implements TypeWithValidate: tf_rpc=PlanResourceChange tf_resource_type=rancher2_dev tf_req_id=8527bcb9-c147-cbae-9527-9726d1c11097 tf_provider_addr=registry.terraform.io/hashicorp/rancher2
2026-03-20T14:45:46.834-0500 [TRACE] sdk.framework: Calling provider defined Type Validate: tf_rpc=PlanResourceChange tf_resource_type=rancher2_dev tf_req_id=8527bcb9-c147-cbae-9527-9726d1c11097 tf_provider_addr=registry.terraform.io/hashicorp/rancher2
2026-03-20T14:45:46.834-0500 [TRACE] sdk.framework: Called provider defined Type Validate: tf_rpc=PlanResourceChange tf_resource_type=rancher2_dev tf_req_id=8527bcb9-c147-cbae-9527-9726d1c11097 tf_provider_addr=registry.terraform.io/hashicorp/rancher2
2026-03-20T14:45:46.834-0500 [TRACE] sdk.framework: Type implements TypeWithValidate: tf_resource_type=rancher2_dev tf_req_id=8527bcb9-c147-cbae-9527-9726d1c11097 tf_provider_addr=registry.terraform.io/hashicorp/rancher2 tf_rpc=PlanResourceChange
2026-03-20T14:45:46.834-0500 [TRACE] sdk.framework: Calling provider defined Type Validate: tf_req_id=8527bcb9-c147-cbae-9527-9726d1c11097 tf_provider_addr=registry.terraform.io/hashicorp/rancher2 tf_rpc=PlanResourceChange tf_resource_type=rancher2_dev
2026-03-20T14:45:46.834-0500 [TRACE] sdk.framework: Called provider defined Type Validate: tf_resource_type=rancher2_dev tf_req_id=8527bcb9-c147-cbae-9527-9726d1c11097 tf_provider_addr=registry.terraform.io/hashicorp/rancher2 tf_rpc=PlanResourceChange
2026-03-20T14:45:46.834-0500 [TRACE] sdk.framework: Type implements TypeWithValidate: tf_resource_type=rancher2_dev tf_req_id=8527bcb9-c147-cbae-9527-9726d1c11097 tf_provider_addr=registry.terraform.io/hashicorp/rancher2 tf_rpc=PlanResourceChange
2026-03-20T14:45:46.834-0500 [TRACE] sdk.framework: Calling provider defined Type Validate: tf_provider_addr=registry.terraform.io/hashicorp/rancher2 tf_rpc=PlanResourceChange tf_resource_type=rancher2_dev tf_req_id=8527bcb9-c147-cbae-9527-9726d1c11097
2026-03-20T14:45:46.834-0500 [TRACE] sdk.framework: Called provider defined Type Validate: tf_provider_addr=registry.terraform.io/hashicorp/rancher2 tf_rpc=PlanResourceChange tf_resource_type=rancher2_dev tf_req_id=8527bcb9-c147-cbae-9527-9726d1c11097
2026-03-20T14:45:46.834-0500 [TRACE] sdk.framework: Type implements TypeWithValidate: tf_rpc=PlanResourceChange tf_resource_type=rancher2_dev tf_req_id=8527bcb9-c147-cbae-9527-9726d1c11097 tf_provider_addr=registry.terraform.io/hashicorp/rancher2 tf_attribute_path=set_attribute
2026-03-20T14:45:46.834-0500 [TRACE] sdk.framework: Calling provider defined Type Validate: tf_rpc=PlanResourceChange tf_resource_type=rancher2_dev tf_req_id=8527bcb9-c147-cbae-9527-9726d1c11097 tf_provider_addr=registry.terraform.io/hashicorp/rancher2 tf_attribute_path=set_attribute
2026-03-20T14:45:46.834-0500 [TRACE] sdk.framework: Called provider defined Type Validate: tf_attribute_path=set_attribute tf_rpc=PlanResourceChange tf_resource_type=rancher2_dev tf_req_id=8527bcb9-c147-cbae-9527-9726d1c11097 tf_provider_addr=registry.terraform.io/hashicorp/rancher2
2026-03-20T14:45:46.834-0500 [TRACE] sdk.framework: Type implements TypeWithValidate: tf_provider_addr=registry.terraform.io/hashicorp/rancher2 tf_rpc=PlanResourceChange tf_resource_type=rancher2_dev tf_req_id=8527bcb9-c147-cbae-9527-9726d1c11097
2026-03-20T14:45:46.834-0500 [TRACE] sdk.framework: Calling provider defined Type Validate: tf_rpc=PlanResourceChange tf_resource_type=rancher2_dev tf_req_id=8527bcb9-c147-cbae-9527-9726d1c11097 tf_provider_addr=registry.terraform.io/hashicorp/rancher2
2026-03-20T14:45:46.834-0500 [TRACE] sdk.framework: Called provider defined Type Validate: tf_resource_type=rancher2_dev tf_req_id=8527bcb9-c147-cbae-9527-9726d1c11097 tf_provider_addr=registry.terraform.io/hashicorp/rancher2 tf_rpc=PlanResourceChange
2026-03-20T14:45:46.834-0500 [TRACE] sdk.framework: Type implements TypeWithValidate: tf_resource_type=rancher2_dev tf_req_id=8527bcb9-c147-cbae-9527-9726d1c11097 tf_provider_addr=registry.terraform.io/hashicorp/rancher2 tf_rpc=PlanResourceChange
2026-03-20T14:45:46.834-0500 [TRACE] sdk.framework: Calling provider defined Type Validate: tf_rpc=PlanResourceChange tf_resource_type=rancher2_dev tf_req_id=8527bcb9-c147-cbae-9527-9726d1c11097 tf_provider_addr=registry.terraform.io/hashicorp/rancher2
2026-03-20T14:45:46.834-0500 [TRACE] sdk.framework: Called provider defined Type Validate: tf_resource_type=rancher2_dev tf_req_id=8527bcb9-c147-cbae-9527-9726d1c11097 tf_provider_addr=registry.terraform.io/hashicorp/rancher2 tf_rpc=PlanResourceChange
2026-03-20T14:45:46.834-0500 [TRACE] sdk.framework: Type implements TypeWithValidate: tf_rpc=PlanResourceChange tf_resource_type=rancher2_dev tf_req_id=8527bcb9-c147-cbae-9527-9726d1c11097 tf_provider_addr=registry.terraform.io/hashicorp/rancher2
2026-03-20T14:45:46.834-0500 [TRACE] sdk.framework: Calling provider defined Type Validate: tf_req_id=8527bcb9-c147-cbae-9527-9726d1c11097 tf_provider_addr=registry.terraform.io/hashicorp/rancher2 tf_rpc=PlanResourceChange tf_resource_type=rancher2_dev
2026-03-20T14:45:46.834-0500 [TRACE] sdk.framework: Called provider defined Type Validate: tf_req_id=8527bcb9-c147-cbae-9527-9726d1c11097 tf_provider_addr=registry.terraform.io/hashicorp/rancher2 tf_rpc=PlanResourceChange tf_resource_type=rancher2_dev
2026-03-20T14:45:46.834-0500 [TRACE] sdk.framework: Type implements TypeWithValidate: tf_resource_type=rancher2_dev tf_req_id=8527bcb9-c147-cbae-9527-9726d1c11097 tf_provider_addr=registry.terraform.io/hashicorp/rancher2 tf_attribute_path=int64_attribute tf_rpc=PlanResourceChange
2026-03-20T14:45:46.834-0500 [TRACE] sdk.framework: Calling provider defined Type Validate: tf_resource_type=rancher2_dev tf_req_id=8527bcb9-c147-cbae-9527-9726d1c11097 tf_provider_addr=registry.terraform.io/hashicorp/rancher2 tf_attribute_path=int64_attribute tf_rpc=PlanResourceChange
2026-03-20T14:45:46.834-0500 [TRACE] sdk.framework: Called provider defined Type Validate: tf_rpc=PlanResourceChange tf_resource_type=rancher2_dev tf_req_id=8527bcb9-c147-cbae-9527-9726d1c11097 tf_provider_addr=registry.terraform.io/hashicorp/rancher2 tf_attribute_path=int64_attribute
2026-03-20T14:45:46.834-0500 [TRACE] sdk.framework: Type implements TypeWithValidate: tf_req_id=8527bcb9-c147-cbae-9527-9726d1c11097 tf_provider_addr=registry.terraform.io/hashicorp/rancher2 tf_rpc=PlanResourceChange tf_resource_type=rancher2_dev
2026-03-20T14:45:46.834-0500 [TRACE] sdk.framework: Calling provider defined Type Validate: tf_provider_addr=registry.terraform.io/hashicorp/rancher2 tf_rpc=PlanResourceChange tf_resource_type=rancher2_dev tf_req_id=8527bcb9-c147-cbae-9527-9726d1c11097
2026-03-20T14:45:46.834-0500 [TRACE] sdk.framework: Called provider defined Type Validate: tf_req_id=8527bcb9-c147-cbae-9527-9726d1c11097 tf_provider_addr=registry.terraform.io/hashicorp/rancher2 tf_rpc=PlanResourceChange tf_resource_type=rancher2_dev
2026-03-20T14:45:46.834-0500 [TRACE] sdk.framework: Type implements TypeWithValidate: tf_provider_addr=registry.terraform.io/hashicorp/rancher2 tf_rpc=PlanResourceChange tf_resource_type=rancher2_dev tf_req_id=8527bcb9-c147-cbae-9527-9726d1c11097
2026-03-20T14:45:46.834-0500 [TRACE] sdk.framework: Calling provider defined Type Validate: tf_req_id=8527bcb9-c147-cbae-9527-9726d1c11097 tf_provider_addr=registry.terraform.io/hashicorp/rancher2 tf_rpc=PlanResourceChange tf_resource_type=rancher2_dev
2026-03-20T14:45:46.834-0500 [TRACE] sdk.framework: Called provider defined Type Validate: tf_provider_addr=registry.terraform.io/hashicorp/rancher2 tf_rpc=PlanResourceChange tf_resource_type=rancher2_dev tf_req_id=8527bcb9-c147-cbae-9527-9726d1c11097
2026-03-20T14:45:46.834-0500 [TRACE] sdk.framework: Type implements TypeWithValidate: tf_provider_addr=registry.terraform.io/hashicorp/rancher2 tf_rpc=PlanResourceChange tf_resource_type=rancher2_dev tf_req_id=8527bcb9-c147-cbae-9527-9726d1c11097
2026-03-20T14:45:46.834-0500 [TRACE] sdk.framework: Calling provider defined Type Validate: tf_provider_addr=registry.terraform.io/hashicorp/rancher2 tf_rpc=PlanResourceChange tf_resource_type=rancher2_dev tf_req_id=8527bcb9-c147-cbae-9527-9726d1c11097
2026-03-20T14:45:46.834-0500 [TRACE] sdk.framework: Called provider defined Type Validate: tf_provider_addr=registry.terraform.io/hashicorp/rancher2 tf_rpc=PlanResourceChange tf_resource_type=rancher2_dev tf_req_id=8527bcb9-c147-cbae-9527-9726d1c11097
2026-03-20T14:45:46.834-0500 [TRACE] sdk.framework: Type implements TypeWithValidate: tf_rpc=PlanResourceChange tf_resource_type=rancher2_dev tf_req_id=8527bcb9-c147-cbae-9527-9726d1c11097 tf_provider_addr=registry.terraform.io/hashicorp/rancher2 tf_attribute_path=float64_attribute
2026-03-20T14:45:46.834-0500 [TRACE] sdk.framework: Calling provider defined Type Validate: tf_rpc=PlanResourceChange tf_resource_type=rancher2_dev tf_req_id=8527bcb9-c147-cbae-9527-9726d1c11097 tf_provider_addr=registry.terraform.io/hashicorp/rancher2 tf_attribute_path=float64_attribute
2026-03-20T14:45:46.834-0500 [TRACE] sdk.framework: Called provider defined Type Validate: tf_rpc=PlanResourceChange tf_resource_type=rancher2_dev tf_req_id=8527bcb9-c147-cbae-9527-9726d1c11097 tf_provider_addr=registry.terraform.io/hashicorp/rancher2 tf_attribute_path=float64_attribute
2026-03-20T14:45:46.834-0500 [TRACE] sdk.framework: Type implements TypeWithValidate: tf_rpc=PlanResourceChange tf_resource_type=rancher2_dev tf_req_id=8527bcb9-c147-cbae-9527-9726d1c11097 tf_provider_addr=registry.terraform.io/hashicorp/rancher2
2026-03-20T14:45:46.834-0500 [TRACE] sdk.framework: Calling provider defined Type Validate: tf_rpc=PlanResourceChange tf_resource_type=rancher2_dev tf_req_id=8527bcb9-c147-cbae-9527-9726d1c11097 tf_provider_addr=registry.terraform.io/hashicorp/rancher2
2026-03-20T14:45:46.834-0500 [TRACE] sdk.framework: Called provider defined Type Validate: tf_rpc=PlanResourceChange tf_resource_type=rancher2_dev tf_req_id=8527bcb9-c147-cbae-9527-9726d1c11097 tf_provider_addr=registry.terraform.io/hashicorp/rancher2
2026-03-20T14:45:46.834-0500 [TRACE] sdk.framework: Type implements TypeWithValidate: tf_provider_addr=registry.terraform.io/hashicorp/rancher2 tf_rpc=PlanResourceChange tf_resource_type=rancher2_dev tf_req_id=8527bcb9-c147-cbae-9527-9726d1c11097
2026-03-20T14:45:46.834-0500 [TRACE] sdk.framework: Calling provider defined Type Validate: tf_rpc=PlanResourceChange tf_resource_type=rancher2_dev tf_req_id=8527bcb9-c147-cbae-9527-9726d1c11097 tf_provider_addr=registry.terraform.io/hashicorp/rancher2
2026-03-20T14:45:46.834-0500 [TRACE] sdk.framework: Called provider defined Type Validate: tf_provider_addr=registry.terraform.io/hashicorp/rancher2 tf_rpc=PlanResourceChange tf_resource_type=rancher2_dev tf_req_id=8527bcb9-c147-cbae-9527-9726d1c11097
2026-03-20T14:45:46.834-0500 [TRACE] sdk.framework: Type implements TypeWithValidate: tf_resource_type=rancher2_dev tf_req_id=8527bcb9-c147-cbae-9527-9726d1c11097 tf_provider_addr=registry.terraform.io/hashicorp/rancher2 tf_rpc=PlanResourceChange
2026-03-20T14:45:46.834-0500 [TRACE] sdk.framework: Calling provider defined Type Validate: tf_provider_addr=registry.terraform.io/hashicorp/rancher2 tf_rpc=PlanResourceChange tf_resource_type=rancher2_dev tf_req_id=8527bcb9-c147-cbae-9527-9726d1c11097
2026-03-20T14:45:46.834-0500 [TRACE] sdk.framework: Called provider defined Type Validate: tf_rpc=PlanResourceChange tf_resource_type=rancher2_dev tf_req_id=8527bcb9-c147-cbae-9527-9726d1c11097 tf_provider_addr=registry.terraform.io/hashicorp/rancher2
2026-03-20T14:45:46.834-0500 [TRACE] sdk.framework: Type implements TypeWithValidate: tf_req_id=8527bcb9-c147-cbae-9527-9726d1c11097 tf_provider_addr=registry.terraform.io/hashicorp/rancher2 tf_attribute_path=nested_object_map tf_rpc=PlanResourceChange tf_resource_type=rancher2_dev
2026-03-20T14:45:46.834-0500 [TRACE] sdk.framework: Calling provider defined Type Validate: tf_resource_type=rancher2_dev tf_req_id=8527bcb9-c147-cbae-9527-9726d1c11097 tf_provider_addr=registry.terraform.io/hashicorp/rancher2 tf_attribute_path=nested_object_map tf_rpc=PlanResourceChange
2026-03-20T14:45:46.834-0500 [TRACE] sdk.framework: Called provider defined Type Validate: tf_attribute_path=nested_object_map tf_rpc=PlanResourceChange tf_resource_type=rancher2_dev tf_req_id=8527bcb9-c147-cbae-9527-9726d1c11097 tf_provider_addr=registry.terraform.io/hashicorp/rancher2
2026-03-20T14:45:46.834-0500 [TRACE] sdk.framework: Calling provider defined planmodifier.String: tf_resource_type=rancher2_dev tf_req_id=8527bcb9-c147-cbae-9527-9726d1c11097 tf_provider_addr=registry.terraform.io/hashicorp/rancher2 tf_attribute_path=id tf_rpc=PlanResourceChange description="Once set, the value of this attribute in state will not change."
2026-03-20T14:45:46.834-0500 [TRACE] sdk.framework: Called provider defined planmodifier.String: tf_req_id=8527bcb9-c147-cbae-9527-9726d1c11097 tf_provider_addr=registry.terraform.io/hashicorp/rancher2 tf_attribute_path=id tf_rpc=PlanResourceChange tf_resource_type=rancher2_dev description="Once set, the value of this attribute in state will not change."
2026-03-20T14:45:46.834-0500 [TRACE] sdk.framework: Type implements TypeWithValidate: tf_provider_addr=registry.terraform.io/hashicorp/rancher2 tf_rpc=PlanResourceChange tf_resource_type=rancher2_dev tf_req_id=8527bcb9-c147-cbae-9527-9726d1c11097
2026-03-20T14:45:46.834-0500 [TRACE] sdk.framework: Calling provider defined Type Validate: tf_rpc=PlanResourceChange tf_resource_type=rancher2_dev tf_req_id=8527bcb9-c147-cbae-9527-9726d1c11097 tf_provider_addr=registry.terraform.io/hashicorp/rancher2
2026-03-20T14:45:46.834-0500 [TRACE] sdk.framework: Called provider defined Type Validate: tf_rpc=PlanResourceChange tf_resource_type=rancher2_dev tf_req_id=8527bcb9-c147-cbae-9527-9726d1c11097 tf_provider_addr=registry.terraform.io/hashicorp/rancher2
2026-03-20T14:45:46.834-0500 [TRACE] sdk.framework: Type implements TypeWithValidate: tf_rpc=PlanResourceChange tf_resource_type=rancher2_dev tf_req_id=8527bcb9-c147-cbae-9527-9726d1c11097 tf_provider_addr=registry.terraform.io/hashicorp/rancher2
2026-03-20T14:45:46.834-0500 [TRACE] sdk.framework: Calling provider defined Type Validate: tf_req_id=8527bcb9-c147-cbae-9527-9726d1c11097 tf_provider_addr=registry.terraform.io/hashicorp/rancher2 tf_rpc=PlanResourceChange tf_resource_type=rancher2_dev
2026-03-20T14:45:46.834-0500 [TRACE] sdk.framework: Called provider defined Type Validate: tf_rpc=PlanResourceChange tf_resource_type=rancher2_dev tf_req_id=8527bcb9-c147-cbae-9527-9726d1c11097 tf_provider_addr=registry.terraform.io/hashicorp/rancher2
2026-03-20T14:45:46.834-0500 [TRACE] sdk.framework: Type implements TypeWithValidate: tf_rpc=PlanResourceChange tf_resource_type=rancher2_dev tf_req_id=8527bcb9-c147-cbae-9527-9726d1c11097 tf_provider_addr=registry.terraform.io/hashicorp/rancher2
2026-03-20T14:45:46.834-0500 [TRACE] sdk.framework: Calling provider defined Type Validate: tf_resource_type=rancher2_dev tf_req_id=8527bcb9-c147-cbae-9527-9726d1c11097 tf_provider_addr=registry.terraform.io/hashicorp/rancher2 tf_rpc=PlanResourceChange
2026-03-20T14:45:46.834-0500 [TRACE] sdk.framework: Called provider defined Type Validate: tf_resource_type=rancher2_dev tf_req_id=8527bcb9-c147-cbae-9527-9726d1c11097 tf_provider_addr=registry.terraform.io/hashicorp/rancher2 tf_rpc=PlanResourceChange
2026-03-20T14:45:46.834-0500 [TRACE] sdk.framework: Type implements TypeWithValidate: tf_req_id=8527bcb9-c147-cbae-9527-9726d1c11097 tf_provider_addr=registry.terraform.io/hashicorp/rancher2 tf_attribute_path=list_attribute tf_rpc=PlanResourceChange tf_resource_type=rancher2_dev
2026-03-20T14:45:46.834-0500 [TRACE] sdk.framework: Calling provider defined Type Validate: tf_resource_type=rancher2_dev tf_req_id=8527bcb9-c147-cbae-9527-9726d1c11097 tf_provider_addr=registry.terraform.io/hashicorp/rancher2 tf_attribute_path=list_attribute tf_rpc=PlanResourceChange
2026-03-20T14:45:46.834-0500 [TRACE] sdk.framework: Called provider defined Type Validate: tf_req_id=8527bcb9-c147-cbae-9527-9726d1c11097 tf_provider_addr=registry.terraform.io/hashicorp/rancher2 tf_attribute_path=list_attribute tf_rpc=PlanResourceChange tf_resource_type=rancher2_dev
2026-03-20T14:45:46.834-0500 [TRACE] sdk.proto: Received downstream response: diagnostic_error_count=0 diagnostic_warning_count=0 tf_req_duration_ms=1 tf_resource_type=rancher2_dev tf_rpc=PlanResourceChange tf_req_id=8527bcb9-c147-cbae-9527-9726d1c11097 tf_provider_addr=registry.terraform.io/hashicorp/rancher2 tf_proto_version=6.11
2026-03-20T14:45:46.834-0500 [TRACE] sdk.proto: Served request: tf_resource_type=rancher2_dev tf_rpc=PlanResourceChange tf_req_id=8527bcb9-c147-cbae-9527-9726d1c11097 tf_provider_addr=registry.terraform.io/hashicorp/rancher2 tf_proto_version=6.11
2026-03-20T14:45:46.834-0500 [TRACE] sdk.proto: Received request: tf_req_id=3a78f968-9c0c-39f3-e7d1-f8f8063aa422 tf_provider_addr=registry.terraform.io/hashicorp/rancher2 tf_proto_version=6.11 tf_rpc=PlanResourceChange tf_resource_type=rancher2_dev
2026-03-20T14:45:46.834-0500 [TRACE] sdk.proto: No announced client capabilities: tf_resource_type=rancher2_dev tf_req_id=3a78f968-9c0c-39f3-e7d1-f8f8063aa422 tf_provider_addr=registry.terraform.io/hashicorp/rancher2 tf_proto_version=6.11 tf_rpc=PlanResourceChange
2026-03-20T14:45:46.834-0500 [TRACE] sdk.proto: Sending request downstream: tf_rpc=PlanResourceChange tf_resource_type=rancher2_dev tf_req_id=3a78f968-9c0c-39f3-e7d1-f8f8063aa422 tf_provider_addr=registry.terraform.io/hashicorp/rancher2 tf_proto_version=6.11
2026-03-20T14:45:46.834-0500 [TRACE] sdk.framework: Checking ResourceTypes lock: tf_provider_addr=registry.terraform.io/hashicorp/rancher2 tf_req_id=3a78f968-9c0c-39f3-e7d1-f8f8063aa422 tf_rpc=PlanResourceChange tf_resource_type=rancher2_dev
2026-03-20T14:45:46.834-0500 [TRACE] sdk.framework: Checking ResourceBehaviors lock: tf_provider_addr=registry.terraform.io/hashicorp/rancher2 tf_req_id=3a78f968-9c0c-39f3-e7d1-f8f8063aa422 tf_rpc=PlanResourceChange tf_resource_type=rancher2_dev
2026-03-20T14:45:46.835-0500 [TRACE] sdk.framework: Resource implements ResourceWithConfigure: tf_resource_type=rancher2_dev tf_provider_addr=registry.terraform.io/hashicorp/rancher2 tf_req_id=3a78f968-9c0c-39f3-e7d1-f8f8063aa422 tf_rpc=PlanResourceChange
2026-03-20T14:45:46.835-0500 [TRACE] sdk.framework: Calling provider defined Resource Configure: tf_rpc=PlanResourceChange tf_resource_type=rancher2_dev tf_provider_addr=registry.terraform.io/hashicorp/rancher2 tf_req_id=3a78f968-9c0c-39f3-e7d1-f8f8063aa422
2026-03-20T14:45:46.835-0500 [DEBUG] rancher2: Rancher2_Dev_Resource Configure request: resource.ConfigureRequest{ProviderData:(*client.HttpClient)(0x1f9c5c5746e0)}: tf_req_id=3a78f968-9c0c-39f3-e7d1-f8f8063aa422 tf_provider_addr=registry.terraform.io/hashicorp/rancher2 tf_rpc=PlanResourceChange tf_resource_type=rancher2_dev
2026-03-20T14:45:46.835-0500 [DEBUG] rancher2: Rancher2_Dev_Resource Configure object: &rancher2_dev.RancherDevResource{client:client.Client(nil)}: tf_rpc=PlanResourceChange tf_resource_type=rancher2_dev tf_req_id=3a78f968-9c0c-39f3-e7d1-f8f8063aa422 tf_provider_addr=registry.terraform.io/hashicorp/rancher2
2026-03-20T14:45:46.835-0500 [DEBUG] rancher2: Rancher2_Dev_Resource Configure object after config: &rancher2_dev.RancherDevResource{client:(*client.HttpClient)(0x1f9c5c5746e0)}: tf_provider_addr=registry.terraform.io/hashicorp/rancher2 tf_rpc=PlanResourceChange tf_resource_type=rancher2_dev tf_req_id=3a78f968-9c0c-39f3-e7d1-f8f8063aa422
2026-03-20T14:45:46.835-0500 [DEBUG] rancher2: Rancher2_Dev_Resource Configure response: &resource.ConfigureResponse{Diagnostics:diag.Diagnostics(nil)}: tf_req_id=3a78f968-9c0c-39f3-e7d1-f8f8063aa422 tf_provider_addr=registry.terraform.io/hashicorp/rancher2 tf_rpc=PlanResourceChange tf_resource_type=rancher2_dev
2026-03-20T14:45:46.835-0500 [TRACE] sdk.framework: Called provider defined Resource Configure: tf_rpc=PlanResourceChange tf_resource_type=rancher2_dev tf_provider_addr=registry.terraform.io/hashicorp/rancher2 tf_req_id=3a78f968-9c0c-39f3-e7d1-f8f8063aa422
2026-03-20T14:45:46.835-0500 [TRACE] sdk.framework: Type implements TypeWithValidate: tf_req_id=3a78f968-9c0c-39f3-e7d1-f8f8063aa422 tf_rpc=PlanResourceChange tf_resource_type=rancher2_dev tf_provider_addr=registry.terraform.io/hashicorp/rancher2
2026-03-20T14:45:46.835-0500 [TRACE] sdk.framework: Calling provider defined Type Validate: tf_resource_type=rancher2_dev tf_provider_addr=registry.terraform.io/hashicorp/rancher2 tf_req_id=3a78f968-9c0c-39f3-e7d1-f8f8063aa422 tf_rpc=PlanResourceChange
2026-03-20T14:45:46.835-0500 [TRACE] sdk.framework: Called provider defined Type Validate: tf_provider_addr=registry.terraform.io/hashicorp/rancher2 tf_req_id=3a78f968-9c0c-39f3-e7d1-f8f8063aa422 tf_rpc=PlanResourceChange tf_resource_type=rancher2_dev
2026-03-20T14:45:46.835-0500 [TRACE] sdk.framework: attribute is a non-schema attribute, not setting default: tf_req_id=3a78f968-9c0c-39f3-e7d1-f8f8063aa422 tf_rpc=PlanResourceChange tf_resource_type=rancher2_dev tf_provider_addr=registry.terraform.io/hashicorp/rancher2
2026-03-20T14:45:46.835-0500 [TRACE] sdk.framework: attribute is a non-schema attribute, not setting default: tf_provider_addr=registry.terraform.io/hashicorp/rancher2 tf_req_id=3a78f968-9c0c-39f3-e7d1-f8f8063aa422 tf_rpc=PlanResourceChange tf_resource_type=rancher2_dev
2026-03-20T14:45:46.835-0500 [TRACE] sdk.framework: Type implements TypeWithValidate: tf_provider_addr=registry.terraform.io/hashicorp/rancher2 tf_req_id=3a78f968-9c0c-39f3-e7d1-f8f8063aa422 tf_rpc=PlanResourceChange tf_resource_type=rancher2_dev
2026-03-20T14:45:46.835-0500 [TRACE] sdk.framework: Calling provider defined Type Validate: tf_resource_type=rancher2_dev tf_provider_addr=registry.terraform.io/hashicorp/rancher2 tf_req_id=3a78f968-9c0c-39f3-e7d1-f8f8063aa422 tf_rpc=PlanResourceChange
2026-03-20T14:45:46.835-0500 [TRACE] sdk.framework: Called provider defined Type Validate: tf_provider_addr=registry.terraform.io/hashicorp/rancher2 tf_req_id=3a78f968-9c0c-39f3-e7d1-f8f8063aa422 tf_rpc=PlanResourceChange tf_resource_type=rancher2_dev
2026-03-20T14:45:46.835-0500 [TRACE] sdk.framework: attribute is a non-schema attribute, not setting default: tf_provider_addr=registry.terraform.io/hashicorp/rancher2 tf_req_id=3a78f968-9c0c-39f3-e7d1-f8f8063aa422 tf_rpc=PlanResourceChange tf_resource_type=rancher2_dev
2026-03-20T14:45:46.835-0500 [TRACE] sdk.framework: attribute is a non-schema attribute, not setting default: tf_resource_type=rancher2_dev tf_provider_addr=registry.terraform.io/hashicorp/rancher2 tf_req_id=3a78f968-9c0c-39f3-e7d1-f8f8063aa422 tf_rpc=PlanResourceChange
2026-03-20T14:45:46.835-0500 [TRACE] sdk.framework: attribute is a non-schema attribute, not setting default: tf_rpc=PlanResourceChange tf_resource_type=rancher2_dev tf_provider_addr=registry.terraform.io/hashicorp/rancher2 tf_req_id=3a78f968-9c0c-39f3-e7d1-f8f8063aa422
2026-03-20T14:45:46.835-0500 [TRACE] sdk.framework: attribute is a non-schema attribute, not setting default: tf_provider_addr=registry.terraform.io/hashicorp/rancher2 tf_req_id=3a78f968-9c0c-39f3-e7d1-f8f8063aa422 tf_rpc=PlanResourceChange tf_resource_type=rancher2_dev
2026-03-20T14:45:46.835-0500 [TRACE] sdk.framework: Type implements TypeWithValidate: tf_rpc=PlanResourceChange tf_resource_type=rancher2_dev tf_provider_addr=registry.terraform.io/hashicorp/rancher2 tf_req_id=3a78f968-9c0c-39f3-e7d1-f8f8063aa422
2026-03-20T14:45:46.835-0500 [TRACE] sdk.framework: Calling provider defined Type Validate: tf_provider_addr=registry.terraform.io/hashicorp/rancher2 tf_req_id=3a78f968-9c0c-39f3-e7d1-f8f8063aa422 tf_rpc=PlanResourceChange tf_resource_type=rancher2_dev
2026-03-20T14:45:46.835-0500 [TRACE] sdk.framework: Called provider defined Type Validate: tf_provider_addr=registry.terraform.io/hashicorp/rancher2 tf_req_id=3a78f968-9c0c-39f3-e7d1-f8f8063aa422 tf_rpc=PlanResourceChange tf_resource_type=rancher2_dev
2026-03-20T14:45:46.835-0500 [TRACE] sdk.framework: Type implements TypeWithValidate: tf_rpc=PlanResourceChange tf_resource_type=rancher2_dev tf_provider_addr=registry.terraform.io/hashicorp/rancher2 tf_req_id=3a78f968-9c0c-39f3-e7d1-f8f8063aa422
2026-03-20T14:45:46.835-0500 [TRACE] sdk.framework: Calling provider defined Type Validate: tf_provider_addr=registry.terraform.io/hashicorp/rancher2 tf_req_id=3a78f968-9c0c-39f3-e7d1-f8f8063aa422 tf_rpc=PlanResourceChange tf_resource_type=rancher2_dev
2026-03-20T14:45:46.835-0500 [TRACE] sdk.framework: Called provider defined Type Validate: tf_req_id=3a78f968-9c0c-39f3-e7d1-f8f8063aa422 tf_rpc=PlanResourceChange tf_resource_type=rancher2_dev tf_provider_addr=registry.terraform.io/hashicorp/rancher2
2026-03-20T14:45:46.835-0500 [TRACE] sdk.framework: attribute is a non-schema attribute, not setting default: tf_provider_addr=registry.terraform.io/hashicorp/rancher2 tf_req_id=3a78f968-9c0c-39f3-e7d1-f8f8063aa422 tf_rpc=PlanResourceChange tf_resource_type=rancher2_dev
2026-03-20T14:45:46.835-0500 [TRACE] sdk.framework: attribute is a non-schema attribute, not setting default: tf_provider_addr=registry.terraform.io/hashicorp/rancher2 tf_req_id=3a78f968-9c0c-39f3-e7d1-f8f8063aa422 tf_rpc=PlanResourceChange tf_resource_type=rancher2_dev
2026-03-20T14:45:46.835-0500 [TRACE] sdk.framework: attribute is a non-schema attribute, not setting default: tf_rpc=PlanResourceChange tf_resource_type=rancher2_dev tf_provider_addr=registry.terraform.io/hashicorp/rancher2 tf_req_id=3a78f968-9c0c-39f3-e7d1-f8f8063aa422
2026-03-20T14:45:46.835-0500 [TRACE] sdk.framework: attribute is a non-schema attribute, not setting default: tf_provider_addr=registry.terraform.io/hashicorp/rancher2 tf_req_id=3a78f968-9c0c-39f3-e7d1-f8f8063aa422 tf_rpc=PlanResourceChange tf_resource_type=rancher2_dev
2026-03-20T14:45:46.835-0500 [TRACE] sdk.framework: Type implements TypeWithValidate: tf_req_id=3a78f968-9c0c-39f3-e7d1-f8f8063aa422 tf_rpc=PlanResourceChange tf_resource_type=rancher2_dev tf_provider_addr=registry.terraform.io/hashicorp/rancher2
2026-03-20T14:45:46.835-0500 [TRACE] sdk.framework: Calling provider defined Type Validate: tf_provider_addr=registry.terraform.io/hashicorp/rancher2 tf_req_id=3a78f968-9c0c-39f3-e7d1-f8f8063aa422 tf_rpc=PlanResourceChange tf_resource_type=rancher2_dev
2026-03-20T14:45:46.835-0500 [TRACE] sdk.framework: Called provider defined Type Validate: tf_provider_addr=registry.terraform.io/hashicorp/rancher2 tf_req_id=3a78f968-9c0c-39f3-e7d1-f8f8063aa422 tf_rpc=PlanResourceChange tf_resource_type=rancher2_dev
2026-03-20T14:45:46.835-0500 [TRACE] sdk.framework: attribute is a non-schema attribute, not setting default: tf_rpc=PlanResourceChange tf_resource_type=rancher2_dev tf_provider_addr=registry.terraform.io/hashicorp/rancher2 tf_req_id=3a78f968-9c0c-39f3-e7d1-f8f8063aa422
2026-03-20T14:45:46.835-0500 [TRACE] sdk.framework: Type implements TypeWithValidate: tf_provider_addr=registry.terraform.io/hashicorp/rancher2 tf_req_id=3a78f968-9c0c-39f3-e7d1-f8f8063aa422 tf_rpc=PlanResourceChange tf_resource_type=rancher2_dev
2026-03-20T14:45:46.835-0500 [TRACE] sdk.framework: Calling provider defined Type Validate: tf_rpc=PlanResourceChange tf_resource_type=rancher2_dev tf_provider_addr=registry.terraform.io/hashicorp/rancher2 tf_req_id=3a78f968-9c0c-39f3-e7d1-f8f8063aa422
2026-03-20T14:45:46.835-0500 [TRACE] sdk.framework: Called provider defined Type Validate: tf_resource_type=rancher2_dev tf_provider_addr=registry.terraform.io/hashicorp/rancher2 tf_req_id=3a78f968-9c0c-39f3-e7d1-f8f8063aa422 tf_rpc=PlanResourceChange
2026-03-20T14:45:46.836-0500 [TRACE] sdk.framework: attribute is a non-schema attribute, not setting default: tf_provider_addr=registry.terraform.io/hashicorp/rancher2 tf_req_id=3a78f968-9c0c-39f3-e7d1-f8f8063aa422 tf_rpc=PlanResourceChange tf_resource_type=rancher2_dev
2026-03-20T14:45:46.836-0500 [TRACE] sdk.framework: Type implements TypeWithValidate: tf_rpc=PlanResourceChange tf_resource_type=rancher2_dev tf_provider_addr=registry.terraform.io/hashicorp/rancher2 tf_req_id=3a78f968-9c0c-39f3-e7d1-f8f8063aa422
2026-03-20T14:45:46.836-0500 [TRACE] sdk.framework: Calling provider defined Type Validate: tf_provider_addr=registry.terraform.io/hashicorp/rancher2 tf_req_id=3a78f968-9c0c-39f3-e7d1-f8f8063aa422 tf_rpc=PlanResourceChange tf_resource_type=rancher2_dev
2026-03-20T14:45:46.836-0500 [TRACE] sdk.framework: Called provider defined Type Validate: tf_provider_addr=registry.terraform.io/hashicorp/rancher2 tf_req_id=3a78f968-9c0c-39f3-e7d1-f8f8063aa422 tf_rpc=PlanResourceChange tf_resource_type=rancher2_dev
2026-03-20T14:45:46.836-0500 [TRACE] sdk.framework: attribute is a non-schema attribute, not nullifying: tf_req_id=3a78f968-9c0c-39f3-e7d1-f8f8063aa422 tf_rpc=PlanResourceChange tf_resource_type=rancher2_dev tf_attribute_path="AttributeName(\"map_attribute\").ElementKeyString(\"a\")" tf_provider_addr=registry.terraform.io/hashicorp/rancher2
2026-03-20T14:45:46.836-0500 [TRACE] sdk.framework: attribute is a non-schema attribute, not nullifying: tf_resource_type=rancher2_dev tf_attribute_path="AttributeName(\"map_attribute\").ElementKeyString(\"this\")" tf_provider_addr=registry.terraform.io/hashicorp/rancher2 tf_req_id=3a78f968-9c0c-39f3-e7d1-f8f8063aa422 tf_rpc=PlanResourceChange
2026-03-20T14:45:46.836-0500 [TRACE] sdk.framework: attribute is a non-schema attribute, not nullifying: tf_provider_addr=registry.terraform.io/hashicorp/rancher2 tf_req_id=3a78f968-9c0c-39f3-e7d1-f8f8063aa422 tf_rpc=PlanResourceChange tf_resource_type=rancher2_dev tf_attribute_path="AttributeName(\"set_attribute\").ElementKeyValue(tftypes.String<\"a\">)"
2026-03-20T14:45:46.836-0500 [TRACE] sdk.framework: attribute is a non-schema attribute, not nullifying: tf_resource_type=rancher2_dev tf_attribute_path="AttributeName(\"set_attribute\").ElementKeyValue(tftypes.String<\"is\">)" tf_provider_addr=registry.terraform.io/hashicorp/rancher2 tf_req_id=3a78f968-9c0c-39f3-e7d1-f8f8063aa422 tf_rpc=PlanResourceChange
2026-03-20T14:45:46.836-0500 [TRACE] sdk.framework: attribute is a non-schema attribute, not nullifying: tf_provider_addr=registry.terraform.io/hashicorp/rancher2 tf_req_id=3a78f968-9c0c-39f3-e7d1-f8f8063aa422 tf_rpc=PlanResourceChange tf_resource_type=rancher2_dev tf_attribute_path="AttributeName(\"set_attribute\").ElementKeyValue(tftypes.String<\"set\">)"
2026-03-20T14:45:46.836-0500 [TRACE] sdk.framework: attribute is a non-schema attribute, not nullifying: tf_attribute_path="AttributeName(\"set_attribute\").ElementKeyValue(tftypes.String<\"this\">)" tf_provider_addr=registry.terraform.io/hashicorp/rancher2 tf_req_id=3a78f968-9c0c-39f3-e7d1-f8f8063aa422 tf_rpc=PlanResourceChange tf_resource_type=rancher2_dev
2026-03-20T14:45:46.836-0500 [TRACE] sdk.framework: attribute is a non-schema attribute, not nullifying: tf_attribute_path="AttributeName(\"list_attribute\").ElementKeyInt(0)" tf_provider_addr=registry.terraform.io/hashicorp/rancher2 tf_req_id=3a78f968-9c0c-39f3-e7d1-f8f8063aa422 tf_rpc=PlanResourceChange tf_resource_type=rancher2_dev
2026-03-20T14:45:46.836-0500 [TRACE] sdk.framework: attribute is a non-schema attribute, not nullifying: tf_resource_type=rancher2_dev tf_attribute_path="AttributeName(\"list_attribute\").ElementKeyInt(1)" tf_provider_addr=registry.terraform.io/hashicorp/rancher2 tf_req_id=3a78f968-9c0c-39f3-e7d1-f8f8063aa422 tf_rpc=PlanResourceChange
2026-03-20T14:45:46.836-0500 [TRACE] sdk.framework: attribute is a non-schema attribute, not nullifying: tf_req_id=3a78f968-9c0c-39f3-e7d1-f8f8063aa422 tf_rpc=PlanResourceChange tf_resource_type=rancher2_dev tf_attribute_path="AttributeName(\"list_attribute\").ElementKeyInt(2)" tf_provider_addr=registry.terraform.io/hashicorp/rancher2
2026-03-20T14:45:46.836-0500 [TRACE] sdk.framework: attribute is a non-schema attribute, not nullifying: tf_resource_type=rancher2_dev tf_attribute_path="AttributeName(\"list_attribute\").ElementKeyInt(3)" tf_provider_addr=registry.terraform.io/hashicorp/rancher2 tf_req_id=3a78f968-9c0c-39f3-e7d1-f8f8063aa422 tf_rpc=PlanResourceChange
2026-03-20T14:45:46.836-0500 [TRACE] sdk.framework: attribute is a non-schema attribute, not nullifying: tf_provider_addr=registry.terraform.io/hashicorp/rancher2 tf_req_id=3a78f968-9c0c-39f3-e7d1-f8f8063aa422 tf_rpc=PlanResourceChange tf_resource_type=rancher2_dev tf_attribute_path="AttributeName(\"nested_object_list\").ElementKeyInt(0)"
2026-03-20T14:45:46.836-0500 [TRACE] sdk.framework: attribute is a non-schema attribute, not nullifying: tf_attribute_path="AttributeName(\"nested_object_map\").ElementKeyString(\"first\")" tf_provider_addr=registry.terraform.io/hashicorp/rancher2 tf_req_id=3a78f968-9c0c-39f3-e7d1-f8f8063aa422 tf_rpc=PlanResourceChange tf_resource_type=rancher2_dev
2026-03-20T14:45:46.836-0500 [TRACE] sdk.framework: Type implements TypeWithValidate: tf_resource_type=rancher2_dev tf_provider_addr=registry.terraform.io/hashicorp/rancher2 tf_req_id=3a78f968-9c0c-39f3-e7d1-f8f8063aa422 tf_rpc=PlanResourceChange
2026-03-20T14:45:46.836-0500 [TRACE] sdk.framework: Calling provider defined Type Validate: tf_rpc=PlanResourceChange tf_resource_type=rancher2_dev tf_provider_addr=registry.terraform.io/hashicorp/rancher2 tf_req_id=3a78f968-9c0c-39f3-e7d1-f8f8063aa422
2026-03-20T14:45:46.836-0500 [TRACE] sdk.framework: Called provider defined Type Validate: tf_req_id=3a78f968-9c0c-39f3-e7d1-f8f8063aa422 tf_rpc=PlanResourceChange tf_resource_type=rancher2_dev tf_provider_addr=registry.terraform.io/hashicorp/rancher2
2026-03-20T14:45:46.836-0500 [TRACE] sdk.framework: Type implements TypeWithValidate: tf_resource_type=rancher2_dev tf_provider_addr=registry.terraform.io/hashicorp/rancher2 tf_req_id=3a78f968-9c0c-39f3-e7d1-f8f8063aa422 tf_rpc=PlanResourceChange
2026-03-20T14:45:46.836-0500 [TRACE] sdk.framework: Calling provider defined Type Validate: tf_req_id=3a78f968-9c0c-39f3-e7d1-f8f8063aa422 tf_rpc=PlanResourceChange tf_resource_type=rancher2_dev tf_provider_addr=registry.terraform.io/hashicorp/rancher2
2026-03-20T14:45:46.836-0500 [TRACE] sdk.framework: Called provider defined Type Validate: tf_provider_addr=registry.terraform.io/hashicorp/rancher2 tf_req_id=3a78f968-9c0c-39f3-e7d1-f8f8063aa422 tf_rpc=PlanResourceChange tf_resource_type=rancher2_dev
2026-03-20T14:45:46.836-0500 [TRACE] sdk.framework: Type implements TypeWithValidate: tf_provider_addr=registry.terraform.io/hashicorp/rancher2 tf_req_id=3a78f968-9c0c-39f3-e7d1-f8f8063aa422 tf_rpc=PlanResourceChange tf_resource_type=rancher2_dev
2026-03-20T14:45:46.836-0500 [TRACE] sdk.framework: Calling provider defined Type Validate: tf_rpc=PlanResourceChange tf_resource_type=rancher2_dev tf_provider_addr=registry.terraform.io/hashicorp/rancher2 tf_req_id=3a78f968-9c0c-39f3-e7d1-f8f8063aa422
2026-03-20T14:45:46.836-0500 [TRACE] sdk.framework: Called provider defined Type Validate: tf_resource_type=rancher2_dev tf_provider_addr=registry.terraform.io/hashicorp/rancher2 tf_req_id=3a78f968-9c0c-39f3-e7d1-f8f8063aa422 tf_rpc=PlanResourceChange
2026-03-20T14:45:46.836-0500 [TRACE] sdk.framework: Type implements TypeWithValidate: tf_provider_addr=registry.terraform.io/hashicorp/rancher2 tf_req_id=3a78f968-9c0c-39f3-e7d1-f8f8063aa422 tf_rpc=PlanResourceChange tf_resource_type=rancher2_dev tf_attribute_path=nested_object_list
2026-03-20T14:45:46.836-0500 [TRACE] sdk.framework: Calling provider defined Type Validate: tf_resource_type=rancher2_dev tf_attribute_path=nested_object_list tf_provider_addr=registry.terraform.io/hashicorp/rancher2 tf_req_id=3a78f968-9c0c-39f3-e7d1-f8f8063aa422 tf_rpc=PlanResourceChange
2026-03-20T14:45:46.836-0500 [TRACE] sdk.framework: Called provider defined Type Validate: tf_provider_addr=registry.terraform.io/hashicorp/rancher2 tf_req_id=3a78f968-9c0c-39f3-e7d1-f8f8063aa422 tf_rpc=PlanResourceChange tf_resource_type=rancher2_dev tf_attribute_path=nested_object_list
2026-03-20T14:45:46.836-0500 [TRACE] sdk.framework: Type implements TypeWithValidate: tf_provider_addr=registry.terraform.io/hashicorp/rancher2 tf_req_id=3a78f968-9c0c-39f3-e7d1-f8f8063aa422 tf_rpc=PlanResourceChange tf_resource_type=rancher2_dev
2026-03-20T14:45:46.836-0500 [TRACE] sdk.framework: Calling provider defined Type Validate: tf_req_id=3a78f968-9c0c-39f3-e7d1-f8f8063aa422 tf_rpc=PlanResourceChange tf_resource_type=rancher2_dev tf_provider_addr=registry.terraform.io/hashicorp/rancher2
2026-03-20T14:45:46.836-0500 [TRACE] sdk.framework: Called provider defined Type Validate: tf_resource_type=rancher2_dev tf_provider_addr=registry.terraform.io/hashicorp/rancher2 tf_req_id=3a78f968-9c0c-39f3-e7d1-f8f8063aa422 tf_rpc=PlanResourceChange
2026-03-20T14:45:46.836-0500 [TRACE] sdk.framework: Type implements TypeWithValidate: tf_resource_type=rancher2_dev tf_provider_addr=registry.terraform.io/hashicorp/rancher2 tf_req_id=3a78f968-9c0c-39f3-e7d1-f8f8063aa422 tf_rpc=PlanResourceChange
2026-03-20T14:45:46.836-0500 [TRACE] sdk.framework: Calling provider defined Type Validate: tf_provider_addr=registry.terraform.io/hashicorp/rancher2 tf_req_id=3a78f968-9c0c-39f3-e7d1-f8f8063aa422 tf_rpc=PlanResourceChange tf_resource_type=rancher2_dev
2026-03-20T14:45:46.836-0500 [TRACE] sdk.framework: Called provider defined Type Validate: tf_resource_type=rancher2_dev tf_provider_addr=registry.terraform.io/hashicorp/rancher2 tf_req_id=3a78f968-9c0c-39f3-e7d1-f8f8063aa422 tf_rpc=PlanResourceChange
2026-03-20T14:45:46.836-0500 [TRACE] sdk.framework: Type implements TypeWithValidate: tf_provider_addr=registry.terraform.io/hashicorp/rancher2 tf_req_id=3a78f968-9c0c-39f3-e7d1-f8f8063aa422 tf_rpc=PlanResourceChange tf_resource_type=rancher2_dev
2026-03-20T14:45:46.836-0500 [TRACE] sdk.framework: Calling provider defined Type Validate: tf_rpc=PlanResourceChange tf_resource_type=rancher2_dev tf_provider_addr=registry.terraform.io/hashicorp/rancher2 tf_req_id=3a78f968-9c0c-39f3-e7d1-f8f8063aa422
2026-03-20T14:45:46.836-0500 [TRACE] sdk.framework: Called provider defined Type Validate: tf_provider_addr=registry.terraform.io/hashicorp/rancher2 tf_req_id=3a78f968-9c0c-39f3-e7d1-f8f8063aa422 tf_rpc=PlanResourceChange tf_resource_type=rancher2_dev
2026-03-20T14:45:46.836-0500 [TRACE] sdk.framework: Type implements TypeWithValidate: tf_rpc=PlanResourceChange tf_resource_type=rancher2_dev tf_attribute_path=int64_attribute tf_provider_addr=registry.terraform.io/hashicorp/rancher2 tf_req_id=3a78f968-9c0c-39f3-e7d1-f8f8063aa422
2026-03-20T14:45:46.836-0500 [TRACE] sdk.framework: Calling provider defined Type Validate: tf_resource_type=rancher2_dev tf_attribute_path=int64_attribute tf_provider_addr=registry.terraform.io/hashicorp/rancher2 tf_req_id=3a78f968-9c0c-39f3-e7d1-f8f8063aa422 tf_rpc=PlanResourceChange
2026-03-20T14:45:46.836-0500 [TRACE] sdk.framework: Called provider defined Type Validate: tf_provider_addr=registry.terraform.io/hashicorp/rancher2 tf_req_id=3a78f968-9c0c-39f3-e7d1-f8f8063aa422 tf_rpc=PlanResourceChange tf_resource_type=rancher2_dev tf_attribute_path=int64_attribute
2026-03-20T14:45:46.836-0500 [TRACE] sdk.framework: Type implements TypeWithValidate: tf_provider_addr=registry.terraform.io/hashicorp/rancher2 tf_req_id=3a78f968-9c0c-39f3-e7d1-f8f8063aa422 tf_rpc=PlanResourceChange tf_resource_type=rancher2_dev
2026-03-20T14:45:46.836-0500 [TRACE] sdk.framework: Calling provider defined Type Validate: tf_provider_addr=registry.terraform.io/hashicorp/rancher2 tf_req_id=3a78f968-9c0c-39f3-e7d1-f8f8063aa422 tf_rpc=PlanResourceChange tf_resource_type=rancher2_dev
2026-03-20T14:45:46.836-0500 [TRACE] sdk.framework: Called provider defined Type Validate: tf_provider_addr=registry.terraform.io/hashicorp/rancher2 tf_req_id=3a78f968-9c0c-39f3-e7d1-f8f8063aa422 tf_rpc=PlanResourceChange tf_resource_type=rancher2_dev
2026-03-20T14:45:46.836-0500 [TRACE] sdk.framework: Type implements TypeWithValidate: tf_rpc=PlanResourceChange tf_resource_type=rancher2_dev tf_provider_addr=registry.terraform.io/hashicorp/rancher2 tf_req_id=3a78f968-9c0c-39f3-e7d1-f8f8063aa422
2026-03-20T14:45:46.836-0500 [TRACE] sdk.framework: Calling provider defined Type Validate: tf_provider_addr=registry.terraform.io/hashicorp/rancher2 tf_req_id=3a78f968-9c0c-39f3-e7d1-f8f8063aa422 tf_rpc=PlanResourceChange tf_resource_type=rancher2_dev
2026-03-20T14:45:46.836-0500 [TRACE] sdk.framework: Called provider defined Type Validate: tf_provider_addr=registry.terraform.io/hashicorp/rancher2 tf_req_id=3a78f968-9c0c-39f3-e7d1-f8f8063aa422 tf_rpc=PlanResourceChange tf_resource_type=rancher2_dev
2026-03-20T14:45:46.836-0500 [TRACE] sdk.framework: Type implements TypeWithValidate: tf_resource_type=rancher2_dev tf_provider_addr=registry.terraform.io/hashicorp/rancher2 tf_req_id=3a78f968-9c0c-39f3-e7d1-f8f8063aa422 tf_rpc=PlanResourceChange
2026-03-20T14:45:46.836-0500 [TRACE] sdk.framework: Calling provider defined Type Validate: tf_resource_type=rancher2_dev tf_provider_addr=registry.terraform.io/hashicorp/rancher2 tf_req_id=3a78f968-9c0c-39f3-e7d1-f8f8063aa422 tf_rpc=PlanResourceChange
2026-03-20T14:45:46.836-0500 [TRACE] sdk.framework: Called provider defined Type Validate: tf_provider_addr=registry.terraform.io/hashicorp/rancher2 tf_req_id=3a78f968-9c0c-39f3-e7d1-f8f8063aa422 tf_rpc=PlanResourceChange tf_resource_type=rancher2_dev
2026-03-20T14:45:46.836-0500 [TRACE] sdk.framework: Type implements TypeWithValidate: tf_attribute_path=float64_attribute tf_provider_addr=registry.terraform.io/hashicorp/rancher2 tf_req_id=3a78f968-9c0c-39f3-e7d1-f8f8063aa422 tf_rpc=PlanResourceChange tf_resource_type=rancher2_dev
2026-03-20T14:45:46.836-0500 [TRACE] sdk.framework: Calling provider defined Type Validate: tf_rpc=PlanResourceChange tf_resource_type=rancher2_dev tf_attribute_path=float64_attribute tf_provider_addr=registry.terraform.io/hashicorp/rancher2 tf_req_id=3a78f968-9c0c-39f3-e7d1-f8f8063aa422
2026-03-20T14:45:46.836-0500 [TRACE] sdk.framework: Called provider defined Type Validate: tf_req_id=3a78f968-9c0c-39f3-e7d1-f8f8063aa422 tf_rpc=PlanResourceChange tf_resource_type=rancher2_dev tf_attribute_path=float64_attribute tf_provider_addr=registry.terraform.io/hashicorp/rancher2
2026-03-20T14:45:46.836-0500 [TRACE] sdk.framework: Type implements TypeWithValidate: tf_rpc=PlanResourceChange tf_resource_type=rancher2_dev tf_provider_addr=registry.terraform.io/hashicorp/rancher2 tf_req_id=3a78f968-9c0c-39f3-e7d1-f8f8063aa422
2026-03-20T14:45:46.836-0500 [TRACE] sdk.framework: Calling provider defined Type Validate: tf_rpc=PlanResourceChange tf_resource_type=rancher2_dev tf_provider_addr=registry.terraform.io/hashicorp/rancher2 tf_req_id=3a78f968-9c0c-39f3-e7d1-f8f8063aa422
2026-03-20T14:45:46.836-0500 [TRACE] sdk.framework: Called provider defined Type Validate: tf_provider_addr=registry.terraform.io/hashicorp/rancher2 tf_req_id=3a78f968-9c0c-39f3-e7d1-f8f8063aa422 tf_rpc=PlanResourceChange tf_resource_type=rancher2_dev
2026-03-20T14:45:46.836-0500 [TRACE] sdk.framework: Type implements TypeWithValidate: tf_rpc=PlanResourceChange tf_resource_type=rancher2_dev tf_provider_addr=registry.terraform.io/hashicorp/rancher2 tf_req_id=3a78f968-9c0c-39f3-e7d1-f8f8063aa422
2026-03-20T14:45:46.836-0500 [TRACE] sdk.framework: Calling provider defined Type Validate: tf_rpc=PlanResourceChange tf_resource_type=rancher2_dev tf_provider_addr=registry.terraform.io/hashicorp/rancher2 tf_req_id=3a78f968-9c0c-39f3-e7d1-f8f8063aa422
2026-03-20T14:45:46.836-0500 [TRACE] sdk.framework: Called provider defined Type Validate: tf_rpc=PlanResourceChange tf_resource_type=rancher2_dev tf_provider_addr=registry.terraform.io/hashicorp/rancher2 tf_req_id=3a78f968-9c0c-39f3-e7d1-f8f8063aa422
2026-03-20T14:45:46.836-0500 [TRACE] sdk.framework: Type implements TypeWithValidate: tf_req_id=3a78f968-9c0c-39f3-e7d1-f8f8063aa422 tf_rpc=PlanResourceChange tf_resource_type=rancher2_dev tf_provider_addr=registry.terraform.io/hashicorp/rancher2
2026-03-20T14:45:46.836-0500 [TRACE] sdk.framework: Calling provider defined Type Validate: tf_provider_addr=registry.terraform.io/hashicorp/rancher2 tf_req_id=3a78f968-9c0c-39f3-e7d1-f8f8063aa422 tf_rpc=PlanResourceChange tf_resource_type=rancher2_dev
2026-03-20T14:45:46.836-0500 [TRACE] sdk.framework: Called provider defined Type Validate: tf_provider_addr=registry.terraform.io/hashicorp/rancher2 tf_req_id=3a78f968-9c0c-39f3-e7d1-f8f8063aa422 tf_rpc=PlanResourceChange tf_resource_type=rancher2_dev
2026-03-20T14:45:46.836-0500 [TRACE] sdk.framework: Type implements TypeWithValidate: tf_rpc=PlanResourceChange tf_resource_type=rancher2_dev tf_provider_addr=registry.terraform.io/hashicorp/rancher2 tf_req_id=3a78f968-9c0c-39f3-e7d1-f8f8063aa422 tf_attribute_path=map_attribute
2026-03-20T14:45:46.836-0500 [TRACE] sdk.framework: Calling provider defined Type Validate: tf_attribute_path=map_attribute tf_rpc=PlanResourceChange tf_resource_type=rancher2_dev tf_provider_addr=registry.terraform.io/hashicorp/rancher2 tf_req_id=3a78f968-9c0c-39f3-e7d1-f8f8063aa422
2026-03-20T14:45:46.836-0500 [TRACE] sdk.framework: Called provider defined Type Validate: tf_attribute_path=map_attribute tf_rpc=PlanResourceChange tf_resource_type=rancher2_dev tf_provider_addr=registry.terraform.io/hashicorp/rancher2 tf_req_id=3a78f968-9c0c-39f3-e7d1-f8f8063aa422
2026-03-20T14:45:46.836-0500 [TRACE] sdk.framework: Type implements TypeWithValidate: tf_provider_addr=registry.terraform.io/hashicorp/rancher2 tf_req_id=3a78f968-9c0c-39f3-e7d1-f8f8063aa422 tf_rpc=PlanResourceChange tf_resource_type=rancher2_dev
2026-03-20T14:45:46.836-0500 [TRACE] sdk.framework: Calling provider defined Type Validate: tf_req_id=3a78f968-9c0c-39f3-e7d1-f8f8063aa422 tf_rpc=PlanResourceChange tf_resource_type=rancher2_dev tf_provider_addr=registry.terraform.io/hashicorp/rancher2
2026-03-20T14:45:46.836-0500 [TRACE] sdk.framework: Called provider defined Type Validate: tf_provider_addr=registry.terraform.io/hashicorp/rancher2 tf_req_id=3a78f968-9c0c-39f3-e7d1-f8f8063aa422 tf_rpc=PlanResourceChange tf_resource_type=rancher2_dev
2026-03-20T14:45:46.836-0500 [TRACE] sdk.framework: Type implements TypeWithValidate: tf_resource_type=rancher2_dev tf_provider_addr=registry.terraform.io/hashicorp/rancher2 tf_req_id=3a78f968-9c0c-39f3-e7d1-f8f8063aa422 tf_rpc=PlanResourceChange
2026-03-20T14:45:46.836-0500 [TRACE] sdk.framework: Calling provider defined Type Validate: tf_resource_type=rancher2_dev tf_provider_addr=registry.terraform.io/hashicorp/rancher2 tf_req_id=3a78f968-9c0c-39f3-e7d1-f8f8063aa422 tf_rpc=PlanResourceChange
2026-03-20T14:45:46.836-0500 [TRACE] sdk.framework: Called provider defined Type Validate: tf_provider_addr=registry.terraform.io/hashicorp/rancher2 tf_req_id=3a78f968-9c0c-39f3-e7d1-f8f8063aa422 tf_rpc=PlanResourceChange tf_resource_type=rancher2_dev
2026-03-20T14:45:46.836-0500 [TRACE] sdk.framework: Type implements TypeWithValidate: tf_req_id=3a78f968-9c0c-39f3-e7d1-f8f8063aa422 tf_rpc=PlanResourceChange tf_resource_type=rancher2_dev tf_provider_addr=registry.terraform.io/hashicorp/rancher2
2026-03-20T14:45:46.836-0500 [TRACE] sdk.framework: Calling provider defined Type Validate: tf_resource_type=rancher2_dev tf_provider_addr=registry.terraform.io/hashicorp/rancher2 tf_req_id=3a78f968-9c0c-39f3-e7d1-f8f8063aa422 tf_rpc=PlanResourceChange
2026-03-20T14:45:46.836-0500 [TRACE] sdk.framework: Called provider defined Type Validate: tf_provider_addr=registry.terraform.io/hashicorp/rancher2 tf_req_id=3a78f968-9c0c-39f3-e7d1-f8f8063aa422 tf_rpc=PlanResourceChange tf_resource_type=rancher2_dev
2026-03-20T14:45:46.836-0500 [TRACE] sdk.framework: Type implements TypeWithValidate: tf_rpc=PlanResourceChange tf_resource_type=rancher2_dev tf_attribute_path=set_attribute tf_provider_addr=registry.terraform.io/hashicorp/rancher2 tf_req_id=3a78f968-9c0c-39f3-e7d1-f8f8063aa422
2026-03-20T14:45:46.836-0500 [TRACE] sdk.framework: Calling provider defined Type Validate: tf_attribute_path=set_attribute tf_provider_addr=registry.terraform.io/hashicorp/rancher2 tf_req_id=3a78f968-9c0c-39f3-e7d1-f8f8063aa422 tf_rpc=PlanResourceChange tf_resource_type=rancher2_dev
2026-03-20T14:45:46.836-0500 [TRACE] sdk.framework: Called provider defined Type Validate: tf_provider_addr=registry.terraform.io/hashicorp/rancher2 tf_req_id=3a78f968-9c0c-39f3-e7d1-f8f8063aa422 tf_rpc=PlanResourceChange tf_resource_type=rancher2_dev tf_attribute_path=set_attribute
2026-03-20T14:45:46.836-0500 [TRACE] sdk.framework: Type implements TypeWithValidate: tf_provider_addr=registry.terraform.io/hashicorp/rancher2 tf_req_id=3a78f968-9c0c-39f3-e7d1-f8f8063aa422 tf_rpc=PlanResourceChange tf_resource_type=rancher2_dev
2026-03-20T14:45:46.836-0500 [TRACE] sdk.framework: Calling provider defined Type Validate: tf_provider_addr=registry.terraform.io/hashicorp/rancher2 tf_req_id=3a78f968-9c0c-39f3-e7d1-f8f8063aa422 tf_rpc=PlanResourceChange tf_resource_type=rancher2_dev
2026-03-20T14:45:46.836-0500 [TRACE] sdk.framework: Called provider defined Type Validate: tf_rpc=PlanResourceChange tf_resource_type=rancher2_dev tf_provider_addr=registry.terraform.io/hashicorp/rancher2 tf_req_id=3a78f968-9c0c-39f3-e7d1-f8f8063aa422
2026-03-20T14:45:46.836-0500 [TRACE] sdk.framework: Type implements TypeWithValidate: tf_rpc=PlanResourceChange tf_resource_type=rancher2_dev tf_provider_addr=registry.terraform.io/hashicorp/rancher2 tf_req_id=3a78f968-9c0c-39f3-e7d1-f8f8063aa422
2026-03-20T14:45:46.836-0500 [TRACE] sdk.framework: Calling provider defined Type Validate: tf_provider_addr=registry.terraform.io/hashicorp/rancher2 tf_req_id=3a78f968-9c0c-39f3-e7d1-f8f8063aa422 tf_rpc=PlanResourceChange tf_resource_type=rancher2_dev
2026-03-20T14:45:46.836-0500 [TRACE] sdk.framework: Called provider defined Type Validate: tf_req_id=3a78f968-9c0c-39f3-e7d1-f8f8063aa422 tf_rpc=PlanResourceChange tf_resource_type=rancher2_dev tf_provider_addr=registry.terraform.io/hashicorp/rancher2
2026-03-20T14:45:46.836-0500 [TRACE] sdk.framework: Type implements TypeWithValidate: tf_rpc=PlanResourceChange tf_resource_type=rancher2_dev tf_provider_addr=registry.terraform.io/hashicorp/rancher2 tf_req_id=3a78f968-9c0c-39f3-e7d1-f8f8063aa422
2026-03-20T14:45:46.836-0500 [TRACE] sdk.framework: Calling provider defined Type Validate: tf_provider_addr=registry.terraform.io/hashicorp/rancher2 tf_req_id=3a78f968-9c0c-39f3-e7d1-f8f8063aa422 tf_rpc=PlanResourceChange tf_resource_type=rancher2_dev
2026-03-20T14:45:46.836-0500 [TRACE] sdk.framework: Called provider defined Type Validate: tf_rpc=PlanResourceChange tf_resource_type=rancher2_dev tf_provider_addr=registry.terraform.io/hashicorp/rancher2 tf_req_id=3a78f968-9c0c-39f3-e7d1-f8f8063aa422
2026-03-20T14:45:46.836-0500 [TRACE] sdk.framework: Type implements TypeWithValidate: tf_rpc=PlanResourceChange tf_resource_type=rancher2_dev tf_attribute_path=nested_object_map tf_provider_addr=registry.terraform.io/hashicorp/rancher2 tf_req_id=3a78f968-9c0c-39f3-e7d1-f8f8063aa422
2026-03-20T14:45:46.836-0500 [TRACE] sdk.framework: Calling provider defined Type Validate: tf_req_id=3a78f968-9c0c-39f3-e7d1-f8f8063aa422 tf_rpc=PlanResourceChange tf_resource_type=rancher2_dev tf_attribute_path=nested_object_map tf_provider_addr=registry.terraform.io/hashicorp/rancher2
2026-03-20T14:45:46.836-0500 [TRACE] sdk.framework: Called provider defined Type Validate: tf_attribute_path=nested_object_map tf_provider_addr=registry.terraform.io/hashicorp/rancher2 tf_req_id=3a78f968-9c0c-39f3-e7d1-f8f8063aa422 tf_rpc=PlanResourceChange tf_resource_type=rancher2_dev
2026-03-20T14:45:46.836-0500 [TRACE] sdk.framework: Calling provider defined planmodifier.String: tf_provider_addr=registry.terraform.io/hashicorp/rancher2 tf_req_id=3a78f968-9c0c-39f3-e7d1-f8f8063aa422 tf_rpc=PlanResourceChange tf_resource_type=rancher2_dev tf_attribute_path=id description="Once set, the value of this attribute in state will not change."
2026-03-20T14:45:46.836-0500 [TRACE] sdk.framework: Called provider defined planmodifier.String: tf_req_id=3a78f968-9c0c-39f3-e7d1-f8f8063aa422 tf_rpc=PlanResourceChange tf_resource_type=rancher2_dev tf_attribute_path=id description="Once set, the value of this attribute in state will not change." tf_provider_addr=registry.terraform.io/hashicorp/rancher2
2026-03-20T14:45:46.836-0500 [TRACE] sdk.framework: Type implements TypeWithValidate: tf_provider_addr=registry.terraform.io/hashicorp/rancher2 tf_req_id=3a78f968-9c0c-39f3-e7d1-f8f8063aa422 tf_rpc=PlanResourceChange tf_resource_type=rancher2_dev
2026-03-20T14:45:46.836-0500 [TRACE] sdk.framework: Calling provider defined Type Validate: tf_rpc=PlanResourceChange tf_resource_type=rancher2_dev tf_provider_addr=registry.terraform.io/hashicorp/rancher2 tf_req_id=3a78f968-9c0c-39f3-e7d1-f8f8063aa422
2026-03-20T14:45:46.836-0500 [TRACE] sdk.framework: Called provider defined Type Validate: tf_rpc=PlanResourceChange tf_resource_type=rancher2_dev tf_provider_addr=registry.terraform.io/hashicorp/rancher2 tf_req_id=3a78f968-9c0c-39f3-e7d1-f8f8063aa422
2026-03-20T14:45:46.836-0500 [TRACE] sdk.framework: Type implements TypeWithValidate: tf_resource_type=rancher2_dev tf_provider_addr=registry.terraform.io/hashicorp/rancher2 tf_req_id=3a78f968-9c0c-39f3-e7d1-f8f8063aa422 tf_rpc=PlanResourceChange
2026-03-20T14:45:46.836-0500 [TRACE] sdk.framework: Calling provider defined Type Validate: tf_provider_addr=registry.terraform.io/hashicorp/rancher2 tf_req_id=3a78f968-9c0c-39f3-e7d1-f8f8063aa422 tf_rpc=PlanResourceChange tf_resource_type=rancher2_dev
2026-03-20T14:45:46.836-0500 [TRACE] sdk.framework: Called provider defined Type Validate: tf_req_id=3a78f968-9c0c-39f3-e7d1-f8f8063aa422 tf_rpc=PlanResourceChange tf_resource_type=rancher2_dev tf_provider_addr=registry.terraform.io/hashicorp/rancher2
2026-03-20T14:45:46.836-0500 [TRACE] sdk.framework: Type implements TypeWithValidate: tf_provider_addr=registry.terraform.io/hashicorp/rancher2 tf_req_id=3a78f968-9c0c-39f3-e7d1-f8f8063aa422 tf_rpc=PlanResourceChange tf_resource_type=rancher2_dev
2026-03-20T14:45:46.836-0500 [TRACE] sdk.framework: Calling provider defined Type Validate: tf_req_id=3a78f968-9c0c-39f3-e7d1-f8f8063aa422 tf_rpc=PlanResourceChange tf_resource_type=rancher2_dev tf_provider_addr=registry.terraform.io/hashicorp/rancher2
2026-03-20T14:45:46.836-0500 [TRACE] sdk.framework: Called provider defined Type Validate: tf_req_id=3a78f968-9c0c-39f3-e7d1-f8f8063aa422 tf_rpc=PlanResourceChange tf_resource_type=rancher2_dev tf_provider_addr=registry.terraform.io/hashicorp/rancher2
2026-03-20T14:45:46.836-0500 [TRACE] sdk.framework: Type implements TypeWithValidate: tf_rpc=PlanResourceChange tf_resource_type=rancher2_dev tf_attribute_path=list_attribute tf_provider_addr=registry.terraform.io/hashicorp/rancher2 tf_req_id=3a78f968-9c0c-39f3-e7d1-f8f8063aa422
2026-03-20T14:45:46.836-0500 [TRACE] sdk.framework: Calling provider defined Type Validate: tf_attribute_path=list_attribute tf_provider_addr=registry.terraform.io/hashicorp/rancher2 tf_req_id=3a78f968-9c0c-39f3-e7d1-f8f8063aa422 tf_rpc=PlanResourceChange tf_resource_type=rancher2_dev
2026-03-20T14:45:46.836-0500 [TRACE] sdk.framework: Called provider defined Type Validate: tf_resource_type=rancher2_dev tf_attribute_path=list_attribute tf_provider_addr=registry.terraform.io/hashicorp/rancher2 tf_req_id=3a78f968-9c0c-39f3-e7d1-f8f8063aa422 tf_rpc=PlanResourceChange
2026-03-20T14:45:46.837-0500 [TRACE] sdk.proto: Received downstream response: tf_rpc=PlanResourceChange tf_resource_type=rancher2_dev tf_req_id=3a78f968-9c0c-39f3-e7d1-f8f8063aa422 tf_provider_addr=registry.terraform.io/hashicorp/rancher2 diagnostic_error_count=0 diagnostic_warning_count=0 tf_req_duration_ms=2 tf_proto_version=6.11
2026-03-20T14:45:46.837-0500 [TRACE] sdk.proto: Served request: tf_rpc=PlanResourceChange tf_resource_type=rancher2_dev tf_req_id=3a78f968-9c0c-39f3-e7d1-f8f8063aa422 tf_provider_addr=registry.terraform.io/hashicorp/rancher2 tf_proto_version=6.11
2026-03-20T14:45:46.842-0500 [TRACE] sdk.helper_resource: Called Terraform CLI plan command: test_terraform_path=/Users/mtrachier/bin/terraform test_working_directory=/Users/mtrachier/go/src/github.com/rancher/terraform-provider-rancher2/test/short/data/U5Noiq-VXrAXi/data test_step_number=1 test_name=TestAccDevResource
2026-03-20T14:45:46.842-0500 [TRACE] sdk.helper_resource: Calling Terraform CLI show command for stdout plan: test_working_directory=/Users/mtrachier/go/src/github.com/rancher/terraform-provider-rancher2/test/short/data/U5Noiq-VXrAXi/data test_step_number=1 test_name=TestAccDevResource test_terraform_path=/Users/mtrachier/bin/terraform
2026-03-20T14:45:46.873-0500 [TRACE] sdk.proto: Received request: tf_req_id=ae01b5df-3710-13b8-ab14-9b1c7f99839a tf_provider_addr=registry.terraform.io/hashicorp/rancher2 tf_proto_version=6.11 tf_rpc=GetProviderSchema
2026-03-20T14:45:46.873-0500 [TRACE] sdk.proto: Sending request downstream: tf_provider_addr=registry.terraform.io/hashicorp/rancher2 tf_proto_version=6.11 tf_rpc=GetProviderSchema tf_req_id=ae01b5df-3710-13b8-ab14-9b1c7f99839a
2026-03-20T14:45:46.873-0500 [TRACE] sdk.framework: Checking ProviderSchema lock: tf_rpc=GetProviderSchema tf_req_id=ae01b5df-3710-13b8-ab14-9b1c7f99839a tf_provider_addr=registry.terraform.io/hashicorp/rancher2
2026-03-20T14:45:46.873-0500 [TRACE] sdk.framework: Checking ResourceTypes lock: tf_rpc=GetProviderSchema tf_req_id=ae01b5df-3710-13b8-ab14-9b1c7f99839a tf_provider_addr=registry.terraform.io/hashicorp/rancher2
2026-03-20T14:45:46.873-0500 [TRACE] sdk.framework: Calling provider defined Resource Schema method: tf_req_id=ae01b5df-3710-13b8-ab14-9b1c7f99839a tf_provider_addr=registry.terraform.io/hashicorp/rancher2 tf_rpc=GetProviderSchema tf_resource_type=rancher2_dev
2026-03-20T14:45:46.873-0500 [TRACE] sdk.framework: Called provider defined Resource Schema method: tf_req_id=ae01b5df-3710-13b8-ab14-9b1c7f99839a tf_provider_addr=registry.terraform.io/hashicorp/rancher2 tf_rpc=GetProviderSchema tf_resource_type=rancher2_dev
2026-03-20T14:45:46.873-0500 [TRACE] sdk.framework: Calling provider defined Resource Schema method: tf_rpc=GetProviderSchema tf_resource_type=rancher2_login tf_req_id=ae01b5df-3710-13b8-ab14-9b1c7f99839a tf_provider_addr=registry.terraform.io/hashicorp/rancher2
2026-03-20T14:45:46.873-0500 [TRACE] sdk.framework: Called provider defined Resource Schema method: tf_provider_addr=registry.terraform.io/hashicorp/rancher2 tf_resource_type=rancher2_login tf_rpc=GetProviderSchema tf_req_id=ae01b5df-3710-13b8-ab14-9b1c7f99839a
2026-03-20T14:45:46.873-0500 [TRACE] sdk.framework: Checking DataSourceTypes lock: tf_req_id=ae01b5df-3710-13b8-ab14-9b1c7f99839a tf_provider_addr=registry.terraform.io/hashicorp/rancher2 tf_rpc=GetProviderSchema
2026-03-20T14:45:46.873-0500 [TRACE] sdk.framework: Checking FunctionTypes lock: tf_req_id=ae01b5df-3710-13b8-ab14-9b1c7f99839a tf_provider_addr=registry.terraform.io/hashicorp/rancher2 tf_rpc=GetProviderSchema
2026-03-20T14:45:46.873-0500 [TRACE] sdk.framework: Checking EphemeralResourceFuncs lock: tf_req_id=ae01b5df-3710-13b8-ab14-9b1c7f99839a tf_provider_addr=registry.terraform.io/hashicorp/rancher2 tf_rpc=GetProviderSchema
2026-03-20T14:45:46.873-0500 [TRACE] sdk.framework: Checking ActionFuncs lock: tf_rpc=GetProviderSchema tf_req_id=ae01b5df-3710-13b8-ab14-9b1c7f99839a tf_provider_addr=registry.terraform.io/hashicorp/rancher2
2026-03-20T14:45:46.873-0500 [TRACE] sdk.framework: Checking StateStoreFuncs lock: tf_req_id=ae01b5df-3710-13b8-ab14-9b1c7f99839a tf_provider_addr=registry.terraform.io/hashicorp/rancher2 tf_rpc=GetProviderSchema
2026-03-20T14:45:46.873-0500 [TRACE] sdk.proto: Received downstream response: tf_rpc=GetProviderSchema diagnostic_warning_count=0 tf_req_duration_ms=0 diagnostic_error_count=0 tf_req_id=ae01b5df-3710-13b8-ab14-9b1c7f99839a tf_provider_addr=registry.terraform.io/hashicorp/rancher2 tf_proto_version=6.11
2026-03-20T14:45:46.873-0500 [TRACE] sdk.proto: Announced server capabilities: tf_proto_version=6.11 tf_rpc=GetProviderSchema tf_server_capability_move_resource_state=true tf_server_capability_plan_destroy=true tf_server_capability_get_provider_schema_optional=true tf_req_id=ae01b5df-3710-13b8-ab14-9b1c7f99839a tf_provider_addr=registry.terraform.io/hashicorp/rancher2
2026-03-20T14:45:46.873-0500 [TRACE] sdk.proto: Served request: tf_req_id=ae01b5df-3710-13b8-ab14-9b1c7f99839a tf_provider_addr=registry.terraform.io/hashicorp/rancher2 tf_proto_version=6.11 tf_rpc=GetProviderSchema
2026-03-20T14:45:46.875-0500 [TRACE] sdk.helper_resource: Called Terraform CLI show command for stdout plan: test_terraform_path=/Users/mtrachier/bin/terraform test_working_directory=/Users/mtrachier/go/src/github.com/rancher/terraform-provider-rancher2/test/short/data/U5Noiq-VXrAXi/data test_step_number=1 test_name=TestAccDevResource
2026-03-20T14:45:46.875-0500 [TRACE] sdk.helper_resource: Created plan with changes: test_working_directory=/Users/mtrachier/go/src/github.com/rancher/terraform-provider-rancher2/test/short/data/U5Noiq-VXrAXi/data test_step_number=1 test_name=TestAccDevResource test_terraform_path=/Users/mtrachier/bin/terraform
  test_terraform_plan=
  | 
  | Terraform used the selected providers to generate the following execution
  | plan. Resource actions are indicated with the following symbols:
  |   ~ update in-place
  | 
  | Terraform will perform the following actions:
  | 
  |   # rancher2_dev.required will be updated in-place
  |   ~ resource "rancher2_dev" "required" {
  |       ~ float32_attribute  = 0 -> (known after apply)
  |       ~ float64_attribute  = 0 -> (known after apply)
  |         id                 = "required_test"
  |       ~ int32_attribute    = 1 -> (known after apply)
  |       ~ int64_attribute    = 0 -> (known after apply)
  |       ~ list_attribute     = [] -> (known after apply)
  |       ~ map_attribute      = {} -> (known after apply)
  |       ~ nested_object      = {
  |           ~ nested_nested_object = {
  |               ~ bool_attribute   = false -> (known after apply)
  |               ~ string_attribute = "" -> (known after apply)
  |             } -> (known after apply)
  |           ~ string_attribute     = "" -> (known after apply)
  |         } -> (known after apply)
  |       ~ nested_object_list = [] -> (known after apply)
  |       ~ nested_object_map  = {} -> (known after apply)
  |       ~ set_attribute      = [] -> (known after apply)
  |         # (3 unchanged attributes hidden)
  |     }
  | 
  | Plan: 0 to add, 1 to change, 0 to destroy.
  
2026-03-20T14:45:46.875-0500 [TRACE] sdk.helper_resource: Called wrapped Terraform CLI command: test_working_directory=/Users/mtrachier/go/src/github.com/rancher/terraform-provider-rancher2/test/short/data/U5Noiq-VXrAXi/data test_step_number=1 test_name=TestAccDevResource test_terraform_path=/Users/mtrachier/bin/terraform
2026-03-20T14:45:46.875-0500 [TRACE] sdk.helper_resource: Stopping providers: test_name=TestAccDevResource test_terraform_path=/Users/mtrachier/bin/terraform test_working_directory=/Users/mtrachier/go/src/github.com/rancher/terraform-provider-rancher2/test/short/data/U5Noiq-VXrAXi/data test_step_number=1
2026-03-20T14:45:46.875-0500 [TRACE] sdk.helper_resource: Waiting for providers to stop: test_name=TestAccDevResource test_terraform_path=/Users/mtrachier/bin/terraform test_working_directory=/Users/mtrachier/go/src/github.com/rancher/terraform-provider-rancher2/test/short/data/U5Noiq-VXrAXi/data test_step_number=1
2026-03-20T14:45:46.876-0500 [TRACE] sdk.helper_resource: Providers have successfully stopped: test_step_number=1 test_name=TestAccDevResource test_terraform_path=/Users/mtrachier/bin/terraform test_working_directory=/Users/mtrachier/go/src/github.com/rancher/terraform-provider-rancher2/test/short/data/U5Noiq-VXrAXi/data
2026-03-20T14:45:46.876-0500 [TRACE] sdk.helper_resource: Creating tfprotov6 provider instance: test_working_directory=/Users/mtrachier/go/src/github.com/rancher/terraform-provider-rancher2/test/short/data/U5Noiq-VXrAXi/data test_step_number=1 test_name=TestAccDevResource test_terraform_path=/Users/mtrachier/bin/terraform tf_provider_addr=registry.terraform.io/hashicorp/rancher2
2026-03-20T14:45:46.876-0500 [TRACE] sdk.helper_resource: Created tfprotov6 provider instance: test_working_directory=/Users/mtrachier/go/src/github.com/rancher/terraform-provider-rancher2/test/short/data/U5Noiq-VXrAXi/data test_step_number=1 test_name=TestAccDevResource test_terraform_path=/Users/mtrachier/bin/terraform tf_provider_addr=registry.terraform.io/hashicorp/rancher2
2026-03-20T14:45:46.876-0500 [TRACE] sdk.helper_resource: Starting tfprotov6 provider instance server: test_name=TestAccDevResource test_terraform_path=/Users/mtrachier/bin/terraform test_working_directory=/Users/mtrachier/go/src/github.com/rancher/terraform-provider-rancher2/test/short/data/U5Noiq-VXrAXi/data test_step_number=1 tf_provider_addr=registry.terraform.io/hashicorp/rancher2
2026-03-20T14:45:46.876-0500 [TRACE] sdk.helper_resource: Started tfprotov6 provider instance server: test_name=TestAccDevResource test_terraform_path=/Users/mtrachier/bin/terraform test_working_directory=/Users/mtrachier/go/src/github.com/rancher/terraform-provider-rancher2/test/short/data/U5Noiq-VXrAXi/data test_step_number=1 tf_provider_addr=registry.terraform.io/hashicorp/rancher2
2026-03-20T14:45:46.876-0500 [TRACE] sdk.helper_resource: Setting Terraform CLI reattach configuration: test_name=TestAccDevResource test_terraform_path=/Users/mtrachier/bin/terraform test_working_directory=/Users/mtrachier/go/src/github.com/rancher/terraform-provider-rancher2/test/short/data/U5Noiq-VXrAXi/data test_step_number=1 tf_reattach_config="map[registry.terraform.io/-/rancher2:{grpc 6 60731 true {unix /tmp/nix-shell.rhM2cr/plugin563617939}} registry.terraform.io/hashicorp/rancher2:{grpc 6 60731 true {unix /tmp/nix-shell.rhM2cr/plugin563617939}}]"
2026-03-20T14:45:46.876-0500 [TRACE] sdk.helper_resource: Calling wrapped Terraform CLI command: test_working_directory=/Users/mtrachier/go/src/github.com/rancher/terraform-provider-rancher2/test/short/data/U5Noiq-VXrAXi/data test_step_number=1 test_name=TestAccDevResource test_terraform_path=/Users/mtrachier/bin/terraform
2026-03-20T14:45:46.876-0500 [TRACE] sdk.helper_resource: Calling Terraform CLI show command for JSON plan: test_terraform_path=/Users/mtrachier/bin/terraform test_working_directory=/Users/mtrachier/go/src/github.com/rancher/terraform-provider-rancher2/test/short/data/U5Noiq-VXrAXi/data test_step_number=1 test_name=TestAccDevResource
2026-03-20T14:45:46.907-0500 [TRACE] sdk.proto: Received request: tf_req_id=3ebe1b74-c5f9-7e02-0a26-b3fdf92bde78 tf_provider_addr=registry.terraform.io/hashicorp/rancher2 tf_rpc=GetProviderSchema tf_proto_version=6.11
2026-03-20T14:45:46.907-0500 [TRACE] sdk.proto: Sending request downstream: tf_provider_addr=registry.terraform.io/hashicorp/rancher2 tf_rpc=GetProviderSchema tf_proto_version=6.11 tf_req_id=3ebe1b74-c5f9-7e02-0a26-b3fdf92bde78
2026-03-20T14:45:46.907-0500 [TRACE] sdk.framework: Checking ProviderSchema lock: tf_req_id=3ebe1b74-c5f9-7e02-0a26-b3fdf92bde78 tf_provider_addr=registry.terraform.io/hashicorp/rancher2 tf_rpc=GetProviderSchema
2026-03-20T14:45:46.907-0500 [TRACE] sdk.framework: Calling provider defined Provider Schema: tf_req_id=3ebe1b74-c5f9-7e02-0a26-b3fdf92bde78 tf_provider_addr=registry.terraform.io/hashicorp/rancher2 tf_rpc=GetProviderSchema
2026-03-20T14:45:46.907-0500 [TRACE] sdk.framework: Called provider defined Provider Schema: tf_rpc=GetProviderSchema tf_req_id=3ebe1b74-c5f9-7e02-0a26-b3fdf92bde78 tf_provider_addr=registry.terraform.io/hashicorp/rancher2
2026-03-20T14:45:46.907-0500 [TRACE] sdk.framework: Checking ResourceTypes lock: tf_req_id=3ebe1b74-c5f9-7e02-0a26-b3fdf92bde78 tf_provider_addr=registry.terraform.io/hashicorp/rancher2 tf_rpc=GetProviderSchema
2026-03-20T14:45:46.907-0500 [TRACE] sdk.framework: Checking ProviderTypeName lock: tf_req_id=3ebe1b74-c5f9-7e02-0a26-b3fdf92bde78 tf_provider_addr=registry.terraform.io/hashicorp/rancher2 tf_rpc=GetProviderSchema
2026-03-20T14:45:46.907-0500 [TRACE] sdk.framework: Calling provider defined Provider Metadata: tf_rpc=GetProviderSchema tf_req_id=3ebe1b74-c5f9-7e02-0a26-b3fdf92bde78 tf_provider_addr=registry.terraform.io/hashicorp/rancher2
2026-03-20T14:45:46.907-0500 [TRACE] sdk.framework: Called provider defined Provider Metadata: tf_req_id=3ebe1b74-c5f9-7e02-0a26-b3fdf92bde78 tf_provider_addr=registry.terraform.io/hashicorp/rancher2 tf_rpc=GetProviderSchema
2026-03-20T14:45:46.907-0500 [TRACE] sdk.framework: Calling provider defined Provider Resources: tf_rpc=GetProviderSchema tf_req_id=3ebe1b74-c5f9-7e02-0a26-b3fdf92bde78 tf_provider_addr=registry.terraform.io/hashicorp/rancher2
2026-03-20T14:45:46.907-0500 [TRACE] sdk.framework: Called provider defined Provider Resources: tf_req_id=3ebe1b74-c5f9-7e02-0a26-b3fdf92bde78 tf_provider_addr=registry.terraform.io/hashicorp/rancher2 tf_rpc=GetProviderSchema
2026-03-20T14:45:46.907-0500 [TRACE] sdk.framework: Found resource type: tf_rpc=GetProviderSchema tf_resource_type=rancher2_dev tf_req_id=3ebe1b74-c5f9-7e02-0a26-b3fdf92bde78 tf_provider_addr=registry.terraform.io/hashicorp/rancher2
2026-03-20T14:45:46.907-0500 [TRACE] sdk.framework: Found resource type: tf_rpc=GetProviderSchema tf_req_id=3ebe1b74-c5f9-7e02-0a26-b3fdf92bde78 tf_provider_addr=registry.terraform.io/hashicorp/rancher2 tf_resource_type=rancher2_login
2026-03-20T14:45:46.907-0500 [TRACE] sdk.framework: Calling provider defined Resource Schema method: tf_req_id=3ebe1b74-c5f9-7e02-0a26-b3fdf92bde78 tf_provider_addr=registry.terraform.io/hashicorp/rancher2 tf_rpc=GetProviderSchema tf_resource_type=rancher2_dev
2026-03-20T14:45:46.907-0500 [TRACE] sdk.framework: Called provider defined Resource Schema method: tf_req_id=3ebe1b74-c5f9-7e02-0a26-b3fdf92bde78 tf_provider_addr=registry.terraform.io/hashicorp/rancher2 tf_rpc=GetProviderSchema tf_resource_type=rancher2_dev
2026-03-20T14:45:46.907-0500 [TRACE] sdk.framework: Calling provider defined Resource Schema method: tf_resource_type=rancher2_login tf_req_id=3ebe1b74-c5f9-7e02-0a26-b3fdf92bde78 tf_provider_addr=registry.terraform.io/hashicorp/rancher2 tf_rpc=GetProviderSchema
2026-03-20T14:45:46.907-0500 [TRACE] sdk.framework: Called provider defined Resource Schema method: tf_req_id=3ebe1b74-c5f9-7e02-0a26-b3fdf92bde78 tf_provider_addr=registry.terraform.io/hashicorp/rancher2 tf_rpc=GetProviderSchema tf_resource_type=rancher2_login
2026-03-20T14:45:46.907-0500 [TRACE] sdk.framework: Checking DataSourceTypes lock: tf_rpc=GetProviderSchema tf_req_id=3ebe1b74-c5f9-7e02-0a26-b3fdf92bde78 tf_provider_addr=registry.terraform.io/hashicorp/rancher2
2026-03-20T14:45:46.907-0500 [TRACE] sdk.framework: Checking ProviderTypeName lock: tf_provider_addr=registry.terraform.io/hashicorp/rancher2 tf_rpc=GetProviderSchema tf_req_id=3ebe1b74-c5f9-7e02-0a26-b3fdf92bde78
2026-03-20T14:45:46.907-0500 [TRACE] sdk.framework: Calling provider defined Provider DataSources: tf_req_id=3ebe1b74-c5f9-7e02-0a26-b3fdf92bde78 tf_provider_addr=registry.terraform.io/hashicorp/rancher2 tf_rpc=GetProviderSchema
2026-03-20T14:45:46.907-0500 [TRACE] sdk.framework: Called provider defined Provider DataSources: tf_req_id=3ebe1b74-c5f9-7e02-0a26-b3fdf92bde78 tf_provider_addr=registry.terraform.io/hashicorp/rancher2 tf_rpc=GetProviderSchema
2026-03-20T14:45:46.907-0500 [TRACE] sdk.framework: Checking FunctionTypes lock: tf_provider_addr=registry.terraform.io/hashicorp/rancher2 tf_rpc=GetProviderSchema tf_req_id=3ebe1b74-c5f9-7e02-0a26-b3fdf92bde78
2026-03-20T14:45:46.907-0500 [TRACE] sdk.framework: Checking EphemeralResourceFuncs lock: tf_rpc=GetProviderSchema tf_req_id=3ebe1b74-c5f9-7e02-0a26-b3fdf92bde78 tf_provider_addr=registry.terraform.io/hashicorp/rancher2
2026-03-20T14:45:46.907-0500 [TRACE] sdk.framework: Checking ProviderTypeName lock: tf_req_id=3ebe1b74-c5f9-7e02-0a26-b3fdf92bde78 tf_provider_addr=registry.terraform.io/hashicorp/rancher2 tf_rpc=GetProviderSchema
2026-03-20T14:45:46.907-0500 [TRACE] sdk.framework: Checking ActionFuncs lock: tf_req_id=3ebe1b74-c5f9-7e02-0a26-b3fdf92bde78 tf_provider_addr=registry.terraform.io/hashicorp/rancher2 tf_rpc=GetProviderSchema
2026-03-20T14:45:46.907-0500 [TRACE] sdk.framework: Checking ProviderTypeName lock: tf_req_id=3ebe1b74-c5f9-7e02-0a26-b3fdf92bde78 tf_provider_addr=registry.terraform.io/hashicorp/rancher2 tf_rpc=GetProviderSchema
2026-03-20T14:45:46.907-0500 [TRACE] sdk.framework: Checking StateStoreFuncs lock: tf_req_id=3ebe1b74-c5f9-7e02-0a26-b3fdf92bde78 tf_provider_addr=registry.terraform.io/hashicorp/rancher2 tf_rpc=GetProviderSchema
2026-03-20T14:45:46.907-0500 [TRACE] sdk.framework: Checking ProviderTypeName lock: tf_req_id=3ebe1b74-c5f9-7e02-0a26-b3fdf92bde78 tf_provider_addr=registry.terraform.io/hashicorp/rancher2 tf_rpc=GetProviderSchema
2026-03-20T14:45:46.907-0500 [TRACE] sdk.proto: Received downstream response: tf_proto_version=6.11 tf_req_id=3ebe1b74-c5f9-7e02-0a26-b3fdf92bde78 tf_provider_addr=registry.terraform.io/hashicorp/rancher2 diagnostic_error_count=0 diagnostic_warning_count=0 tf_req_duration_ms=0 tf_rpc=GetProviderSchema
2026-03-20T14:45:46.907-0500 [TRACE] sdk.proto: Announced server capabilities: tf_server_capability_plan_destroy=true tf_proto_version=6.11 tf_req_id=3ebe1b74-c5f9-7e02-0a26-b3fdf92bde78 tf_provider_addr=registry.terraform.io/hashicorp/rancher2 tf_rpc=GetProviderSchema tf_server_capability_get_provider_schema_optional=true tf_server_capability_move_resource_state=true
2026-03-20T14:45:46.907-0500 [TRACE] sdk.proto: Served request: tf_rpc=GetProviderSchema tf_proto_version=6.11 tf_req_id=3ebe1b74-c5f9-7e02-0a26-b3fdf92bde78 tf_provider_addr=registry.terraform.io/hashicorp/rancher2
2026-03-20T14:45:46.911-0500 [TRACE] sdk.helper_resource: Calling Terraform CLI show command for JSON plan: test_step_number=1 test_name=TestAccDevResource test_terraform_path=/Users/mtrachier/bin/terraform test_working_directory=/Users/mtrachier/go/src/github.com/rancher/terraform-provider-rancher2/test/short/data/U5Noiq-VXrAXi/data
2026-03-20T14:45:46.911-0500 [TRACE] sdk.helper_resource: Called wrapped Terraform CLI command: test_step_number=1 test_name=TestAccDevResource test_terraform_path=/Users/mtrachier/bin/terraform test_working_directory=/Users/mtrachier/go/src/github.com/rancher/terraform-provider-rancher2/test/short/data/U5Noiq-VXrAXi/data
2026-03-20T14:45:46.911-0500 [TRACE] sdk.helper_resource: Stopping providers: test_name=TestAccDevResource test_terraform_path=/Users/mtrachier/bin/terraform test_working_directory=/Users/mtrachier/go/src/github.com/rancher/terraform-provider-rancher2/test/short/data/U5Noiq-VXrAXi/data test_step_number=1
2026-03-20T14:45:46.911-0500 [TRACE] sdk.helper_resource: Waiting for providers to stop: test_step_number=1 test_name=TestAccDevResource test_terraform_path=/Users/mtrachier/bin/terraform test_working_directory=/Users/mtrachier/go/src/github.com/rancher/terraform-provider-rancher2/test/short/data/U5Noiq-VXrAXi/data
2026-03-20T14:45:46.911-0500 [TRACE] sdk.helper_resource: Providers have successfully stopped: test_name=TestAccDevResource test_terraform_path=/Users/mtrachier/bin/terraform test_working_directory=/Users/mtrachier/go/src/github.com/rancher/terraform-provider-rancher2/test/short/data/U5Noiq-VXrAXi/data test_step_number=1
2026-03-20T14:45:46.911-0500 [TRACE] sdk.helper_resource: Creating tfprotov6 provider instance: test_step_number=1 tf_provider_addr=registry.terraform.io/hashicorp/rancher2 test_name=TestAccDevResource test_terraform_path=/Users/mtrachier/bin/terraform test_working_directory=/Users/mtrachier/go/src/github.com/rancher/terraform-provider-rancher2/test/short/data/U5Noiq-VXrAXi/data
2026-03-20T14:45:46.911-0500 [TRACE] sdk.helper_resource: Created tfprotov6 provider instance: test_step_number=1 tf_provider_addr=registry.terraform.io/hashicorp/rancher2 test_name=TestAccDevResource test_terraform_path=/Users/mtrachier/bin/terraform test_working_directory=/Users/mtrachier/go/src/github.com/rancher/terraform-provider-rancher2/test/short/data/U5Noiq-VXrAXi/data
2026-03-20T14:45:46.911-0500 [TRACE] sdk.helper_resource: Starting tfprotov6 provider instance server: test_terraform_path=/Users/mtrachier/bin/terraform test_working_directory=/Users/mtrachier/go/src/github.com/rancher/terraform-provider-rancher2/test/short/data/U5Noiq-VXrAXi/data test_step_number=1 tf_provider_addr=registry.terraform.io/hashicorp/rancher2 test_name=TestAccDevResource
2026-03-20T14:45:46.911-0500 [TRACE] sdk.helper_resource: Started tfprotov6 provider instance server: test_working_directory=/Users/mtrachier/go/src/github.com/rancher/terraform-provider-rancher2/test/short/data/U5Noiq-VXrAXi/data test_step_number=1 test_name=TestAccDevResource test_terraform_path=/Users/mtrachier/bin/terraform tf_provider_addr=registry.terraform.io/hashicorp/rancher2
2026-03-20T14:45:46.911-0500 [TRACE] sdk.helper_resource: Setting Terraform CLI reattach configuration: test_working_directory=/Users/mtrachier/go/src/github.com/rancher/terraform-provider-rancher2/test/short/data/U5Noiq-VXrAXi/data test_step_number=1 test_name=TestAccDevResource tf_reattach_config="map[registry.terraform.io/-/rancher2:{grpc 6 60731 true {unix /tmp/nix-shell.rhM2cr/plugin1382340796}} registry.terraform.io/hashicorp/rancher2:{grpc 6 60731 true {unix /tmp/nix-shell.rhM2cr/plugin1382340796}}]" test_terraform_path=/Users/mtrachier/bin/terraform
2026-03-20T14:45:46.911-0500 [TRACE] sdk.helper_resource: Calling wrapped Terraform CLI command: test_working_directory=/Users/mtrachier/go/src/github.com/rancher/terraform-provider-rancher2/test/short/data/U5Noiq-VXrAXi/data test_step_number=1 test_name=TestAccDevResource test_terraform_path=/Users/mtrachier/bin/terraform
2026-03-20T14:45:46.911-0500 [TRACE] sdk.helper_resource: Calling Terraform CLI show command for stdout plan: test_name=TestAccDevResource test_terraform_path=/Users/mtrachier/bin/terraform test_working_directory=/Users/mtrachier/go/src/github.com/rancher/terraform-provider-rancher2/test/short/data/U5Noiq-VXrAXi/data test_step_number=1
2026-03-20T14:45:46.945-0500 [TRACE] sdk.proto: Received request: tf_provider_addr=registry.terraform.io/hashicorp/rancher2 tf_proto_version=6.11 tf_rpc=GetProviderSchema tf_req_id=e046a06d-ff0f-acf9-2b23-5fd5bd7784bf
2026-03-20T14:45:46.945-0500 [TRACE] sdk.proto: Sending request downstream: tf_proto_version=6.11 tf_rpc=GetProviderSchema tf_req_id=e046a06d-ff0f-acf9-2b23-5fd5bd7784bf tf_provider_addr=registry.terraform.io/hashicorp/rancher2
2026-03-20T14:45:46.945-0500 [TRACE] sdk.framework: Checking ProviderSchema lock: tf_req_id=e046a06d-ff0f-acf9-2b23-5fd5bd7784bf tf_provider_addr=registry.terraform.io/hashicorp/rancher2 tf_rpc=GetProviderSchema
2026-03-20T14:45:46.945-0500 [TRACE] sdk.framework: Calling provider defined Provider Schema: tf_req_id=e046a06d-ff0f-acf9-2b23-5fd5bd7784bf tf_provider_addr=registry.terraform.io/hashicorp/rancher2 tf_rpc=GetProviderSchema
2026-03-20T14:45:46.945-0500 [TRACE] sdk.framework: Called provider defined Provider Schema: tf_req_id=e046a06d-ff0f-acf9-2b23-5fd5bd7784bf tf_provider_addr=registry.terraform.io/hashicorp/rancher2 tf_rpc=GetProviderSchema
2026-03-20T14:45:46.945-0500 [TRACE] sdk.framework: Checking ResourceTypes lock: tf_provider_addr=registry.terraform.io/hashicorp/rancher2 tf_rpc=GetProviderSchema tf_req_id=e046a06d-ff0f-acf9-2b23-5fd5bd7784bf
2026-03-20T14:45:46.945-0500 [TRACE] sdk.framework: Checking ProviderTypeName lock: tf_req_id=e046a06d-ff0f-acf9-2b23-5fd5bd7784bf tf_provider_addr=registry.terraform.io/hashicorp/rancher2 tf_rpc=GetProviderSchema
2026-03-20T14:45:46.945-0500 [TRACE] sdk.framework: Calling provider defined Provider Metadata: tf_provider_addr=registry.terraform.io/hashicorp/rancher2 tf_rpc=GetProviderSchema tf_req_id=e046a06d-ff0f-acf9-2b23-5fd5bd7784bf
2026-03-20T14:45:46.945-0500 [TRACE] sdk.framework: Called provider defined Provider Metadata: tf_rpc=GetProviderSchema tf_req_id=e046a06d-ff0f-acf9-2b23-5fd5bd7784bf tf_provider_addr=registry.terraform.io/hashicorp/rancher2
2026-03-20T14:45:46.945-0500 [TRACE] sdk.framework: Calling provider defined Provider Resources: tf_req_id=e046a06d-ff0f-acf9-2b23-5fd5bd7784bf tf_provider_addr=registry.terraform.io/hashicorp/rancher2 tf_rpc=GetProviderSchema
2026-03-20T14:45:46.945-0500 [TRACE] sdk.framework: Called provider defined Provider Resources: tf_rpc=GetProviderSchema tf_req_id=e046a06d-ff0f-acf9-2b23-5fd5bd7784bf tf_provider_addr=registry.terraform.io/hashicorp/rancher2
2026-03-20T14:45:46.945-0500 [TRACE] sdk.framework: Found resource type: tf_req_id=e046a06d-ff0f-acf9-2b23-5fd5bd7784bf tf_provider_addr=registry.terraform.io/hashicorp/rancher2 tf_rpc=GetProviderSchema tf_resource_type=rancher2_dev
2026-03-20T14:45:46.945-0500 [TRACE] sdk.framework: Found resource type: tf_req_id=e046a06d-ff0f-acf9-2b23-5fd5bd7784bf tf_provider_addr=registry.terraform.io/hashicorp/rancher2 tf_rpc=GetProviderSchema tf_resource_type=rancher2_login
2026-03-20T14:45:46.945-0500 [TRACE] sdk.framework: Calling provider defined Resource Schema method: tf_req_id=e046a06d-ff0f-acf9-2b23-5fd5bd7784bf tf_provider_addr=registry.terraform.io/hashicorp/rancher2 tf_rpc=GetProviderSchema tf_resource_type=rancher2_dev
2026-03-20T14:45:46.945-0500 [TRACE] sdk.framework: Called provider defined Resource Schema method: tf_rpc=GetProviderSchema tf_resource_type=rancher2_dev tf_req_id=e046a06d-ff0f-acf9-2b23-5fd5bd7784bf tf_provider_addr=registry.terraform.io/hashicorp/rancher2
2026-03-20T14:45:46.945-0500 [TRACE] sdk.framework: Calling provider defined Resource Schema method: tf_provider_addr=registry.terraform.io/hashicorp/rancher2 tf_rpc=GetProviderSchema tf_resource_type=rancher2_login tf_req_id=e046a06d-ff0f-acf9-2b23-5fd5bd7784bf
2026-03-20T14:45:46.945-0500 [TRACE] sdk.framework: Called provider defined Resource Schema method: tf_req_id=e046a06d-ff0f-acf9-2b23-5fd5bd7784bf tf_provider_addr=registry.terraform.io/hashicorp/rancher2 tf_rpc=GetProviderSchema tf_resource_type=rancher2_login
2026-03-20T14:45:46.945-0500 [TRACE] sdk.framework: Checking DataSourceTypes lock: tf_req_id=e046a06d-ff0f-acf9-2b23-5fd5bd7784bf tf_provider_addr=registry.terraform.io/hashicorp/rancher2 tf_rpc=GetProviderSchema
2026-03-20T14:45:46.945-0500 [TRACE] sdk.framework: Checking ProviderTypeName lock: tf_req_id=e046a06d-ff0f-acf9-2b23-5fd5bd7784bf tf_provider_addr=registry.terraform.io/hashicorp/rancher2 tf_rpc=GetProviderSchema
2026-03-20T14:45:46.945-0500 [TRACE] sdk.framework: Calling provider defined Provider DataSources: tf_rpc=GetProviderSchema tf_req_id=e046a06d-ff0f-acf9-2b23-5fd5bd7784bf tf_provider_addr=registry.terraform.io/hashicorp/rancher2
2026-03-20T14:45:46.945-0500 [TRACE] sdk.framework: Called provider defined Provider DataSources: tf_req_id=e046a06d-ff0f-acf9-2b23-5fd5bd7784bf tf_provider_addr=registry.terraform.io/hashicorp/rancher2 tf_rpc=GetProviderSchema
2026-03-20T14:45:46.945-0500 [TRACE] sdk.framework: Checking FunctionTypes lock: tf_rpc=GetProviderSchema tf_req_id=e046a06d-ff0f-acf9-2b23-5fd5bd7784bf tf_provider_addr=registry.terraform.io/hashicorp/rancher2
2026-03-20T14:45:46.945-0500 [TRACE] sdk.framework: Checking EphemeralResourceFuncs lock: tf_req_id=e046a06d-ff0f-acf9-2b23-5fd5bd7784bf tf_provider_addr=registry.terraform.io/hashicorp/rancher2 tf_rpc=GetProviderSchema
2026-03-20T14:45:46.945-0500 [TRACE] sdk.framework: Checking ProviderTypeName lock: tf_provider_addr=registry.terraform.io/hashicorp/rancher2 tf_rpc=GetProviderSchema tf_req_id=e046a06d-ff0f-acf9-2b23-5fd5bd7784bf
2026-03-20T14:45:46.945-0500 [TRACE] sdk.framework: Checking ActionFuncs lock: tf_rpc=GetProviderSchema tf_req_id=e046a06d-ff0f-acf9-2b23-5fd5bd7784bf tf_provider_addr=registry.terraform.io/hashicorp/rancher2
2026-03-20T14:45:46.945-0500 [TRACE] sdk.framework: Checking ProviderTypeName lock: tf_provider_addr=registry.terraform.io/hashicorp/rancher2 tf_rpc=GetProviderSchema tf_req_id=e046a06d-ff0f-acf9-2b23-5fd5bd7784bf
2026-03-20T14:45:46.945-0500 [TRACE] sdk.framework: Checking StateStoreFuncs lock: tf_rpc=GetProviderSchema tf_req_id=e046a06d-ff0f-acf9-2b23-5fd5bd7784bf tf_provider_addr=registry.terraform.io/hashicorp/rancher2
2026-03-20T14:45:46.945-0500 [TRACE] sdk.framework: Checking ProviderTypeName lock: tf_provider_addr=registry.terraform.io/hashicorp/rancher2 tf_rpc=GetProviderSchema tf_req_id=e046a06d-ff0f-acf9-2b23-5fd5bd7784bf
2026-03-20T14:45:46.945-0500 [TRACE] sdk.proto: Received downstream response: diagnostic_warning_count=0 tf_req_duration_ms=0 tf_rpc=GetProviderSchema tf_req_id=e046a06d-ff0f-acf9-2b23-5fd5bd7784bf tf_provider_addr=registry.terraform.io/hashicorp/rancher2 tf_proto_version=6.11 diagnostic_error_count=0
2026-03-20T14:45:46.945-0500 [TRACE] sdk.proto: Announced server capabilities: tf_proto_version=6.11 tf_rpc=GetProviderSchema tf_req_id=e046a06d-ff0f-acf9-2b23-5fd5bd7784bf tf_provider_addr=registry.terraform.io/hashicorp/rancher2 tf_server_capability_get_provider_schema_optional=true tf_server_capability_move_resource_state=true tf_server_capability_plan_destroy=true
2026-03-20T14:45:46.945-0500 [TRACE] sdk.proto: Served request: tf_provider_addr=registry.terraform.io/hashicorp/rancher2 tf_proto_version=6.11 tf_rpc=GetProviderSchema tf_req_id=e046a06d-ff0f-acf9-2b23-5fd5bd7784bf
2026-03-20T14:45:46.947-0500 [TRACE] sdk.helper_resource: Called Terraform CLI show command for stdout plan: test_name=TestAccDevResource test_terraform_path=/Users/mtrachier/bin/terraform test_working_directory=/Users/mtrachier/go/src/github.com/rancher/terraform-provider-rancher2/test/short/data/U5Noiq-VXrAXi/data test_step_number=1
2026-03-20T14:45:46.947-0500 [TRACE] sdk.helper_resource: Called wrapped Terraform CLI command: test_name=TestAccDevResource test_terraform_path=/Users/mtrachier/bin/terraform test_working_directory=/Users/mtrachier/go/src/github.com/rancher/terraform-provider-rancher2/test/short/data/U5Noiq-VXrAXi/data test_step_number=1
2026-03-20T14:45:46.947-0500 [TRACE] sdk.helper_resource: Stopping providers: test_name=TestAccDevResource test_terraform_path=/Users/mtrachier/bin/terraform test_working_directory=/Users/mtrachier/go/src/github.com/rancher/terraform-provider-rancher2/test/short/data/U5Noiq-VXrAXi/data test_step_number=1
2026-03-20T14:45:46.947-0500 [TRACE] sdk.helper_resource: Waiting for providers to stop: test_working_directory=/Users/mtrachier/go/src/github.com/rancher/terraform-provider-rancher2/test/short/data/U5Noiq-VXrAXi/data test_step_number=1 test_name=TestAccDevResource test_terraform_path=/Users/mtrachier/bin/terraform
2026-03-20T14:45:46.947-0500 [TRACE] sdk.helper_resource: Providers have successfully stopped: test_name=TestAccDevResource test_terraform_path=/Users/mtrachier/bin/terraform test_working_directory=/Users/mtrachier/go/src/github.com/rancher/terraform-provider-rancher2/test/short/data/U5Noiq-VXrAXi/data test_step_number=1
2026-03-20T14:45:46.947-0500 [ERROR] sdk.helper_resource: Unexpected error: test_name=TestAccDevResource test_terraform_path=/Users/mtrachier/bin/terraform test_working_directory=/Users/mtrachier/go/src/github.com/rancher/terraform-provider-rancher2/test/short/data/U5Noiq-VXrAXi/data test_step_number=1
  error=
  | After applying this test step, the non-refresh plan was not empty.
  | stdout:
  | 
  | 
  | Terraform used the selected providers to generate the following execution
  | plan. Resource actions are indicated with the following symbols:
  |   ~ update in-place
  | 
  | Terraform will perform the following actions:
  | 
  |   # rancher2_dev.required will be updated in-place
  |   ~ resource "rancher2_dev" "required" {
  |       ~ float32_attribute  = 0 -> (known after apply)
  |       ~ float64_attribute  = 0 -> (known after apply)
  |         id                 = "required_test"
  |       ~ int32_attribute    = 1 -> (known after apply)
  |       ~ int64_attribute    = 0 -> (known after apply)
  |       ~ list_attribute     = [] -> (known after apply)
  |       ~ map_attribute      = {} -> (known after apply)
  |       ~ nested_object      = {
  |           ~ nested_nested_object = {
  |               ~ bool_attribute   = false -> (known after apply)
  |               ~ string_attribute = "" -> (known after apply)
  |             } -> (known after apply)
  |           ~ string_attribute     = "" -> (known after apply)
  |         } -> (known after apply)
  |       ~ nested_object_list = [] -> (known after apply)
  |       ~ nested_object_map  = {} -> (known after apply)
  |       ~ set_attribute      = [] -> (known after apply)
  |         # (3 unchanged attributes hidden)
  |     }
  | 
  | Plan: 0 to add, 1 to change, 0 to destroy.
  
    rancher2_dev_resource_test.go:39: Step 1/2 error: After applying this test step, the non-refresh plan was not empty.
        stdout:
        
        
        Terraform used the selected providers to generate the following execution
        plan. Resource actions are indicated with the following symbols:
          ~ update in-place
        
        Terraform will perform the following actions:
        
          # rancher2_dev.required will be updated in-place
          ~ resource "rancher2_dev" "required" {
              ~ float32_attribute  = 0 -> (known after apply)
              ~ float64_attribute  = 0 -> (known after apply)
                id                 = "required_test"
              ~ int32_attribute    = 1 -> (known after apply)
              ~ int64_attribute    = 0 -> (known after apply)
              ~ list_attribute     = [] -> (known after apply)
              ~ map_attribute      = {} -> (known after apply)
              ~ nested_object      = {
                  ~ nested_nested_object = {
                      ~ bool_attribute   = false -> (known after apply)
                      ~ string_attribute = "" -> (known after apply)
                    } -> (known after apply)
                  ~ string_attribute     = "" -> (known after apply)
                } -> (known after apply)
              ~ nested_object_list = [] -> (known after apply)
              ~ nested_object_map  = {} -> (known after apply)
              ~ set_attribute      = [] -> (known after apply)
                # (3 unchanged attributes hidden)
            }
        
        Plan: 0 to add, 1 to change, 0 to destroy.
2026-03-20T14:45:46.948-0500 [TRACE] sdk.helper_resource: Creating tfprotov6 provider instance: test_step_number=1 test_name=TestAccDevResource tf_provider_addr=registry.terraform.io/hashicorp/rancher2 test_terraform_path=/Users/mtrachier/bin/terraform test_working_directory=/Users/mtrachier/go/src/github.com/rancher/terraform-provider-rancher2/test/short/data/U5Noiq-VXrAXi/data
2026-03-20T14:45:46.948-0500 [TRACE] sdk.helper_resource: Created tfprotov6 provider instance: test_terraform_path=/Users/mtrachier/bin/terraform test_working_directory=/Users/mtrachier/go/src/github.com/rancher/terraform-provider-rancher2/test/short/data/U5Noiq-VXrAXi/data test_step_number=1 tf_provider_addr=registry.terraform.io/hashicorp/rancher2 test_name=TestAccDevResource
2026-03-20T14:45:46.948-0500 [TRACE] sdk.helper_resource: Starting tfprotov6 provider instance server: tf_provider_addr=registry.terraform.io/hashicorp/rancher2 test_step_number=1 test_name=TestAccDevResource test_terraform_path=/Users/mtrachier/bin/terraform test_working_directory=/Users/mtrachier/go/src/github.com/rancher/terraform-provider-rancher2/test/short/data/U5Noiq-VXrAXi/data
2026-03-20T14:45:46.948-0500 [TRACE] sdk.helper_resource: Started tfprotov6 provider instance server: test_name=TestAccDevResource test_terraform_path=/Users/mtrachier/bin/terraform test_working_directory=/Users/mtrachier/go/src/github.com/rancher/terraform-provider-rancher2/test/short/data/U5Noiq-VXrAXi/data test_step_number=1 tf_provider_addr=registry.terraform.io/hashicorp/rancher2
2026-03-20T14:45:46.948-0500 [TRACE] sdk.helper_resource: Setting Terraform CLI reattach configuration: test_working_directory=/Users/mtrachier/go/src/github.com/rancher/terraform-provider-rancher2/test/short/data/U5Noiq-VXrAXi/data test_step_number=1 test_name=TestAccDevResource test_terraform_path=/Users/mtrachier/bin/terraform tf_reattach_config="map[registry.terraform.io/-/rancher2:{grpc 6 60731 true {unix /tmp/nix-shell.rhM2cr/plugin3641974967}} registry.terraform.io/hashicorp/rancher2:{grpc 6 60731 true {unix /tmp/nix-shell.rhM2cr/plugin3641974967}}]"
2026-03-20T14:45:46.948-0500 [TRACE] sdk.helper_resource: Calling wrapped Terraform CLI command: test_step_number=1 test_name=TestAccDevResource test_terraform_path=/Users/mtrachier/bin/terraform test_working_directory=/Users/mtrachier/go/src/github.com/rancher/terraform-provider-rancher2/test/short/data/U5Noiq-VXrAXi/data
2026-03-20T14:45:46.948-0500 [TRACE] sdk.helper_resource: Calling Terraform CLI show command for JSON state: test_terraform_path=/Users/mtrachier/bin/terraform test_working_directory=/Users/mtrachier/go/src/github.com/rancher/terraform-provider-rancher2/test/short/data/U5Noiq-VXrAXi/data test_step_number=1 test_name=TestAccDevResource
2026-03-20T14:45:46.979-0500 [TRACE] sdk.proto: Received request: tf_req_id=676c3274-ed44-e96d-50b9-0f31c4d4abad tf_provider_addr=registry.terraform.io/hashicorp/rancher2 tf_proto_version=6.11 tf_rpc=GetProviderSchema
2026-03-20T14:45:46.979-0500 [TRACE] sdk.proto: Sending request downstream: tf_req_id=676c3274-ed44-e96d-50b9-0f31c4d4abad tf_provider_addr=registry.terraform.io/hashicorp/rancher2 tf_proto_version=6.11 tf_rpc=GetProviderSchema
2026-03-20T14:45:46.979-0500 [TRACE] sdk.framework: Checking ProviderSchema lock: tf_req_id=676c3274-ed44-e96d-50b9-0f31c4d4abad tf_provider_addr=registry.terraform.io/hashicorp/rancher2 tf_rpc=GetProviderSchema
2026-03-20T14:45:46.979-0500 [TRACE] sdk.framework: Calling provider defined Provider Schema: tf_req_id=676c3274-ed44-e96d-50b9-0f31c4d4abad tf_provider_addr=registry.terraform.io/hashicorp/rancher2 tf_rpc=GetProviderSchema
2026-03-20T14:45:46.979-0500 [TRACE] sdk.framework: Called provider defined Provider Schema: tf_req_id=676c3274-ed44-e96d-50b9-0f31c4d4abad tf_provider_addr=registry.terraform.io/hashicorp/rancher2 tf_rpc=GetProviderSchema
2026-03-20T14:45:46.979-0500 [TRACE] sdk.framework: Checking ResourceTypes lock: tf_req_id=676c3274-ed44-e96d-50b9-0f31c4d4abad tf_provider_addr=registry.terraform.io/hashicorp/rancher2 tf_rpc=GetProviderSchema
2026-03-20T14:45:46.979-0500 [TRACE] sdk.framework: Checking ProviderTypeName lock: tf_rpc=GetProviderSchema tf_req_id=676c3274-ed44-e96d-50b9-0f31c4d4abad tf_provider_addr=registry.terraform.io/hashicorp/rancher2
2026-03-20T14:45:46.979-0500 [TRACE] sdk.framework: Calling provider defined Provider Metadata: tf_rpc=GetProviderSchema tf_req_id=676c3274-ed44-e96d-50b9-0f31c4d4abad tf_provider_addr=registry.terraform.io/hashicorp/rancher2
2026-03-20T14:45:46.979-0500 [TRACE] sdk.framework: Called provider defined Provider Metadata: tf_req_id=676c3274-ed44-e96d-50b9-0f31c4d4abad tf_provider_addr=registry.terraform.io/hashicorp/rancher2 tf_rpc=GetProviderSchema
2026-03-20T14:45:46.979-0500 [TRACE] sdk.framework: Calling provider defined Provider Resources: tf_rpc=GetProviderSchema tf_req_id=676c3274-ed44-e96d-50b9-0f31c4d4abad tf_provider_addr=registry.terraform.io/hashicorp/rancher2
2026-03-20T14:45:46.979-0500 [TRACE] sdk.framework: Called provider defined Provider Resources: tf_provider_addr=registry.terraform.io/hashicorp/rancher2 tf_rpc=GetProviderSchema tf_req_id=676c3274-ed44-e96d-50b9-0f31c4d4abad
2026-03-20T14:45:46.979-0500 [TRACE] sdk.framework: Found resource type: tf_resource_type=rancher2_dev tf_req_id=676c3274-ed44-e96d-50b9-0f31c4d4abad tf_provider_addr=registry.terraform.io/hashicorp/rancher2 tf_rpc=GetProviderSchema
2026-03-20T14:45:46.979-0500 [TRACE] sdk.framework: Found resource type: tf_req_id=676c3274-ed44-e96d-50b9-0f31c4d4abad tf_provider_addr=registry.terraform.io/hashicorp/rancher2 tf_rpc=GetProviderSchema tf_resource_type=rancher2_login
2026-03-20T14:45:46.979-0500 [TRACE] sdk.framework: Calling provider defined Resource Schema method: tf_rpc=GetProviderSchema tf_resource_type=rancher2_dev tf_req_id=676c3274-ed44-e96d-50b9-0f31c4d4abad tf_provider_addr=registry.terraform.io/hashicorp/rancher2
2026-03-20T14:45:46.979-0500 [TRACE] sdk.framework: Called provider defined Resource Schema method: tf_rpc=GetProviderSchema tf_resource_type=rancher2_dev tf_req_id=676c3274-ed44-e96d-50b9-0f31c4d4abad tf_provider_addr=registry.terraform.io/hashicorp/rancher2
2026-03-20T14:45:46.979-0500 [TRACE] sdk.framework: Calling provider defined Resource Schema method: tf_req_id=676c3274-ed44-e96d-50b9-0f31c4d4abad tf_provider_addr=registry.terraform.io/hashicorp/rancher2 tf_rpc=GetProviderSchema tf_resource_type=rancher2_login
2026-03-20T14:45:46.979-0500 [TRACE] sdk.framework: Called provider defined Resource Schema method: tf_req_id=676c3274-ed44-e96d-50b9-0f31c4d4abad tf_resource_type=rancher2_login tf_provider_addr=registry.terraform.io/hashicorp/rancher2 tf_rpc=GetProviderSchema
2026-03-20T14:45:46.979-0500 [TRACE] sdk.framework: Checking DataSourceTypes lock: tf_req_id=676c3274-ed44-e96d-50b9-0f31c4d4abad tf_provider_addr=registry.terraform.io/hashicorp/rancher2 tf_rpc=GetProviderSchema
2026-03-20T14:45:46.979-0500 [TRACE] sdk.framework: Checking ProviderTypeName lock: tf_provider_addr=registry.terraform.io/hashicorp/rancher2 tf_rpc=GetProviderSchema tf_req_id=676c3274-ed44-e96d-50b9-0f31c4d4abad
2026-03-20T14:45:46.979-0500 [TRACE] sdk.framework: Calling provider defined Provider DataSources: tf_req_id=676c3274-ed44-e96d-50b9-0f31c4d4abad tf_provider_addr=registry.terraform.io/hashicorp/rancher2 tf_rpc=GetProviderSchema
2026-03-20T14:45:46.979-0500 [TRACE] sdk.framework: Called provider defined Provider DataSources: tf_req_id=676c3274-ed44-e96d-50b9-0f31c4d4abad tf_provider_addr=registry.terraform.io/hashicorp/rancher2 tf_rpc=GetProviderSchema
2026-03-20T14:45:46.979-0500 [TRACE] sdk.framework: Checking FunctionTypes lock: tf_provider_addr=registry.terraform.io/hashicorp/rancher2 tf_rpc=GetProviderSchema tf_req_id=676c3274-ed44-e96d-50b9-0f31c4d4abad
2026-03-20T14:45:46.979-0500 [TRACE] sdk.framework: Checking EphemeralResourceFuncs lock: tf_req_id=676c3274-ed44-e96d-50b9-0f31c4d4abad tf_provider_addr=registry.terraform.io/hashicorp/rancher2 tf_rpc=GetProviderSchema
2026-03-20T14:45:46.979-0500 [TRACE] sdk.framework: Checking ProviderTypeName lock: tf_req_id=676c3274-ed44-e96d-50b9-0f31c4d4abad tf_provider_addr=registry.terraform.io/hashicorp/rancher2 tf_rpc=GetProviderSchema
2026-03-20T14:45:46.979-0500 [TRACE] sdk.framework: Checking ActionFuncs lock: tf_req_id=676c3274-ed44-e96d-50b9-0f31c4d4abad tf_provider_addr=registry.terraform.io/hashicorp/rancher2 tf_rpc=GetProviderSchema
2026-03-20T14:45:46.979-0500 [TRACE] sdk.framework: Checking ProviderTypeName lock: tf_req_id=676c3274-ed44-e96d-50b9-0f31c4d4abad tf_provider_addr=registry.terraform.io/hashicorp/rancher2 tf_rpc=GetProviderSchema
2026-03-20T14:45:46.979-0500 [TRACE] sdk.framework: Checking StateStoreFuncs lock: tf_req_id=676c3274-ed44-e96d-50b9-0f31c4d4abad tf_provider_addr=registry.terraform.io/hashicorp/rancher2 tf_rpc=GetProviderSchema
2026-03-20T14:45:46.979-0500 [TRACE] sdk.framework: Checking ProviderTypeName lock: tf_rpc=GetProviderSchema tf_req_id=676c3274-ed44-e96d-50b9-0f31c4d4abad tf_provider_addr=registry.terraform.io/hashicorp/rancher2
2026-03-20T14:45:46.980-0500 [TRACE] sdk.proto: Received downstream response: tf_proto_version=6.11 diagnostic_error_count=0 diagnostic_warning_count=0 tf_req_duration_ms=0 tf_rpc=GetProviderSchema tf_req_id=676c3274-ed44-e96d-50b9-0f31c4d4abad tf_provider_addr=registry.terraform.io/hashicorp/rancher2
2026-03-20T14:45:46.980-0500 [TRACE] sdk.proto: Announced server capabilities: tf_proto_version=6.11 tf_rpc=GetProviderSchema tf_server_capability_get_provider_schema_optional=true tf_server_capability_move_resource_state=true tf_server_capability_plan_destroy=true tf_req_id=676c3274-ed44-e96d-50b9-0f31c4d4abad tf_provider_addr=registry.terraform.io/hashicorp/rancher2
2026-03-20T14:45:46.980-0500 [TRACE] sdk.proto: Served request: tf_proto_version=6.11 tf_rpc=GetProviderSchema tf_req_id=676c3274-ed44-e96d-50b9-0f31c4d4abad tf_provider_addr=registry.terraform.io/hashicorp/rancher2
2026-03-20T14:45:46.982-0500 [TRACE] sdk.helper_resource: Called Terraform CLI show command for JSON state: test_step_number=1 test_name=TestAccDevResource test_terraform_path=/Users/mtrachier/bin/terraform test_working_directory=/Users/mtrachier/go/src/github.com/rancher/terraform-provider-rancher2/test/short/data/U5Noiq-VXrAXi/data
2026-03-20T14:45:46.982-0500 [TRACE] sdk.helper_resource: Called wrapped Terraform CLI command: test_name=TestAccDevResource test_terraform_path=/Users/mtrachier/bin/terraform test_working_directory=/Users/mtrachier/go/src/github.com/rancher/terraform-provider-rancher2/test/short/data/U5Noiq-VXrAXi/data test_step_number=1
2026-03-20T14:45:46.982-0500 [TRACE] sdk.helper_resource: Stopping providers: test_terraform_path=/Users/mtrachier/bin/terraform test_working_directory=/Users/mtrachier/go/src/github.com/rancher/terraform-provider-rancher2/test/short/data/U5Noiq-VXrAXi/data test_step_number=1 test_name=TestAccDevResource
2026-03-20T14:45:46.982-0500 [TRACE] sdk.helper_resource: Waiting for providers to stop: test_terraform_path=/Users/mtrachier/bin/terraform test_working_directory=/Users/mtrachier/go/src/github.com/rancher/terraform-provider-rancher2/test/short/data/U5Noiq-VXrAXi/data test_step_number=1 test_name=TestAccDevResource
2026-03-20T14:45:46.982-0500 [TRACE] sdk.helper_resource: Providers have successfully stopped: test_terraform_path=/Users/mtrachier/bin/terraform test_working_directory=/Users/mtrachier/go/src/github.com/rancher/terraform-provider-rancher2/test/short/data/U5Noiq-VXrAXi/data test_step_number=1 test_name=TestAccDevResource
2026-03-20T14:45:46.983-0500 [TRACE] sdk.helper_resource: Creating tfprotov6 provider instance: test_step_number=1 tf_provider_addr=registry.terraform.io/hashicorp/rancher2 test_name=TestAccDevResource test_terraform_path=/Users/mtrachier/bin/terraform test_working_directory=/Users/mtrachier/go/src/github.com/rancher/terraform-provider-rancher2/test/short/data/U5Noiq-VXrAXi/data
2026-03-20T14:45:46.983-0500 [TRACE] sdk.helper_resource: Created tfprotov6 provider instance: test_step_number=1 test_name=TestAccDevResource test_terraform_path=/Users/mtrachier/bin/terraform test_working_directory=/Users/mtrachier/go/src/github.com/rancher/terraform-provider-rancher2/test/short/data/U5Noiq-VXrAXi/data tf_provider_addr=registry.terraform.io/hashicorp/rancher2
2026-03-20T14:45:46.983-0500 [TRACE] sdk.helper_resource: Starting tfprotov6 provider instance server: test_name=TestAccDevResource test_terraform_path=/Users/mtrachier/bin/terraform test_working_directory=/Users/mtrachier/go/src/github.com/rancher/terraform-provider-rancher2/test/short/data/U5Noiq-VXrAXi/data test_step_number=1 tf_provider_addr=registry.terraform.io/hashicorp/rancher2
2026-03-20T14:45:46.983-0500 [TRACE] sdk.helper_resource: Started tfprotov6 provider instance server: test_step_number=1 test_name=TestAccDevResource test_terraform_path=/Users/mtrachier/bin/terraform test_working_directory=/Users/mtrachier/go/src/github.com/rancher/terraform-provider-rancher2/test/short/data/U5Noiq-VXrAXi/data tf_provider_addr=registry.terraform.io/hashicorp/rancher2
2026-03-20T14:45:46.983-0500 [TRACE] sdk.helper_resource: Setting Terraform CLI reattach configuration: test_terraform_path=/Users/mtrachier/bin/terraform test_working_directory=/Users/mtrachier/go/src/github.com/rancher/terraform-provider-rancher2/test/short/data/U5Noiq-VXrAXi/data test_step_number=1 tf_reattach_config="map[registry.terraform.io/-/rancher2:{grpc 6 60731 true {unix /tmp/nix-shell.rhM2cr/plugin2643659739}} registry.terraform.io/hashicorp/rancher2:{grpc 6 60731 true {unix /tmp/nix-shell.rhM2cr/plugin2643659739}}]" test_name=TestAccDevResource
2026-03-20T14:45:46.983-0500 [TRACE] sdk.helper_resource: Calling wrapped Terraform CLI command: test_working_directory=/Users/mtrachier/go/src/github.com/rancher/terraform-provider-rancher2/test/short/data/U5Noiq-VXrAXi/data test_step_number=1 test_name=TestAccDevResource test_terraform_path=/Users/mtrachier/bin/terraform
2026-03-20T14:45:46.983-0500 [TRACE] sdk.helper_resource: Calling Terraform CLI destroy command: test_name=TestAccDevResource test_terraform_path=/Users/mtrachier/bin/terraform test_working_directory=/Users/mtrachier/go/src/github.com/rancher/terraform-provider-rancher2/test/short/data/U5Noiq-VXrAXi/data test_step_number=1
2026-03-20T14:45:47.016-0500 [TRACE] sdk.proto: Received request: tf_provider_addr=registry.terraform.io/hashicorp/rancher2 tf_req_id=3a6fd2c1-113b-b0b3-533b-6e592917f0c1 tf_rpc=GetProviderSchema tf_proto_version=6.11
2026-03-20T14:45:47.016-0500 [TRACE] sdk.proto: Sending request downstream: tf_provider_addr=registry.terraform.io/hashicorp/rancher2 tf_req_id=3a6fd2c1-113b-b0b3-533b-6e592917f0c1 tf_rpc=GetProviderSchema tf_proto_version=6.11
2026-03-20T14:45:47.016-0500 [TRACE] sdk.framework: Checking ProviderSchema lock: tf_rpc=GetProviderSchema tf_req_id=3a6fd2c1-113b-b0b3-533b-6e592917f0c1 tf_provider_addr=registry.terraform.io/hashicorp/rancher2
2026-03-20T14:45:47.016-0500 [TRACE] sdk.framework: Calling provider defined Provider Schema: tf_req_id=3a6fd2c1-113b-b0b3-533b-6e592917f0c1 tf_provider_addr=registry.terraform.io/hashicorp/rancher2 tf_rpc=GetProviderSchema
2026-03-20T14:45:47.016-0500 [TRACE] sdk.framework: Called provider defined Provider Schema: tf_req_id=3a6fd2c1-113b-b0b3-533b-6e592917f0c1 tf_provider_addr=registry.terraform.io/hashicorp/rancher2 tf_rpc=GetProviderSchema
2026-03-20T14:45:47.016-0500 [TRACE] sdk.framework: Checking ResourceTypes lock: tf_rpc=GetProviderSchema tf_req_id=3a6fd2c1-113b-b0b3-533b-6e592917f0c1 tf_provider_addr=registry.terraform.io/hashicorp/rancher2
2026-03-20T14:45:47.016-0500 [TRACE] sdk.framework: Checking ProviderTypeName lock: tf_req_id=3a6fd2c1-113b-b0b3-533b-6e592917f0c1 tf_provider_addr=registry.terraform.io/hashicorp/rancher2 tf_rpc=GetProviderSchema
2026-03-20T14:45:47.016-0500 [TRACE] sdk.framework: Calling provider defined Provider Metadata: tf_provider_addr=registry.terraform.io/hashicorp/rancher2 tf_rpc=GetProviderSchema tf_req_id=3a6fd2c1-113b-b0b3-533b-6e592917f0c1
2026-03-20T14:45:47.016-0500 [TRACE] sdk.framework: Called provider defined Provider Metadata: tf_req_id=3a6fd2c1-113b-b0b3-533b-6e592917f0c1 tf_provider_addr=registry.terraform.io/hashicorp/rancher2 tf_rpc=GetProviderSchema
2026-03-20T14:45:47.016-0500 [TRACE] sdk.framework: Calling provider defined Provider Resources: tf_rpc=GetProviderSchema tf_req_id=3a6fd2c1-113b-b0b3-533b-6e592917f0c1 tf_provider_addr=registry.terraform.io/hashicorp/rancher2
2026-03-20T14:45:47.016-0500 [TRACE] sdk.framework: Called provider defined Provider Resources: tf_rpc=GetProviderSchema tf_req_id=3a6fd2c1-113b-b0b3-533b-6e592917f0c1 tf_provider_addr=registry.terraform.io/hashicorp/rancher2
2026-03-20T14:45:47.016-0500 [TRACE] sdk.framework: Found resource type: tf_req_id=3a6fd2c1-113b-b0b3-533b-6e592917f0c1 tf_provider_addr=registry.terraform.io/hashicorp/rancher2 tf_rpc=GetProviderSchema tf_resource_type=rancher2_dev
2026-03-20T14:45:47.016-0500 [TRACE] sdk.framework: Found resource type: tf_rpc=GetProviderSchema tf_resource_type=rancher2_login tf_req_id=3a6fd2c1-113b-b0b3-533b-6e592917f0c1 tf_provider_addr=registry.terraform.io/hashicorp/rancher2
2026-03-20T14:45:47.016-0500 [TRACE] sdk.framework: Calling provider defined Resource Schema method: tf_req_id=3a6fd2c1-113b-b0b3-533b-6e592917f0c1 tf_provider_addr=registry.terraform.io/hashicorp/rancher2 tf_rpc=GetProviderSchema tf_resource_type=rancher2_dev
2026-03-20T14:45:47.016-0500 [TRACE] sdk.framework: Called provider defined Resource Schema method: tf_req_id=3a6fd2c1-113b-b0b3-533b-6e592917f0c1 tf_provider_addr=registry.terraform.io/hashicorp/rancher2 tf_rpc=GetProviderSchema tf_resource_type=rancher2_dev
2026-03-20T14:45:47.016-0500 [TRACE] sdk.framework: Calling provider defined Resource Schema method: tf_req_id=3a6fd2c1-113b-b0b3-533b-6e592917f0c1 tf_provider_addr=registry.terraform.io/hashicorp/rancher2 tf_rpc=GetProviderSchema tf_resource_type=rancher2_login
2026-03-20T14:45:47.016-0500 [TRACE] sdk.framework: Called provider defined Resource Schema method: tf_provider_addr=registry.terraform.io/hashicorp/rancher2 tf_rpc=GetProviderSchema tf_resource_type=rancher2_login tf_req_id=3a6fd2c1-113b-b0b3-533b-6e592917f0c1
2026-03-20T14:45:47.016-0500 [TRACE] sdk.framework: Checking DataSourceTypes lock: tf_req_id=3a6fd2c1-113b-b0b3-533b-6e592917f0c1 tf_provider_addr=registry.terraform.io/hashicorp/rancher2 tf_rpc=GetProviderSchema
2026-03-20T14:45:47.016-0500 [TRACE] sdk.framework: Checking ProviderTypeName lock: tf_rpc=GetProviderSchema tf_req_id=3a6fd2c1-113b-b0b3-533b-6e592917f0c1 tf_provider_addr=registry.terraform.io/hashicorp/rancher2
2026-03-20T14:45:47.016-0500 [TRACE] sdk.framework: Calling provider defined Provider DataSources: tf_req_id=3a6fd2c1-113b-b0b3-533b-6e592917f0c1 tf_provider_addr=registry.terraform.io/hashicorp/rancher2 tf_rpc=GetProviderSchema
2026-03-20T14:45:47.016-0500 [TRACE] sdk.framework: Called provider defined Provider DataSources: tf_req_id=3a6fd2c1-113b-b0b3-533b-6e592917f0c1 tf_provider_addr=registry.terraform.io/hashicorp/rancher2 tf_rpc=GetProviderSchema
2026-03-20T14:45:47.016-0500 [TRACE] sdk.framework: Checking FunctionTypes lock: tf_req_id=3a6fd2c1-113b-b0b3-533b-6e592917f0c1 tf_provider_addr=registry.terraform.io/hashicorp/rancher2 tf_rpc=GetProviderSchema
2026-03-20T14:45:47.016-0500 [TRACE] sdk.framework: Checking EphemeralResourceFuncs lock: tf_provider_addr=registry.terraform.io/hashicorp/rancher2 tf_rpc=GetProviderSchema tf_req_id=3a6fd2c1-113b-b0b3-533b-6e592917f0c1
2026-03-20T14:45:47.016-0500 [TRACE] sdk.framework: Checking ProviderTypeName lock: tf_req_id=3a6fd2c1-113b-b0b3-533b-6e592917f0c1 tf_provider_addr=registry.terraform.io/hashicorp/rancher2 tf_rpc=GetProviderSchema
2026-03-20T14:45:47.016-0500 [TRACE] sdk.framework: Checking ActionFuncs lock: tf_req_id=3a6fd2c1-113b-b0b3-533b-6e592917f0c1 tf_provider_addr=registry.terraform.io/hashicorp/rancher2 tf_rpc=GetProviderSchema
2026-03-20T14:45:47.016-0500 [TRACE] sdk.framework: Checking ProviderTypeName lock: tf_rpc=GetProviderSchema tf_req_id=3a6fd2c1-113b-b0b3-533b-6e592917f0c1 tf_provider_addr=registry.terraform.io/hashicorp/rancher2
2026-03-20T14:45:47.016-0500 [TRACE] sdk.framework: Checking StateStoreFuncs lock: tf_rpc=GetProviderSchema tf_req_id=3a6fd2c1-113b-b0b3-533b-6e592917f0c1 tf_provider_addr=registry.terraform.io/hashicorp/rancher2
2026-03-20T14:45:47.016-0500 [TRACE] sdk.framework: Checking ProviderTypeName lock: tf_req_id=3a6fd2c1-113b-b0b3-533b-6e592917f0c1 tf_provider_addr=registry.terraform.io/hashicorp/rancher2 tf_rpc=GetProviderSchema
2026-03-20T14:45:47.016-0500 [TRACE] sdk.proto: Received downstream response: diagnostic_error_count=0 diagnostic_warning_count=0 tf_req_duration_ms=0 tf_proto_version=6.11 tf_provider_addr=registry.terraform.io/hashicorp/rancher2 tf_req_id=3a6fd2c1-113b-b0b3-533b-6e592917f0c1 tf_rpc=GetProviderSchema
2026-03-20T14:45:47.016-0500 [TRACE] sdk.proto: Announced server capabilities: tf_req_id=3a6fd2c1-113b-b0b3-533b-6e592917f0c1 tf_rpc=GetProviderSchema tf_server_capability_get_provider_schema_optional=true tf_server_capability_move_resource_state=true tf_server_capability_plan_destroy=true tf_proto_version=6.11 tf_provider_addr=registry.terraform.io/hashicorp/rancher2
2026-03-20T14:45:47.016-0500 [TRACE] sdk.proto: Served request: tf_req_id=3a6fd2c1-113b-b0b3-533b-6e592917f0c1 tf_rpc=GetProviderSchema tf_proto_version=6.11 tf_provider_addr=registry.terraform.io/hashicorp/rancher2
2026-03-20T14:45:47.018-0500 [TRACE] sdk.proto: Received request: tf_req_id=299c1cd0-00e3-77c2-7fa4-31bac9c07061 tf_provider_addr=registry.terraform.io/hashicorp/rancher2 tf_proto_version=6.11 tf_rpc=GetProviderSchema
2026-03-20T14:45:47.018-0500 [TRACE] sdk.proto: Sending request downstream: tf_req_id=299c1cd0-00e3-77c2-7fa4-31bac9c07061 tf_provider_addr=registry.terraform.io/hashicorp/rancher2 tf_proto_version=6.11 tf_rpc=GetProviderSchema
2026-03-20T14:45:47.018-0500 [TRACE] sdk.framework: Checking ProviderSchema lock: tf_req_id=299c1cd0-00e3-77c2-7fa4-31bac9c07061 tf_provider_addr=registry.terraform.io/hashicorp/rancher2 tf_rpc=GetProviderSchema
2026-03-20T14:45:47.018-0500 [TRACE] sdk.framework: Checking ResourceTypes lock: tf_provider_addr=registry.terraform.io/hashicorp/rancher2 tf_rpc=GetProviderSchema tf_req_id=299c1cd0-00e3-77c2-7fa4-31bac9c07061
2026-03-20T14:45:47.018-0500 [TRACE] sdk.framework: Calling provider defined Resource Schema method: tf_rpc=GetProviderSchema tf_resource_type=rancher2_dev tf_req_id=299c1cd0-00e3-77c2-7fa4-31bac9c07061 tf_provider_addr=registry.terraform.io/hashicorp/rancher2
2026-03-20T14:45:47.018-0500 [TRACE] sdk.framework: Called provider defined Resource Schema method: tf_provider_addr=registry.terraform.io/hashicorp/rancher2 tf_rpc=GetProviderSchema tf_resource_type=rancher2_dev tf_req_id=299c1cd0-00e3-77c2-7fa4-31bac9c07061
2026-03-20T14:45:47.018-0500 [TRACE] sdk.framework: Calling provider defined Resource Schema method: tf_resource_type=rancher2_login tf_req_id=299c1cd0-00e3-77c2-7fa4-31bac9c07061 tf_provider_addr=registry.terraform.io/hashicorp/rancher2 tf_rpc=GetProviderSchema
2026-03-20T14:45:47.018-0500 [TRACE] sdk.framework: Called provider defined Resource Schema method: tf_rpc=GetProviderSchema tf_resource_type=rancher2_login tf_req_id=299c1cd0-00e3-77c2-7fa4-31bac9c07061 tf_provider_addr=registry.terraform.io/hashicorp/rancher2
2026-03-20T14:45:47.018-0500 [TRACE] sdk.framework: Checking DataSourceTypes lock: tf_req_id=299c1cd0-00e3-77c2-7fa4-31bac9c07061 tf_provider_addr=registry.terraform.io/hashicorp/rancher2 tf_rpc=GetProviderSchema
2026-03-20T14:45:47.018-0500 [TRACE] sdk.framework: Checking FunctionTypes lock: tf_req_id=299c1cd0-00e3-77c2-7fa4-31bac9c07061 tf_provider_addr=registry.terraform.io/hashicorp/rancher2 tf_rpc=GetProviderSchema
2026-03-20T14:45:47.018-0500 [TRACE] sdk.framework: Checking EphemeralResourceFuncs lock: tf_req_id=299c1cd0-00e3-77c2-7fa4-31bac9c07061 tf_provider_addr=registry.terraform.io/hashicorp/rancher2 tf_rpc=GetProviderSchema
2026-03-20T14:45:47.018-0500 [TRACE] sdk.framework: Checking ActionFuncs lock: tf_provider_addr=registry.terraform.io/hashicorp/rancher2 tf_rpc=GetProviderSchema tf_req_id=299c1cd0-00e3-77c2-7fa4-31bac9c07061
2026-03-20T14:45:47.018-0500 [TRACE] sdk.framework: Checking StateStoreFuncs lock: tf_req_id=299c1cd0-00e3-77c2-7fa4-31bac9c07061 tf_provider_addr=registry.terraform.io/hashicorp/rancher2 tf_rpc=GetProviderSchema
2026-03-20T14:45:47.018-0500 [TRACE] sdk.proto: Received downstream response: tf_rpc=GetProviderSchema tf_req_id=299c1cd0-00e3-77c2-7fa4-31bac9c07061 tf_provider_addr=registry.terraform.io/hashicorp/rancher2 tf_proto_version=6.11 tf_req_duration_ms=0 diagnostic_error_count=0 diagnostic_warning_count=0
2026-03-20T14:45:47.018-0500 [TRACE] sdk.proto: Announced server capabilities: tf_provider_addr=registry.terraform.io/hashicorp/rancher2 tf_server_capability_move_resource_state=true tf_server_capability_plan_destroy=true tf_server_capability_get_provider_schema_optional=true tf_proto_version=6.11 tf_rpc=GetProviderSchema tf_req_id=299c1cd0-00e3-77c2-7fa4-31bac9c07061
2026-03-20T14:45:47.018-0500 [TRACE] sdk.proto: Served request: tf_req_id=299c1cd0-00e3-77c2-7fa4-31bac9c07061 tf_provider_addr=registry.terraform.io/hashicorp/rancher2 tf_proto_version=6.11 tf_rpc=GetProviderSchema
2026-03-20T14:45:47.018-0500 [TRACE] sdk.proto: Received request: tf_provider_addr=registry.terraform.io/hashicorp/rancher2 tf_proto_version=6.11 tf_rpc=ValidateResourceConfig tf_resource_type=rancher2_dev tf_req_id=622ed680-d2e7-62c9-c843-834673d2b4f0
2026-03-20T14:45:47.018-0500 [TRACE] sdk.proto: No announced client capabilities: tf_req_id=622ed680-d2e7-62c9-c843-834673d2b4f0 tf_provider_addr=registry.terraform.io/hashicorp/rancher2 tf_proto_version=6.11 tf_rpc=ValidateResourceConfig tf_resource_type=rancher2_dev
2026-03-20T14:45:47.018-0500 [TRACE] sdk.proto: Sending request downstream: tf_req_id=622ed680-d2e7-62c9-c843-834673d2b4f0 tf_provider_addr=registry.terraform.io/hashicorp/rancher2 tf_proto_version=6.11 tf_rpc=ValidateResourceConfig tf_resource_type=rancher2_dev
2026-03-20T14:45:47.018-0500 [TRACE] sdk.framework: Checking ResourceTypes lock: tf_req_id=622ed680-d2e7-62c9-c843-834673d2b4f0 tf_provider_addr=registry.terraform.io/hashicorp/rancher2 tf_rpc=ValidateResourceConfig tf_resource_type=rancher2_dev
2026-03-20T14:45:47.018-0500 [TRACE] sdk.framework: Checking ResourceTypes lock: tf_resource_type=rancher2_dev tf_req_id=622ed680-d2e7-62c9-c843-834673d2b4f0 tf_provider_addr=registry.terraform.io/hashicorp/rancher2 tf_rpc=ValidateResourceConfig
2026-03-20T14:45:47.018-0500 [TRACE] sdk.framework: Calling provider defined Resource Schema method: tf_req_id=622ed680-d2e7-62c9-c843-834673d2b4f0 tf_provider_addr=registry.terraform.io/hashicorp/rancher2 tf_rpc=ValidateResourceConfig tf_resource_type=rancher2_dev
2026-03-20T14:45:47.018-0500 [TRACE] sdk.framework: Called provider defined Resource Schema method: tf_rpc=ValidateResourceConfig tf_resource_type=rancher2_dev tf_req_id=622ed680-d2e7-62c9-c843-834673d2b4f0 tf_provider_addr=registry.terraform.io/hashicorp/rancher2
2026-03-20T14:45:47.018-0500 [TRACE] sdk.framework: Resource implements ResourceWithConfigure: tf_req_id=622ed680-d2e7-62c9-c843-834673d2b4f0 tf_provider_addr=registry.terraform.io/hashicorp/rancher2 tf_rpc=ValidateResourceConfig tf_resource_type=rancher2_dev
2026-03-20T14:45:47.018-0500 [TRACE] sdk.framework: Calling provider defined Resource Configure: tf_req_id=622ed680-d2e7-62c9-c843-834673d2b4f0 tf_provider_addr=registry.terraform.io/hashicorp/rancher2 tf_rpc=ValidateResourceConfig tf_resource_type=rancher2_dev
2026-03-20T14:45:47.018-0500 [DEBUG] rancher2: Rancher2_Dev_Resource Configure request: resource.ConfigureRequest{ProviderData:interface {}(nil)}: tf_provider_addr=registry.terraform.io/hashicorp/rancher2 tf_rpc=ValidateResourceConfig tf_resource_type=rancher2_dev tf_req_id=622ed680-d2e7-62c9-c843-834673d2b4f0
2026-03-20T14:45:47.018-0500 [DEBUG] rancher2: Rancher2_Dev_Resource Configure object: &rancher2_dev.RancherDevResource{client:client.Client(nil)}: tf_provider_addr=registry.terraform.io/hashicorp/rancher2 tf_rpc=ValidateResourceConfig tf_resource_type=rancher2_dev tf_req_id=622ed680-d2e7-62c9-c843-834673d2b4f0
2026-03-20T14:45:47.019-0500 [TRACE] sdk.framework: Called provider defined Resource Configure: tf_resource_type=rancher2_dev tf_req_id=622ed680-d2e7-62c9-c843-834673d2b4f0 tf_provider_addr=registry.terraform.io/hashicorp/rancher2 tf_rpc=ValidateResourceConfig
2026-03-20T14:45:47.019-0500 [TRACE] sdk.framework: Type implements TypeWithValidate: tf_resource_type=rancher2_dev tf_attribute_path=int64_attribute tf_req_id=622ed680-d2e7-62c9-c843-834673d2b4f0 tf_provider_addr=registry.terraform.io/hashicorp/rancher2 tf_rpc=ValidateResourceConfig
2026-03-20T14:45:47.019-0500 [TRACE] sdk.framework: Calling provider defined Type Validate: tf_req_id=622ed680-d2e7-62c9-c843-834673d2b4f0 tf_provider_addr=registry.terraform.io/hashicorp/rancher2 tf_rpc=ValidateResourceConfig tf_resource_type=rancher2_dev tf_attribute_path=int64_attribute
2026-03-20T14:45:47.019-0500 [TRACE] sdk.framework: Called provider defined Type Validate: tf_provider_addr=registry.terraform.io/hashicorp/rancher2 tf_rpc=ValidateResourceConfig tf_resource_type=rancher2_dev tf_attribute_path=int64_attribute tf_req_id=622ed680-d2e7-62c9-c843-834673d2b4f0
2026-03-20T14:45:47.019-0500 [TRACE] sdk.framework: Calling provider defined validator.String: tf_rpc=ValidateResourceConfig tf_resource_type=rancher2_dev tf_attribute_path=string_attribute tf_req_id=622ed680-d2e7-62c9-c843-834673d2b4f0 tf_provider_addr=registry.terraform.io/hashicorp/rancher2 description="must start with 'dev-'"
2026-03-20T14:45:47.019-0500 [TRACE] sdk.proto: Received request: tf_rpc=ValidateResourceConfig tf_resource_type=rancher2_dev tf_req_id=1d9808cc-aa9b-0a1c-098f-e1c95b4885e6 tf_provider_addr=registry.terraform.io/hashicorp/rancher2 tf_proto_version=6.11
2026-03-20T14:45:47.019-0500 [TRACE] sdk.proto: No announced client capabilities: tf_resource_type=rancher2_dev tf_req_id=1d9808cc-aa9b-0a1c-098f-e1c95b4885e6 tf_provider_addr=registry.terraform.io/hashicorp/rancher2 tf_proto_version=6.11 tf_rpc=ValidateResourceConfig
2026-03-20T14:45:47.019-0500 [TRACE] sdk.framework: Called provider defined validator.String: tf_attribute_path=string_attribute tf_req_id=622ed680-d2e7-62c9-c843-834673d2b4f0 tf_provider_addr=registry.terraform.io/hashicorp/rancher2 tf_rpc=ValidateResourceConfig tf_resource_type=rancher2_dev description="must start with 'dev-'"
2026-03-20T14:45:47.019-0500 [TRACE] sdk.framework: Type implements TypeWithValidate: tf_req_id=622ed680-d2e7-62c9-c843-834673d2b4f0 tf_provider_addr=registry.terraform.io/hashicorp/rancher2 tf_rpc=ValidateResourceConfig tf_resource_type=rancher2_dev tf_attribute_path=nested_object_list
2026-03-20T14:45:47.019-0500 [TRACE] sdk.framework: Calling provider defined Type Validate: tf_provider_addr=registry.terraform.io/hashicorp/rancher2 tf_rpc=ValidateResourceConfig tf_resource_type=rancher2_dev tf_attribute_path=nested_object_list tf_req_id=622ed680-d2e7-62c9-c843-834673d2b4f0
2026-03-20T14:45:47.019-0500 [TRACE] sdk.framework: Called provider defined Type Validate: tf_resource_type=rancher2_dev tf_attribute_path=nested_object_list tf_req_id=622ed680-d2e7-62c9-c843-834673d2b4f0 tf_provider_addr=registry.terraform.io/hashicorp/rancher2 tf_rpc=ValidateResourceConfig
2026-03-20T14:45:47.019-0500 [TRACE] sdk.proto: Sending request downstream: tf_proto_version=6.11 tf_rpc=ValidateResourceConfig tf_resource_type=rancher2_dev tf_req_id=1d9808cc-aa9b-0a1c-098f-e1c95b4885e6 tf_provider_addr=registry.terraform.io/hashicorp/rancher2
2026-03-20T14:45:47.019-0500 [TRACE] sdk.framework: Checking ResourceTypes lock: tf_provider_addr=registry.terraform.io/hashicorp/rancher2 tf_rpc=ValidateResourceConfig tf_resource_type=rancher2_dev tf_req_id=1d9808cc-aa9b-0a1c-098f-e1c95b4885e6
2026-03-20T14:45:47.019-0500 [TRACE] sdk.framework: Type implements TypeWithValidate: tf_provider_addr=registry.terraform.io/hashicorp/rancher2 tf_rpc=ValidateResourceConfig tf_resource_type=rancher2_dev tf_attribute_path=map_attribute tf_req_id=622ed680-d2e7-62c9-c843-834673d2b4f0
2026-03-20T14:45:47.019-0500 [TRACE] sdk.framework: Calling provider defined Type Validate: tf_attribute_path=map_attribute tf_req_id=622ed680-d2e7-62c9-c843-834673d2b4f0 tf_provider_addr=registry.terraform.io/hashicorp/rancher2 tf_rpc=ValidateResourceConfig tf_resource_type=rancher2_dev
2026-03-20T14:45:47.019-0500 [TRACE] sdk.framework: Called provider defined Type Validate: tf_attribute_path=map_attribute tf_req_id=622ed680-d2e7-62c9-c843-834673d2b4f0 tf_provider_addr=registry.terraform.io/hashicorp/rancher2 tf_rpc=ValidateResourceConfig tf_resource_type=rancher2_dev
2026-03-20T14:45:47.019-0500 [TRACE] sdk.framework: Type implements TypeWithValidate: tf_req_id=622ed680-d2e7-62c9-c843-834673d2b4f0 tf_provider_addr=registry.terraform.io/hashicorp/rancher2 tf_rpc=ValidateResourceConfig tf_attribute_path=set_attribute tf_resource_type=rancher2_dev
2026-03-20T14:45:47.019-0500 [TRACE] sdk.framework: Calling provider defined Type Validate: tf_req_id=622ed680-d2e7-62c9-c843-834673d2b4f0 tf_provider_addr=registry.terraform.io/hashicorp/rancher2 tf_rpc=ValidateResourceConfig tf_attribute_path=set_attribute tf_resource_type=rancher2_dev
2026-03-20T14:45:47.019-0500 [TRACE] sdk.framework: Called provider defined Type Validate: tf_resource_type=rancher2_dev tf_req_id=622ed680-d2e7-62c9-c843-834673d2b4f0 tf_provider_addr=registry.terraform.io/hashicorp/rancher2 tf_rpc=ValidateResourceConfig tf_attribute_path=set_attribute
2026-03-20T14:45:47.019-0500 [TRACE] sdk.framework: Type implements TypeWithValidate: tf_rpc=ValidateResourceConfig tf_resource_type=rancher2_dev tf_req_id=622ed680-d2e7-62c9-c843-834673d2b4f0 tf_provider_addr=registry.terraform.io/hashicorp/rancher2 tf_attribute_path=float64_attribute
2026-03-20T14:45:47.019-0500 [TRACE] sdk.framework: Calling provider defined Type Validate: tf_rpc=ValidateResourceConfig tf_resource_type=rancher2_dev tf_req_id=622ed680-d2e7-62c9-c843-834673d2b4f0 tf_provider_addr=registry.terraform.io/hashicorp/rancher2 tf_attribute_path=float64_attribute
2026-03-20T14:45:47.019-0500 [TRACE] sdk.framework: Called provider defined Type Validate: tf_rpc=ValidateResourceConfig tf_resource_type=rancher2_dev tf_req_id=622ed680-d2e7-62c9-c843-834673d2b4f0 tf_provider_addr=registry.terraform.io/hashicorp/rancher2 tf_attribute_path=float64_attribute
2026-03-20T14:45:47.019-0500 [TRACE] sdk.framework: Type implements TypeWithValidate: tf_provider_addr=registry.terraform.io/hashicorp/rancher2 tf_rpc=ValidateResourceConfig tf_resource_type=rancher2_dev tf_attribute_path=nested_object_map tf_req_id=622ed680-d2e7-62c9-c843-834673d2b4f0
2026-03-20T14:45:47.019-0500 [TRACE] sdk.framework: Calling provider defined Type Validate: tf_resource_type=rancher2_dev tf_attribute_path=nested_object_map tf_req_id=622ed680-d2e7-62c9-c843-834673d2b4f0 tf_provider_addr=registry.terraform.io/hashicorp/rancher2 tf_rpc=ValidateResourceConfig
2026-03-20T14:45:47.019-0500 [TRACE] sdk.framework: Called provider defined Type Validate: tf_req_id=622ed680-d2e7-62c9-c843-834673d2b4f0 tf_provider_addr=registry.terraform.io/hashicorp/rancher2 tf_rpc=ValidateResourceConfig tf_resource_type=rancher2_dev tf_attribute_path=nested_object_map
2026-03-20T14:45:47.019-0500 [TRACE] sdk.framework: Calling provider defined validator.String: tf_resource_type=rancher2_dev description="string length must be at least 1" tf_attribute_path=id tf_req_id=622ed680-d2e7-62c9-c843-834673d2b4f0 tf_provider_addr=registry.terraform.io/hashicorp/rancher2 tf_rpc=ValidateResourceConfig
2026-03-20T14:45:47.019-0500 [TRACE] sdk.framework: Called provider defined validator.String: tf_rpc=ValidateResourceConfig tf_resource_type=rancher2_dev tf_attribute_path=id description="string length must be at least 1" tf_req_id=622ed680-d2e7-62c9-c843-834673d2b4f0 tf_provider_addr=registry.terraform.io/hashicorp/rancher2
2026-03-20T14:45:47.019-0500 [TRACE] sdk.framework: Type implements TypeWithValidate: tf_req_id=622ed680-d2e7-62c9-c843-834673d2b4f0 tf_provider_addr=registry.terraform.io/hashicorp/rancher2 tf_rpc=ValidateResourceConfig tf_resource_type=rancher2_dev tf_attribute_path=list_attribute
2026-03-20T14:45:47.019-0500 [TRACE] sdk.framework: Calling provider defined Type Validate: tf_req_id=622ed680-d2e7-62c9-c843-834673d2b4f0 tf_provider_addr=registry.terraform.io/hashicorp/rancher2 tf_rpc=ValidateResourceConfig tf_resource_type=rancher2_dev tf_attribute_path=list_attribute
2026-03-20T14:45:47.019-0500 [TRACE] sdk.framework: Called provider defined Type Validate: tf_resource_type=rancher2_dev tf_attribute_path=list_attribute tf_req_id=622ed680-d2e7-62c9-c843-834673d2b4f0 tf_provider_addr=registry.terraform.io/hashicorp/rancher2 tf_rpc=ValidateResourceConfig
2026-03-20T14:45:47.019-0500 [TRACE] sdk.proto: Received downstream response: tf_resource_type=rancher2_dev tf_req_id=622ed680-d2e7-62c9-c843-834673d2b4f0 tf_provider_addr=registry.terraform.io/hashicorp/rancher2 tf_proto_version=6.11 diagnostic_error_count=0 diagnostic_warning_count=0 tf_req_duration_ms=0 tf_rpc=ValidateResourceConfig
2026-03-20T14:45:47.019-0500 [TRACE] sdk.proto: Served request: tf_resource_type=rancher2_dev tf_req_id=622ed680-d2e7-62c9-c843-834673d2b4f0 tf_provider_addr=registry.terraform.io/hashicorp/rancher2 tf_proto_version=6.11 tf_rpc=ValidateResourceConfig
2026-03-20T14:45:47.019-0500 [TRACE] sdk.framework: Resource implements ResourceWithConfigure: tf_resource_type=rancher2_dev tf_req_id=1d9808cc-aa9b-0a1c-098f-e1c95b4885e6 tf_provider_addr=registry.terraform.io/hashicorp/rancher2 tf_rpc=ValidateResourceConfig
2026-03-20T14:45:47.019-0500 [TRACE] sdk.framework: Calling provider defined Resource Configure: tf_provider_addr=registry.terraform.io/hashicorp/rancher2 tf_rpc=ValidateResourceConfig tf_resource_type=rancher2_dev tf_req_id=1d9808cc-aa9b-0a1c-098f-e1c95b4885e6
2026-03-20T14:45:47.019-0500 [DEBUG] rancher2: Rancher2_Dev_Resource Configure request: resource.ConfigureRequest{ProviderData:interface {}(nil)}: tf_rpc=ValidateResourceConfig tf_resource_type=rancher2_dev tf_provider_addr=registry.terraform.io/hashicorp/rancher2 tf_req_id=1d9808cc-aa9b-0a1c-098f-e1c95b4885e6
2026-03-20T14:45:47.019-0500 [DEBUG] rancher2: Rancher2_Dev_Resource Configure object: &rancher2_dev.RancherDevResource{client:client.Client(nil)}: tf_resource_type=rancher2_dev tf_provider_addr=registry.terraform.io/hashicorp/rancher2 tf_req_id=1d9808cc-aa9b-0a1c-098f-e1c95b4885e6 tf_rpc=ValidateResourceConfig
2026-03-20T14:45:47.019-0500 [TRACE] sdk.framework: Called provider defined Resource Configure: tf_provider_addr=registry.terraform.io/hashicorp/rancher2 tf_rpc=ValidateResourceConfig tf_resource_type=rancher2_dev tf_req_id=1d9808cc-aa9b-0a1c-098f-e1c95b4885e6
2026-03-20T14:45:47.019-0500 [TRACE] sdk.framework: Type implements TypeWithValidate: tf_provider_addr=registry.terraform.io/hashicorp/rancher2 tf_rpc=ValidateResourceConfig tf_resource_type=rancher2_dev tf_req_id=1d9808cc-aa9b-0a1c-098f-e1c95b4885e6 tf_attribute_path=set_attribute
2026-03-20T14:45:47.019-0500 [TRACE] sdk.framework: Calling provider defined Type Validate: tf_rpc=ValidateResourceConfig tf_resource_type=rancher2_dev tf_req_id=1d9808cc-aa9b-0a1c-098f-e1c95b4885e6 tf_attribute_path=set_attribute tf_provider_addr=registry.terraform.io/hashicorp/rancher2
2026-03-20T14:45:47.019-0500 [TRACE] sdk.framework: Called provider defined Type Validate: tf_provider_addr=registry.terraform.io/hashicorp/rancher2 tf_rpc=ValidateResourceConfig tf_resource_type=rancher2_dev tf_req_id=1d9808cc-aa9b-0a1c-098f-e1c95b4885e6 tf_attribute_path=set_attribute
2026-03-20T14:45:47.019-0500 [TRACE] sdk.framework: Type implements TypeWithValidate: tf_provider_addr=registry.terraform.io/hashicorp/rancher2 tf_rpc=ValidateResourceConfig tf_resource_type=rancher2_dev tf_req_id=1d9808cc-aa9b-0a1c-098f-e1c95b4885e6 tf_attribute_path=float64_attribute
2026-03-20T14:45:47.019-0500 [TRACE] sdk.framework: Calling provider defined Type Validate: tf_provider_addr=registry.terraform.io/hashicorp/rancher2 tf_rpc=ValidateResourceConfig tf_resource_type=rancher2_dev tf_req_id=1d9808cc-aa9b-0a1c-098f-e1c95b4885e6 tf_attribute_path=float64_attribute
2026-03-20T14:45:47.019-0500 [TRACE] sdk.framework: Called provider defined Type Validate: tf_provider_addr=registry.terraform.io/hashicorp/rancher2 tf_rpc=ValidateResourceConfig tf_resource_type=rancher2_dev tf_req_id=1d9808cc-aa9b-0a1c-098f-e1c95b4885e6 tf_attribute_path=float64_attribute
2026-03-20T14:45:47.019-0500 [TRACE] sdk.framework: Calling provider defined validator.String: description="must start with 'dev-'" tf_attribute_path=string_attribute tf_provider_addr=registry.terraform.io/hashicorp/rancher2 tf_rpc=ValidateResourceConfig tf_resource_type=rancher2_dev tf_req_id=1d9808cc-aa9b-0a1c-098f-e1c95b4885e6
2026-03-20T14:45:47.019-0500 [TRACE] sdk.framework: Called provider defined validator.String: tf_req_id=1d9808cc-aa9b-0a1c-098f-e1c95b4885e6 description="must start with 'dev-'" tf_attribute_path=string_attribute tf_provider_addr=registry.terraform.io/hashicorp/rancher2 tf_rpc=ValidateResourceConfig tf_resource_type=rancher2_dev
2026-03-20T14:45:47.019-0500 [TRACE] sdk.framework: Type implements TypeWithValidate: tf_attribute_path=nested_object_list tf_rpc=ValidateResourceConfig tf_resource_type=rancher2_dev tf_req_id=1d9808cc-aa9b-0a1c-098f-e1c95b4885e6 tf_provider_addr=registry.terraform.io/hashicorp/rancher2
2026-03-20T14:45:47.019-0500 [TRACE] sdk.framework: Calling provider defined Type Validate: tf_rpc=ValidateResourceConfig tf_resource_type=rancher2_dev tf_req_id=1d9808cc-aa9b-0a1c-098f-e1c95b4885e6 tf_provider_addr=registry.terraform.io/hashicorp/rancher2 tf_attribute_path=nested_object_list
2026-03-20T14:45:47.019-0500 [TRACE] sdk.framework: Called provider defined Type Validate: tf_req_id=1d9808cc-aa9b-0a1c-098f-e1c95b4885e6 tf_provider_addr=registry.terraform.io/hashicorp/rancher2 tf_attribute_path=nested_object_list tf_rpc=ValidateResourceConfig tf_resource_type=rancher2_dev
2026-03-20T14:45:47.019-0500 [TRACE] sdk.framework: Type implements TypeWithValidate: tf_req_id=1d9808cc-aa9b-0a1c-098f-e1c95b4885e6 tf_attribute_path=map_attribute tf_provider_addr=registry.terraform.io/hashicorp/rancher2 tf_rpc=ValidateResourceConfig tf_resource_type=rancher2_dev
2026-03-20T14:45:47.019-0500 [TRACE] sdk.framework: Calling provider defined Type Validate: tf_resource_type=rancher2_dev tf_req_id=1d9808cc-aa9b-0a1c-098f-e1c95b4885e6 tf_attribute_path=map_attribute tf_provider_addr=registry.terraform.io/hashicorp/rancher2 tf_rpc=ValidateResourceConfig
2026-03-20T14:45:47.019-0500 [TRACE] sdk.framework: Called provider defined Type Validate: tf_attribute_path=map_attribute tf_provider_addr=registry.terraform.io/hashicorp/rancher2 tf_rpc=ValidateResourceConfig tf_resource_type=rancher2_dev tf_req_id=1d9808cc-aa9b-0a1c-098f-e1c95b4885e6
2026-03-20T14:45:47.019-0500 [TRACE] sdk.framework: Type implements TypeWithValidate: tf_rpc=ValidateResourceConfig tf_resource_type=rancher2_dev tf_req_id=1d9808cc-aa9b-0a1c-098f-e1c95b4885e6 tf_attribute_path=list_attribute tf_provider_addr=registry.terraform.io/hashicorp/rancher2
2026-03-20T14:45:47.019-0500 [TRACE] sdk.framework: Calling provider defined Type Validate: tf_resource_type=rancher2_dev tf_req_id=1d9808cc-aa9b-0a1c-098f-e1c95b4885e6 tf_attribute_path=list_attribute tf_provider_addr=registry.terraform.io/hashicorp/rancher2 tf_rpc=ValidateResourceConfig
2026-03-20T14:45:47.019-0500 [TRACE] sdk.framework: Called provider defined Type Validate: tf_provider_addr=registry.terraform.io/hashicorp/rancher2 tf_rpc=ValidateResourceConfig tf_resource_type=rancher2_dev tf_req_id=1d9808cc-aa9b-0a1c-098f-e1c95b4885e6 tf_attribute_path=list_attribute
2026-03-20T14:45:47.019-0500 [TRACE] sdk.framework: Type implements TypeWithValidate: tf_provider_addr=registry.terraform.io/hashicorp/rancher2 tf_attribute_path=int64_attribute tf_rpc=ValidateResourceConfig tf_resource_type=rancher2_dev tf_req_id=1d9808cc-aa9b-0a1c-098f-e1c95b4885e6
2026-03-20T14:45:47.019-0500 [TRACE] sdk.framework: Calling provider defined Type Validate: tf_req_id=1d9808cc-aa9b-0a1c-098f-e1c95b4885e6 tf_provider_addr=registry.terraform.io/hashicorp/rancher2 tf_attribute_path=int64_attribute tf_rpc=ValidateResourceConfig tf_resource_type=rancher2_dev
2026-03-20T14:45:47.019-0500 [TRACE] sdk.framework: Called provider defined Type Validate: tf_provider_addr=registry.terraform.io/hashicorp/rancher2 tf_attribute_path=int64_attribute tf_rpc=ValidateResourceConfig tf_resource_type=rancher2_dev tf_req_id=1d9808cc-aa9b-0a1c-098f-e1c95b4885e6
2026-03-20T14:45:47.019-0500 [TRACE] sdk.framework: Type implements TypeWithValidate: tf_attribute_path=nested_object_map tf_provider_addr=registry.terraform.io/hashicorp/rancher2 tf_rpc=ValidateResourceConfig tf_resource_type=rancher2_dev tf_req_id=1d9808cc-aa9b-0a1c-098f-e1c95b4885e6
2026-03-20T14:45:47.019-0500 [TRACE] sdk.framework: Calling provider defined Type Validate: tf_rpc=ValidateResourceConfig tf_resource_type=rancher2_dev tf_req_id=1d9808cc-aa9b-0a1c-098f-e1c95b4885e6 tf_attribute_path=nested_object_map tf_provider_addr=registry.terraform.io/hashicorp/rancher2
2026-03-20T14:45:47.019-0500 [TRACE] sdk.framework: Called provider defined Type Validate: tf_provider_addr=registry.terraform.io/hashicorp/rancher2 tf_rpc=ValidateResourceConfig tf_resource_type=rancher2_dev tf_req_id=1d9808cc-aa9b-0a1c-098f-e1c95b4885e6 tf_attribute_path=nested_object_map
2026-03-20T14:45:47.019-0500 [TRACE] sdk.framework: Calling provider defined validator.String: tf_provider_addr=registry.terraform.io/hashicorp/rancher2 tf_rpc=ValidateResourceConfig description="string length must be at least 1" tf_attribute_path=id tf_resource_type=rancher2_dev tf_req_id=1d9808cc-aa9b-0a1c-098f-e1c95b4885e6
2026-03-20T14:45:47.019-0500 [TRACE] sdk.framework: Called provider defined validator.String: description="string length must be at least 1" tf_resource_type=rancher2_dev tf_req_id=1d9808cc-aa9b-0a1c-098f-e1c95b4885e6 tf_provider_addr=registry.terraform.io/hashicorp/rancher2 tf_rpc=ValidateResourceConfig tf_attribute_path=id
2026-03-20T14:45:47.019-0500 [TRACE] sdk.proto: Received downstream response: tf_provider_addr=registry.terraform.io/hashicorp/rancher2 tf_proto_version=6.11 tf_rpc=ValidateResourceConfig tf_resource_type=rancher2_dev diagnostic_warning_count=0 tf_req_duration_ms=0 diagnostic_error_count=0 tf_req_id=1d9808cc-aa9b-0a1c-098f-e1c95b4885e6
2026-03-20T14:45:47.019-0500 [TRACE] sdk.proto: Served request: tf_resource_type=rancher2_dev tf_req_id=1d9808cc-aa9b-0a1c-098f-e1c95b4885e6 tf_provider_addr=registry.terraform.io/hashicorp/rancher2 tf_proto_version=6.11 tf_rpc=ValidateResourceConfig
2026-03-20T14:45:47.021-0500 [TRACE] sdk.proto: Received request: tf_proto_version=6.11 tf_rpc=GetProviderSchema tf_provider_addr=registry.terraform.io/hashicorp/rancher2 tf_req_id=fe8e1beb-adc4-c314-f556-10e0e3768074
2026-03-20T14:45:47.021-0500 [TRACE] sdk.proto: Sending request downstream: tf_provider_addr=registry.terraform.io/hashicorp/rancher2 tf_req_id=fe8e1beb-adc4-c314-f556-10e0e3768074 tf_proto_version=6.11 tf_rpc=GetProviderSchema
2026-03-20T14:45:47.021-0500 [TRACE] sdk.framework: Checking ProviderSchema lock: tf_rpc=GetProviderSchema tf_req_id=fe8e1beb-adc4-c314-f556-10e0e3768074 tf_provider_addr=registry.terraform.io/hashicorp/rancher2
2026-03-20T14:45:47.021-0500 [TRACE] sdk.framework: Checking ResourceTypes lock: tf_req_id=fe8e1beb-adc4-c314-f556-10e0e3768074 tf_provider_addr=registry.terraform.io/hashicorp/rancher2 tf_rpc=GetProviderSchema
2026-03-20T14:45:47.021-0500 [TRACE] sdk.framework: Calling provider defined Resource Schema method: tf_provider_addr=registry.terraform.io/hashicorp/rancher2 tf_rpc=GetProviderSchema tf_resource_type=rancher2_dev tf_req_id=fe8e1beb-adc4-c314-f556-10e0e3768074
2026-03-20T14:45:47.021-0500 [TRACE] sdk.framework: Called provider defined Resource Schema method: tf_rpc=GetProviderSchema tf_req_id=fe8e1beb-adc4-c314-f556-10e0e3768074 tf_resource_type=rancher2_dev tf_provider_addr=registry.terraform.io/hashicorp/rancher2
2026-03-20T14:45:47.021-0500 [TRACE] sdk.framework: Calling provider defined Resource Schema method: tf_resource_type=rancher2_login tf_req_id=fe8e1beb-adc4-c314-f556-10e0e3768074 tf_provider_addr=registry.terraform.io/hashicorp/rancher2 tf_rpc=GetProviderSchema
2026-03-20T14:45:47.021-0500 [TRACE] sdk.framework: Called provider defined Resource Schema method: tf_rpc=GetProviderSchema tf_req_id=fe8e1beb-adc4-c314-f556-10e0e3768074 tf_provider_addr=registry.terraform.io/hashicorp/rancher2 tf_resource_type=rancher2_login
2026-03-20T14:45:47.021-0500 [TRACE] sdk.framework: Checking DataSourceTypes lock: tf_req_id=fe8e1beb-adc4-c314-f556-10e0e3768074 tf_provider_addr=registry.terraform.io/hashicorp/rancher2 tf_rpc=GetProviderSchema
2026-03-20T14:45:47.021-0500 [TRACE] sdk.framework: Checking FunctionTypes lock: tf_req_id=fe8e1beb-adc4-c314-f556-10e0e3768074 tf_provider_addr=registry.terraform.io/hashicorp/rancher2 tf_rpc=GetProviderSchema
2026-03-20T14:45:47.021-0500 [TRACE] sdk.framework: Checking EphemeralResourceFuncs lock: tf_req_id=fe8e1beb-adc4-c314-f556-10e0e3768074 tf_provider_addr=registry.terraform.io/hashicorp/rancher2 tf_rpc=GetProviderSchema
2026-03-20T14:45:47.021-0500 [TRACE] sdk.framework: Checking ActionFuncs lock: tf_rpc=GetProviderSchema tf_req_id=fe8e1beb-adc4-c314-f556-10e0e3768074 tf_provider_addr=registry.terraform.io/hashicorp/rancher2
2026-03-20T14:45:47.021-0500 [TRACE] sdk.framework: Checking StateStoreFuncs lock: tf_req_id=fe8e1beb-adc4-c314-f556-10e0e3768074 tf_provider_addr=registry.terraform.io/hashicorp/rancher2 tf_rpc=GetProviderSchema
2026-03-20T14:45:47.021-0500 [TRACE] sdk.proto: Received downstream response: tf_rpc=GetProviderSchema tf_req_duration_ms=0 diagnostic_error_count=0 diagnostic_warning_count=0 tf_provider_addr=registry.terraform.io/hashicorp/rancher2 tf_req_id=fe8e1beb-adc4-c314-f556-10e0e3768074 tf_proto_version=6.11
2026-03-20T14:45:47.021-0500 [TRACE] sdk.proto: Announced server capabilities: tf_rpc=GetProviderSchema tf_provider_addr=registry.terraform.io/hashicorp/rancher2 tf_server_capability_get_provider_schema_optional=true tf_server_capability_move_resource_state=true tf_server_capability_plan_destroy=true tf_req_id=fe8e1beb-adc4-c314-f556-10e0e3768074 tf_proto_version=6.11
2026-03-20T14:45:47.021-0500 [TRACE] sdk.proto: Served request: tf_req_id=fe8e1beb-adc4-c314-f556-10e0e3768074 tf_proto_version=6.11 tf_rpc=GetProviderSchema tf_provider_addr=registry.terraform.io/hashicorp/rancher2
2026-03-20T14:45:47.021-0500 [TRACE] sdk.proto: Received request: tf_provider_addr=registry.terraform.io/hashicorp/rancher2 tf_proto_version=6.11 tf_req_id=98cd28cd-225a-460d-b6c5-dfb39391b5ab tf_rpc=ValidateProviderConfig
2026-03-20T14:45:47.021-0500 [TRACE] sdk.proto: Sending request downstream: tf_proto_version=6.11 tf_req_id=98cd28cd-225a-460d-b6c5-dfb39391b5ab tf_rpc=ValidateProviderConfig tf_provider_addr=registry.terraform.io/hashicorp/rancher2
2026-03-20T14:45:47.021-0500 [TRACE] sdk.framework: Checking ProviderSchema lock: tf_req_id=98cd28cd-225a-460d-b6c5-dfb39391b5ab tf_rpc=ValidateProviderConfig tf_provider_addr=registry.terraform.io/hashicorp/rancher2
2026-03-20T14:45:47.021-0500 [TRACE] sdk.framework: Calling provider defined validator.String: tf_req_id=98cd28cd-225a-460d-b6c5-dfb39391b5ab tf_rpc=ValidateProviderConfig tf_attribute_path=ca_cert tf_provider_addr=registry.terraform.io/hashicorp/rancher2 description="must be a valid PEM-encoded certificate"
2026-03-20T14:45:47.021-0500 [TRACE] sdk.framework: Called provider defined validator.String: tf_provider_addr=registry.terraform.io/hashicorp/rancher2 tf_req_id=98cd28cd-225a-460d-b6c5-dfb39391b5ab tf_rpc=ValidateProviderConfig tf_attribute_path=ca_cert description="must be a valid PEM-encoded certificate"
2026-03-20T14:45:47.022-0500 [TRACE] sdk.framework: Type implements TypeWithValidate: tf_provider_addr=registry.terraform.io/hashicorp/rancher2 tf_req_id=98cd28cd-225a-460d-b6c5-dfb39391b5ab tf_rpc=ValidateProviderConfig tf_attribute_path=timeout
2026-03-20T14:45:47.022-0500 [TRACE] sdk.framework: Calling provider defined Type Validate: tf_provider_addr=registry.terraform.io/hashicorp/rancher2 tf_req_id=98cd28cd-225a-460d-b6c5-dfb39391b5ab tf_rpc=ValidateProviderConfig tf_attribute_path=timeout
2026-03-20T14:45:47.022-0500 [TRACE] sdk.framework: Called provider defined Type Validate: tf_rpc=ValidateProviderConfig tf_attribute_path=timeout tf_provider_addr=registry.terraform.io/hashicorp/rancher2 tf_req_id=98cd28cd-225a-460d-b6c5-dfb39391b5ab
2026-03-20T14:45:47.022-0500 [TRACE] sdk.framework: Type implements TypeWithValidate: tf_rpc=ValidateProviderConfig tf_provider_addr=registry.terraform.io/hashicorp/rancher2 tf_attribute_path=max_redirects tf_req_id=98cd28cd-225a-460d-b6c5-dfb39391b5ab
2026-03-20T14:45:47.022-0500 [TRACE] sdk.framework: Calling provider defined Type Validate: tf_attribute_path=max_redirects tf_req_id=98cd28cd-225a-460d-b6c5-dfb39391b5ab tf_rpc=ValidateProviderConfig tf_provider_addr=registry.terraform.io/hashicorp/rancher2
2026-03-20T14:45:47.022-0500 [TRACE] sdk.framework: Called provider defined Type Validate: tf_attribute_path=max_redirects tf_req_id=98cd28cd-225a-460d-b6c5-dfb39391b5ab tf_rpc=ValidateProviderConfig tf_provider_addr=registry.terraform.io/hashicorp/rancher2
2026-03-20T14:45:47.022-0500 [TRACE] sdk.framework: Calling provider defined validator.String: tf_req_id=98cd28cd-225a-460d-b6c5-dfb39391b5ab tf_rpc=ValidateProviderConfig tf_attribute_path=api_url tf_provider_addr=registry.terraform.io/hashicorp/rancher2 description="must be a valid URL starting with http:// or https://"
2026-03-20T14:45:47.022-0500 [TRACE] sdk.framework: Called provider defined validator.String: tf_provider_addr=registry.terraform.io/hashicorp/rancher2 tf_req_id=98cd28cd-225a-460d-b6c5-dfb39391b5ab tf_rpc=ValidateProviderConfig tf_attribute_path=api_url description="must be a valid URL starting with http:// or https://"
2026-03-20T14:45:47.022-0500 [TRACE] sdk.framework: Calling provider defined validator.String: tf_attribute_path=api_url description="must be a valid domain" tf_provider_addr=registry.terraform.io/hashicorp/rancher2 tf_req_id=98cd28cd-225a-460d-b6c5-dfb39391b5ab tf_rpc=ValidateProviderConfig
2026-03-20T14:45:47.022-0500 [TRACE] sdk.framework: Called provider defined validator.String: tf_rpc=ValidateProviderConfig tf_attribute_path=api_url tf_provider_addr=registry.terraform.io/hashicorp/rancher2 description="must be a valid domain" tf_req_id=98cd28cd-225a-460d-b6c5-dfb39391b5ab
2026-03-20T14:45:47.022-0500 [TRACE] sdk.proto: Received downstream response: tf_proto_version=6.11 tf_req_id=98cd28cd-225a-460d-b6c5-dfb39391b5ab tf_rpc=ValidateProviderConfig tf_provider_addr=registry.terraform.io/hashicorp/rancher2 diagnostic_error_count=0 diagnostic_warning_count=0 tf_req_duration_ms=0
2026-03-20T14:45:47.022-0500 [TRACE] sdk.proto: Served request: tf_provider_addr=registry.terraform.io/hashicorp/rancher2 tf_proto_version=6.11 tf_req_id=98cd28cd-225a-460d-b6c5-dfb39391b5ab tf_rpc=ValidateProviderConfig
2026-03-20T14:45:47.022-0500 [TRACE] sdk.proto: Received request: tf_req_id=b2d255ff-9431-a837-1a66-b42b7b425d23 tf_provider_addr=registry.terraform.io/hashicorp/rancher2 tf_proto_version=6.11 tf_rpc=ConfigureProvider
2026-03-20T14:45:47.022-0500 [TRACE] sdk.proto: No announced client capabilities: tf_provider_addr=registry.terraform.io/hashicorp/rancher2 tf_proto_version=6.11 tf_rpc=ConfigureProvider tf_req_id=b2d255ff-9431-a837-1a66-b42b7b425d23
2026-03-20T14:45:47.022-0500 [TRACE] sdk.proto: Sending request downstream: tf_req_id=b2d255ff-9431-a837-1a66-b42b7b425d23 tf_provider_addr=registry.terraform.io/hashicorp/rancher2 tf_proto_version=6.11 tf_rpc=ConfigureProvider
2026-03-20T14:45:47.022-0500 [TRACE] sdk.framework: Checking ProviderSchema lock: tf_req_id=b2d255ff-9431-a837-1a66-b42b7b425d23 tf_provider_addr=registry.terraform.io/hashicorp/rancher2 tf_rpc=ConfigureProvider
2026-03-20T14:45:47.022-0500 [TRACE] sdk.framework: Calling provider defined Provider Configure: tf_req_id=b2d255ff-9431-a837-1a66-b42b7b425d23 tf_provider_addr=registry.terraform.io/hashicorp/rancher2 tf_rpc=ConfigureProvider
2026-03-20T14:45:47.022-0500 [DEBUG] rancher2: Provider Config: {
  "api_url": null,
  "ca_cert": null,
  "ignore_system_ca": null,
  "insecure": null,
  "max_redirects": null,
  "timeout": null,
  "token": null
}: tf_req_id=b2d255ff-9431-a837-1a66-b42b7b425d23 tf_provider_addr=registry.terraform.io/hashicorp/rancher2 tf_rpc=ConfigureProvider
2026-03-20T14:45:47.022-0500 [DEBUG] rancher2: Rancher API URL: https://127.0.0.1.nip.io: tf_req_id=b2d255ff-9431-a837-1a66-b42b7b425d23 tf_provider_addr=registry.terraform.io/hashicorp/rancher2 tf_rpc=ConfigureProvider
2026-03-20T14:45:47.022-0500 [DEBUG] rancher2: Provider Configure Client: {
  "TokenStore": {}
}: tf_req_id=b2d255ff-9431-a837-1a66-b42b7b425d23 tf_provider_addr=registry.terraform.io/hashicorp/rancher2 tf_rpc=ConfigureProvider
2026-03-20T14:45:47.022-0500 [DEBUG] rancher2: Provider Configure Response: {
  "ActionData": null,
  "DataSourceData": {
    "TokenStore": {}
  },
  "Deferred": null,
  "Diagnostics": [],
  "EphemeralResourceData": null,
  "ListResourceData": null,
  "ResourceData": {
    "TokenStore": {}
  },
  "StateStoreData": null
}: tf_req_id=b2d255ff-9431-a837-1a66-b42b7b425d23 tf_provider_addr=registry.terraform.io/hashicorp/rancher2 tf_rpc=ConfigureProvider
2026-03-20T14:45:47.022-0500 [TRACE] sdk.framework: Called provider defined Provider Configure: tf_req_id=b2d255ff-9431-a837-1a66-b42b7b425d23 tf_provider_addr=registry.terraform.io/hashicorp/rancher2 tf_rpc=ConfigureProvider
2026-03-20T14:45:47.022-0500 [TRACE] sdk.proto: Received downstream response: tf_rpc=ConfigureProvider diagnostic_error_count=0 diagnostic_warning_count=0 tf_req_duration_ms=0 tf_req_id=b2d255ff-9431-a837-1a66-b42b7b425d23 tf_provider_addr=registry.terraform.io/hashicorp/rancher2 tf_proto_version=6.11
2026-03-20T14:45:47.022-0500 [TRACE] sdk.proto: Served request: tf_rpc=ConfigureProvider tf_req_id=b2d255ff-9431-a837-1a66-b42b7b425d23 tf_provider_addr=registry.terraform.io/hashicorp/rancher2 tf_proto_version=6.11
2026-03-20T14:45:47.022-0500 [TRACE] sdk.proto: Received request: tf_provider_addr=registry.terraform.io/hashicorp/rancher2 tf_req_id=2cea1d86-ed6e-edfe-9700-9622d004e549 tf_proto_version=6.11 tf_resource_type=rancher2_dev tf_rpc=UpgradeResourceState
2026-03-20T14:45:47.022-0500 [TRACE] sdk.proto: Sending request downstream: tf_req_id=2cea1d86-ed6e-edfe-9700-9622d004e549 tf_proto_version=6.11 tf_resource_type=rancher2_dev tf_rpc=UpgradeResourceState tf_provider_addr=registry.terraform.io/hashicorp/rancher2
2026-03-20T14:45:47.022-0500 [TRACE] sdk.framework: Checking ResourceTypes lock: tf_provider_addr=registry.terraform.io/hashicorp/rancher2 tf_resource_type=rancher2_dev tf_rpc=UpgradeResourceState tf_req_id=2cea1d86-ed6e-edfe-9700-9622d004e549
2026-03-20T14:45:47.022-0500 [TRACE] sdk.framework: UpgradeResourceState request version matches current Schema version, using framework defined passthrough implementation: tf_provider_addr=registry.terraform.io/hashicorp/rancher2 tf_resource_type=rancher2_dev tf_rpc=UpgradeResourceState tf_req_id=2cea1d86-ed6e-edfe-9700-9622d004e549
2026-03-20T14:45:47.022-0500 [TRACE] sdk.proto: Received request: tf_resource_type=rancher2_dev tf_req_id=e0b06ea6-2af1-267e-ff9e-6f0e5b81cda1 tf_provider_addr=registry.terraform.io/hashicorp/rancher2 tf_proto_version=6.11 tf_rpc=UpgradeResourceState
2026-03-20T14:45:47.022-0500 [TRACE] sdk.proto: Sending request downstream: tf_rpc=UpgradeResourceState tf_resource_type=rancher2_dev tf_req_id=e0b06ea6-2af1-267e-ff9e-6f0e5b81cda1 tf_provider_addr=registry.terraform.io/hashicorp/rancher2 tf_proto_version=6.11
2026-03-20T14:45:47.022-0500 [TRACE] sdk.framework: Checking ResourceTypes lock: tf_req_id=e0b06ea6-2af1-267e-ff9e-6f0e5b81cda1 tf_rpc=UpgradeResourceState tf_resource_type=rancher2_dev tf_provider_addr=registry.terraform.io/hashicorp/rancher2
2026-03-20T14:45:47.022-0500 [TRACE] sdk.framework: UpgradeResourceState request version matches current Schema version, using framework defined passthrough implementation: tf_resource_type=rancher2_dev tf_provider_addr=registry.terraform.io/hashicorp/rancher2 tf_req_id=e0b06ea6-2af1-267e-ff9e-6f0e5b81cda1 tf_rpc=UpgradeResourceState
2026-03-20T14:45:47.022-0500 [TRACE] sdk.proto: Received downstream response: tf_req_duration_ms=0 tf_req_id=e0b06ea6-2af1-267e-ff9e-6f0e5b81cda1 tf_provider_addr=registry.terraform.io/hashicorp/rancher2 tf_proto_version=6.11 tf_rpc=UpgradeResourceState tf_resource_type=rancher2_dev diagnostic_error_count=0 diagnostic_warning_count=0
2026-03-20T14:45:47.022-0500 [TRACE] sdk.proto: Served request: tf_provider_addr=registry.terraform.io/hashicorp/rancher2 tf_proto_version=6.11 tf_rpc=UpgradeResourceState tf_resource_type=rancher2_dev tf_req_id=e0b06ea6-2af1-267e-ff9e-6f0e5b81cda1
2026-03-20T14:45:47.023-0500 [TRACE] sdk.proto: Received downstream response: tf_rpc=UpgradeResourceState tf_provider_addr=registry.terraform.io/hashicorp/rancher2 tf_req_id=2cea1d86-ed6e-edfe-9700-9622d004e549 tf_proto_version=6.11 tf_resource_type=rancher2_dev diagnostic_error_count=0 diagnostic_warning_count=0 tf_req_duration_ms=0
2026-03-20T14:45:47.023-0500 [TRACE] sdk.proto: Served request: tf_provider_addr=registry.terraform.io/hashicorp/rancher2 tf_req_id=2cea1d86-ed6e-edfe-9700-9622d004e549 tf_proto_version=6.11 tf_resource_type=rancher2_dev tf_rpc=UpgradeResourceState
2026-03-20T14:45:47.023-0500 [TRACE] sdk.proto: Received request: tf_proto_version=6.11 tf_rpc=PlanResourceChange tf_req_id=83efb6ad-aace-aa50-7a0a-20d6df38aec7 tf_provider_addr=registry.terraform.io/hashicorp/rancher2 tf_resource_type=rancher2_dev
2026-03-20T14:45:47.023-0500 [TRACE] sdk.proto: No announced client capabilities: tf_req_id=83efb6ad-aace-aa50-7a0a-20d6df38aec7 tf_provider_addr=registry.terraform.io/hashicorp/rancher2 tf_resource_type=rancher2_dev tf_proto_version=6.11 tf_rpc=PlanResourceChange
2026-03-20T14:45:47.023-0500 [TRACE] sdk.proto: Sending request downstream: tf_req_id=83efb6ad-aace-aa50-7a0a-20d6df38aec7 tf_provider_addr=registry.terraform.io/hashicorp/rancher2 tf_resource_type=rancher2_dev tf_proto_version=6.11 tf_rpc=PlanResourceChange
2026-03-20T14:45:47.023-0500 [TRACE] sdk.framework: Checking ResourceTypes lock: tf_resource_type=rancher2_dev tf_req_id=83efb6ad-aace-aa50-7a0a-20d6df38aec7 tf_provider_addr=registry.terraform.io/hashicorp/rancher2 tf_rpc=PlanResourceChange
2026-03-20T14:45:47.023-0500 [TRACE] sdk.framework: Checking ResourceTypes lock: tf_provider_addr=registry.terraform.io/hashicorp/rancher2 tf_rpc=PlanResourceChange tf_resource_type=rancher2_dev tf_req_id=83efb6ad-aace-aa50-7a0a-20d6df38aec7
2026-03-20T14:45:47.023-0500 [TRACE] sdk.framework: Checking ResourceBehaviors lock: tf_provider_addr=registry.terraform.io/hashicorp/rancher2 tf_rpc=PlanResourceChange tf_resource_type=rancher2_dev tf_req_id=83efb6ad-aace-aa50-7a0a-20d6df38aec7
2026-03-20T14:45:47.023-0500 [TRACE] sdk.framework: Checking ProviderTypeName lock: tf_resource_type=rancher2_dev tf_req_id=83efb6ad-aace-aa50-7a0a-20d6df38aec7 tf_provider_addr=registry.terraform.io/hashicorp/rancher2 tf_rpc=PlanResourceChange
2026-03-20T14:45:47.023-0500 [TRACE] sdk.framework: Checking ResourceTypes lock: tf_req_id=83efb6ad-aace-aa50-7a0a-20d6df38aec7 tf_provider_addr=registry.terraform.io/hashicorp/rancher2 tf_rpc=PlanResourceChange tf_resource_type=rancher2_dev
2026-03-20T14:45:47.023-0500 [TRACE] sdk.framework: Found resource type: tf_provider_addr=registry.terraform.io/hashicorp/rancher2 tf_rpc=PlanResourceChange tf_resource_type=rancher2_dev tf_req_id=83efb6ad-aace-aa50-7a0a-20d6df38aec7
2026-03-20T14:45:47.023-0500 [TRACE] sdk.framework: Found resource type: tf_provider_addr=registry.terraform.io/hashicorp/rancher2 tf_rpc=PlanResourceChange tf_resource_type=rancher2_login tf_req_id=83efb6ad-aace-aa50-7a0a-20d6df38aec7
2026-03-20T14:45:47.023-0500 [TRACE] sdk.framework: Resource implements ResourceWithConfigure: tf_resource_type=rancher2_dev tf_req_id=83efb6ad-aace-aa50-7a0a-20d6df38aec7 tf_provider_addr=registry.terraform.io/hashicorp/rancher2 tf_rpc=PlanResourceChange
2026-03-20T14:45:47.023-0500 [TRACE] sdk.framework: Calling provider defined Resource Configure: tf_resource_type=rancher2_dev tf_req_id=83efb6ad-aace-aa50-7a0a-20d6df38aec7 tf_provider_addr=registry.terraform.io/hashicorp/rancher2 tf_rpc=PlanResourceChange
2026-03-20T14:45:47.023-0500 [DEBUG] rancher2: Rancher2_Dev_Resource Configure request: resource.ConfigureRequest{ProviderData:(*client.HttpClient)(0x1f9c5c05f590)}: tf_rpc=PlanResourceChange tf_resource_type=rancher2_dev tf_provider_addr=registry.terraform.io/hashicorp/rancher2 tf_req_id=83efb6ad-aace-aa50-7a0a-20d6df38aec7
2026-03-20T14:45:47.023-0500 [DEBUG] rancher2: Rancher2_Dev_Resource Configure object: &rancher2_dev.RancherDevResource{client:client.Client(nil)}: tf_provider_addr=registry.terraform.io/hashicorp/rancher2 tf_req_id=83efb6ad-aace-aa50-7a0a-20d6df38aec7 tf_rpc=PlanResourceChange tf_resource_type=rancher2_dev
2026-03-20T14:45:47.023-0500 [DEBUG] rancher2: Rancher2_Dev_Resource Configure object after config: &rancher2_dev.RancherDevResource{client:(*client.HttpClient)(0x1f9c5c05f590)}: tf_provider_addr=registry.terraform.io/hashicorp/rancher2 tf_req_id=83efb6ad-aace-aa50-7a0a-20d6df38aec7 tf_rpc=PlanResourceChange tf_resource_type=rancher2_dev
2026-03-20T14:45:47.023-0500 [DEBUG] rancher2: Rancher2_Dev_Resource Configure response: &resource.ConfigureResponse{Diagnostics:diag.Diagnostics(nil)}: tf_rpc=PlanResourceChange tf_resource_type=rancher2_dev tf_provider_addr=registry.terraform.io/hashicorp/rancher2 tf_req_id=83efb6ad-aace-aa50-7a0a-20d6df38aec7
2026-03-20T14:45:47.023-0500 [TRACE] sdk.framework: Called provider defined Resource Configure: tf_provider_addr=registry.terraform.io/hashicorp/rancher2 tf_rpc=PlanResourceChange tf_resource_type=rancher2_dev tf_req_id=83efb6ad-aace-aa50-7a0a-20d6df38aec7
2026-03-20T14:45:47.023-0500 [TRACE] sdk.proto: Received downstream response: diagnostic_error_count=0 diagnostic_warning_count=0 tf_req_duration_ms=0 tf_proto_version=6.11 tf_rpc=PlanResourceChange tf_req_id=83efb6ad-aace-aa50-7a0a-20d6df38aec7 tf_provider_addr=registry.terraform.io/hashicorp/rancher2 tf_resource_type=rancher2_dev
2026-03-20T14:45:47.023-0500 [TRACE] sdk.proto: Served request: tf_provider_addr=registry.terraform.io/hashicorp/rancher2 tf_resource_type=rancher2_dev tf_proto_version=6.11 tf_rpc=PlanResourceChange tf_req_id=83efb6ad-aace-aa50-7a0a-20d6df38aec7
2026-03-20T14:45:47.024-0500 [TRACE] sdk.proto: Received request: tf_req_id=cc9bc9b2-a5d6-aa11-f74f-b46258c22bbd tf_provider_addr=registry.terraform.io/hashicorp/rancher2 tf_proto_version=6.11 tf_resource_type=rancher2_dev tf_rpc=PlanResourceChange
2026-03-20T14:45:47.024-0500 [TRACE] sdk.proto: No announced client capabilities: tf_resource_type=rancher2_dev tf_rpc=PlanResourceChange tf_req_id=cc9bc9b2-a5d6-aa11-f74f-b46258c22bbd tf_provider_addr=registry.terraform.io/hashicorp/rancher2 tf_proto_version=6.11
2026-03-20T14:45:47.024-0500 [TRACE] sdk.proto: Sending request downstream: tf_rpc=PlanResourceChange tf_req_id=cc9bc9b2-a5d6-aa11-f74f-b46258c22bbd tf_provider_addr=registry.terraform.io/hashicorp/rancher2 tf_proto_version=6.11 tf_resource_type=rancher2_dev
2026-03-20T14:45:47.024-0500 [TRACE] sdk.framework: Checking ResourceTypes lock: tf_req_id=cc9bc9b2-a5d6-aa11-f74f-b46258c22bbd tf_resource_type=rancher2_dev tf_provider_addr=registry.terraform.io/hashicorp/rancher2 tf_rpc=PlanResourceChange
2026-03-20T14:45:47.024-0500 [TRACE] sdk.framework: Checking ResourceBehaviors lock: tf_provider_addr=registry.terraform.io/hashicorp/rancher2 tf_rpc=PlanResourceChange tf_req_id=cc9bc9b2-a5d6-aa11-f74f-b46258c22bbd tf_resource_type=rancher2_dev
2026-03-20T14:45:47.024-0500 [TRACE] sdk.framework: Resource implements ResourceWithConfigure: tf_rpc=PlanResourceChange tf_req_id=cc9bc9b2-a5d6-aa11-f74f-b46258c22bbd tf_resource_type=rancher2_dev tf_provider_addr=registry.terraform.io/hashicorp/rancher2
2026-03-20T14:45:47.024-0500 [TRACE] sdk.framework: Calling provider defined Resource Configure: tf_req_id=cc9bc9b2-a5d6-aa11-f74f-b46258c22bbd tf_resource_type=rancher2_dev tf_provider_addr=registry.terraform.io/hashicorp/rancher2 tf_rpc=PlanResourceChange
2026-03-20T14:45:47.024-0500 [DEBUG] rancher2: Rancher2_Dev_Resource Configure request: resource.ConfigureRequest{ProviderData:(*client.HttpClient)(0x1f9c5c05f590)}: tf_req_id=cc9bc9b2-a5d6-aa11-f74f-b46258c22bbd tf_provider_addr=registry.terraform.io/hashicorp/rancher2 tf_rpc=PlanResourceChange tf_resource_type=rancher2_dev
2026-03-20T14:45:47.024-0500 [DEBUG] rancher2: Rancher2_Dev_Resource Configure object: &rancher2_dev.RancherDevResource{client:client.Client(nil)}: tf_rpc=PlanResourceChange tf_resource_type=rancher2_dev tf_req_id=cc9bc9b2-a5d6-aa11-f74f-b46258c22bbd tf_provider_addr=registry.terraform.io/hashicorp/rancher2
2026-03-20T14:45:47.024-0500 [DEBUG] rancher2: Rancher2_Dev_Resource Configure object after config: &rancher2_dev.RancherDevResource{client:(*client.HttpClient)(0x1f9c5c05f590)}: tf_req_id=cc9bc9b2-a5d6-aa11-f74f-b46258c22bbd tf_provider_addr=registry.terraform.io/hashicorp/rancher2 tf_rpc=PlanResourceChange tf_resource_type=rancher2_dev
2026-03-20T14:45:47.024-0500 [DEBUG] rancher2: Rancher2_Dev_Resource Configure response: &resource.ConfigureResponse{Diagnostics:diag.Diagnostics(nil)}: tf_provider_addr=registry.terraform.io/hashicorp/rancher2 tf_rpc=PlanResourceChange tf_resource_type=rancher2_dev tf_req_id=cc9bc9b2-a5d6-aa11-f74f-b46258c22bbd
2026-03-20T14:45:47.024-0500 [TRACE] sdk.framework: Called provider defined Resource Configure: tf_rpc=PlanResourceChange tf_req_id=cc9bc9b2-a5d6-aa11-f74f-b46258c22bbd tf_resource_type=rancher2_dev tf_provider_addr=registry.terraform.io/hashicorp/rancher2
2026-03-20T14:45:47.024-0500 [TRACE] sdk.proto: Received downstream response: tf_req_duration_ms=0 tf_rpc=PlanResourceChange tf_req_id=cc9bc9b2-a5d6-aa11-f74f-b46258c22bbd tf_provider_addr=registry.terraform.io/hashicorp/rancher2 tf_proto_version=6.11 tf_resource_type=rancher2_dev diagnostic_error_count=0 diagnostic_warning_count=0
2026-03-20T14:45:47.024-0500 [TRACE] sdk.proto: Served request: tf_proto_version=6.11 tf_resource_type=rancher2_dev tf_rpc=PlanResourceChange tf_req_id=cc9bc9b2-a5d6-aa11-f74f-b46258c22bbd tf_provider_addr=registry.terraform.io/hashicorp/rancher2
2026-03-20T14:45:47.028-0500 [TRACE] sdk.proto: Received request: tf_provider_addr=registry.terraform.io/hashicorp/rancher2 tf_proto_version=6.11 tf_rpc=GetProviderSchema tf_req_id=aa63939b-cc8c-bde5-2a01-88578e900418
2026-03-20T14:45:47.028-0500 [TRACE] sdk.proto: Sending request downstream: tf_provider_addr=registry.terraform.io/hashicorp/rancher2 tf_proto_version=6.11 tf_rpc=GetProviderSchema tf_req_id=aa63939b-cc8c-bde5-2a01-88578e900418
2026-03-20T14:45:47.028-0500 [TRACE] sdk.framework: Checking ProviderSchema lock: tf_provider_addr=registry.terraform.io/hashicorp/rancher2 tf_rpc=GetProviderSchema tf_req_id=aa63939b-cc8c-bde5-2a01-88578e900418
2026-03-20T14:45:47.028-0500 [TRACE] sdk.framework: Checking ResourceTypes lock: tf_provider_addr=registry.terraform.io/hashicorp/rancher2 tf_rpc=GetProviderSchema tf_req_id=aa63939b-cc8c-bde5-2a01-88578e900418
2026-03-20T14:45:47.028-0500 [TRACE] sdk.framework: Calling provider defined Resource Schema method: tf_rpc=GetProviderSchema tf_req_id=aa63939b-cc8c-bde5-2a01-88578e900418 tf_provider_addr=registry.terraform.io/hashicorp/rancher2 tf_resource_type=rancher2_login
2026-03-20T14:45:47.028-0500 [TRACE] sdk.framework: Called provider defined Resource Schema method: tf_req_id=aa63939b-cc8c-bde5-2a01-88578e900418 tf_resource_type=rancher2_login tf_provider_addr=registry.terraform.io/hashicorp/rancher2 tf_rpc=GetProviderSchema
2026-03-20T14:45:47.028-0500 [TRACE] sdk.framework: Calling provider defined Resource Schema method: tf_rpc=GetProviderSchema tf_req_id=aa63939b-cc8c-bde5-2a01-88578e900418 tf_resource_type=rancher2_dev tf_provider_addr=registry.terraform.io/hashicorp/rancher2
2026-03-20T14:45:47.028-0500 [TRACE] sdk.framework: Called provider defined Resource Schema method: tf_req_id=aa63939b-cc8c-bde5-2a01-88578e900418 tf_provider_addr=registry.terraform.io/hashicorp/rancher2 tf_resource_type=rancher2_dev tf_rpc=GetProviderSchema
2026-03-20T14:45:47.028-0500 [TRACE] sdk.framework: Checking DataSourceTypes lock: tf_req_id=aa63939b-cc8c-bde5-2a01-88578e900418 tf_provider_addr=registry.terraform.io/hashicorp/rancher2 tf_rpc=GetProviderSchema
2026-03-20T14:45:47.028-0500 [TRACE] sdk.framework: Checking FunctionTypes lock: tf_provider_addr=registry.terraform.io/hashicorp/rancher2 tf_rpc=GetProviderSchema tf_req_id=aa63939b-cc8c-bde5-2a01-88578e900418
2026-03-20T14:45:47.028-0500 [TRACE] sdk.framework: Checking EphemeralResourceFuncs lock: tf_provider_addr=registry.terraform.io/hashicorp/rancher2 tf_rpc=GetProviderSchema tf_req_id=aa63939b-cc8c-bde5-2a01-88578e900418
2026-03-20T14:45:47.028-0500 [TRACE] sdk.framework: Checking ActionFuncs lock: tf_provider_addr=registry.terraform.io/hashicorp/rancher2 tf_rpc=GetProviderSchema tf_req_id=aa63939b-cc8c-bde5-2a01-88578e900418
2026-03-20T14:45:47.028-0500 [TRACE] sdk.framework: Checking StateStoreFuncs lock: tf_req_id=aa63939b-cc8c-bde5-2a01-88578e900418 tf_provider_addr=registry.terraform.io/hashicorp/rancher2 tf_rpc=GetProviderSchema
2026-03-20T14:45:47.028-0500 [TRACE] sdk.proto: Received downstream response: tf_provider_addr=registry.terraform.io/hashicorp/rancher2 tf_proto_version=6.11 tf_rpc=GetProviderSchema tf_req_id=aa63939b-cc8c-bde5-2a01-88578e900418 diagnostic_error_count=0 diagnostic_warning_count=0 tf_req_duration_ms=0
2026-03-20T14:45:47.028-0500 [TRACE] sdk.proto: Announced server capabilities: tf_server_capability_plan_destroy=true tf_req_id=aa63939b-cc8c-bde5-2a01-88578e900418 tf_provider_addr=registry.terraform.io/hashicorp/rancher2 tf_proto_version=6.11 tf_rpc=GetProviderSchema tf_server_capability_get_provider_schema_optional=true tf_server_capability_move_resource_state=true
2026-03-20T14:45:47.028-0500 [TRACE] sdk.proto: Served request: tf_proto_version=6.11 tf_rpc=GetProviderSchema tf_req_id=aa63939b-cc8c-bde5-2a01-88578e900418 tf_provider_addr=registry.terraform.io/hashicorp/rancher2
2026-03-20T14:45:47.028-0500 [TRACE] sdk.proto: Received request: tf_provider_addr=registry.terraform.io/hashicorp/rancher2 tf_proto_version=6.11 tf_rpc=ValidateProviderConfig tf_req_id=caa0e543-e80c-4388-0961-36dfcf1b8ed3
2026-03-20T14:45:47.028-0500 [TRACE] sdk.proto: Sending request downstream: tf_req_id=caa0e543-e80c-4388-0961-36dfcf1b8ed3 tf_provider_addr=registry.terraform.io/hashicorp/rancher2 tf_proto_version=6.11 tf_rpc=ValidateProviderConfig
2026-03-20T14:45:47.028-0500 [TRACE] sdk.framework: Checking ProviderSchema lock: tf_req_id=caa0e543-e80c-4388-0961-36dfcf1b8ed3 tf_provider_addr=registry.terraform.io/hashicorp/rancher2 tf_rpc=ValidateProviderConfig
2026-03-20T14:45:47.029-0500 [TRACE] sdk.framework: Type implements TypeWithValidate: tf_provider_addr=registry.terraform.io/hashicorp/rancher2 tf_rpc=ValidateProviderConfig tf_req_id=caa0e543-e80c-4388-0961-36dfcf1b8ed3 tf_attribute_path=max_redirects
2026-03-20T14:45:47.029-0500 [TRACE] sdk.framework: Calling provider defined Type Validate: tf_provider_addr=registry.terraform.io/hashicorp/rancher2 tf_rpc=ValidateProviderConfig tf_req_id=caa0e543-e80c-4388-0961-36dfcf1b8ed3 tf_attribute_path=max_redirects
2026-03-20T14:45:47.029-0500 [TRACE] sdk.framework: Called provider defined Type Validate: tf_provider_addr=registry.terraform.io/hashicorp/rancher2 tf_rpc=ValidateProviderConfig tf_req_id=caa0e543-e80c-4388-0961-36dfcf1b8ed3 tf_attribute_path=max_redirects
2026-03-20T14:45:47.029-0500 [TRACE] sdk.framework: Calling provider defined validator.String: tf_provider_addr=registry.terraform.io/hashicorp/rancher2 tf_rpc=ValidateProviderConfig tf_req_id=caa0e543-e80c-4388-0961-36dfcf1b8ed3 tf_attribute_path=api_url description="must be a valid URL starting with http:// or https://"
2026-03-20T14:45:47.029-0500 [TRACE] sdk.framework: Called provider defined validator.String: tf_attribute_path=api_url tf_provider_addr=registry.terraform.io/hashicorp/rancher2 tf_rpc=ValidateProviderConfig tf_req_id=caa0e543-e80c-4388-0961-36dfcf1b8ed3 description="must be a valid URL starting with http:// or https://"
2026-03-20T14:45:47.029-0500 [TRACE] sdk.framework: Calling provider defined validator.String: tf_provider_addr=registry.terraform.io/hashicorp/rancher2 tf_rpc=ValidateProviderConfig tf_req_id=caa0e543-e80c-4388-0961-36dfcf1b8ed3 tf_attribute_path=api_url description="must be a valid domain"
2026-03-20T14:45:47.029-0500 [TRACE] sdk.framework: Called provider defined validator.String: tf_req_id=caa0e543-e80c-4388-0961-36dfcf1b8ed3 tf_attribute_path=api_url description="must be a valid domain" tf_provider_addr=registry.terraform.io/hashicorp/rancher2 tf_rpc=ValidateProviderConfig
2026-03-20T14:45:47.029-0500 [TRACE] sdk.framework: Calling provider defined validator.String: tf_provider_addr=registry.terraform.io/hashicorp/rancher2 tf_rpc=ValidateProviderConfig tf_req_id=caa0e543-e80c-4388-0961-36dfcf1b8ed3 tf_attribute_path=ca_cert description="must be a valid PEM-encoded certificate"
2026-03-20T14:45:47.029-0500 [TRACE] sdk.framework: Called provider defined validator.String: tf_attribute_path=ca_cert tf_provider_addr=registry.terraform.io/hashicorp/rancher2 tf_rpc=ValidateProviderConfig tf_req_id=caa0e543-e80c-4388-0961-36dfcf1b8ed3 description="must be a valid PEM-encoded certificate"
2026-03-20T14:45:47.029-0500 [TRACE] sdk.framework: Type implements TypeWithValidate: tf_provider_addr=registry.terraform.io/hashicorp/rancher2 tf_rpc=ValidateProviderConfig tf_req_id=caa0e543-e80c-4388-0961-36dfcf1b8ed3 tf_attribute_path=timeout
2026-03-20T14:45:47.029-0500 [TRACE] sdk.framework: Calling provider defined Type Validate: tf_provider_addr=registry.terraform.io/hashicorp/rancher2 tf_rpc=ValidateProviderConfig tf_req_id=caa0e543-e80c-4388-0961-36dfcf1b8ed3 tf_attribute_path=timeout
2026-03-20T14:45:47.029-0500 [TRACE] sdk.framework: Called provider defined Type Validate: tf_req_id=caa0e543-e80c-4388-0961-36dfcf1b8ed3 tf_attribute_path=timeout tf_provider_addr=registry.terraform.io/hashicorp/rancher2 tf_rpc=ValidateProviderConfig
2026-03-20T14:45:47.029-0500 [TRACE] sdk.proto: Received downstream response: tf_provider_addr=registry.terraform.io/hashicorp/rancher2 tf_proto_version=6.11 tf_rpc=ValidateProviderConfig tf_req_id=caa0e543-e80c-4388-0961-36dfcf1b8ed3 diagnostic_warning_count=0 tf_req_duration_ms=0 diagnostic_error_count=0
2026-03-20T14:45:47.029-0500 [TRACE] sdk.proto: Served request: tf_req_id=caa0e543-e80c-4388-0961-36dfcf1b8ed3 tf_provider_addr=registry.terraform.io/hashicorp/rancher2 tf_proto_version=6.11 tf_rpc=ValidateProviderConfig
2026-03-20T14:45:47.029-0500 [TRACE] sdk.proto: Received request: tf_proto_version=6.11 tf_rpc=ConfigureProvider tf_req_id=12ba2c19-0c86-9e27-312d-80c848945e1e tf_provider_addr=registry.terraform.io/hashicorp/rancher2
2026-03-20T14:45:47.029-0500 [TRACE] sdk.proto: No announced client capabilities: tf_req_id=12ba2c19-0c86-9e27-312d-80c848945e1e tf_provider_addr=registry.terraform.io/hashicorp/rancher2 tf_proto_version=6.11 tf_rpc=ConfigureProvider
2026-03-20T14:45:47.029-0500 [TRACE] sdk.proto: Sending request downstream: tf_req_id=12ba2c19-0c86-9e27-312d-80c848945e1e tf_provider_addr=registry.terraform.io/hashicorp/rancher2 tf_proto_version=6.11 tf_rpc=ConfigureProvider
2026-03-20T14:45:47.029-0500 [TRACE] sdk.framework: Checking ProviderSchema lock: tf_rpc=ConfigureProvider tf_req_id=12ba2c19-0c86-9e27-312d-80c848945e1e tf_provider_addr=registry.terraform.io/hashicorp/rancher2
2026-03-20T14:45:47.029-0500 [TRACE] sdk.framework: Calling provider defined Provider Configure: tf_rpc=ConfigureProvider tf_req_id=12ba2c19-0c86-9e27-312d-80c848945e1e tf_provider_addr=registry.terraform.io/hashicorp/rancher2
2026-03-20T14:45:47.029-0500 [DEBUG] rancher2: Provider Config: {
  "api_url": null,
  "ca_cert": null,
  "ignore_system_ca": null,
  "insecure": null,
  "max_redirects": null,
  "timeout": null,
  "token": null
}: tf_req_id=12ba2c19-0c86-9e27-312d-80c848945e1e tf_provider_addr=registry.terraform.io/hashicorp/rancher2 tf_rpc=ConfigureProvider
2026-03-20T14:45:47.029-0500 [DEBUG] rancher2: Rancher API URL: https://127.0.0.1.nip.io: tf_req_id=12ba2c19-0c86-9e27-312d-80c848945e1e tf_provider_addr=registry.terraform.io/hashicorp/rancher2 tf_rpc=ConfigureProvider
2026-03-20T14:45:47.029-0500 [DEBUG] rancher2: Provider Configure Client: {
  "TokenStore": {}
}: tf_provider_addr=registry.terraform.io/hashicorp/rancher2 tf_rpc=ConfigureProvider tf_req_id=12ba2c19-0c86-9e27-312d-80c848945e1e
2026-03-20T14:45:47.029-0500 [DEBUG] rancher2: Provider Configure Response: {
  "ActionData": null,
  "DataSourceData": {
    "TokenStore": {}
  },
  "Deferred": null,
  "Diagnostics": [],
  "EphemeralResourceData": null,
  "ListResourceData": null,
  "ResourceData": {
    "TokenStore": {}
  },
  "StateStoreData": null
}: tf_req_id=12ba2c19-0c86-9e27-312d-80c848945e1e tf_provider_addr=registry.terraform.io/hashicorp/rancher2 tf_rpc=ConfigureProvider
2026-03-20T14:45:47.029-0500 [TRACE] sdk.framework: Called provider defined Provider Configure: tf_req_id=12ba2c19-0c86-9e27-312d-80c848945e1e tf_provider_addr=registry.terraform.io/hashicorp/rancher2 tf_rpc=ConfigureProvider
2026-03-20T14:45:47.029-0500 [TRACE] sdk.proto: Received downstream response: tf_provider_addr=registry.terraform.io/hashicorp/rancher2 tf_proto_version=6.11 tf_rpc=ConfigureProvider tf_req_id=12ba2c19-0c86-9e27-312d-80c848945e1e diagnostic_error_count=0 diagnostic_warning_count=0 tf_req_duration_ms=0
2026-03-20T14:45:47.029-0500 [TRACE] sdk.proto: Served request: tf_req_id=12ba2c19-0c86-9e27-312d-80c848945e1e tf_provider_addr=registry.terraform.io/hashicorp/rancher2 tf_proto_version=6.11 tf_rpc=ConfigureProvider
2026-03-20T14:45:47.029-0500 [TRACE] sdk.proto: Received request: tf_rpc=UpgradeResourceState tf_resource_type=rancher2_dev tf_req_id=4a3451cd-ca71-1fdf-f801-90ca8ece8375 tf_provider_addr=registry.terraform.io/hashicorp/rancher2 tf_proto_version=6.11
2026-03-20T14:45:47.029-0500 [TRACE] sdk.proto: Sending request downstream: tf_resource_type=rancher2_dev tf_req_id=4a3451cd-ca71-1fdf-f801-90ca8ece8375 tf_provider_addr=registry.terraform.io/hashicorp/rancher2 tf_proto_version=6.11 tf_rpc=UpgradeResourceState
2026-03-20T14:45:47.029-0500 [TRACE] sdk.framework: Checking ResourceTypes lock: tf_resource_type=rancher2_dev tf_req_id=4a3451cd-ca71-1fdf-f801-90ca8ece8375 tf_provider_addr=registry.terraform.io/hashicorp/rancher2 tf_rpc=UpgradeResourceState
2026-03-20T14:45:47.029-0500 [TRACE] sdk.framework: UpgradeResourceState request version matches current Schema version, using framework defined passthrough implementation: tf_rpc=UpgradeResourceState tf_resource_type=rancher2_dev tf_req_id=4a3451cd-ca71-1fdf-f801-90ca8ece8375 tf_provider_addr=registry.terraform.io/hashicorp/rancher2
2026-03-20T14:45:47.029-0500 [TRACE] sdk.proto: Received request: tf_proto_version=6.11 tf_rpc=UpgradeResourceState tf_resource_type=rancher2_dev tf_provider_addr=registry.terraform.io/hashicorp/rancher2 tf_req_id=61ba0519-4f81-87c3-a3ae-193520624688
2026-03-20T14:45:47.029-0500 [TRACE] sdk.proto: Sending request downstream: tf_provider_addr=registry.terraform.io/hashicorp/rancher2 tf_req_id=61ba0519-4f81-87c3-a3ae-193520624688 tf_proto_version=6.11 tf_rpc=UpgradeResourceState tf_resource_type=rancher2_dev
2026-03-20T14:45:47.029-0500 [TRACE] sdk.proto: Received downstream response: diagnostic_warning_count=0 tf_req_duration_ms=0 tf_resource_type=rancher2_dev tf_req_id=4a3451cd-ca71-1fdf-f801-90ca8ece8375 tf_provider_addr=registry.terraform.io/hashicorp/rancher2 tf_proto_version=6.11 tf_rpc=UpgradeResourceState diagnostic_error_count=0
2026-03-20T14:45:47.029-0500 [TRACE] sdk.proto: Served request: tf_rpc=UpgradeResourceState tf_resource_type=rancher2_dev tf_req_id=4a3451cd-ca71-1fdf-f801-90ca8ece8375 tf_provider_addr=registry.terraform.io/hashicorp/rancher2 tf_proto_version=6.11
2026-03-20T14:45:47.029-0500 [TRACE] sdk.framework: Checking ResourceTypes lock: tf_rpc=UpgradeResourceState tf_req_id=61ba0519-4f81-87c3-a3ae-193520624688 tf_provider_addr=registry.terraform.io/hashicorp/rancher2 tf_resource_type=rancher2_dev
2026-03-20T14:45:47.029-0500 [TRACE] sdk.framework: UpgradeResourceState request version matches current Schema version, using framework defined passthrough implementation: tf_rpc=UpgradeResourceState tf_req_id=61ba0519-4f81-87c3-a3ae-193520624688 tf_provider_addr=registry.terraform.io/hashicorp/rancher2 tf_resource_type=rancher2_dev
2026-03-20T14:45:47.029-0500 [TRACE] sdk.proto: Received downstream response: tf_req_duration_ms=0 tf_provider_addr=registry.terraform.io/hashicorp/rancher2 tf_req_id=61ba0519-4f81-87c3-a3ae-193520624688 tf_proto_version=6.11 tf_rpc=UpgradeResourceState tf_resource_type=rancher2_dev diagnostic_error_count=0 diagnostic_warning_count=0
2026-03-20T14:45:47.029-0500 [TRACE] sdk.proto: Served request: tf_req_id=61ba0519-4f81-87c3-a3ae-193520624688 tf_proto_version=6.11 tf_rpc=UpgradeResourceState tf_resource_type=rancher2_dev tf_provider_addr=registry.terraform.io/hashicorp/rancher2
2026-03-20T14:45:47.030-0500 [TRACE] sdk.proto: Received request: tf_proto_version=6.11 tf_resource_type=rancher2_dev tf_rpc=ApplyResourceChange tf_req_id=5a04c35e-b317-3f34-7a7f-83782556fa9a tf_provider_addr=registry.terraform.io/hashicorp/rancher2
2026-03-20T14:45:47.030-0500 [TRACE] sdk.proto: Sending request downstream: tf_provider_addr=registry.terraform.io/hashicorp/rancher2 tf_proto_version=6.11 tf_resource_type=rancher2_dev tf_rpc=ApplyResourceChange tf_req_id=5a04c35e-b317-3f34-7a7f-83782556fa9a
2026-03-20T14:45:47.030-0500 [TRACE] sdk.framework: Checking ResourceTypes lock: tf_req_id=5a04c35e-b317-3f34-7a7f-83782556fa9a tf_provider_addr=registry.terraform.io/hashicorp/rancher2 tf_rpc=ApplyResourceChange tf_resource_type=rancher2_dev
2026-03-20T14:45:47.030-0500 [TRACE] sdk.framework: Checking ResourceBehaviors lock: tf_rpc=ApplyResourceChange tf_resource_type=rancher2_dev tf_req_id=5a04c35e-b317-3f34-7a7f-83782556fa9a tf_provider_addr=registry.terraform.io/hashicorp/rancher2
2026-03-20T14:45:47.030-0500 [TRACE] sdk.framework: ApplyResourceChange received no PlannedState, running DeleteResource: tf_req_id=5a04c35e-b317-3f34-7a7f-83782556fa9a tf_provider_addr=registry.terraform.io/hashicorp/rancher2 tf_rpc=ApplyResourceChange tf_resource_type=rancher2_dev
2026-03-20T14:45:47.030-0500 [TRACE] sdk.framework: Resource implements ResourceWithConfigure: tf_provider_addr=registry.terraform.io/hashicorp/rancher2 tf_rpc=ApplyResourceChange tf_resource_type=rancher2_dev tf_req_id=5a04c35e-b317-3f34-7a7f-83782556fa9a
2026-03-20T14:45:47.030-0500 [TRACE] sdk.framework: Calling provider defined Resource Configure: tf_resource_type=rancher2_dev tf_req_id=5a04c35e-b317-3f34-7a7f-83782556fa9a tf_provider_addr=registry.terraform.io/hashicorp/rancher2 tf_rpc=ApplyResourceChange
2026-03-20T14:45:47.030-0500 [DEBUG] rancher2: Rancher2_Dev_Resource Configure request: resource.ConfigureRequest{ProviderData:(*client.HttpClient)(0x1f9c5c3b27d0)}: tf_provider_addr=registry.terraform.io/hashicorp/rancher2 tf_req_id=5a04c35e-b317-3f34-7a7f-83782556fa9a tf_resource_type=rancher2_dev tf_rpc=ApplyResourceChange
2026-03-20T14:45:47.030-0500 [DEBUG] rancher2: Rancher2_Dev_Resource Configure object: &rancher2_dev.RancherDevResource{client:client.Client(nil)}: tf_resource_type=rancher2_dev tf_rpc=ApplyResourceChange tf_provider_addr=registry.terraform.io/hashicorp/rancher2 tf_req_id=5a04c35e-b317-3f34-7a7f-83782556fa9a
2026-03-20T14:45:47.030-0500 [DEBUG] rancher2: Rancher2_Dev_Resource Configure object after config: &rancher2_dev.RancherDevResource{client:(*client.HttpClient)(0x1f9c5c3b27d0)}: tf_provider_addr=registry.terraform.io/hashicorp/rancher2 tf_req_id=5a04c35e-b317-3f34-7a7f-83782556fa9a tf_resource_type=rancher2_dev tf_rpc=ApplyResourceChange
2026-03-20T14:45:47.030-0500 [DEBUG] rancher2: Rancher2_Dev_Resource Configure response: &resource.ConfigureResponse{Diagnostics:diag.Diagnostics(nil)}: tf_resource_type=rancher2_dev tf_rpc=ApplyResourceChange tf_provider_addr=registry.terraform.io/hashicorp/rancher2 tf_req_id=5a04c35e-b317-3f34-7a7f-83782556fa9a
2026-03-20T14:45:47.030-0500 [TRACE] sdk.framework: Called provider defined Resource Configure: tf_resource_type=rancher2_dev tf_req_id=5a04c35e-b317-3f34-7a7f-83782556fa9a tf_provider_addr=registry.terraform.io/hashicorp/rancher2 tf_rpc=ApplyResourceChange
2026-03-20T14:45:47.030-0500 [TRACE] sdk.framework: Calling provider defined Resource Delete: tf_req_id=5a04c35e-b317-3f34-7a7f-83782556fa9a tf_provider_addr=registry.terraform.io/hashicorp/rancher2 tf_rpc=ApplyResourceChange tf_resource_type=rancher2_dev
2026-03-20T14:45:47.030-0500 [DEBUG] rancher2: Delete Request State: {
  "bool_attribute": true,
  "float32_attribute": "0",
  "float64_attribute": "0",
  "id": "required_test",
  "int32_attribute": "1",
  "int64_attribute": "0",
  "list_attribute": [],
  "map_attribute": {},
  "nested_object": {
    "nested_nested_object": {
      "bool_attribute": false,
      "string_attribute": ""
    },
    "string_attribute": ""
  },
  "nested_object_list": [],
  "nested_object_map": {},
  "number_attribute": "1.1",
  "set_attribute": [],
  "string_attribute": "dev-test-required"
}: tf_rpc=ApplyResourceChange tf_provider_addr=registry.terraform.io/hashicorp/rancher2 tf_req_id=5a04c35e-b317-3f34-7a7f-83782556fa9a tf_resource_type=rancher2_dev
2026-03-20T14:45:47.030-0500 [DEBUG] sdk.framework: Float32Type ValueFromTerraform: big.Float value has distinct float32 and float64 representations (float32 value: 0.000000, float64 value: 0.000000): tf_provider_addr=registry.terraform.io/hashicorp/rancher2 tf_rpc=ApplyResourceChange tf_resource_type=rancher2_dev tf_req_id=5a04c35e-b317-3f34-7a7f-83782556fa9a
2026-03-20T14:45:47.030-0500 [DEBUG] rancher2: delete requestId: https://127.0.0.1.nip.io/dev/required_test:DELETE:: tf_rpc=ApplyResourceChange tf_provider_addr=registry.terraform.io/hashicorp/rancher2 tf_req_id=5a04c35e-b317-3f34-7a7f-83782556fa9a tf_resource_type=rancher2_dev
2026-03-20T14:45:47.030-0500 [DEBUG] rancher2: Setting response for request https://127.0.0.1.nip.io/dev/required_test:DELETE:: tf_rpc=ApplyResourceChange tf_provider_addr=registry.terraform.io/hashicorp/rancher2 tf_req_id=5a04c35e-b317-3f34-7a7f-83782556fa9a tf_resource_type=rancher2_dev
2026-03-20T14:45:47.030-0500 [DEBUG] rancher2: Token is empty.: tf_rpc=ApplyResourceChange tf_provider_addr=registry.terraform.io/hashicorp/rancher2 tf_req_id=5a04c35e-b317-3f34-7a7f-83782556fa9a tf_resource_type=rancher2_dev
2026-03-20T14:45:47.030-0500 [DEBUG] rancher2: HTTP Request: {
  "Body": "{}",
  "Headers": {},
  "ID": "https://127.0.0.1.nip.io/dev/required_test:DELETE:",
  "Method": "DELETE",
  "StatusCode": 0,
  "Token": "",
  "Url": "https://127.0.0.1.nip.io/dev/required_test"
}: tf_rpc=ApplyResourceChange tf_provider_addr=registry.terraform.io/hashicorp/rancher2 tf_req_id=5a04c35e-b317-3f34-7a7f-83782556fa9a tf_resource_type=rancher2_dev
2026-03-20T14:45:47.030-0500 [DEBUG] rancher2: HTTP Response: {
  "Body": {},
  "Headers": {},
  "ID": "https://127.0.0.1.nip.io/dev/required_test:DELETE:",
  "Method": "DELETE",
  "StatusCode": 200,
  "Token": "",
  "Url": "https://127.0.0.1.nip.io/dev/required_test"
}: tf_provider_addr=registry.terraform.io/hashicorp/rancher2 tf_req_id=5a04c35e-b317-3f34-7a7f-83782556fa9a tf_resource_type=rancher2_dev tf_rpc=ApplyResourceChange
2026-03-20T14:45:47.030-0500 [TRACE] sdk.framework: Called provider defined Resource Delete: tf_resource_type=rancher2_dev tf_req_id=5a04c35e-b317-3f34-7a7f-83782556fa9a tf_provider_addr=registry.terraform.io/hashicorp/rancher2 tf_rpc=ApplyResourceChange
2026-03-20T14:45:47.030-0500 [TRACE] sdk.framework: No provider defined Delete errors detected, ensuring State and Private are cleared: tf_req_id=5a04c35e-b317-3f34-7a7f-83782556fa9a tf_provider_addr=registry.terraform.io/hashicorp/rancher2 tf_rpc=ApplyResourceChange tf_resource_type=rancher2_dev
2026-03-20T14:45:47.030-0500 [TRACE] sdk.proto: Received request: tf_proto_version=6.11 tf_rpc=ApplyResourceChange tf_req_id=bfd16461-3ae3-ff3f-20e4-4d04e94890c9 tf_resource_type=rancher2_dev tf_provider_addr=registry.terraform.io/hashicorp/rancher2
2026-03-20T14:45:47.030-0500 [TRACE] sdk.proto: Received downstream response: tf_req_id=5a04c35e-b317-3f34-7a7f-83782556fa9a tf_provider_addr=registry.terraform.io/hashicorp/rancher2 diagnostic_error_count=0 diagnostic_warning_count=0 tf_req_duration_ms=0 tf_proto_version=6.11 tf_resource_type=rancher2_dev tf_rpc=ApplyResourceChange
2026-03-20T14:45:47.030-0500 [TRACE] sdk.proto: Served request: tf_proto_version=6.11 tf_resource_type=rancher2_dev tf_rpc=ApplyResourceChange tf_req_id=5a04c35e-b317-3f34-7a7f-83782556fa9a tf_provider_addr=registry.terraform.io/hashicorp/rancher2
2026-03-20T14:45:47.030-0500 [TRACE] sdk.proto: Sending request downstream: tf_proto_version=6.11 tf_rpc=ApplyResourceChange tf_req_id=bfd16461-3ae3-ff3f-20e4-4d04e94890c9 tf_resource_type=rancher2_dev tf_provider_addr=registry.terraform.io/hashicorp/rancher2
2026-03-20T14:45:47.030-0500 [TRACE] sdk.framework: Checking ResourceTypes lock: tf_provider_addr=registry.terraform.io/hashicorp/rancher2 tf_rpc=ApplyResourceChange tf_resource_type=rancher2_dev tf_req_id=bfd16461-3ae3-ff3f-20e4-4d04e94890c9
2026-03-20T14:45:47.030-0500 [TRACE] sdk.framework: Checking ResourceBehaviors lock: tf_provider_addr=registry.terraform.io/hashicorp/rancher2 tf_rpc=ApplyResourceChange tf_resource_type=rancher2_dev tf_req_id=bfd16461-3ae3-ff3f-20e4-4d04e94890c9
2026-03-20T14:45:47.030-0500 [TRACE] sdk.framework: ApplyResourceChange received no PlannedState, running DeleteResource: tf_provider_addr=registry.terraform.io/hashicorp/rancher2 tf_rpc=ApplyResourceChange tf_resource_type=rancher2_dev tf_req_id=bfd16461-3ae3-ff3f-20e4-4d04e94890c9
2026-03-20T14:45:47.030-0500 [TRACE] sdk.framework: Resource implements ResourceWithConfigure: tf_provider_addr=registry.terraform.io/hashicorp/rancher2 tf_rpc=ApplyResourceChange tf_resource_type=rancher2_dev tf_req_id=bfd16461-3ae3-ff3f-20e4-4d04e94890c9
2026-03-20T14:45:47.030-0500 [TRACE] sdk.framework: Calling provider defined Resource Configure: tf_req_id=bfd16461-3ae3-ff3f-20e4-4d04e94890c9 tf_provider_addr=registry.terraform.io/hashicorp/rancher2 tf_rpc=ApplyResourceChange tf_resource_type=rancher2_dev
2026-03-20T14:45:47.030-0500 [DEBUG] rancher2: Rancher2_Dev_Resource Configure request: resource.ConfigureRequest{ProviderData:(*client.HttpClient)(0x1f9c5c3b27d0)}: tf_provider_addr=registry.terraform.io/hashicorp/rancher2 tf_resource_type=rancher2_dev tf_req_id=bfd16461-3ae3-ff3f-20e4-4d04e94890c9 tf_rpc=ApplyResourceChange
2026-03-20T14:45:47.030-0500 [DEBUG] rancher2: Rancher2_Dev_Resource Configure object: &rancher2_dev.RancherDevResource{client:client.Client(nil)}: tf_req_id=bfd16461-3ae3-ff3f-20e4-4d04e94890c9 tf_rpc=ApplyResourceChange tf_provider_addr=registry.terraform.io/hashicorp/rancher2 tf_resource_type=rancher2_dev
2026-03-20T14:45:47.030-0500 [DEBUG] rancher2: Rancher2_Dev_Resource Configure object after config: &rancher2_dev.RancherDevResource{client:(*client.HttpClient)(0x1f9c5c3b27d0)}: tf_resource_type=rancher2_dev tf_req_id=bfd16461-3ae3-ff3f-20e4-4d04e94890c9 tf_rpc=ApplyResourceChange tf_provider_addr=registry.terraform.io/hashicorp/rancher2
2026-03-20T14:45:47.030-0500 [DEBUG] rancher2: Rancher2_Dev_Resource Configure response: &resource.ConfigureResponse{Diagnostics:diag.Diagnostics(nil)}: tf_rpc=ApplyResourceChange tf_provider_addr=registry.terraform.io/hashicorp/rancher2 tf_resource_type=rancher2_dev tf_req_id=bfd16461-3ae3-ff3f-20e4-4d04e94890c9
2026-03-20T14:45:47.030-0500 [TRACE] sdk.framework: Called provider defined Resource Configure: tf_provider_addr=registry.terraform.io/hashicorp/rancher2 tf_rpc=ApplyResourceChange tf_resource_type=rancher2_dev tf_req_id=bfd16461-3ae3-ff3f-20e4-4d04e94890c9
2026-03-20T14:45:47.030-0500 [TRACE] sdk.framework: Calling provider defined Resource Delete: tf_provider_addr=registry.terraform.io/hashicorp/rancher2 tf_rpc=ApplyResourceChange tf_resource_type=rancher2_dev tf_req_id=bfd16461-3ae3-ff3f-20e4-4d04e94890c9
2026-03-20T14:45:47.031-0500 [DEBUG] rancher2: Delete Request State: {
  "bool_attribute": false,
  "float32_attribute": "1.3",
  "float64_attribute": "1.2",
  "id": "full_test",
  "int32_attribute": "1",
  "int64_attribute": "1",
  "list_attribute": [
    "this",
    "is",
    "a",
    "list"
  ],
  "map_attribute": {
    "a": "map",
    "this": "is"
  },
  "nested_object": {
    "nested_nested_object": {
      "bool_attribute": false,
      "string_attribute": "tst"
    },
    "string_attribute": "test"
  },
  "nested_object_list": [
    {
      "nested_nested_object": {
        "bool_attribute": false,
        "string_attribute": "tst"
      },
      "string_attribute": "test"
    }
  ],
  "nested_object_map": {
    "first": {
      "nested_nested_object": {
        "bool_attribute": false,
        "string_attribute": "tst"
      },
      "string_attribute": "test"
    }
  },
  "number_attribute": "1.1",
  "set_attribute": [
    "a",
    "is",
    "set",
    "this"
  ],
  "string_attribute": "dev-test"
}: tf_provider_addr=registry.terraform.io/hashicorp/rancher2 tf_resource_type=rancher2_dev tf_req_id=bfd16461-3ae3-ff3f-20e4-4d04e94890c9 tf_rpc=ApplyResourceChange
2026-03-20T14:45:47.031-0500 [DEBUG] rancher2: delete requestId: https://127.0.0.1.nip.io/dev/full_test:DELETE:: tf_req_id=bfd16461-3ae3-ff3f-20e4-4d04e94890c9 tf_rpc=ApplyResourceChange tf_provider_addr=registry.terraform.io/hashicorp/rancher2 tf_resource_type=rancher2_dev
2026-03-20T14:45:47.031-0500 [DEBUG] rancher2: Setting response for request https://127.0.0.1.nip.io/dev/full_test:DELETE:: tf_req_id=bfd16461-3ae3-ff3f-20e4-4d04e94890c9 tf_rpc=ApplyResourceChange tf_provider_addr=registry.terraform.io/hashicorp/rancher2 tf_resource_type=rancher2_dev
2026-03-20T14:45:47.031-0500 [DEBUG] rancher2: Token is empty.: tf_req_id=bfd16461-3ae3-ff3f-20e4-4d04e94890c9 tf_rpc=ApplyResourceChange tf_provider_addr=registry.terraform.io/hashicorp/rancher2 tf_resource_type=rancher2_dev
2026-03-20T14:45:47.031-0500 [DEBUG] rancher2: HTTP Request: {
  "Body": "{}",
  "Headers": {},
  "ID": "https://127.0.0.1.nip.io/dev/full_test:DELETE:",
  "Method": "DELETE",
  "StatusCode": 0,
  "Token": "",
  "Url": "https://127.0.0.1.nip.io/dev/full_test"
}: tf_req_id=bfd16461-3ae3-ff3f-20e4-4d04e94890c9 tf_rpc=ApplyResourceChange tf_provider_addr=registry.terraform.io/hashicorp/rancher2 tf_resource_type=rancher2_dev
2026-03-20T14:45:47.031-0500 [DEBUG] rancher2: HTTP Response: {
  "Body": {},
  "Headers": {},
  "ID": "https://127.0.0.1.nip.io/dev/full_test:DELETE:",
  "Method": "DELETE",
  "StatusCode": 200,
  "Token": "",
  "Url": "https://127.0.0.1.nip.io/dev/full_test"
}: tf_provider_addr=registry.terraform.io/hashicorp/rancher2 tf_resource_type=rancher2_dev tf_req_id=bfd16461-3ae3-ff3f-20e4-4d04e94890c9 tf_rpc=ApplyResourceChange
2026-03-20T14:45:47.031-0500 [TRACE] sdk.framework: Called provider defined Resource Delete: tf_req_id=bfd16461-3ae3-ff3f-20e4-4d04e94890c9 tf_provider_addr=registry.terraform.io/hashicorp/rancher2 tf_rpc=ApplyResourceChange tf_resource_type=rancher2_dev
2026-03-20T14:45:47.031-0500 [TRACE] sdk.framework: No provider defined Delete errors detected, ensuring State and Private are cleared: tf_provider_addr=registry.terraform.io/hashicorp/rancher2 tf_rpc=ApplyResourceChange tf_resource_type=rancher2_dev tf_req_id=bfd16461-3ae3-ff3f-20e4-4d04e94890c9
2026-03-20T14:45:47.031-0500 [TRACE] sdk.proto: Received downstream response: tf_proto_version=6.11 tf_rpc=ApplyResourceChange tf_req_id=bfd16461-3ae3-ff3f-20e4-4d04e94890c9 tf_resource_type=rancher2_dev tf_provider_addr=registry.terraform.io/hashicorp/rancher2 tf_req_duration_ms=1 diagnostic_error_count=0 diagnostic_warning_count=0
2026-03-20T14:45:47.031-0500 [TRACE] sdk.proto: Served request: tf_provider_addr=registry.terraform.io/hashicorp/rancher2 tf_proto_version=6.11 tf_rpc=ApplyResourceChange tf_req_id=bfd16461-3ae3-ff3f-20e4-4d04e94890c9 tf_resource_type=rancher2_dev
2026-03-20T14:45:47.044-0500 [TRACE] sdk.helper_resource: Called Terraform CLI destroy command: test_name=TestAccDevResource test_terraform_path=/Users/mtrachier/bin/terraform test_working_directory=/Users/mtrachier/go/src/github.com/rancher/terraform-provider-rancher2/test/short/data/U5Noiq-VXrAXi/data test_step_number=1
2026-03-20T14:45:47.044-0500 [TRACE] sdk.helper_resource: Called wrapped Terraform CLI command: test_terraform_path=/Users/mtrachier/bin/terraform test_working_directory=/Users/mtrachier/go/src/github.com/rancher/terraform-provider-rancher2/test/short/data/U5Noiq-VXrAXi/data test_step_number=1 test_name=TestAccDevResource
2026-03-20T14:45:47.044-0500 [TRACE] sdk.helper_resource: Stopping providers: test_name=TestAccDevResource test_terraform_path=/Users/mtrachier/bin/terraform test_working_directory=/Users/mtrachier/go/src/github.com/rancher/terraform-provider-rancher2/test/short/data/U5Noiq-VXrAXi/data test_step_number=1
2026-03-20T14:45:47.044-0500 [TRACE] sdk.helper_resource: Waiting for providers to stop: test_name=TestAccDevResource test_terraform_path=/Users/mtrachier/bin/terraform test_working_directory=/Users/mtrachier/go/src/github.com/rancher/terraform-provider-rancher2/test/short/data/U5Noiq-VXrAXi/data test_step_number=1
2026-03-20T14:45:47.045-0500 [TRACE] sdk.helper_resource: Providers have successfully stopped: test_step_number=1 test_name=TestAccDevResource test_terraform_path=/Users/mtrachier/bin/terraform test_working_directory=/Users/mtrachier/go/src/github.com/rancher/terraform-provider-rancher2/test/short/data/U5Noiq-VXrAXi/data
--- FAIL: TestAccDevResource (0.69s)
FAIL
exit status 1
FAIL	github.com/rancher/terraform-provider-rancher2/test/short	1.564s
